<?xml version="1.0" encoding="utf-8"?><testsuites name="pytest tests"><testsuite name="pytest" errors="0" failures="36" skipped="61" tests="5999" time="63.837" timestamp="2026-02-15T01:38:42.621943+01:00" hostname="fedora"><testcase classname="tests.test_action_executor.TestActionResult" name="test_ok_convenience" time="0.001" /><testcase classname="tests.test_action_executor.TestActionResult" name="test_fail_convenience" time="0.000" /><testcase classname="tests.test_action_executor.TestActionResult" name="test_previewed_convenience" time="0.000" /><testcase classname="tests.test_action_executor.TestActionResult" name="test_auto_timestamp" time="0.000" /><testcase classname="tests.test_action_executor.TestActionResult" name="test_to_dict_roundtrip" time="0.000" /><testcase classname="tests.test_action_executor.TestActionResult" name="test_truncation_in_to_dict" time="0.000" /><testcase classname="tests.test_action_executor.TestActionResult" name="test_from_dict_defaults" time="0.000" /><testcase classname="tests.test_action_executor.TestActionExecutor" name="test_preview_mode" time="0.001" /><testcase classname="tests.test_action_executor.TestActionExecutor" name="test_global_dry_run" time="0.001" /><testcase classname="tests.test_action_executor.TestActionExecutor" name="test_successful_execution" time="0.001" /><testcase classname="tests.test_action_executor.TestActionExecutor" name="test_failed_execution" time="0.001" /><testcase classname="tests.test_action_executor.TestActionExecutor" name="test_command_not_found" time="0.001" /><testcase classname="tests.test_action_executor.TestActionExecutor" name="test_timeout" time="1.001" /><testcase classname="tests.test_action_executor.TestActionExecutor" name="test_pkexec_prepend" time="0.000" /><testcase classname="tests.test_action_executor.TestActionExecutor" name="test_flatpak_wrapping" time="0.001" /><testcase classname="tests.test_action_executor.TestActionExecutor" name="test_flatpak_no_double_wrap" time="0.000" /><testcase classname="tests.test_action_executor.TestActionExecutor" name="test_action_id_propagation" time="0.003" /><testcase classname="tests.test_action_executor.TestActionLog" name="test_log_written" time="0.001" /><testcase classname="tests.test_action_executor.TestActionLog" name="test_get_action_log" time="0.001" /><testcase classname="tests.test_action_executor.TestActionLog" name="test_log_trimming" time="0.002" /><testcase classname="tests.test_action_executor.TestActionLog" name="test_export_diagnostics" time="0.001" /><testcase classname="tests.test_action_executor.TestActionLog" name="test_log_failure_does_not_crash" time="0.000" /><testcase classname="tests.test_action_executor.TestOperationBridge" name="test_preview_operation" time="0.000" /><testcase classname="tests.test_action_executor.TestOperationBridge" name="test_pkexec_extraction" time="0.000" /><testcase classname="tests.test_agent_events.TestAgentEventIntegration" name="test_agent_config_from_dict_includes_subscriptions" time="0.001" /><testcase classname="tests.test_agent_events.TestAgentEventIntegration" name="test_agent_config_includes_subscriptions" time="0.001" /><testcase classname="tests.test_agent_events.TestAgentEventIntegration" name="test_agent_config_to_dict_includes_subscriptions" time="0.001" /><testcase classname="tests.test_agent_events.TestAgentEventIntegration" name="test_agent_failure_event_published" time="0.203" /><testcase classname="tests.test_agent_events.TestAgentEventIntegration" name="test_agent_subscribes_to_events_on_registration" time="0.002" /><testcase classname="tests.test_agent_events.TestAgentEventIntegration" name="test_agent_success_event_published" time="0.203" /><testcase classname="tests.test_agent_events.TestAgentEventIntegration" name="test_disabled_agent_not_subscribed" time="0.001" /><testcase classname="tests.test_agent_events.TestAgentEventIntegration" name="test_event_triggers_agent_execution" time="0.102" /><testcase classname="tests.test_agent_events.TestAgentEventIntegration" name="test_multiple_agents_subscribe_to_same_event" time="0.202" /><testcase classname="tests.test_agent_events.TestAgentEventIntegration" name="test_rate_limiting_prevents_spam" time="0.102" /><testcase classname="tests.test_agent_implementations.TestAgentImplementations" name="test_agent_config_structure" time="0.002" /><testcase classname="tests.test_agent_implementations.TestAgentImplementations" name="test_agent_handles_command_failure" time="0.202" /><testcase classname="tests.test_agent_implementations.TestAgentImplementations" name="test_agent_publishes_completion_events" time="0.306" /><testcase classname="tests.test_agent_implementations.TestAgentImplementations" name="test_agent_rate_limiting" time="0.808" /><testcase classname="tests.test_agent_implementations.TestAgentImplementations" name="test_cleanup_agent_triggers_on_low_storage" time="0.205" /><testcase classname="tests.test_agent_implementations.TestAgentImplementations" name="test_event_simulator_methods" time="0.105" /><testcase classname="tests.test_agent_implementations.TestAgentImplementations" name="test_security_agent_responds_to_public_wifi" time="0.207" /><testcase classname="tests.test_agent_implementations.TestAgentImplementations" name="test_security_agent_restores_on_trusted_network" time="0.206" /><testcase classname="tests.test_agent_implementations.TestAgentImplementations" name="test_thermal_agent_responds_to_throttling" time="0.205" /><testcase classname="tests.test_agent_implementations.TestAgentImplementations" name="test_thermal_agent_restores_on_normal" time="0.205" /><testcase classname="tests.test_agent_notifications_deep.TestAgentNotificationConfig" name="test_defaults" time="0.000" /><testcase classname="tests.test_agent_notifications_deep.TestAgentNotificationConfig" name="test_from_dict_empty" time="0.000" /><testcase classname="tests.test_agent_notifications_deep.TestAgentNotificationConfig" name="test_from_dict_full" time="0.000" /><testcase classname="tests.test_agent_notifications_deep.TestAgentNotificationConfig" name="test_from_dict_none" time="0.000" /><testcase classname="tests.test_agent_notifications_deep.TestAgentNotificationConfig" name="test_roundtrip" time="0.000" /><testcase classname="tests.test_agent_notifications_deep.TestAgentNotificationConfig" name="test_to_dict" time="0.000" /><testcase classname="tests.test_agent_notifications_deep.TestAgentNotifierNotify" name="test_cooldown_blocks" time="0.001" /><testcase classname="tests.test_agent_notifications_deep.TestAgentNotifierNotify" name="test_disabled_config_returns_false" time="0.000" /><testcase classname="tests.test_agent_notifications_deep.TestAgentNotifierNotify" name="test_enabled_desktop" time="0.000" /><testcase classname="tests.test_agent_notifications_deep.TestAgentNotifierNotify" name="test_enabled_in_app" time="0.000" /><testcase classname="tests.test_agent_notifications_deep.TestAgentNotifierNotify" name="test_enabled_webhook" time="0.000" /><testcase classname="tests.test_agent_notifications_deep.TestShouldNotify" name="test_above_severity_threshold" time="0.000" /><testcase classname="tests.test_agent_notifications_deep.TestShouldNotify" name="test_alert_in_data" time="0.000" /><testcase classname="tests.test_agent_notifications_deep.TestShouldNotify" name="test_below_severity_threshold" time="0.000" /><testcase classname="tests.test_agent_notifications_deep.TestShouldNotify" name="test_error_with_notify_on_error" time="0.000" /><testcase classname="tests.test_agent_notifications_deep.TestGetResultSeverity" name="test_alert_is_high" time="0.000" /><testcase classname="tests.test_agent_notifications_deep.TestGetResultSeverity" name="test_explicit_severity" time="0.000" /><testcase classname="tests.test_agent_notifications_deep.TestGetResultSeverity" name="test_failure_is_medium" time="0.000" /><testcase classname="tests.test_agent_notifications_deep.TestGetResultSeverity" name="test_success_no_data" time="0.000" /><testcase classname="tests.test_agent_notifications_deep.TestGetResultSeverity" name="test_unknown_severity_fallback" time="0.000" /><testcase classname="tests.test_agent_notifications_deep.TestSendDesktop" name="test_exception" time="0.001" /><testcase classname="tests.test_agent_notifications_deep.TestSendDesktop" name="test_success" time="0.001" /><testcase classname="tests.test_agent_notifications_deep.TestSendInApp" name="test_exception" time="0.001" /><testcase classname="tests.test_agent_notifications_deep.TestSendInApp" name="test_success" time="0.001" /><testcase classname="tests.test_agent_notifications_deep.TestSendWebhook" name="test_no_url" time="0.000" /><testcase classname="tests.test_agent_notifications_deep.TestSendWebhook" name="test_with_url" time="0.102" /><testcase classname="tests.test_agent_notifications_deep.TestValidateWebhookUrl" name="test_empty" time="0.000" /><testcase classname="tests.test_agent_notifications_deep.TestValidateWebhookUrl" name="test_http" time="0.000" /><testcase classname="tests.test_agent_notifications_deep.TestValidateWebhookUrl" name="test_https" time="0.000" /><testcase classname="tests.test_agent_notifications_deep.TestValidateWebhookUrl" name="test_invalid" time="0.000" /><testcase classname="tests.test_agent_notifications_deep.TestValidateWebhookUrl" name="test_none_strings" time="0.000" /><testcase classname="tests.test_agent_planner_dedicated.TestPlanStep" name="test_all_severity_levels" time="0.000" /><testcase classname="tests.test_agent_planner_dedicated.TestPlanStep" name="test_creation_with_defaults" time="0.000" /><testcase classname="tests.test_agent_planner_dedicated.TestPlanStep" name="test_creation_with_explicit_severity" time="0.000" /><testcase classname="tests.test_agent_planner_dedicated.TestPlanStep" name="test_to_dict_default_severity_value" time="0.000" /><testcase classname="tests.test_agent_planner_dedicated.TestPlanStep" name="test_to_dict_keys" time="0.000" /><testcase classname="tests.test_agent_planner_dedicated.TestPlanStep" name="test_to_dict_values" time="0.000" /><testcase classname="tests.test_agent_planner_dedicated.TestAgentPlan" name="test_creation_custom_confidence" time="0.000" /><testcase classname="tests.test_agent_planner_dedicated.TestAgentPlan" name="test_creation_defaults" time="0.000" /><testcase classname="tests.test_agent_planner_dedicated.TestAgentPlan" name="test_to_agent_config_action_name_truncation" time="0.000" /><testcase classname="tests.test_agent_planner_dedicated.TestAgentPlan" name="test_to_agent_config_actions_mapping" time="0.000" /><testcase classname="tests.test_agent_planner_dedicated.TestAgentPlan" name="test_to_agent_config_empty_agent_id" time="0.000" /><testcase classname="tests.test_agent_planner_dedicated.TestAgentPlan" name="test_to_agent_config_name_and_type" time="0.000" /><testcase classname="tests.test_agent_planner_dedicated.TestAgentPlan" name="test_to_agent_config_returns_agent_config" time="0.000" /><testcase classname="tests.test_agent_planner_dedicated.TestAgentPlan" name="test_to_agent_config_safety_defaults" time="0.000" /><testcase classname="tests.test_agent_planner_dedicated.TestAgentPlan" name="test_to_agent_config_settings" time="0.000" /><testcase classname="tests.test_agent_planner_dedicated.TestAgentPlan" name="test_to_agent_config_triggers" time="0.000" /><testcase classname="tests.test_agent_planner_dedicated.TestAgentPlan" name="test_to_dict_multiple_steps" time="0.000" /><testcase classname="tests.test_agent_planner_dedicated.TestAgentPlan" name="test_to_dict_structure" time="0.000" /><testcase classname="tests.test_agent_planner_dedicated.TestAgentPlan" name="test_to_dict_values" time="0.000" /><testcase classname="tests.test_agent_planner_dedicated.TestGoalTemplates" name="test_all_five_templates_exist" time="0.000" /><testcase classname="tests.test_agent_planner_dedicated.TestGoalTemplates" name="test_all_templates_default_confidence" time="0.000" /><testcase classname="tests.test_agent_planner_dedicated.TestGoalTemplates" name="test_all_templates_have_interval_trigger" time="0.000" /><testcase classname="tests.test_agent_planner_dedicated.TestGoalTemplates" name="test_all_templates_have_nonempty_steps" time="0.000" /><testcase classname="tests.test_agent_planner_dedicated.TestGoalTemplates" name="test_auto_cleanup_template" time="0.000" /><testcase classname="tests.test_agent_planner_dedicated.TestGoalTemplates" name="test_keep_system_healthy_template" time="0.000" /><testcase classname="tests.test_agent_planner_dedicated.TestGoalTemplates" name="test_notify_updates_template" time="0.000" /><testcase classname="tests.test_agent_planner_dedicated.TestGoalTemplates" name="test_optimize_performance_template" time="0.000" /><testcase classname="tests.test_agent_planner_dedicated.TestGoalTemplates" name="test_templates_are_agent_plans" time="0.000" /><testcase classname="tests.test_agent_planner_dedicated.TestGoalTemplates" name="test_watch_security_template" time="0.000" /><testcase classname="tests.test_agent_planner_dedicated.TestAgentPlannerMatchTemplate" name="test_best_match_wins_among_templates" time="0.001" /><testcase classname="tests.test_agent_planner_dedicated.TestAgentPlannerMatchTemplate" name="test_case_insensitive_matching" time="0.000" /><testcase classname="tests.test_agent_planner_dedicated.TestAgentPlannerMatchTemplate" name="test_confidence_capped_at_one" time="0.001" /><testcase classname="tests.test_agent_planner_dedicated.TestAgentPlannerMatchTemplate" name="test_match_cleanup_keywords" time="0.000" /><testcase classname="tests.test_agent_planner_dedicated.TestAgentPlannerMatchTemplate" name="test_match_firewall_keyword" time="0.000" /><testcase classname="tests.test_agent_planner_dedicated.TestAgentPlannerMatchTemplate" name="test_match_health_keywords" time="0.000" /><testcase classname="tests.test_agent_planner_dedicated.TestAgentPlannerMatchTemplate" name="test_match_monitor_keyword" time="0.001" /><testcase classname="tests.test_agent_planner_dedicated.TestAgentPlannerMatchTemplate" name="test_match_performance_keywords" time="0.000" /><testcase classname="tests.test_agent_planner_dedicated.TestAgentPlannerMatchTemplate" name="test_match_security_keywords" time="0.000" /><testcase classname="tests.test_agent_planner_dedicated.TestAgentPlannerMatchTemplate" name="test_match_update_keywords" time="0.000" /><testcase classname="tests.test_agent_planner_dedicated.TestAgentPlannerMatchTemplate" name="test_matched_plan_confidence_scoring" time="0.000" /><testcase classname="tests.test_agent_planner_dedicated.TestAgentPlannerMatchTemplate" name="test_matched_plan_uses_original_goal" time="0.000" /><testcase classname="tests.test_agent_planner_dedicated.TestAgentPlannerMatchTemplate" name="test_no_match_returns_none" time="0.000" /><testcase classname="tests.test_agent_planner_dedicated.TestAgentPlannerPlanWithOllama" name="test_no_ollama_binary_returns_none" time="0.001" /><testcase classname="tests.test_agent_planner_dedicated.TestAgentPlannerPlanWithOllama" name="test_ollama_description_truncated_to_200" time="0.001" /><testcase classname="tests.test_agent_planner_dedicated.TestAgentPlannerPlanWithOllama" name="test_ollama_interval_clamped_max" time="0.001" /><testcase classname="tests.test_agent_planner_dedicated.TestAgentPlannerPlanWithOllama" name="test_ollama_interval_clamped_min" time="0.001" /><testcase classname="tests.test_agent_planner_dedicated.TestAgentPlannerPlanWithOllama" name="test_ollama_invalid_json" time="0.001" /><testcase classname="tests.test_agent_planner_dedicated.TestAgentPlannerPlanWithOllama" name="test_ollama_json_in_markdown_codeblock" time="0.001" /><testcase classname="tests.test_agent_planner_dedicated.TestAgentPlannerPlanWithOllama" name="test_ollama_missing_agent_name_uses_fallback" time="0.001" /><testcase classname="tests.test_agent_planner_dedicated.TestAgentPlannerPlanWithOllama" name="test_ollama_name_truncated_to_60" time="0.001" /><testcase classname="tests.test_agent_planner_dedicated.TestAgentPlannerPlanWithOllama" name="test_ollama_no_valid_operations" time="0.001" /><testcase classname="tests.test_agent_planner_dedicated.TestAgentPlannerPlanWithOllama" name="test_ollama_nonzero_returncode" time="0.001" /><testcase classname="tests.test_agent_planner_dedicated.TestAgentPlannerPlanWithOllama" name="test_ollama_os_error" time="0.001" /><testcase classname="tests.test_agent_planner_dedicated.TestAgentPlannerPlanWithOllama" name="test_ollama_step_severity_from_catalog" time="0.001" /><testcase classname="tests.test_agent_planner_dedicated.TestAgentPlannerPlanWithOllama" name="test_ollama_subprocess_called_with_timeout" time="0.001" /><testcase classname="tests.test_agent_planner_dedicated.TestAgentPlannerPlanWithOllama" name="test_ollama_success" time="0.001" /><testcase classname="tests.test_agent_planner_dedicated.TestAgentPlannerPlanWithOllama" name="test_ollama_timeout" time="0.001" /><testcase classname="tests.test_agent_planner_dedicated.TestAgentPlannerPlanFromGoal" name="test_generic_fallback_has_three_steps" time="0.001" /><testcase classname="tests.test_agent_planner_dedicated.TestAgentPlannerPlanFromGoal" name="test_generic_fallback_interval_300" time="0.000" /><testcase classname="tests.test_agent_planner_dedicated.TestAgentPlannerPlanFromGoal" name="test_generic_fallback_uses_original_goal" time="0.000" /><testcase classname="tests.test_agent_planner_dedicated.TestAgentPlannerPlanFromGoal" name="test_generic_fallback_when_both_fail" time="0.000" /><testcase classname="tests.test_agent_planner_dedicated.TestAgentPlannerPlanFromGoal" name="test_ollama_fallback_when_no_template" time="0.001" /><testcase classname="tests.test_agent_planner_dedicated.TestAgentPlannerPlanFromGoal" name="test_template_match_returned_first" time="0.001" /><testcase classname="tests.test_agent_planner_dedicated.TestAgentPlannerListAndCatalog" name="test_get_operation_catalog_dict_keys" time="0.000" /><testcase classname="tests.test_agent_planner_dedicated.TestAgentPlannerListAndCatalog" name="test_get_operation_catalog_not_mutated" time="0.000" /><testcase classname="tests.test_agent_planner_dedicated.TestAgentPlannerListAndCatalog" name="test_get_operation_catalog_returns_copy" time="0.000" /><testcase classname="tests.test_agent_planner_dedicated.TestAgentPlannerListAndCatalog" name="test_get_operation_catalog_returns_list" time="0.000" /><testcase classname="tests.test_agent_planner_dedicated.TestAgentPlannerListAndCatalog" name="test_list_goal_templates_contains_all_keys" time="0.000" /><testcase classname="tests.test_agent_planner_dedicated.TestAgentPlannerListAndCatalog" name="test_list_goal_templates_dict_keys" time="0.000" /><testcase classname="tests.test_agent_planner_dedicated.TestAgentPlannerListAndCatalog" name="test_list_goal_templates_returns_list" time="0.000" /><testcase classname="tests.test_agent_planner_dedicated.TestAgentPlannerListAndCatalog" name="test_operation_catalog_has_14_entries" time="0.000" /><testcase classname="tests.test_agent_planner_dedicated.TestAgentPlannerIntegration" name="test_health_goal_end_to_end" time="0.000" /><testcase classname="tests.test_agent_planner_dedicated.TestAgentPlannerIntegration" name="test_plan_to_dict_is_json_serializable" time="0.000" /><testcase classname="tests.test_agent_planner_dedicated.TestAgentPlannerIntegration" name="test_security_goal_end_to_end" time="0.000" /><testcase classname="tests.test_agent_planner_dedicated.TestAgentPlannerIntegration" name="test_unknown_goal_no_ollama" time="0.000" /><testcase classname="tests.test_agent_runner_extended.TestAgentExecutorExtended" name="test_execute_action_arbitrator_blocks" time="0.001" /><testcase classname="tests.test_agent_runner_extended.TestAgentExecutorExtended" name="test_execute_action_command_path" time="0.001" /><testcase classname="tests.test_agent_runner_extended.TestAgentExecutorExtended" name="test_execute_action_critical_severity_gate" time="0.000" /><testcase classname="tests.test_agent_runner_extended.TestAgentExecutorExtended" name="test_execute_action_dry_run" time="0.000" /><testcase classname="tests.test_agent_runner_extended.TestAgentExecutorExtended" name="test_execute_action_no_op_path" time="0.000" /><testcase classname="tests.test_agent_runner_extended.TestAgentExecutorExtended" name="test_execute_action_operation_exception" time="0.001" /><testcase classname="tests.test_agent_runner_extended.TestAgentExecutorExtended" name="test_execute_action_rate_limit_exceeded" time="0.000" /><testcase classname="tests.test_agent_runner_extended.TestAgentExecutorExtended" name="test_execute_operation_known_handler" time="0.001" /><testcase classname="tests.test_agent_runner_extended.TestAgentExecutorExtended" name="test_execute_operation_unknown" time="0.000" /><testcase classname="tests.test_agent_runner_extended.TestAgentExecutorExtended" name="test_get_operation_handlers_returns_all_14" time="0.000" /><testcase classname="tests.test_agent_runner_extended.TestAgentExecutorExtended" name="test_infer_priority_variants" time="0.000" /><testcase classname="tests.test_agent_runner_extended.TestAgentExecutorExtended" name="test_infer_resource_no_operation" time="0.000" /><testcase classname="tests.test_agent_runner_extended.TestAgentExecutorExtended" name="test_infer_resource_tuner_prefix" time="0.000" /><testcase classname="tests.test_agent_runner_extended.TestAgentExecutorExtended" name="test_infer_resource_updates_prefix" time="0.000" /><testcase classname="tests.test_agent_runner_extended.TestAgentExecutorExtended" name="test_infer_resource_variants" time="0.000" /><testcase classname="tests.test_agent_runner_extended.TestAgentExecutorExtended" name="test_op_apply_tuning_auto_apply_disabled" time="0.000" /><testcase classname="tests.test_agent_runner_extended.TestAgentExecutorExtended" name="test_op_apply_tuning_auto_apply_enabled" time="0.000" /><testcase classname="tests.test_agent_runner_extended.TestAgentExecutorExtended" name="test_op_check_cpu_above_threshold" time="0.001" /><testcase classname="tests.test_agent_runner_extended.TestAgentExecutorExtended" name="test_op_check_cpu_below_threshold" time="0.001" /><testcase classname="tests.test_agent_runner_extended.TestAgentExecutorExtended" name="test_op_check_cpu_oserror" time="0.000" /><testcase classname="tests.test_agent_runner_extended.TestAgentExecutorExtended" name="test_op_check_disk_above_threshold" time="0.000" /><testcase classname="tests.test_agent_runner_extended.TestAgentExecutorExtended" name="test_op_check_disk_below_threshold" time="0.000" /><testcase classname="tests.test_agent_runner_extended.TestAgentExecutorExtended" name="test_op_check_disk_oserror" time="0.000" /><testcase classname="tests.test_agent_runner_extended.TestAgentExecutorExtended" name="test_op_check_memory_above_threshold" time="0.001" /><testcase classname="tests.test_agent_runner_extended.TestAgentExecutorExtended" name="test_op_check_memory_below_threshold" time="0.001" /><testcase classname="tests.test_agent_runner_extended.TestAgentExecutorExtended" name="test_op_check_memory_oserror" time="0.000" /><testcase classname="tests.test_agent_runner_extended.TestAgentExecutorExtended" name="test_op_check_temperature_above_threshold" time="0.001" /><testcase classname="tests.test_agent_runner_extended.TestAgentExecutorExtended" name="test_op_check_temperature_below_threshold" time="0.001" /><testcase classname="tests.test_agent_runner_extended.TestAgentExecutorExtended" name="test_op_check_temperature_no_sensors" time="0.001" /><testcase classname="tests.test_agent_runner_extended.TestAgentExecutorExtended" name="test_op_check_temperature_valueerror_fallthrough" time="0.001" /><testcase classname="tests.test_agent_runner_extended.TestAgentExecutorExtended" name="test_op_clean_dnf_cache_exception" time="0.000" /><testcase classname="tests.test_agent_runner_extended.TestAgentExecutorExtended" name="test_op_clean_dnf_cache_success_known_size" time="0.001" /><testcase classname="tests.test_agent_runner_extended.TestAgentExecutorExtended" name="test_op_clean_dnf_cache_unknown_size" time="0.000" /><testcase classname="tests.test_agent_runner_extended.TestAgentExecutorExtended" name="test_op_clean_temp_files_all_success" time="0.001" /><testcase classname="tests.test_agent_runner_extended.TestAgentExecutorExtended" name="test_op_clean_temp_files_handles_one_error" time="0.000" /><testcase classname="tests.test_agent_runner_extended.TestAgentExecutorExtended" name="test_op_detect_workload_extreme" time="0.001" /><testcase classname="tests.test_agent_runner_extended.TestAgentExecutorExtended" name="test_op_detect_workload_heavy" time="0.001" /><testcase classname="tests.test_agent_runner_extended.TestAgentExecutorExtended" name="test_op_detect_workload_idle" time="0.001" /><testcase classname="tests.test_agent_runner_extended.TestAgentExecutorExtended" name="test_op_detect_workload_light" time="0.001" /><testcase classname="tests.test_agent_runner_extended.TestAgentExecutorExtended" name="test_op_detect_workload_moderate" time="0.001" /><testcase classname="tests.test_agent_runner_extended.TestAgentExecutorExtended" name="test_op_detect_workload_oserror" time="0.000" /><testcase classname="tests.test_agent_runner_extended.TestAgentExecutorExtended" name="test_op_dnf_updates_atomic_available" time="0.001" /><testcase classname="tests.test_agent_runner_extended.TestAgentExecutorExtended" name="test_op_dnf_updates_atomic_no_update" time="0.001" /><testcase classname="tests.test_agent_runner_extended.TestAgentExecutorExtended" name="test_op_dnf_updates_available" time="0.001" /><testcase classname="tests.test_agent_runner_extended.TestAgentExecutorExtended" name="test_op_dnf_updates_exception" time="0.000" /><testcase classname="tests.test_agent_runner_extended.TestAgentExecutorExtended" name="test_op_dnf_updates_no_updates" time="0.001" /><testcase classname="tests.test_agent_runner_extended.TestAgentExecutorExtended" name="test_op_failed_logins_alert" time="0.000" /><testcase classname="tests.test_agent_runner_extended.TestAgentExecutorExtended" name="test_op_failed_logins_below_threshold" time="0.000" /><testcase classname="tests.test_agent_runner_extended.TestAgentExecutorExtended" name="test_op_failed_logins_exception" time="0.000" /><testcase classname="tests.test_agent_runner_extended.TestAgentExecutorExtended" name="test_op_firewall_active" time="0.000" /><testcase classname="tests.test_agent_runner_extended.TestAgentExecutorExtended" name="test_op_firewall_exception" time="0.000" /><testcase classname="tests.test_agent_runner_extended.TestAgentExecutorExtended" name="test_op_firewall_inactive" time="0.000" /><testcase classname="tests.test_agent_runner_extended.TestAgentExecutorExtended" name="test_op_flatpak_not_installed" time="0.000" /><testcase classname="tests.test_agent_runner_extended.TestAgentExecutorExtended" name="test_op_flatpak_updates_nonzero" time="0.000" /><testcase classname="tests.test_agent_runner_extended.TestAgentExecutorExtended" name="test_op_flatpak_updates_oserror" time="0.000" /><testcase classname="tests.test_agent_runner_extended.TestAgentExecutorExtended" name="test_op_flatpak_updates_success_with_updates" time="0.000" /><testcase classname="tests.test_agent_runner_extended.TestAgentExecutorExtended" name="test_op_scan_ports_exception" time="0.000" /><testcase classname="tests.test_agent_runner_extended.TestAgentExecutorExtended" name="test_op_scan_ports_nonzero" time="0.000" /><testcase classname="tests.test_agent_runner_extended.TestAgentExecutorExtended" name="test_op_scan_ports_success" time="0.000" /><testcase classname="tests.test_agent_runner_extended.TestAgentExecutorExtended" name="test_op_vacuum_journal_exception" time="0.000" /><testcase classname="tests.test_agent_runner_extended.TestAgentExecutorExtended" name="test_op_vacuum_journal_success" time="0.000" /><testcase classname="tests.test_agent_runner_extended.TestAgentExecutorExtended" name="test_op_vacuum_journal_unknown" time="0.000" /><testcase classname="tests.test_agent_runner_extended.TestAgentSchedulerExtended" name="test_execute_agent_alert_logging" time="0.001" /><testcase classname="tests.test_agent_runner_extended.TestAgentSchedulerExtended" name="test_execute_agent_callback_exception" time="0.001" /><testcase classname="tests.test_agent_runner_extended.TestAgentSchedulerExtended" name="test_execute_agent_no_callback" time="0.001" /><testcase classname="tests.test_agent_runner_extended.TestAgentSchedulerExtended" name="test_execute_agent_stop_event_breaks_loop" time="0.001" /><testcase classname="tests.test_agent_runner_extended.TestAgentSchedulerExtended" name="test_notify_result_exception_is_swallowed" time="0.001" /><testcase classname="tests.test_agent_runner_extended.TestAgentSchedulerExtended" name="test_notify_result_success" time="0.001" /><testcase classname="tests.test_agent_runner_extended.TestAgentSchedulerExtended" name="test_run_agent_now_agent_not_found" time="0.001" /><testcase classname="tests.test_agent_runner_extended.TestAgentSchedulerExtended" name="test_run_agent_now_callback_exception" time="0.001" /><testcase classname="tests.test_agent_runner_extended.TestAgentSchedulerExtended" name="test_run_agent_now_success" time="0.001" /><testcase classname="tests.test_agent_runner_extended.TestAgentSchedulerExtended" name="test_run_loop_executes_interval_agent" time="0.001" /><testcase classname="tests.test_agent_runner_extended.TestAgentSchedulerExtended" name="test_run_loop_skips_non_idle_state" time="0.001" /><testcase classname="tests.test_agent_runner_extended.TestAgentSchedulerExtended" name="test_scheduler_is_running_property" time="0.000" /><testcase classname="tests.test_agent_runner_extended.TestAgentSchedulerExtended" name="test_scheduler_set_result_callback" time="0.000" /><testcase classname="tests.test_agent_runner_extended.TestAgentSchedulerExtended" name="test_scheduler_start_when_already_running" time="0.000" /><testcase classname="tests.test_agent_runner_extended.TestAgentSchedulerExtended" name="test_scheduler_stop" time="0.001" /><testcase classname="tests.test_agent_runner_extended.TestAgentSchedulerExtended" name="test_scheduler_stop_no_alive_thread" time="0.001" /><testcase classname="tests.test_agents.TestAgentDataclasses" name="test_agent_result_auto_timestamp" time="0.000" /><testcase classname="tests.test_agents.TestAgentDataclasses" name="test_agent_result_to_dict" time="0.000" /><testcase classname="tests.test_agents.TestAgentDataclasses" name="test_agent_trigger_roundtrip" time="0.000" /><testcase classname="tests.test_agents.TestAgentDataclasses" name="test_agent_action_roundtrip" time="0.000" /><testcase classname="tests.test_agents.TestAgentDataclasses" name="test_agent_config_auto_id" time="0.000" /><testcase classname="tests.test_agents.TestAgentDataclasses" name="test_agent_config_roundtrip" time="0.000" /><testcase classname="tests.test_agents.TestAgentDataclasses" name="test_agent_state_can_act" time="0.000" /><testcase classname="tests.test_agents.TestAgentDataclasses" name="test_agent_state_rate_limit_resets" time="0.000" /><testcase classname="tests.test_agents.TestAgentDataclasses" name="test_agent_state_record_action" time="0.000" /><testcase classname="tests.test_agents.TestAgentDataclasses" name="test_agent_state_record_error" time="0.000" /><testcase classname="tests.test_agents.TestAgentDataclasses" name="test_agent_state_history_bounded" time="0.000" /><testcase classname="tests.test_agents.TestAgentDataclasses" name="test_agent_state_roundtrip" time="0.000" /><testcase classname="tests.test_agents.TestAgentRegistry" name="test_builtin_agents_loaded" time="0.000" /><testcase classname="tests.test_agents.TestAgentRegistry" name="test_register_custom_agent" time="0.001" /><testcase classname="tests.test_agents.TestAgentRegistry" name="test_remove_custom_agent" time="0.001" /><testcase classname="tests.test_agents.TestAgentRegistry" name="test_cannot_remove_builtin" time="0.000" /><testcase classname="tests.test_agents.TestAgentRegistry" name="test_enable_disable" time="0.001" /><testcase classname="tests.test_agents.TestAgentRegistry" name="test_get_agent_summary" time="0.000" /><testcase classname="tests.test_agents.TestAgentRegistry" name="test_create_custom_agent" time="0.001" /><testcase classname="tests.test_agents.TestAgentRegistry" name="test_persistence" time="0.001" /><testcase classname="tests.test_agents.TestAgentRegistry" name="test_update_settings" time="0.001" /><testcase classname="tests.test_agents.TestAgentExecutor" name="test_dry_run" time="0.000" /><testcase classname="tests.test_agents.TestAgentExecutor" name="test_rate_limit" time="0.000" /><testcase classname="tests.test_agents.TestAgentExecutor" name="test_critical_blocked" time="0.000" /><testcase classname="tests.test_agents.TestAgentExecutor" name="test_unknown_operation" time="0.001" /><testcase classname="tests.test_agents.TestAgentExecutor" name="test_no_operation_or_command" time="0.001" /><testcase classname="tests.test_agents.TestAgentExecutor" name="test_arbitrator_blocks_action" time="0.001" /><testcase classname="tests.test_agents.TestAgentArbitrator" name="test_cpu_request_blocked_on_thermal" time="0.001" /><testcase classname="tests.test_agents.TestAgentArbitrator" name="test_cpu_request_allows_critical_on_thermal" time="0.000" /><testcase classname="tests.test_agents.TestAgentArbitrator" name="test_background_blocked_on_battery" time="0.001" /><testcase classname="tests.test_agents.TestAgentArbitrator" name="test_background_allowed_on_ac" time="0.000" /><testcase classname="tests.test_agents.TestAgentOperations" name="test_check_cpu" time="0.000" /><testcase classname="tests.test_agents.TestAgentOperations" name="test_check_memory" time="0.000" /><testcase classname="tests.test_agents.TestAgentOperations" name="test_check_disk" time="0.000" /><testcase classname="tests.test_agents.TestAgentOperations" name="test_check_temperature" time="0.002" /><testcase classname="tests.test_agents.TestAgentOperations" name="test_detect_workload" time="0.000" /><testcase classname="tests.test_agents.TestAgentPlanner" name="test_template_matching_health" time="0.000" /><testcase classname="tests.test_agents.TestAgentPlanner" name="test_template_matching_security" time="0.000" /><testcase classname="tests.test_agents.TestAgentPlanner" name="test_template_matching_updates" time="0.000" /><testcase classname="tests.test_agents.TestAgentPlanner" name="test_template_matching_cleanup" time="0.000" /><testcase classname="tests.test_agents.TestAgentPlanner" name="test_template_matching_performance" time="0.000" /><testcase classname="tests.test_agents.TestAgentPlanner" name="test_unknown_goal_fallback" time="0.000" /><testcase classname="tests.test_agents.TestAgentPlanner" name="test_plan_to_agent_config" time="0.000" /><testcase classname="tests.test_agents.TestAgentPlanner" name="test_list_goal_templates" time="0.000" /><testcase classname="tests.test_agents.TestAgentPlanner" name="test_operation_catalog" time="0.000" /><testcase classname="tests.test_agents.TestAgentScheduler" name="test_scheduler_start_stop" time="0.000" /><testcase classname="tests.test_agents.TestAgentScheduler" name="test_run_agent_now_not_found" time="0.000" /><testcase classname="tests.test_agents.TestAgentScheduler" name="test_run_agent_now_builtin" time="0.154" /><testcase classname="tests.test_agents.TestAgentScheduler" name="test_result_callback" time="0.080" /><testcase classname="tests.test_agents.TestAgentCLI" name="test_cli_agent_list" time="0.012" /><testcase classname="tests.test_agents.TestAgentCLI" name="test_cli_agent_status" time="0.011" /><testcase classname="tests.test_agents.TestAgentCLI" name="test_cli_agent_templates" time="0.010" /><testcase classname="tests.test_agents.TestAgentCLI" name="test_cli_agent_create" time="0.010" /><testcase classname="tests.test_agents.TestAgentCLI" name="test_cli_agent_enable_disable" time="0.021" /><testcase classname="tests.test_agents.TestAgentCLI" name="test_cli_agent_logs" time="0.009" /><testcase classname="tests.test_ai.TestOllamaManager" name="test_delete_model_failure" time="0.001" /><testcase classname="tests.test_ai.TestOllamaManager" name="test_install_already_installed" time="0.001" /><testcase classname="tests.test_ai.TestOllamaManager" name="test_install_timeout" time="0.001" /><testcase classname="tests.test_ai.TestOllamaManager" name="test_is_installed_true" time="0.000" /><testcase classname="tests.test_ai.TestOllamaManager" name="test_is_running_fallback_to_pgrep" time="0.001" /><testcase classname="tests.test_ai.TestOllamaManager" name="test_is_running_system_service_active" time="0.001" /><testcase classname="tests.test_ai.TestOllamaManager" name="test_is_running_user_service_active" time="0.001" /><testcase classname="tests.test_ai.TestOllamaManager" name="test_list_models_parse" time="0.001" /><testcase classname="tests.test_ai.TestOllamaManager" name="test_pull_model_failure_with_output" time="0.001" /><testcase classname="tests.test_ai.TestOllamaManager" name="test_run_prompt_timeout" time="0.001" /><testcase classname="tests.test_ai.TestOllamaManager" name="test_start_service_not_installed" time="0.000" /><testcase classname="tests.test_ai.TestOllamaManager" name="test_start_service_success" time="0.001" /><testcase classname="tests.test_ai.TestOllamaManager" name="test_stop_service_already_stopped" time="0.001" /><testcase classname="tests.test_ai.TestOllamaManager" name="test_stop_service_fallback_pkill" time="0.001" /><testcase classname="tests.test_ai.TestLlamaCppManager" name="test_install_detects_dnf_package" time="0.001" /><testcase classname="tests.test_ai.TestLlamaCppManager" name="test_is_installed_checks_two_binaries" time="0.000" /><testcase classname="tests.test_ai.TestAIConfigManager" name="test_configure_nvidia_for_ai_cuda_present" time="0.001" /><testcase classname="tests.test_ai.TestAIConfigManager" name="test_configure_nvidia_for_ai_no_gpu" time="0.000" /><testcase classname="tests.test_ai.TestAIConfigManager" name="test_configure_rocm_for_ai_no_amd_gpu" time="0.001" /><testcase classname="tests.test_ai.TestAIConfigManager" name="test_get_gpu_memory_parse" time="0.001" /><testcase classname="tests.test_ai_polish.TestAIModelManager" name="test_download_model_failure" time="0.001" /><testcase classname="tests.test_ai_polish.TestAIModelManager" name="test_download_model_ollama_not_installed" time="0.000" /><testcase classname="tests.test_ai_polish.TestAIModelManager" name="test_download_model_success" time="0.001" /><testcase classname="tests.test_ai_polish.TestAIModelManager" name="test_download_model_with_callback" time="0.001" /><testcase classname="tests.test_ai_polish.TestAIModelManager" name="test_estimate_ram_completely_unknown_model" time="0.000" /><testcase classname="tests.test_ai_polish.TestAIModelManager" name="test_estimate_ram_known_model" time="0.000" /><testcase classname="tests.test_ai_polish.TestAIModelManager" name="test_estimate_ram_unknown_model_with_param_hint" time="0.000" /><testcase classname="tests.test_ai_polish.TestAIModelManager" name="test_get_available_models_fields" time="0.000" /><testcase classname="tests.test_ai_polish.TestAIModelManager" name="test_get_available_models_quantization" time="0.000" /><testcase classname="tests.test_ai_polish.TestAIModelManager" name="test_get_available_models_returns_list" time="0.000" /><testcase classname="tests.test_ai_polish.TestAIModelManager" name="test_get_installed_models_empty_list" time="0.001" /><testcase classname="tests.test_ai_polish.TestAIModelManager" name="test_get_installed_models_no_ollama" time="0.000" /><testcase classname="tests.test_ai_polish.TestAIModelManager" name="test_get_installed_models_parses_output" time="0.001" /><testcase classname="tests.test_ai_polish.TestAIModelManager" name="test_get_recommended_model_high_ram" time="0.000" /><testcase classname="tests.test_ai_polish.TestAIModelManager" name="test_get_recommended_model_insufficient_ram" time="0.000" /><testcase classname="tests.test_ai_polish.TestAIModelManager" name="test_get_recommended_model_low_ram" time="0.000" /><testcase classname="tests.test_ai_polish.TestAIModelManager" name="test_get_recommended_model_medium_ram" time="0.000" /><testcase classname="tests.test_ai_polish.TestAIModelManager" name="test_get_system_ram_handles_error" time="0.000" /><testcase classname="tests.test_ai_polish.TestAIModelManager" name="test_get_system_ram_reads_proc_meminfo" time="0.001" /><testcase classname="tests.test_ai_polish.TestAIModelManager" name="test_recommended_models_constant" time="0.000" /><testcase classname="tests.test_ai_polish.TestVoiceManager" name="test_check_microphone_none_found" time="0.001" /><testcase classname="tests.test_ai_polish.TestVoiceManager" name="test_check_microphone_with_arecord" time="0.001" /><testcase classname="tests.test_ai_polish.TestVoiceManager" name="test_get_available_models_list" time="0.000" /><testcase classname="tests.test_ai_polish.TestVoiceManager" name="test_get_recommended_model_high_ram" time="0.000" /><testcase classname="tests.test_ai_polish.TestVoiceManager" name="test_get_recommended_model_low_ram" time="0.000" /><testcase classname="tests.test_ai_polish.TestVoiceManager" name="test_get_recommended_model_moderate_ram" time="0.000" /><testcase classname="tests.test_ai_polish.TestVoiceManager" name="test_is_available_found" time="0.000" /><testcase classname="tests.test_ai_polish.TestVoiceManager" name="test_is_available_not_found" time="0.000" /><testcase classname="tests.test_ai_polish.TestVoiceManager" name="test_is_recording_available_arecord" time="0.000" /><testcase classname="tests.test_ai_polish.TestVoiceManager" name="test_is_recording_available_nothing" time="0.000" /><testcase classname="tests.test_ai_polish.TestVoiceManager" name="test_record_audio_success" time="0.001" /><testcase classname="tests.test_ai_polish.TestVoiceManager" name="test_transcribe_invalid_model" time="0.001" /><testcase classname="tests.test_ai_polish.TestVoiceManager" name="test_transcribe_missing_audio" time="0.000" /><testcase classname="tests.test_ai_polish.TestVoiceManager" name="test_transcribe_no_whisper" time="0.000" /><testcase classname="tests.test_ai_polish.TestVoiceManager" name="test_transcribe_success" time="0.001" /><testcase classname="tests.test_ai_polish.TestVoiceManager" name="test_whisper_models_constant" time="0.000" /><testcase classname="tests.test_ai_polish.TestVoiceManager" name="test_whisper_models_ram_ordering" time="0.000" /><testcase classname="tests.test_ai_polish.TestContextRAGManager" name="test_binary_file_detection" time="0.001" /><testcase classname="tests.test_ai_polish.TestContextRAGManager" name="test_build_and_search_index" time="0.001" /><testcase classname="tests.test_ai_polish.TestContextRAGManager" name="test_build_index_no_files" time="0.001" /><testcase classname="tests.test_ai_polish.TestContextRAGManager" name="test_build_index_skips_binary" time="0.001" /><testcase classname="tests.test_ai_polish.TestContextRAGManager" name="test_build_index_skips_sensitive" time="0.000" /><testcase classname="tests.test_ai_polish.TestContextRAGManager" name="test_build_index_with_callback" time="0.000" /><testcase classname="tests.test_ai_polish.TestContextRAGManager" name="test_chunk_text_empty" time="0.000" /><testcase classname="tests.test_ai_polish.TestContextRAGManager" name="test_chunk_text_long" time="0.000" /><testcase classname="tests.test_ai_polish.TestContextRAGManager" name="test_chunk_text_short" time="0.000" /><testcase classname="tests.test_ai_polish.TestContextRAGManager" name="test_clear_index" time="0.001" /><testcase classname="tests.test_ai_polish.TestContextRAGManager" name="test_clear_index_no_index" time="0.000" /><testcase classname="tests.test_ai_polish.TestContextRAGManager" name="test_get_index_path" time="0.000" /><testcase classname="tests.test_ai_polish.TestContextRAGManager" name="test_get_index_stats_after_build" time="0.001" /><testcase classname="tests.test_ai_polish.TestContextRAGManager" name="test_get_index_stats_no_index" time="0.000" /><testcase classname="tests.test_ai_polish.TestContextRAGManager" name="test_indexable_paths_constant" time="0.000" /><testcase classname="tests.test_ai_polish.TestContextRAGManager" name="test_is_indexed_false_initially" time="0.000" /><testcase classname="tests.test_ai_polish.TestContextRAGManager" name="test_is_indexed_true_after_build" time="0.000" /><testcase classname="tests.test_ai_polish.TestContextRAGManager" name="test_non_sensitive_filenames_pass" time="0.000" /><testcase classname="tests.test_ai_polish.TestContextRAGManager" name="test_scan_indexable_files_returns_list" time="0.607" /><testcase classname="tests.test_ai_polish.TestContextRAGManager" name="test_search_empty_query" time="0.001" /><testcase classname="tests.test_ai_polish.TestContextRAGManager" name="test_search_no_index" time="0.001" /><testcase classname="tests.test_ai_polish.TestContextRAGManager" name="test_search_relevance_scoring" time="0.001" /><testcase classname="tests.test_ai_polish.TestContextRAGManager" name="test_search_respects_max_results" time="0.001" /><testcase classname="tests.test_ai_polish.TestContextRAGManager" name="test_sensitive_filename_detection" time="0.000" /><testcase classname="tests.test_ai_polish.TestContextRAGManager" name="test_text_file_not_binary" time="0.000" /><testcase classname="tests.test_ansible_export.TestResult" name="test_result_data_field_optional" time="0.000" /><testcase classname="tests.test_ansible_export.TestResult" name="test_result_failure_with_data" time="0.000" /><testcase classname="tests.test_ansible_export.TestResult" name="test_result_success_defaults" time="0.000" /><testcase classname="tests.test_ansible_export.TestAnsibleExporter" name="test_generate_playbook_all_disabled" time="0.012" /><testcase classname="tests.test_ansible_export.TestAnsibleExporter" name="test_generate_playbook_custom_name" time="0.001" /><testcase classname="tests.test_ansible_export.TestAnsibleExporter" name="test_generate_playbook_empty_data_skips_sections" time="0.001" /><testcase classname="tests.test_ansible_export.TestAnsibleExporter" name="test_generate_playbook_flatpak_enables_flathub" time="0.001" /><testcase classname="tests.test_ansible_export.TestAnsibleExporter" name="test_generate_playbook_header_contains_warning" time="0.001" /><testcase classname="tests.test_ansible_export.TestAnsibleExporter" name="test_generate_playbook_includes_sections" time="0.002" /><testcase classname="tests.test_ansible_export.TestAnsibleExporter" name="test_generate_playbook_settings_create_dconf_tasks" time="0.001" /><testcase classname="tests.test_ansible_export.TestAnsibleExporter" name="test_generate_playbook_vars_section" time="0.001" /><testcase classname="tests.test_ansible_export.TestAnsibleExporter" name="test_generate_playbook_with_repos" time="0.001" /><testcase classname="tests.test_ansible_export.TestAnsibleExporter" name="test_generate_playbook_yaml_import_fallback" time="0.001" /><testcase classname="tests.test_ansible_export.TestAnsibleExporter" name="test_get_enabled_repos_all_defaults" time="0.001" /><testcase classname="tests.test_ansible_export.TestAnsibleExporter" name="test_get_enabled_repos_atomic_returns_empty" time="0.000" /><testcase classname="tests.test_ansible_export.TestAnsibleExporter" name="test_get_enabled_repos_empty_stdout" time="0.001" /><testcase classname="tests.test_ansible_export.TestAnsibleExporter" name="test_get_enabled_repos_exception" time="0.001" /><testcase classname="tests.test_ansible_export.TestAnsibleExporter" name="test_get_enabled_repos_multiple_third_party" time="0.001" /><testcase classname="tests.test_ansible_export.TestAnsibleExporter" name="test_get_enabled_repos_nonzero_returncode" time="0.001" /><testcase classname="tests.test_ansible_export.TestAnsibleExporter" name="test_get_enabled_repos_skips_fedora_defaults" time="0.001" /><testcase classname="tests.test_ansible_export.TestAnsibleExporter" name="test_get_flatpak_apps_empty_stdout" time="0.001" /><testcase classname="tests.test_ansible_export.TestAnsibleExporter" name="test_get_flatpak_apps_missing_binary" time="0.000" /><testcase classname="tests.test_ansible_export.TestAnsibleExporter" name="test_get_flatpak_apps_nonzero_returncode" time="0.001" /><testcase classname="tests.test_ansible_export.TestAnsibleExporter" name="test_get_flatpak_apps_subprocess_exception" time="0.001" /><testcase classname="tests.test_ansible_export.TestAnsibleExporter" name="test_get_flatpak_apps_success" time="0.001" /><testcase classname="tests.test_ansible_export.TestAnsibleExporter" name="test_get_gnome_settings_all_keys_succeed" time="0.001" /><testcase classname="tests.test_ansible_export.TestAnsibleExporter" name="test_get_gnome_settings_collects_only_successful_keys" time="0.001" /><testcase classname="tests.test_ansible_export.TestAnsibleExporter" name="test_get_gnome_settings_missing_binary" time="0.000" /><testcase classname="tests.test_ansible_export.TestAnsibleExporter" name="test_get_gnome_settings_per_key_exception" time="0.001" /><testcase classname="tests.test_ansible_export.TestAnsibleExporter" name="test_get_gnome_settings_strips_quotes" time="0.001" /><testcase classname="tests.test_ansible_export.TestAnsibleExporter" name="test_get_installed_packages_atomic_empty_deployments" time="0.001" /><testcase classname="tests.test_ansible_export.TestAnsibleExporter" name="test_get_installed_packages_atomic_exception" time="0.001" /><testcase classname="tests.test_ansible_export.TestAnsibleExporter" name="test_get_installed_packages_atomic_nonzero_returncode" time="0.001" /><testcase classname="tests.test_ansible_export.TestAnsibleExporter" name="test_get_installed_packages_atomic_path" time="0.001" /><testcase classname="tests.test_ansible_export.TestAnsibleExporter" name="test_get_installed_packages_filters_base_packages" time="0.001" /><testcase classname="tests.test_ansible_export.TestAnsibleExporter" name="test_get_installed_packages_nonatomic_all_excluded" time="0.001" /><testcase classname="tests.test_ansible_export.TestAnsibleExporter" name="test_get_installed_packages_nonatomic_empty_stdout" time="0.001" /><testcase classname="tests.test_ansible_export.TestAnsibleExporter" name="test_get_installed_packages_nonatomic_exception" time="0.001" /><testcase classname="tests.test_ansible_export.TestAnsibleExporter" name="test_get_installed_packages_nonatomic_nonzero_returncode" time="0.001" /><testcase classname="tests.test_ansible_export.TestAnsibleExporter" name="test_get_installed_packages_nonatomic_whitespace_only" time="0.001" /><testcase classname="tests.test_ansible_export.TestAnsibleExporter" name="test_save_playbook_creates_parent_dirs" time="0.001" /><testcase classname="tests.test_ansible_export.TestAnsibleExporter" name="test_save_playbook_default_path" time="0.001" /><testcase classname="tests.test_ansible_export.TestAnsibleExporter" name="test_save_playbook_failure" time="0.000" /><testcase classname="tests.test_ansible_export.TestAnsibleExporter" name="test_save_playbook_readme_content" time="0.001" /><testcase classname="tests.test_ansible_export.TestAnsibleExporter" name="test_save_playbook_result_data_fields" time="0.001" /><testcase classname="tests.test_ansible_export.TestAnsibleExporter" name="test_save_playbook_success_creates_files" time="0.001" /><testcase classname="tests.test_ansible_export.TestAnsibleExporter" name="test_save_playbook_writes_content" time="0.001" /><testcase classname="tests.test_ansible_export.TestAnsibleExporter" name="test_validate_playbook_ansible_lint_exception" time="0.001" /><testcase classname="tests.test_ansible_export.TestAnsibleExporter" name="test_validate_playbook_ansible_lint_failure" time="0.059" /><testcase classname="tests.test_ansible_export.TestAnsibleExporter" name="test_validate_playbook_ansible_lint_includes_stdout" time="0.001" /><testcase classname="tests.test_ansible_export.TestAnsibleExporter" name="test_validate_playbook_ansible_lint_success" time="0.001" /><testcase classname="tests.test_ansible_export.TestAnsibleExporter" name="test_validate_playbook_ansible_lint_timeout" time="0.001" /><testcase classname="tests.test_ansible_export.TestAnsibleExporter" name="test_validate_playbook_invalid_yaml" time="0.002" /><testcase classname="tests.test_ansible_export.TestAnsibleExporter" name="test_validate_playbook_no_yaml_no_lint" time="0.001" /><testcase classname="tests.test_ansible_export.TestAnsibleExporter" name="test_validate_playbook_yaml_syntax_ok_without_ansible_lint" time="0.001" /><testcase classname="tests.test_api_profiles.TestAPIProfiles" name="test_profile_export_all" time="0.011" /><testcase classname="tests.test_api_profiles.TestAPIProfiles" name="test_profile_export_single_not_found" time="0.003" /><testcase classname="tests.test_api_profiles.TestAPIProfiles" name="test_profile_import_all_overwrite" time="0.003" /><testcase classname="tests.test_api_profiles.TestAPIProfiles" name="test_profile_import_single_success" time="0.003" /><testcase classname="tests.test_api_profiles.TestAPIProfiles" name="test_profile_import_single_validation_error" time="0.002" /><testcase classname="tests.test_api_profiles.TestAPIProfiles" name="test_profiles_apply" time="0.002" /><testcase classname="tests.test_api_profiles.TestAPIProfiles" name="test_profiles_list" time="0.002" /><testcase classname="tests.test_api_server" name="test_health_endpoint" time="0.008" /><testcase classname="tests.test_api_server" name="test_token_flow" time="0.533" /><testcase classname="tests.test_api_server.TestAuthenticationSecurity" name="test_execute_without_bearer_token" time="0.010" /><testcase classname="tests.test_api_server.TestAuthenticationSecurity" name="test_execute_with_invalid_token_format" time="0.011" /><testcase classname="tests.test_api_server.TestAuthenticationSecurity" name="test_execute_with_malformed_bearer_header" time="0.008" /><testcase classname="tests.test_api_server.TestAuthenticationSecurity" name="test_execute_with_expired_token" time="0.263" /><testcase classname="tests.test_api_server.TestAuthenticationSecurity" name="test_token_generation_with_wrong_api_key" time="0.276" /><testcase classname="tests.test_api_server.TestAuthenticationSecurity" name="test_token_generation_without_api_key" time="0.008" /><testcase classname="tests.test_api_server.TestInputValidation" name="test_command_injection_attempt" time="0.516" /><testcase classname="tests.test_api_server.TestInputValidation" name="test_path_traversal_in_args" time="0.529" /><testcase classname="tests.test_api_server.TestInputValidation" name="test_malformed_json_payload" time="0.521" /><testcase classname="tests.test_api_server.TestInputValidation" name="test_missing_required_field_command" time="0.521" /><testcase classname="tests.test_api_server.TestInputValidation" name="test_extremely_long_command" time="0.523" /><testcase classname="tests.test_api_server.TestInputValidation" name="test_extremely_long_args" time="0.511" /><testcase classname="tests.test_api_server.TestInputValidation" name="test_null_values_in_payload" time="0.481" /><testcase classname="tests.test_api_server.TestAuthorization" name="test_pkexec_requires_auth" time="0.476" /><testcase classname="tests.test_api_server.TestAuthorization" name="test_pkexec_without_auth_fails" time="0.007" /><testcase classname="tests.test_api_server.TestAuthorization" name="test_preview_mode_requires_auth" time="0.007" /><testcase classname="tests.test_api_server.TestAuthorization" name="test_execute_mode_requires_auth" time="0.008" /><testcase classname="tests.test_api_server.TestAuthorization" name="test_info_endpoint_without_auth" time="0.008" /><testcase classname="tests.test_api_server.TestErrorHandling" name="test_invalid_command_execution" time="0.473" /><testcase classname="tests.test_api_server.TestErrorHandling" name="test_executor_exception_handling" time="0.477" /><testcase classname="tests.test_api_server.TestErrorHandling" name="test_action_result_serialization" time="0.475" /><testcase classname="tests.test_api_server.TestErrorHandling" name="test_network_timeout_simulation" time="0.472" /><testcase classname="tests.test_api_server.TestAdditionalSecurity" name="test_empty_command" time="0.470" /><testcase classname="tests.test_api_server.TestAdditionalSecurity" name="test_special_characters_in_command" time="0.479" /><testcase classname="tests.test_api_server.TestAdditionalSecurity" name="test_unicode_in_payload" time="0.516" /><testcase classname="tests.test_api_server.TestAdditionalSecurity" name="test_action_id_validation" time="0.509" /><testcase classname="tests.test_architecture_imports.TestCoreExecutorImports" name="test_action_result_import" time="0.000" /><testcase classname="tests.test_architecture_imports.TestCoreExecutorImports" name="test_base_executor_import" time="0.000" /><testcase classname="tests.test_architecture_imports.TestCoreExecutorImports" name="test_action_executor_import" time="0.000" /><testcase classname="tests.test_architecture_imports.TestCoreExecutorImports" name="test_all_exports" time="0.000" /><testcase classname="tests.test_architecture_imports.TestBackwardCompatUtils" name="test_utils_action_result_import" time="0.000" /><testcase classname="tests.test_architecture_imports.TestBackwardCompatUtils" name="test_utils_action_executor_import" time="0.000" /><testcase classname="tests.test_architecture_imports.TestBackwardCompatUtils" name="test_utils_operations_import" time="0.000" /><testcase classname="tests.test_architecture_imports.TestServicesSystemImports" name="test_system_manager_import" time="0.000" /><testcase classname="tests.test_architecture_imports.TestServicesSystemImports" name="test_service_manager_import" time="0.000"><failure message="ImportError: cannot import name 'ServiceManager' from 'services.system' (unknown location)">tests/test_architecture_imports.py:110: in test_service_manager_import
    from services.system import ServiceManager
E   ImportError: cannot import name 'ServiceManager' from 'services.system' (unknown location)</failure></testcase><testcase classname="tests.test_architecture_imports.TestServicesSystemImports" name="test_process_manager_import" time="0.000"><failure message="ImportError: cannot import name 'ProcessManager' from 'services.system' (unknown location)">tests/test_architecture_imports.py:116: in test_process_manager_import
    from services.system import ProcessManager
E   ImportError: cannot import name 'ProcessManager' from 'services.system' (unknown location)</failure></testcase><testcase classname="tests.test_architecture_imports.TestServicesSystemImports" name="test_service_types_import" time="0.000"><failure message="ImportError: cannot import name 'ServiceUnit' from 'services.system' (unknown location)">tests/test_architecture_imports.py:122: in test_service_types_import
    from services.system import (
E   ImportError: cannot import name 'ServiceUnit' from 'services.system' (unknown location)</failure></testcase><testcase classname="tests.test_architecture_imports.TestServicesSystemImports" name="test_process_types_import" time="0.000"><failure message="ImportError: cannot import name 'ProcessInfo' from 'services.system' (unknown location)">tests/test_architecture_imports.py:136: in test_process_types_import
    from services.system import ProcessInfo
E   ImportError: cannot import name 'ProcessInfo' from 'services.system' (unknown location)</failure></testcase><testcase classname="tests.test_architecture_imports.TestServicesSystemImports" name="test_command_runner_backward_compat" time="0.000"><failure message="ImportError: cannot import name 'CommandRunner' from 'services.system' (unknown location)">tests/test_architecture_imports.py:142: in test_command_runner_backward_compat
    from services.system import CommandRunner
E   ImportError: cannot import name 'CommandRunner' from 'services.system' (unknown location)</failure></testcase><testcase classname="tests.test_architecture_imports.TestServicesSystemImports" name="test_all_exports" time="0.000" /><testcase classname="tests.test_architecture_imports.TestServicesHardwareImports" name="test_hardware_manager_import" time="0.000" /><testcase classname="tests.test_architecture_imports.TestServicesHardwareImports" name="test_battery_manager_import" time="0.000" /><testcase classname="tests.test_architecture_imports.TestServicesHardwareImports" name="test_disk_manager_import" time="0.000" /><testcase classname="tests.test_architecture_imports.TestServicesHardwareImports" name="test_temperature_manager_import" time="0.000" /><testcase classname="tests.test_architecture_imports.TestServicesHardwareImports" name="test_bluetooth_manager_import" time="0.000" /><testcase classname="tests.test_architecture_imports.TestServicesHardwareImports" name="test_hardware_profiles_import" time="0.000" /><testcase classname="tests.test_architecture_imports.TestServicesHardwareImports" name="test_all_exports" time="0.000" /><testcase classname="tests.test_architecture_imports.TestCoreWorkersImports" name="test_base_worker_import" time="0.000" /><testcase classname="tests.test_architecture_imports.TestCoreWorkersImports" name="test_all_exports" time="0.000" /><testcase classname="tests.test_architecture_imports.TestServicesNamespaceImports" name="test_services_namespace_exists" time="0.000" /><testcase classname="tests.test_architecture_imports.TestServicesNamespaceImports" name="test_services_submodules_exist" time="0.001" /><testcase classname="tests.test_architecture_imports.TestImportPerformance" name="test_executor_import_speed" time="0.000" /><testcase classname="tests.test_architecture_imports.TestImportPerformance" name="test_services_import_speed" time="0.000" /><testcase classname="tests.test_architecture_imports.TestNoSystemCalls" name="test_action_result_import_no_execution" time="0.000" /><testcase classname="tests.test_architecture_imports.TestNoSystemCalls" name="test_executor_import_no_execution" time="0.000" /><testcase classname="tests.test_architecture_imports.TestCrossModuleCompatibility" name="test_action_result_identity" time="0.000" /><testcase classname="tests.test_architecture_imports.TestCrossModuleCompatibility" name="test_action_executor_identity" time="0.000" /><testcase classname="tests.test_architecture_imports.TestPublicAPIStability" name="test_executor_public_methods" time="0.000" /><testcase classname="tests.test_architecture_imports.TestPublicAPIStability" name="test_action_result_public_methods" time="0.000" /><testcase classname="tests.test_architecture_imports.TestPublicAPIStability" name="test_base_executor_is_abstract" time="0.000" /><testcase classname="tests.test_audit.TestAuditLogger" name="test_dry_run_flag" time="0.001" /><testcase classname="tests.test_audit.TestAuditLogger" name="test_get_recent" time="0.001" /><testcase classname="tests.test_audit.TestAuditLogger" name="test_get_recent_empty" time="0.001" /><testcase classname="tests.test_audit.TestAuditLogger" name="test_log_creates_file" time="0.001" /><testcase classname="tests.test_audit.TestAuditLogger" name="test_log_entry_fields" time="0.001" /><testcase classname="tests.test_audit.TestAuditLogger" name="test_log_jsonl_format" time="0.001" /><testcase classname="tests.test_audit.TestAuditLogger" name="test_log_path_property" time="0.001" /><testcase classname="tests.test_audit.TestAuditLogger" name="test_log_validation_failure" time="0.001" /><testcase classname="tests.test_audit.TestAuditLogger" name="test_reset" time="0.001" /><testcase classname="tests.test_audit.TestAuditLogger" name="test_sensitive_param_redaction" time="0.001" /><testcase classname="tests.test_audit.TestAuditLogger" name="test_singleton_pattern" time="0.001" /><testcase classname="tests.test_audit.TestAuditLogger" name="test_stderr_hash" time="0.001" /><testcase classname="tests.test_audit.TestAuditLoggerEdgeCases" name="test_empty_params" time="0.001" /><testcase classname="tests.test_audit.TestAuditLoggerEdgeCases" name="test_empty_stderr" time="0.001" /><testcase classname="tests.test_audit.TestAuditLoggerEdgeCases" name="test_nested_sensitive_params" time="0.001" /><testcase classname="tests.test_audit.TestAuditLoggerEdgeCases" name="test_none_exit_code" time="0.001" /><testcase classname="tests.test_audit.TestAuditLoggerEdgeCases" name="test_none_params" time="0.001" /><testcase classname="tests.test_auto_tuner.TestWorkloadProfile" name="test_create_workload_profile" time="0.000" /><testcase classname="tests.test_auto_tuner.TestWorkloadProfile" name="test_default_description" time="0.000" /><testcase classname="tests.test_auto_tuner.TestWorkloadProfile" name="test_workload_profile_fields" time="0.000" /><testcase classname="tests.test_auto_tuner.TestTuningRecommendation" name="test_create_recommendation" time="0.000" /><testcase classname="tests.test_auto_tuner.TestTuningRecommendation" name="test_recommendation_fields" time="0.000" /><testcase classname="tests.test_auto_tuner.TestTuningRecommendation" name="test_recommendation_with_defaults" time="0.000" /><testcase classname="tests.test_auto_tuner.TestDetectWorkload" name="test_detect_compilation_workload" time="0.001" /><testcase classname="tests.test_auto_tuner.TestDetectWorkload" name="test_detect_gaming_workload" time="0.001" /><testcase classname="tests.test_auto_tuner.TestDetectWorkload" name="test_detect_heavy_workload" time="0.001" /><testcase classname="tests.test_auto_tuner.TestDetectWorkload" name="test_detect_idle_workload" time="0.001" /><testcase classname="tests.test_auto_tuner.TestDetectWorkload" name="test_detect_light_workload" time="0.001" /><testcase classname="tests.test_auto_tuner.TestDetectWorkload" name="test_detect_returns_workload_profile" time="0.001" /><testcase classname="tests.test_auto_tuner.TestDetectWorkload" name="test_detect_server_workload" time="0.001" /><testcase classname="tests.test_auto_tuner.TestDetectWorkload" name="test_detect_with_empty_stat" time="0.001" /><testcase classname="tests.test_auto_tuner.TestDetectWorkload" name="test_detect_with_missing_proc" time="0.001" /><testcase classname="tests.test_auto_tuner.TestGetCurrentSettings" name="test_all_files_missing" time="0.001" /><testcase classname="tests.test_auto_tuner.TestGetCurrentSettings" name="test_get_all_settings" time="0.003" /><testcase classname="tests.test_auto_tuner.TestGetCurrentSettings" name="test_governor_missing" time="0.001" /><testcase classname="tests.test_auto_tuner.TestGetCurrentSettings" name="test_scheduler_read" time="0.001" /><testcase classname="tests.test_auto_tuner.TestGetCurrentSettings" name="test_swappiness_read" time="0.002" /><testcase classname="tests.test_auto_tuner.TestRecommend" name="test_recommend_auto_detect" time="0.001" /><testcase classname="tests.test_auto_tuner.TestRecommend" name="test_recommend_for_compilation" time="0.000" /><testcase classname="tests.test_auto_tuner.TestRecommend" name="test_recommend_for_gaming" time="0.000" /><testcase classname="tests.test_auto_tuner.TestRecommend" name="test_recommend_for_idle" time="0.000" /><testcase classname="tests.test_auto_tuner.TestRecommend" name="test_recommend_returns_tuning_recommendation" time="0.000" /><testcase classname="tests.test_auto_tuner.TestRecommend" name="test_recommend_unknown_workload_falls_back_to_idle" time="0.000" /><testcase classname="tests.test_auto_tuner.TestApplyMethods" name="test_apply_io_scheduler" time="0.000" /><testcase classname="tests.test_auto_tuner.TestApplyMethods" name="test_apply_io_scheduler_no_device" time="0.000" /><testcase classname="tests.test_auto_tuner.TestApplyMethods" name="test_apply_recommendation_returns_tuple" time="0.000" /><testcase classname="tests.test_auto_tuner.TestApplyMethods" name="test_apply_recommendation_uses_pkexec" time="0.000" /><testcase classname="tests.test_auto_tuner.TestApplyMethods" name="test_apply_swappiness_clamps_value" time="0.001" /><testcase classname="tests.test_auto_tuner.TestApplyMethods" name="test_apply_swappiness_returns_tuple" time="0.000" /><testcase classname="tests.test_auto_tuner.TestApplyMethods" name="test_apply_thp" time="0.000" /><testcase classname="tests.test_auto_tuner.TestApplyMethods" name="test_apply_thp_invalid_mode_defaults_madvise" time="0.000" /><testcase classname="tests.test_auto_tuner.TestTuningHistory" name="test_get_empty_history" time="0.001" /><testcase classname="tests.test_auto_tuner.TestTuningHistory" name="test_get_history_with_entries" time="0.001" /><testcase classname="tests.test_auto_tuner.TestTuningHistory" name="test_history_corrupted_json" time="0.001" /><testcase classname="tests.test_auto_tuner.TestTuningHistory" name="test_history_max_50" time="0.017" /><testcase classname="tests.test_auto_tuner.TestTuningHistory" name="test_history_non_list_json" time="0.004" /><testcase classname="tests.test_auto_tuner.TestTuningHistory" name="test_save_entry" time="0.009" /><testcase classname="tests.test_auto_tuner.TestInternalHelpers" name="test_find_first_block_device" time="0.001" /><testcase classname="tests.test_auto_tuner.TestInternalHelpers" name="test_find_first_block_device_no_sysblock" time="0.000" /><testcase classname="tests.test_auto_tuner.TestInternalHelpers" name="test_find_first_block_device_only_virtual" time="0.001" /><testcase classname="tests.test_auto_tuner.TestInternalHelpers" name="test_find_first_block_device_oserror" time="0.001" /><testcase classname="tests.test_auto_tuner.TestInternalHelpers" name="test_get_current_settings_handles_open_oserrors" time="0.001" /><testcase classname="tests.test_auto_tuner.TestInternalHelpers" name="test_read_aggregate_cpu_times_bad_format" time="0.057" /><testcase classname="tests.test_auto_tuner.TestInternalHelpers" name="test_read_aggregate_cpu_times_oserror" time="0.000" /><testcase classname="tests.test_auto_tuner.TestInternalHelpers" name="test_read_aggregate_cpu_times_success" time="0.002" /><testcase classname="tests.test_auto_tuner.TestInternalHelpers" name="test_read_cpu_percent_exception_path" time="0.001" /><testcase classname="tests.test_auto_tuner.TestInternalHelpers" name="test_read_cpu_percent_idle" time="0.002" /><testcase classname="tests.test_auto_tuner.TestInternalHelpers" name="test_read_cpu_percent_no_data" time="0.001" /><testcase classname="tests.test_auto_tuner.TestInternalHelpers" name="test_read_cpu_percent_second_snapshot_missing" time="0.001" /><testcase classname="tests.test_auto_tuner.TestInternalHelpers" name="test_read_cpu_percent_total_delta_non_positive" time="0.001" /><testcase classname="tests.test_auto_tuner.TestInternalHelpers" name="test_read_io_scheduler_missing_path" time="0.001" /><testcase classname="tests.test_auto_tuner.TestInternalHelpers" name="test_read_io_scheduler_no_device" time="0.000" /><testcase classname="tests.test_auto_tuner.TestInternalHelpers" name="test_read_io_scheduler_oserror" time="0.001" /><testcase classname="tests.test_auto_tuner.TestInternalHelpers" name="test_read_io_scheduler_success" time="0.001" /><testcase classname="tests.test_auto_tuner.TestInternalHelpers" name="test_read_io_scheduler_without_brackets" time="0.001" /><testcase classname="tests.test_auto_tuner.TestInternalHelpers" name="test_read_io_wait_branch_paths" time="0.001" /><testcase classname="tests.test_auto_tuner.TestInternalHelpers" name="test_read_io_wait_exception_path" time="0.000" /><testcase classname="tests.test_auto_tuner.TestInternalHelpers" name="test_read_memory_percent_no_total" time="0.002" /><testcase classname="tests.test_auto_tuner.TestInternalHelpers" name="test_read_memory_percent_oserror" time="0.000" /><testcase classname="tests.test_auto_tuner.TestInternalHelpers" name="test_read_memory_percent_success" time="0.001" /><testcase classname="tests.test_auto_tuner.TestAutoTunerConcurrency" name="test_concurrent_save_and_read_consistency" time="0.004" /><testcase classname="tests.test_automation_profiles_deep.TestAutomationRule" name="test_defaults" time="0.000" /><testcase classname="tests.test_automation_profiles_deep.TestAutomationRule" name="test_to_dict_roundtrip" time="0.000" /><testcase classname="tests.test_automation_profiles_deep.TestEnums" name="test_action_values" time="0.000" /><testcase classname="tests.test_automation_profiles_deep.TestEnums" name="test_trigger_values" time="0.000" /><testcase classname="tests.test_automation_profiles_deep.TestConfigHelpers" name="test_is_enabled_false" time="0.000" /><testcase classname="tests.test_automation_profiles_deep.TestConfigHelpers" name="test_is_enabled_true" time="0.000" /><testcase classname="tests.test_automation_profiles_deep.TestConfigHelpers" name="test_load_config" time="0.002" /><testcase classname="tests.test_automation_profiles_deep.TestConfigHelpers" name="test_load_config_corrupt" time="0.002" /><testcase classname="tests.test_automation_profiles_deep.TestConfigHelpers" name="test_set_enabled" time="0.001" /><testcase classname="tests.test_automation_profiles_deep.TestRuleCRUD" name="test_add_rule_generates_id" time="0.001" /><testcase classname="tests.test_automation_profiles_deep.TestRuleCRUD" name="test_add_rule_success" time="0.001" /><testcase classname="tests.test_automation_profiles_deep.TestRuleCRUD" name="test_add_rule_validation_fail" time="0.000" /><testcase classname="tests.test_automation_profiles_deep.TestRuleCRUD" name="test_delete_rule_found" time="0.001" /><testcase classname="tests.test_automation_profiles_deep.TestRuleCRUD" name="test_delete_rule_not_found" time="0.000" /><testcase classname="tests.test_automation_profiles_deep.TestRuleCRUD" name="test_enable_rule" time="0.001" /><testcase classname="tests.test_automation_profiles_deep.TestRuleCRUD" name="test_get_rule_found" time="0.000" /><testcase classname="tests.test_automation_profiles_deep.TestRuleCRUD" name="test_get_rule_not_found" time="0.000" /><testcase classname="tests.test_automation_profiles_deep.TestRuleCRUD" name="test_list_rules" time="0.000" /><testcase classname="tests.test_automation_profiles_deep.TestRuleCRUD" name="test_update_rule_not_found" time="0.000" /><testcase classname="tests.test_automation_profiles_deep.TestRuleCRUD" name="test_update_rule_success" time="0.001" /><testcase classname="tests.test_automation_profiles_deep.TestRuleMatching" name="test_get_home_wifi_ssids" time="0.001" /><testcase classname="tests.test_automation_profiles_deep.TestRuleMatching" name="test_get_rules_for_trigger" time="0.000" /><testcase classname="tests.test_automation_profiles_deep.TestRuleMatching" name="test_set_home_wifi_ssids" time="0.001" /><testcase classname="tests.test_automation_profiles_deep.TestValidation" name="test_invalid_action" time="0.000" /><testcase classname="tests.test_automation_profiles_deep.TestValidation" name="test_invalid_trigger" time="0.000" /><testcase classname="tests.test_automation_profiles_deep.TestValidation" name="test_missing_command" time="0.000" /><testcase classname="tests.test_automation_profiles_deep.TestValidation" name="test_missing_governor" time="0.000" /><testcase classname="tests.test_automation_profiles_deep.TestValidation" name="test_power_profile_warning" time="0.000" /><testcase classname="tests.test_automation_profiles_deep.TestValidation" name="test_theme_warning" time="0.000" /><testcase classname="tests.test_automation_profiles_deep.TestValidation" name="test_tiling_no_script_warning" time="0.000" /><testcase classname="tests.test_automation_profiles_deep.TestValidation" name="test_valid_rule" time="0.000" /><testcase classname="tests.test_automation_profiles_deep.TestValidation" name="test_vpn_no_name_warning" time="0.000" /><testcase classname="tests.test_automation_profiles_deep.TestDryRun" name="test_disable_focus_mode" time="0.000" /><testcase classname="tests.test_automation_profiles_deep.TestDryRun" name="test_disable_tiling" time="0.000" /><testcase classname="tests.test_automation_profiles_deep.TestDryRun" name="test_disable_vpn" time="0.000" /><testcase classname="tests.test_automation_profiles_deep.TestDryRun" name="test_enable_focus_mode" time="0.000" /><testcase classname="tests.test_automation_profiles_deep.TestDryRun" name="test_enable_tiling" time="0.000" /><testcase classname="tests.test_automation_profiles_deep.TestDryRun" name="test_enable_vpn" time="0.000" /><testcase classname="tests.test_automation_profiles_deep.TestDryRun" name="test_run_command" time="0.000" /><testcase classname="tests.test_automation_profiles_deep.TestDryRun" name="test_set_cpu_governor" time="0.000" /><testcase classname="tests.test_automation_profiles_deep.TestDryRun" name="test_set_power_profile" time="0.000" /><testcase classname="tests.test_automation_profiles_deep.TestDryRun" name="test_set_theme" time="0.000" /><testcase classname="tests.test_automation_profiles_deep.TestDryRun" name="test_simulate_rules" time="0.000" /><testcase classname="tests.test_automation_profiles_deep.TestDryRun" name="test_unknown_action" time="0.000" /><testcase classname="tests.test_automation_profiles_deep.TestActionExecution" name="test_disable_focus_mode" time="0.001" /><testcase classname="tests.test_automation_profiles_deep.TestActionExecution" name="test_disable_vpn_none_active" time="0.001" /><testcase classname="tests.test_automation_profiles_deep.TestActionExecution" name="test_disable_vpn_with_active" time="0.001" /><testcase classname="tests.test_automation_profiles_deep.TestActionExecution" name="test_enable_focus_mode" time="0.001" /><testcase classname="tests.test_automation_profiles_deep.TestActionExecution" name="test_enable_vpn_auto_discover" time="0.001" /><testcase classname="tests.test_automation_profiles_deep.TestActionExecution" name="test_enable_vpn_no_vpn_found" time="0.000" /><testcase classname="tests.test_automation_profiles_deep.TestActionExecution" name="test_enable_vpn_with_name" time="0.000" /><testcase classname="tests.test_automation_profiles_deep.TestActionExecution" name="test_focus_mode_import_error" time="0.001" /><testcase classname="tests.test_automation_profiles_deep.TestActionExecution" name="test_run_command_fail" time="0.001" /><testcase classname="tests.test_automation_profiles_deep.TestActionExecution" name="test_run_command_no_command" time="0.000" /><testcase classname="tests.test_automation_profiles_deep.TestActionExecution" name="test_run_command_success" time="0.001" /><testcase classname="tests.test_automation_profiles_deep.TestActionExecution" name="test_run_command_timeout" time="0.001" /><testcase classname="tests.test_automation_profiles_deep.TestActionExecution" name="test_set_cpu_governor_via_hardware_manager" time="0.001" /><testcase classname="tests.test_automation_profiles_deep.TestActionExecution" name="test_set_power_profile_fail" time="0.001" /><testcase classname="tests.test_automation_profiles_deep.TestActionExecution" name="test_set_power_profile_not_installed" time="0.000" /><testcase classname="tests.test_automation_profiles_deep.TestActionExecution" name="test_set_power_profile_success" time="0.000" /><testcase classname="tests.test_automation_profiles_deep.TestActionExecution" name="test_set_theme_both_fail" time="0.001" /><testcase classname="tests.test_automation_profiles_deep.TestActionExecution" name="test_set_theme_dark_kde" time="0.001" /><testcase classname="tests.test_automation_profiles_deep.TestActionExecution" name="test_set_theme_kde_fails_gnome_succeeds" time="0.001" /><testcase classname="tests.test_automation_profiles_deep.TestActionExecution" name="test_set_theme_light_kde" time="0.000" /><testcase classname="tests.test_automation_profiles_deep.TestActionExecution" name="test_unknown_action" time="0.000" /><testcase classname="tests.test_automation_profiles_deep.TestExecuteRulesForTrigger" name="test_disabled" time="0.000" /><testcase classname="tests.test_automation_profiles_deep.TestExecuteRulesForTrigger" name="test_executes_matching_rules" time="0.001" /><testcase classname="tests.test_automation_profiles_deep.TestTilingActions" name="test_disable_tiling_fallback" time="0.001" /><testcase classname="tests.test_automation_profiles_deep.TestTilingActions" name="test_enable_tiling_fallback" time="0.001" /><testcase classname="tests.test_automation_profiles_deep.TestCPUGovernorFallback" name="test_fallback_failure" time="0.001" /><testcase classname="tests.test_automation_profiles_deep.TestCPUGovernorFallback" name="test_fallback_success" time="0.001" /><testcase classname="tests.test_automation_profiles_deep.TestQuickPresets" name="test_battery_saver_preset" time="0.000" /><testcase classname="tests.test_automation_profiles_deep.TestQuickPresets" name="test_tiling_preset" time="0.000" /><testcase classname="tests.test_automation_profiles_extended.TestAutomationProfilesExtended" name="test_action_disable_vpn_disconnects_active" time="0.001" /><testcase classname="tests.test_automation_profiles_extended.TestAutomationProfilesExtended" name="test_action_enable_vpn_named_success" time="0.001" /><testcase classname="tests.test_automation_profiles_extended.TestAutomationProfilesExtended" name="test_action_enable_vpn_no_vpn_found" time="0.001" /><testcase classname="tests.test_automation_profiles_extended.TestAutomationProfilesExtended" name="test_action_run_command_timeout" time="0.001" /><testcase classname="tests.test_automation_profiles_extended.TestAutomationProfilesExtended" name="test_action_run_command_without_command" time="0.000" /><testcase classname="tests.test_automation_profiles_extended.TestAutomationProfilesExtended" name="test_action_set_theme_fallback_to_gnome" time="0.001" /><testcase classname="tests.test_automation_profiles_extended.TestAutomationProfilesExtended" name="test_delete_rule_not_found" time="0.001" /><testcase classname="tests.test_automation_profiles_extended.TestAutomationProfilesExtended" name="test_execute_action_unknown" time="0.000" /><testcase classname="tests.test_automation_profiles_extended.TestAutomationProfilesExtended" name="test_execute_rules_for_trigger_runs_matching_rules" time="0.001" /><testcase classname="tests.test_automation_profiles_extended.TestAutomationProfilesExtended" name="test_load_config_invalid_json_returns_default" time="0.000" /><testcase classname="tests.test_automation_profiles_extended.TestAutomationProfilesExtended" name="test_set_power_profile_error_from_command" time="0.001" /><testcase classname="tests.test_automation_profiles_extended.TestAutomationProfilesExtended" name="test_set_power_profile_file_not_found" time="0.001" /><testcase classname="tests.test_automation_profiles_extended.TestAutomationProfilesExtended" name="test_update_rule_not_found" time="0.000" /><testcase classname="tests.test_automation_profiles_extended.TestAutomationProfilesExtended" name="test_update_rule_validation_failure" time="0.001" /><testcase classname="tests.test_automation_validation" name="test_validate_rule_invalid_trigger" time="0.000" /><testcase classname="tests.test_automation_validation" name="test_validate_rule_missing_command" time="0.000" /><testcase classname="tests.test_automation_validation" name="test_simulate_rules_returns_results" time="0.001" /><testcase classname="tests.test_backup_tab.TestBackupTabInit" name="test_back_button_exists" time="0.002" /><testcase classname="tests.test_backup_tab.TestBackupTabInit" name="test_back_button_initially_disabled" time="0.000" /><testcase classname="tests.test_backup_tab.TestBackupTabInit" name="test_create_button_exists" time="0.000" /><testcase classname="tests.test_backup_tab.TestBackupTabInit" name="test_delete_button_exists" time="0.000" /><testcase classname="tests.test_backup_tab.TestBackupTabInit" name="test_desc_input_default_text" time="0.000" /><testcase classname="tests.test_backup_tab.TestBackupTabInit" name="test_desc_input_exists" time="0.000" /><testcase classname="tests.test_backup_tab.TestBackupTabInit" name="test_detect_button_exists" time="0.000" /><testcase classname="tests.test_backup_tab.TestBackupTabInit" name="test_instance_creation" time="0.000" /><testcase classname="tests.test_backup_tab.TestBackupTabInit" name="test_loaded_flag_starts_false" time="0.000" /><testcase classname="tests.test_backup_tab.TestBackupTabInit" name="test_next_button_exists" time="0.000" /><testcase classname="tests.test_backup_tab.TestBackupTabInit" name="test_next_button_initially_enabled_with_tool" time="0.000" /><testcase classname="tests.test_backup_tab.TestBackupTabInit" name="test_restore_button_exists" time="0.000" /><testcase classname="tests.test_backup_tab.TestBackupTabInit" name="test_snap_table_exists" time="0.000" /><testcase classname="tests.test_backup_tab.TestBackupTabInit" name="test_stack_has_three_pages" time="0.001" /><testcase classname="tests.test_backup_tab.TestBackupTabInit" name="test_stack_widget_exists" time="0.001" /><testcase classname="tests.test_backup_tab.TestBackupTabInit" name="test_tool_info_label_exists" time="0.000" /><testcase classname="tests.test_backup_tab.TestBackupTabInit" name="test_tool_status_label_exists" time="0.000" /><testcase classname="tests.test_backup_tab.TestBackupTabMetadata" name="test_create_widget_returns_self" time="0.001" /><testcase classname="tests.test_backup_tab.TestBackupTabMetadata" name="test_metadata_category" time="0.001" /><testcase classname="tests.test_backup_tab.TestBackupTabMetadata" name="test_metadata_icon" time="0.001" /><testcase classname="tests.test_backup_tab.TestBackupTabMetadata" name="test_metadata_id" time="0.000" /><testcase classname="tests.test_backup_tab.TestBackupTabMetadata" name="test_metadata_name" time="0.000" /><testcase classname="tests.test_backup_tab.TestBackupTabMetadata" name="test_metadata_returns_plugin_metadata" time="0.001" /><testcase classname="tests.test_backup_tab.TestDetectTools" name="test_detect_appends_output" time="0.001" /><testcase classname="tests.test_backup_tab.TestDetectTools" name="test_detect_appends_tool_name_to_output" time="0.000" /><testcase classname="tests.test_backup_tab.TestDetectTools" name="test_detect_both_tools" time="0.000" /><testcase classname="tests.test_backup_tab.TestDetectTools" name="test_detect_checkmark_in_success_status" time="0.000" /><testcase classname="tests.test_backup_tab.TestDetectTools" name="test_detect_exception_includes_error_message" time="0.001" /><testcase classname="tests.test_backup_tab.TestDetectTools" name="test_detect_exception_sets_error_status" time="0.001" /><testcase classname="tests.test_backup_tab.TestDetectTools" name="test_detect_no_tool" time="0.000" /><testcase classname="tests.test_backup_tab.TestDetectTools" name="test_detect_no_tool_disables_next" time="0.000" /><testcase classname="tests.test_backup_tab.TestDetectTools" name="test_detect_no_tool_does_not_set_detected" time="0.000" /><testcase classname="tests.test_backup_tab.TestDetectTools" name="test_detect_sets_detected_tool_attr" time="0.001" /><testcase classname="tests.test_backup_tab.TestDetectTools" name="test_detect_snapper" time="0.000" /><testcase classname="tests.test_backup_tab.TestDetectTools" name="test_detect_timeshift" time="0.000" /><testcase classname="tests.test_backup_tab.TestDetectTools" name="test_detect_tool_enables_next" time="0.000" /><testcase classname="tests.test_backup_tab.TestDetectTools" name="test_detect_warning_in_no_tool_status" time="0.000" /><testcase classname="tests.test_backup_tab.TestSetupConfigurePage" name="test_shows_detected_tool" time="0.000" /><testcase classname="tests.test_backup_tab.TestSetupConfigurePage" name="test_shows_none_when_no_tool" time="0.000" /><testcase classname="tests.test_backup_tab.TestSetupConfigurePage" name="test_shows_snapper_tool" time="0.000" /><testcase classname="tests.test_backup_tab.TestCreateSnapshot" name="test_calls_backup_wizard_create" time="0.001" /><testcase classname="tests.test_backup_tab.TestCreateSnapshot" name="test_exception_appends_error" time="0.001" /><testcase classname="tests.test_backup_tab.TestCreateSnapshot" name="test_preserves_custom_description" time="0.001" /><testcase classname="tests.test_backup_tab.TestCreateSnapshot" name="test_runs_command_with_returned_tuple" time="0.001" /><testcase classname="tests.test_backup_tab.TestCreateSnapshot" name="test_uses_default_description_when_empty" time="0.001" /><testcase classname="tests.test_backup_tab.TestCreateSnapshot" name="test_uses_none_tool_when_not_detected" time="0.001" /><testcase classname="tests.test_backup_tab.TestLoadSnapshots" name="test_appends_count_to_output" time="0.001" /><testcase classname="tests.test_backup_tab.TestLoadSnapshots" name="test_appends_zero_count_for_empty" time="0.000" /><testcase classname="tests.test_backup_tab.TestLoadSnapshots" name="test_empty_snapshots_sets_empty_state" time="0.000" /><testcase classname="tests.test_backup_tab.TestLoadSnapshots" name="test_exception_appends_error" time="0.000" /><testcase classname="tests.test_backup_tab.TestLoadSnapshots" name="test_multiple_rows_correct_count" time="0.000" /><testcase classname="tests.test_backup_tab.TestLoadSnapshots" name="test_passes_detected_tool" time="0.000" /><testcase classname="tests.test_backup_tab.TestLoadSnapshots" name="test_passes_none_when_no_tool" time="0.000" /><testcase classname="tests.test_backup_tab.TestLoadSnapshots" name="test_populates_table_with_snapshots" time="0.000" /><testcase classname="tests.test_backup_tab.TestLoadSnapshots" name="test_sets_date_in_column_1" time="0.000" /><testcase classname="tests.test_backup_tab.TestLoadSnapshots" name="test_sets_description_in_column_2" time="0.000" /><testcase classname="tests.test_backup_tab.TestLoadSnapshots" name="test_sets_snapshot_id_in_column_0" time="0.000" /><testcase classname="tests.test_backup_tab.TestLoadSnapshots" name="test_sets_tool_in_column_3" time="0.001" /><testcase classname="tests.test_backup_tab.TestRestoreSelected" name="test_no_selection_prompts_message" time="0.001" /><testcase classname="tests.test_backup_tab.TestRestoreSelected" name="test_no_snap_id_item_returns" time="0.001" /><testcase classname="tests.test_backup_tab.TestRestoreSelected" name="test_restore_exception_appends_error" time="0.001" /><testcase classname="tests.test_backup_tab.TestRestoreSelected" name="test_restores_with_correct_id" time="0.001" /><testcase classname="tests.test_backup_tab.TestRestoreSelected" name="test_restores_with_none_tool_when_missing" time="0.001" /><testcase classname="tests.test_backup_tab.TestRestoreSelected" name="test_restores_with_tool_from_table" time="0.001" /><testcase classname="tests.test_backup_tab.TestRestoreSelected" name="test_runs_command_after_restore" time="0.001" /><testcase classname="tests.test_backup_tab.TestDeleteSelected" name="test_delete_exception_appends_error" time="0.001" /><testcase classname="tests.test_backup_tab.TestDeleteSelected" name="test_deletes_with_correct_id" time="0.001" /><testcase classname="tests.test_backup_tab.TestDeleteSelected" name="test_deletes_with_none_tool_when_missing" time="0.001" /><testcase classname="tests.test_backup_tab.TestDeleteSelected" name="test_deletes_with_snapper_tool" time="0.001" /><testcase classname="tests.test_backup_tab.TestDeleteSelected" name="test_no_selection_prompts_message" time="0.001" /><testcase classname="tests.test_backup_tab.TestDeleteSelected" name="test_no_snap_id_item_returns" time="0.001" /><testcase classname="tests.test_backup_tab.TestDeleteSelected" name="test_runs_command_after_delete" time="0.001" /><testcase classname="tests.test_backup_tab.TestWizardNavigation" name="test_back_from_page_2_to_page_1" time="0.001" /><testcase classname="tests.test_backup_tab.TestWizardNavigation" name="test_go_back_at_page_0_stays" time="0.001" /><testcase classname="tests.test_backup_tab.TestWizardNavigation" name="test_go_back_disables_back_on_page_0" time="0.001" /><testcase classname="tests.test_backup_tab.TestWizardNavigation" name="test_go_back_from_page_1" time="0.001" /><testcase classname="tests.test_backup_tab.TestWizardNavigation" name="test_go_next_advances_to_page_1" time="0.001" /><testcase classname="tests.test_backup_tab.TestWizardNavigation" name="test_go_next_at_last_page_stays" time="0.001" /><testcase classname="tests.test_backup_tab.TestWizardNavigation" name="test_go_next_enables_back" time="0.001" /><testcase classname="tests.test_backup_tab.TestWizardNavigation" name="test_go_next_from_0_calls_setup_configure" time="0.001" /><testcase classname="tests.test_backup_tab.TestWizardNavigation" name="test_go_next_to_page_2" time="0.001" /><testcase classname="tests.test_backup_tab.TestWizardNavigation" name="test_go_next_to_page_2_calls_load_snapshots" time="0.001" /><testcase classname="tests.test_backup_tab.TestWizardNavigation" name="test_initial_page_is_zero" time="0.001" /><testcase classname="tests.test_backup_tab.TestWizardNavigation" name="test_next_text_changes_to_finish_on_last_page" time="0.001" /><testcase classname="tests.test_backup_tab.TestWizardNavigation" name="test_next_text_reverts_on_go_back" time="0.001" /><testcase classname="tests.test_backup_tab.TestWizardNavigation" name="test_round_trip_navigation" time="0.001" /><testcase classname="tests.test_backup_tab.TestShowEvent" name="test_first_show_calls_detect" time="0.001" /><testcase classname="tests.test_backup_tab.TestShowEvent" name="test_first_show_sets_loaded" time="0.001" /><testcase classname="tests.test_backup_tab.TestShowEvent" name="test_second_show_does_not_detect" time="0.000" /><testcase classname="tests.test_backup_tab.TestShowEvent" name="test_show_with_no_tool" time="0.000" /><testcase classname="tests.test_backup_tab.TestContentMargins" name="test_content_margins_all_int" time="0.000" /><testcase classname="tests.test_backup_tab.TestContentMargins" name="test_content_margins_has_four_elements" time="0.000" /><testcase classname="tests.test_backup_tab.TestContentMargins" name="test_content_margins_is_tuple" time="0.000" /><testcase classname="tests.test_backup_tab.TestSignalConnections" name="test_back_button_connected" time="0.000" /><testcase classname="tests.test_backup_tab.TestSignalConnections" name="test_create_button_connected" time="0.000" /><testcase classname="tests.test_backup_tab.TestSignalConnections" name="test_create_button_fires_create_snapshot" time="0.000" /><testcase classname="tests.test_backup_tab.TestSignalConnections" name="test_delete_button_connected" time="0.000" /><testcase classname="tests.test_backup_tab.TestSignalConnections" name="test_detect_button_connected" time="0.000" /><testcase classname="tests.test_backup_tab.TestSignalConnections" name="test_detect_button_fires_detect_tools" time="0.000" /><testcase classname="tests.test_backup_tab.TestSignalConnections" name="test_next_button_connected" time="0.000" /><testcase classname="tests.test_backup_tab.TestSignalConnections" name="test_restore_button_connected" time="0.000" /><testcase classname="tests.test_backup_tab.TestEdgeCases" name="test_create_snapshot_with_empty_string_desc" time="0.000" /><testcase classname="tests.test_backup_tab.TestEdgeCases" name="test_delete_negative_row" time="0.000" /><testcase classname="tests.test_backup_tab.TestEdgeCases" name="test_delete_row_0_with_items" time="0.000" /><testcase classname="tests.test_backup_tab.TestEdgeCases" name="test_load_snapshots_with_many_entries" time="0.001" /><testcase classname="tests.test_backup_tab.TestEdgeCases" name="test_multiple_detect_calls" time="0.000" /><testcase classname="tests.test_backup_tab.TestEdgeCases" name="test_restore_negative_row" time="0.000" /><testcase classname="tests.test_backup_tab.TestEdgeCases" name="test_restore_row_0_with_items" time="0.000" /><testcase classname="tests.test_backup_wizard.TestToolDetection" name="test_both_prefers_timeshift" time="0.001" /><testcase classname="tests.test_backup_wizard.TestToolDetection" name="test_detect_none" time="0.000" /><testcase classname="tests.test_backup_wizard.TestToolDetection" name="test_detect_snapper" time="0.000" /><testcase classname="tests.test_backup_wizard.TestToolDetection" name="test_detect_timeshift" time="0.001" /><testcase classname="tests.test_backup_wizard.TestToolDetection" name="test_get_available_tools" time="0.001" /><testcase classname="tests.test_backup_wizard.TestToolDetection" name="test_is_available_false" time="0.001" /><testcase classname="tests.test_backup_wizard.TestToolDetection" name="test_is_available_true" time="0.000" /><testcase classname="tests.test_backup_wizard.TestCreateSnapshot" name="test_create_auto_detect" time="0.001" /><testcase classname="tests.test_backup_wizard.TestCreateSnapshot" name="test_create_no_tool" time="0.000" /><testcase classname="tests.test_backup_wizard.TestCreateSnapshot" name="test_create_sanitizes_description" time="0.000" /><testcase classname="tests.test_backup_wizard.TestCreateSnapshot" name="test_create_snapper" time="0.000" /><testcase classname="tests.test_backup_wizard.TestCreateSnapshot" name="test_create_timeshift" time="0.000" /><testcase classname="tests.test_backup_wizard.TestListSnapshots" name="test_list_no_tool" time="0.001" /><testcase classname="tests.test_backup_wizard.TestListSnapshots" name="test_list_snapper" time="0.001" /><testcase classname="tests.test_backup_wizard.TestListSnapshots" name="test_list_snapper_failure" time="0.001" /><testcase classname="tests.test_backup_wizard.TestListSnapshots" name="test_list_timeshift" time="0.001" /><testcase classname="tests.test_backup_wizard.TestListSnapshots" name="test_list_timeshift_timeout" time="0.001" /><testcase classname="tests.test_backup_wizard.TestRestoreSnapshot" name="test_restore_no_tool" time="0.001" /><testcase classname="tests.test_backup_wizard.TestRestoreSnapshot" name="test_restore_snapper" time="0.000" /><testcase classname="tests.test_backup_wizard.TestRestoreSnapshot" name="test_restore_timeshift" time="0.000" /><testcase classname="tests.test_backup_wizard.TestDeleteSnapshot" name="test_delete_snapper" time="0.000" /><testcase classname="tests.test_backup_wizard.TestDeleteSnapshot" name="test_delete_timeshift" time="0.000" /><testcase classname="tests.test_backup_wizard.TestBackupStatus" name="test_status_no_tool" time="0.001" /><testcase classname="tests.test_backup_wizard.TestBackupStatus" name="test_status_with_snapshots" time="0.001" /><testcase classname="tests.test_base_worker.TestBaseWorker" name="test_cancellation" time="0.062" /><testcase classname="tests.test_base_worker.TestBaseWorker" name="test_cancellation_before_start" time="0.001" /><testcase classname="tests.test_base_worker.TestBaseWorker" name="test_error_handling" time="0.002" /><testcase classname="tests.test_base_worker.TestBaseWorker" name="test_exception_in_do_work" time="0.002" /><testcase classname="tests.test_base_worker.TestBaseWorker" name="test_multiple_workers_isolation" time="0.062" /><testcase classname="tests.test_base_worker.TestBaseWorker" name="test_progress_reporting" time="0.102" /><testcase classname="tests.test_base_worker.TestBaseWorker" name="test_result_retrieval" time="0.051" /><testcase classname="tests.test_base_worker.TestBaseWorker" name="test_signal_protocol_compliance" time="0.000" /><testcase classname="tests.test_base_worker.TestBaseWorker" name="test_simple_success" time="0.051" /><testcase classname="tests.test_base_worker.TestExampleWorkers" name="test_example_download_worker" time="0.104" /><testcase classname="tests.test_base_worker.TestExampleWorkers" name="test_example_download_worker_cancellation" time="0.103" /><testcase classname="tests.test_base_worker.TestExampleWorkers" name="test_example_processing_worker" time="0.154" /><testcase classname="tests.test_base_worker.TestExampleWorkers" name="test_example_processing_worker_empty_data_error" time="0.001" /><testcase classname="tests.test_base_worker_simple.TestBaseWorkerCore" name="test_cancellation_before_start" time="0.000" /><testcase classname="tests.test_base_worker_simple.TestBaseWorkerCore" name="test_cancellation_flag" time="0.000" /><testcase classname="tests.test_base_worker_simple.TestBaseWorkerCore" name="test_cancellation_stops_work" time="0.061" /><testcase classname="tests.test_base_worker_simple.TestBaseWorkerCore" name="test_error_handling_doesnt_crash" time="0.001" /><testcase classname="tests.test_base_worker_simple.TestBaseWorkerCore" name="test_get_result" time="0.051" /><testcase classname="tests.test_base_worker_simple.TestBaseWorkerCore" name="test_multiple_workers" time="0.051" /><testcase classname="tests.test_base_worker_simple.TestBaseWorkerCore" name="test_report_progress_doesnt_crash" time="0.000" /><testcase classname="tests.test_base_worker_simple.TestBaseWorkerCore" name="test_result_none_before_completion" time="0.000" /><testcase classname="tests.test_base_worker_simple.TestBaseWorkerCore" name="test_signal_protocol_exists" time="0.000" /><testcase classname="tests.test_base_worker_simple.TestBaseWorkerCore" name="test_worker_completes" time="0.051" /><testcase classname="tests.test_batch_ops.TestBatchOpsManager" name="test_batch_install_atomic" time="0.001" /><testcase classname="tests.test_batch_ops.TestBatchOpsManager" name="test_batch_install_empty_raises" time="0.000" /><testcase classname="tests.test_batch_ops.TestBatchOpsManager" name="test_batch_install_many_packages_desc" time="0.001" /><testcase classname="tests.test_batch_ops.TestBatchOpsManager" name="test_batch_install_traditional" time="0.001" /><testcase classname="tests.test_batch_ops.TestBatchOpsManager" name="test_batch_remove_atomic" time="0.000" /><testcase classname="tests.test_batch_ops.TestBatchOpsManager" name="test_batch_remove_empty_raises" time="0.000" /><testcase classname="tests.test_batch_ops.TestBatchOpsManager" name="test_batch_remove_traditional" time="0.001" /><testcase classname="tests.test_batch_ops.TestBatchOpsManager" name="test_batch_update_atomic" time="0.001" /><testcase classname="tests.test_batch_ops.TestBatchOpsManager" name="test_batch_update_traditional" time="0.001" /><testcase classname="tests.test_batch_ops.TestBatchOpsManager" name="test_validate_packages_empty_list" time="0.000" /><testcase classname="tests.test_batch_ops.TestBatchOpsManager" name="test_validate_packages_normal" time="0.000" /><testcase classname="tests.test_batch_ops.TestBatchOpsManager" name="test_validate_packages_strips_whitespace" time="0.000" /><testcase classname="tests.test_batch_ops.TestBatchOpsManager" name="test_validate_packages_with_empty" time="0.000" /><testcase classname="tests.test_battery_shim.TestBatteryShim" name="test_exports_battery_manager" time="0.001" /><testcase classname="tests.test_battery_shim.TestBatteryShim" name="test_import_emits_deprecation_warning" time="0.001" /><testcase classname="tests.test_bluetooth.TestBluetoothAdapterStatus" name="test_adapter_not_found" time="0.001" /><testcase classname="tests.test_bluetooth.TestBluetoothAdapterStatus" name="test_adapter_oserror" time="0.001" /><testcase classname="tests.test_bluetooth.TestBluetoothAdapterStatus" name="test_adapter_powered_off" time="0.001" /><testcase classname="tests.test_bluetooth.TestBluetoothAdapterStatus" name="test_adapter_powered_on" time="0.001" /><testcase classname="tests.test_bluetooth.TestBluetoothAdapterStatus" name="test_adapter_timeout" time="0.001" /><testcase classname="tests.test_bluetooth.TestBluetoothListDevices" name="test_list_empty" time="0.001" /><testcase classname="tests.test_bluetooth.TestBluetoothListDevices" name="test_list_failure" time="0.001" /><testcase classname="tests.test_bluetooth.TestBluetoothListDevices" name="test_list_paired_devices" time="0.001" /><testcase classname="tests.test_bluetooth.TestBluetoothDeviceClassification" name="test_audio_headphone" time="0.000" /><testcase classname="tests.test_bluetooth.TestBluetoothDeviceClassification" name="test_audio_headset" time="0.000" /><testcase classname="tests.test_bluetooth.TestBluetoothDeviceClassification" name="test_computer" time="0.000" /><testcase classname="tests.test_bluetooth.TestBluetoothDeviceClassification" name="test_input_keyboard" time="0.000" /><testcase classname="tests.test_bluetooth.TestBluetoothDeviceClassification" name="test_input_mouse" time="0.000" /><testcase classname="tests.test_bluetooth.TestBluetoothDeviceClassification" name="test_phone" time="0.000" /><testcase classname="tests.test_bluetooth.TestBluetoothDeviceClassification" name="test_unknown" time="0.000" /><testcase classname="tests.test_bluetooth.TestBluetoothActions" name="test_action_oserror" time="0.001" /><testcase classname="tests.test_bluetooth.TestBluetoothActions" name="test_action_timeout" time="0.001" /><testcase classname="tests.test_bluetooth.TestBluetoothActions" name="test_block_success" time="0.001" /><testcase classname="tests.test_bluetooth.TestBluetoothActions" name="test_connect_success" time="0.000" /><testcase classname="tests.test_bluetooth.TestBluetoothActions" name="test_disconnect_success" time="0.001" /><testcase classname="tests.test_bluetooth.TestBluetoothActions" name="test_pair_failure" time="0.000" /><testcase classname="tests.test_bluetooth.TestBluetoothActions" name="test_pair_success" time="0.001" /><testcase classname="tests.test_bluetooth.TestBluetoothActions" name="test_trust_success" time="0.001" /><testcase classname="tests.test_bluetooth.TestBluetoothActions" name="test_unblock_success" time="0.001" /><testcase classname="tests.test_bluetooth.TestBluetoothPower" name="test_power_off" time="0.001" /><testcase classname="tests.test_bluetooth.TestBluetoothPower" name="test_power_on" time="0.001" /><testcase classname="tests.test_bluetooth.TestBluetoothScan" name="test_scan_returns_devices" time="0.001" /><testcase classname="tests.test_bluetooth.TestBluetoothDataclasses" name="test_device_to_dict" time="0.000" /><testcase classname="tests.test_bluetooth.TestBluetoothDataclasses" name="test_result_fields" time="0.000" /><testcase classname="tests.test_bluetooth.TestBluetoothDataclasses" name="test_status_defaults" time="0.000" /><testcase classname="tests.test_boot_analyzer_extended.TestServiceTimeDataclass" name="test_service_time_creation" time="0.000" /><testcase classname="tests.test_boot_analyzer_extended.TestServiceTimeDataclass" name="test_service_time_defaults" time="0.000" /><testcase classname="tests.test_boot_analyzer_extended.TestBootStatsDataclass" name="test_boot_stats_creation" time="0.000" /><testcase classname="tests.test_boot_analyzer_extended.TestBootStatsDataclass" name="test_boot_stats_defaults" time="0.000" /><testcase classname="tests.test_boot_analyzer_extended.TestBootAnalyzerConstants" name="test_slow_threshold_is_reasonable" time="0.000" /><testcase classname="tests.test_boot_analyzer_extended.TestGetBootStats" name="test_get_boot_stats_handles_exception" time="0.001" /><testcase classname="tests.test_boot_analyzer_extended.TestGetBootStats" name="test_get_boot_stats_handles_kernel_and_userspace_only" time="0.001" /><testcase classname="tests.test_boot_analyzer_extended.TestGetBootStats" name="test_get_boot_stats_handles_nonzero_exit" time="0.001" /><testcase classname="tests.test_boot_analyzer_extended.TestGetBootStats" name="test_get_boot_stats_parses_full_output" time="0.000" /><testcase classname="tests.test_boot_analyzer_extended.TestGetBlameData" name="test_get_blame_data_handles_empty_output" time="0.001" /><testcase classname="tests.test_boot_analyzer_extended.TestGetBlameData" name="test_get_blame_data_handles_exception" time="0.001" /><testcase classname="tests.test_boot_analyzer_extended.TestGetBlameData" name="test_get_blame_data_handles_nonzero_exit" time="0.001" /><testcase classname="tests.test_boot_analyzer_extended.TestGetBlameData" name="test_get_blame_data_parses_milliseconds" time="0.001" /><testcase classname="tests.test_boot_analyzer_extended.TestGetBlameData" name="test_get_blame_data_parses_minutes" time="0.001" /><testcase classname="tests.test_boot_analyzer_extended.TestGetBlameData" name="test_get_blame_data_parses_seconds" time="0.001" /><testcase classname="tests.test_boot_analyzer_extended.TestGetBlameData" name="test_get_blame_data_respects_limit" time="0.001" /><testcase classname="tests.test_boot_analyzer_extended.TestGetSlowServices" name="test_get_slow_services_custom_threshold" time="0.001" /><testcase classname="tests.test_boot_analyzer_extended.TestGetSlowServices" name="test_get_slow_services_filters_by_threshold" time="0.000" /><testcase classname="tests.test_boot_analyzer_extended.TestGetSlowServices" name="test_get_slow_services_no_slow_services" time="0.000" /><testcase classname="tests.test_boot_analyzer_extended.TestGetCriticalChain" name="test_get_critical_chain_handles_error" time="0.001" /><testcase classname="tests.test_boot_analyzer_extended.TestGetCriticalChain" name="test_get_critical_chain_handles_exception" time="0.000" /><testcase classname="tests.test_boot_analyzer_extended.TestGetCriticalChain" name="test_get_critical_chain_returns_output" time="0.001" /><testcase classname="tests.test_boot_analyzer_extended.TestGetOptimizationSuggestions" name="test_suggestions_for_problematic_services" time="0.001" /><testcase classname="tests.test_boot_analyzer_extended.TestGetOptimizationSuggestions" name="test_suggestions_for_slow_boot" time="0.001" /><testcase classname="tests.test_boot_analyzer_extended.TestGetOptimizationSuggestions" name="test_suggestions_for_slow_services" time="0.001" /><testcase classname="tests.test_boot_analyzer_extended.TestGetOptimizationSuggestions" name="test_suggestions_good_performance" time="0.001" /><testcase classname="tests.test_boot_analyzer_extended.TestGetOptimizationSuggestions" name="test_suggestions_limit_slow_services" time="0.001" /><testcase classname="tests.test_boot_analyzer_extended.TestGetOptimizationSuggestions" name="test_suggestions_unavailable" time="0.001" /><testcase classname="tests.test_boot_analyzer_extended.TestServiceTimeSlowFlag" name="test_is_slow_false_for_services_below_threshold" time="0.001" /><testcase classname="tests.test_boot_analyzer_extended.TestServiceTimeSlowFlag" name="test_is_slow_true_for_services_above_threshold" time="0.001" /><testcase classname="tests.test_boot_config.TestGetGrubConfig" name="test_grub_config_not_found" time="0.001" /><testcase classname="tests.test_boot_config.TestGetGrubConfig" name="test_grub_config_read_error" time="0.001" /><testcase classname="tests.test_boot_config.TestGetGrubConfig" name="test_invalid_timeout_value" time="0.001" /><testcase classname="tests.test_boot_config.TestGetGrubConfig" name="test_parse_grub_config" time="0.001" /><testcase classname="tests.test_boot_config.TestListKernels" name="test_list_kernels_no_grubby" time="0.001" /><testcase classname="tests.test_boot_config.TestListKernels" name="test_list_kernels_success" time="0.001" /><testcase classname="tests.test_boot_config.TestListKernels" name="test_list_kernels_timeout" time="0.001" /><testcase classname="tests.test_boot_config.TestListThemes" name="test_list_themes" time="0.001" /><testcase classname="tests.test_boot_config.TestListThemes" name="test_no_theme_dir" time="0.000" /><testcase classname="tests.test_boot_config.TestSetCommands" name="test_set_default_kernel_no_grubby" time="0.000" /><testcase classname="tests.test_boot_config.TestSetCommands" name="test_set_default_kernel_with_grubby" time="0.000" /><testcase classname="tests.test_boot_config.TestSetCommands" name="test_set_theme_by_name" time="0.000" /><testcase classname="tests.test_boot_config.TestSetCommands" name="test_set_theme_by_path" time="0.000" /><testcase classname="tests.test_boot_config.TestSetCommands" name="test_set_timeout" time="0.000" /><testcase classname="tests.test_boot_config.TestSetCommands" name="test_set_timeout_zero" time="0.000" /><testcase classname="tests.test_boot_config.TestApplyGrubChanges" name="test_apply_grub_changes" time="0.001" /><testcase classname="tests.test_boot_config.TestCurrentCmdline" name="test_read_cmdline" time="0.001" /><testcase classname="tests.test_boot_config.TestCurrentCmdline" name="test_read_cmdline_error" time="0.000" /><testcase classname="tests.test_boot_config.TestSetCmdlineParam" name="test_replace_existing_param" time="0.001" /><testcase classname="tests.test_boot_config.TestSetCmdlineParam" name="test_set_flag_param" time="0.000" /><testcase classname="tests.test_boot_config.TestSetCmdlineParam" name="test_set_new_param" time="0.000" /><testcase classname="tests.test_bugfixes.TestPresetPathTraversal" name="test_sanitize_dotdot_only_gets_default" time="0.000" /><testcase classname="tests.test_bugfixes.TestPresetPathTraversal" name="test_sanitize_empty_name_gets_default" time="0.000" /><testcase classname="tests.test_bugfixes.TestPresetPathTraversal" name="test_sanitize_normal_name_unchanged" time="0.000" /><testcase classname="tests.test_bugfixes.TestPresetPathTraversal" name="test_sanitize_removes_path_traversal" time="0.000" /><testcase classname="tests.test_bugfixes.TestPresetPathTraversal" name="test_sanitize_removes_slashes" time="0.000" /><testcase classname="tests.test_bugfixes.TestPresetPathTraversal" name="test_save_preset_data_uses_sanitized_name" time="0.001" /><testcase classname="tests.test_bugfixes.TestPresetPathTraversal" name="test_save_preset_uses_sanitized_name" time="0.001" /><testcase classname="tests.test_bugfixes.TestPresetNameConsistency" name="test_delete_preset_finds_saved_preset" time="0.001" /><testcase classname="tests.test_bugfixes.TestPresetNameConsistency" name="test_save_data_and_load_use_same_file" time="0.001" /><testcase classname="tests.test_bugfixes.TestKillProcessValidation" name="test_invalid_pid_negative" time="0.001" /><testcase classname="tests.test_bugfixes.TestKillProcessValidation" name="test_invalid_pid_zero" time="0.000" /><testcase classname="tests.test_bugfixes.TestKillProcessValidation" name="test_negative_signal_rejected" time="0.000" /><testcase classname="tests.test_bugfixes.TestKillProcessValidation" name="test_signal_too_high_rejected" time="0.000" /><testcase classname="tests.test_bugfixes.TestKillProcessValidation" name="test_valid_signal_64_allowed" time="0.001" /><testcase classname="tests.test_bugfixes.TestKillProcessValidation" name="test_valid_signal_zero_allowed" time="0.000" /><testcase classname="tests.test_bugfixes.TestDiskMountFiltering" name="test_dev_proc_sys_still_excluded" time="0.001" /><testcase classname="tests.test_bugfixes.TestDiskMountFiltering" name="test_run_media_mounts_included" time="0.001" /><testcase classname="tests.test_clarity_update.TestVersionModule" name="test_app_name" time="0.000" /><testcase classname="tests.test_clarity_update.TestVersionModule" name="test_version_codename_is_nonempty" time="0.000" /><testcase classname="tests.test_clarity_update.TestVersionModule" name="test_version_exists" time="0.000" /><testcase classname="tests.test_clarity_update.TestVersionModule" name="test_version_format" time="0.000" /><testcase classname="tests.test_clarity_update.TestVersionModule" name="test_version_is_nonempty" time="0.000" /><testcase classname="tests.test_clarity_update.TestLoggingModule" name="test_different_loggers_distinct" time="0.001" /><testcase classname="tests.test_clarity_update.TestLoggingModule" name="test_get_logger_returns_logger" time="0.001"><failure message="AssertionError: &lt;MagicMock id='140185152231408'&gt; is not an instance of &lt;class 'logging.Logger'&gt;">tests/test_clarity_update.py:60: in test_get_logger_returns_logger
    self.assertIsInstance(logger, logging.Logger)
E   AssertionError: &lt;MagicMock id='140185152231408'&gt; is not an instance of &lt;class 'logging.Logger'&gt;</failure></testcase><testcase classname="tests.test_clarity_update.TestLoggingModule" name="test_logger_already_prefixed" time="0.001"><failure message="AssertionError: &lt;MagicMock name='mock.name' id='140185152232080'&gt; != 'loofi.existing'">tests/test_clarity_update.py:72: in test_logger_already_prefixed
    self.assertEqual(logger.name, "loofi.existing")
E   AssertionError: &lt;MagicMock name='mock.name' id='140185152232080'&gt; != 'loofi.existing'</failure></testcase><testcase classname="tests.test_clarity_update.TestLoggingModule" name="test_logger_can_log" time="0.001" /><testcase classname="tests.test_clarity_update.TestLoggingModule" name="test_logger_name_prefix" time="0.001" /><testcase classname="tests.test_clarity_update.TestCommandRunnerRename" name="test_backward_compat_shim" time="0.001" /><testcase classname="tests.test_clarity_update.TestCommandRunnerRename" name="test_command_runner_has_signals" time="0.000"><failure message="AssertionError: False is not true">tests/test_clarity_update.py:104: in test_command_runner_has_signals
    self.assertTrue(hasattr(CommandRunner, "finished"))
E   AssertionError: False is not true</failure></testcase><testcase classname="tests.test_clarity_update.TestCommandRunnerRename" name="test_command_runner_importable" time="0.000"><failure message="AssertionError: False is not true">tests/test_clarity_update.py:99: in test_command_runner_importable
    self.assertTrue(hasattr(CommandRunner, "output_received"))
E   AssertionError: False is not true</failure></testcase><testcase classname="tests.test_clarity_update.TestOllamaStopService" name="test_stop_fallback_to_pkill" time="0.001" /><testcase classname="tests.test_clarity_update.TestOllamaStopService" name="test_stop_handles_exception" time="0.001" /><testcase classname="tests.test_clarity_update.TestOllamaStopService" name="test_stop_via_systemctl" time="0.001" /><testcase classname="tests.test_clarity_update.TestOllamaStopService" name="test_stop_when_already_stopped" time="0.001" /><testcase classname="tests.test_clarity_update.TestOllamaStopService" name="test_stop_when_not_installed" time="0.001" /><testcase classname="tests.test_cli_deep_branches.TestRunOperation" name="test_run_operation_exception" time="0.001" /><testcase classname="tests.test_cli_deep_branches.TestRunOperation" name="test_run_operation_failure" time="0.001" /><testcase classname="tests.test_cli_deep_branches.TestRunOperation" name="test_run_operation_success" time="0.001" /><testcase classname="tests.test_cli_deep_branches.TestCmdCleanup" name="test_cleanup_all" time="0.001" /><testcase classname="tests.test_cli_deep_branches.TestCmdCleanup" name="test_cleanup_autoremove" time="0.000" /><testcase classname="tests.test_cli_deep_branches.TestCmdCleanup" name="test_cleanup_rpmdb" time="0.001" /><testcase classname="tests.test_cli_deep_branches.TestCmdTweak" name="test_tweak_audio" time="0.001" /><testcase classname="tests.test_cli_deep_branches.TestCmdTweak" name="test_tweak_battery" time="0.001" /><testcase classname="tests.test_cli_deep_branches.TestCmdTweak" name="test_tweak_battery_fail" time="0.001" /><testcase classname="tests.test_cli_deep_branches.TestCmdTweak" name="test_tweak_status_json" time="0.001" /><testcase classname="tests.test_cli_deep_branches.TestCmdTweak" name="test_tweak_status_text" time="0.001" /><testcase classname="tests.test_cli_deep_branches.TestCmdAdvanced" name="test_advanced_bbr" time="0.001" /><testcase classname="tests.test_cli_deep_branches.TestCmdAdvanced" name="test_advanced_gamemode" time="0.001" /><testcase classname="tests.test_cli_deep_branches.TestCmdAdvanced" name="test_advanced_swappiness" time="0.001" /><testcase classname="tests.test_cli_deep_branches.TestCmdNetwork" name="test_network_dns_fail" time="0.001" /><testcase classname="tests.test_cli_deep_branches.TestCmdNetwork" name="test_network_dns_success" time="0.001" /><testcase classname="tests.test_cli_deep_branches.TestCmdInfo" name="test_info_json_atomic" time="0.001"><failure message="AssertionError: None is not true">tests/test_cli_deep_branches.py:232: in test_info_json_atomic
    self.assertTrue(data.get("pending_deployment"))
E   AssertionError: None is not true</failure></testcase><testcase classname="tests.test_cli_deep_branches.TestCmdInfo" name="test_info_text_atomic" time="0.001" /><testcase classname="tests.test_cli_deep_branches.TestCmdHealth" name="test_health_json" time="0.001" /><testcase classname="tests.test_cli_deep_branches.TestCmdHealth" name="test_health_text_critical" time="0.001" /><testcase classname="tests.test_cli_deep_branches.TestCmdHealth" name="test_health_text_no_mem_no_cpu" time="0.001" /><testcase classname="tests.test_cli_deep_branches.TestCmdDisk" name="test_disk_json" time="0.001" /><testcase classname="tests.test_cli_deep_branches.TestCmdDisk" name="test_disk_text_details" time="0.001" /><testcase classname="tests.test_cli_deep_branches.TestCmdDisk" name="test_disk_text_no_usage" time="0.001" /><testcase classname="tests.test_cli_deep_branches.TestCmdProcesses" name="test_processes_json_by_memory" time="0.000"><failure message="AttributeError: module 'services.system' has no attribute 'ProcessManager'">/usr/lib64/python3.14/unittest/mock.py:1429: in patched
    with self.decoration_helper(patched,
/usr/lib64/python3.14/contextlib.py:141: in __enter__
    return next(self.gen)
           ^^^^^^^^^^^^^^
/usr/lib64/python3.14/unittest/mock.py:1411: in decoration_helper
    arg = exit_stack.enter_context(patching)
          ^^^^^^^^^^^^^^^^^^^^^^^^^^^^^^^^^^
/usr/lib64/python3.14/contextlib.py:530: in enter_context
    result = _enter(cm)
             ^^^^^^^^^^
/usr/lib64/python3.14/unittest/mock.py:1487: in __enter__
    self.target = self.getter()
                  ^^^^^^^^^^^^^
/usr/lib64/python3.14/pkgutil.py:473: in resolve_name
    result = getattr(result, p)
             ^^^^^^^^^^^^^^^^^^
E   AttributeError: module 'services.system' has no attribute 'ProcessManager'</failure></testcase><testcase classname="tests.test_cli_deep_branches.TestCmdProcesses" name="test_processes_text_by_cpu" time="0.001"><failure message="AttributeError: module 'services.system' has no attribute 'ProcessManager'">/usr/lib64/python3.14/unittest/mock.py:1429: in patched
    with self.decoration_helper(patched,
/usr/lib64/python3.14/contextlib.py:141: in __enter__
    return next(self.gen)
           ^^^^^^^^^^^^^^
/usr/lib64/python3.14/unittest/mock.py:1411: in decoration_helper
    arg = exit_stack.enter_context(patching)
          ^^^^^^^^^^^^^^^^^^^^^^^^^^^^^^^^^^
/usr/lib64/python3.14/contextlib.py:530: in enter_context
    result = _enter(cm)
             ^^^^^^^^^^
/usr/lib64/python3.14/unittest/mock.py:1487: in __enter__
    self.target = self.getter()
                  ^^^^^^^^^^^^^
/usr/lib64/python3.14/pkgutil.py:473: in resolve_name
    result = getattr(result, p)
             ^^^^^^^^^^^^^^^^^^
E   AttributeError: module 'services.system' has no attribute 'ProcessManager'</failure></testcase><testcase classname="tests.test_cli_deep_branches.TestCmdTemperature" name="test_temperature_json_with_sensors" time="0.001" /><testcase classname="tests.test_cli_deep_branches.TestCmdTemperature" name="test_temperature_text_empty" time="0.001" /><testcase classname="tests.test_cli_deep_branches.TestCmdTemperature" name="test_temperature_text_multiple" time="0.001" /><testcase classname="tests.test_cli_deep_branches.TestCmdNetmon" name="test_netmon_json" time="0.001" /><testcase classname="tests.test_cli_deep_branches.TestCmdNetmon" name="test_netmon_text_empty" time="0.001" /><testcase classname="tests.test_cli_deep_branches.TestCmdNetmon" name="test_netmon_text_with_connections" time="0.001" /><testcase classname="tests.test_cli_deep_branches.TestCmdDoctor" name="test_doctor_json_all_found" time="0.001" /><testcase classname="tests.test_cli_deep_branches.TestCmdDoctor" name="test_doctor_json_missing" time="0.001" /><testcase classname="tests.test_cli_deep_branches.TestCmdDoctor" name="test_doctor_text_missing_critical" time="0.001" /><testcase classname="tests.test_cli_deep_branches.TestCmdSupportBundle" name="test_support_bundle_fail" time="0.001" /><testcase classname="tests.test_cli_deep_branches.TestCmdSupportBundle" name="test_support_bundle_json" time="0.001" /><testcase classname="tests.test_cli_deep_branches.TestCmdFocusMode" name="test_focus_off" time="0.001" /><testcase classname="tests.test_cli_deep_branches.TestCmdFocusMode" name="test_focus_on_fail" time="0.001" /><testcase classname="tests.test_cli_deep_branches.TestCmdFocusMode" name="test_focus_on_json" time="0.001" /><testcase classname="tests.test_cli_deep_branches.TestCmdFocusMode" name="test_focus_on_success" time="0.001" /><testcase classname="tests.test_cli_deep_branches.TestCmdFocusMode" name="test_focus_status" time="0.001" /><testcase classname="tests.test_cli_deep_branches.TestCmdService" name="test_service_disable" time="0.001" /><testcase classname="tests.test_cli_deep_branches.TestCmdService" name="test_service_enable" time="0.001" /><testcase classname="tests.test_cli_deep_branches.TestCmdService" name="test_service_list" time="0.001" /><testcase classname="tests.test_cli_deep_branches.TestCmdService" name="test_service_list_json" time="0.001" /><testcase classname="tests.test_cli_deep_branches.TestCmdService" name="test_service_logs" time="0.001" /><testcase classname="tests.test_cli_deep_branches.TestCmdService" name="test_service_logs_no_name" time="0.000" /><testcase classname="tests.test_cli_deep_branches.TestCmdService" name="test_service_mask" time="0.001" /><testcase classname="tests.test_cli_deep_branches.TestCmdService" name="test_service_restart" time="0.001" /><testcase classname="tests.test_cli_deep_branches.TestCmdService" name="test_service_start" time="0.001" /><testcase classname="tests.test_cli_deep_branches.TestCmdService" name="test_service_start_no_name" time="0.000" /><testcase classname="tests.test_cli_deep_branches.TestCmdService" name="test_service_status" time="0.001" /><testcase classname="tests.test_cli_deep_branches.TestCmdService" name="test_service_stop_fail" time="0.001" /><testcase classname="tests.test_cli_deep_branches.TestCmdService" name="test_service_unmask" time="0.001" /><testcase classname="tests.test_cli_deep_branches.TestCmdPackage" name="test_package_install" time="0.001" /><testcase classname="tests.test_cli_deep_branches.TestCmdPackage" name="test_package_install_no_name" time="0.001" /><testcase classname="tests.test_cli_deep_branches.TestCmdPackage" name="test_package_list" time="0.001" /><testcase classname="tests.test_cli_deep_branches.TestCmdPackage" name="test_package_recent" time="0.001" /><testcase classname="tests.test_cli_deep_branches.TestCmdPackage" name="test_package_remove" time="0.001" /><testcase classname="tests.test_cli_deep_branches.TestCmdPackage" name="test_package_search" time="0.001" /><testcase classname="tests.test_cli_deep_branches.TestCmdPackage" name="test_package_search_no_query" time="0.000" /><testcase classname="tests.test_cli_deep_branches.TestCmdFirewall" name="test_firewall_close_port" time="0.001" /><testcase classname="tests.test_cli_deep_branches.TestCmdFirewall" name="test_firewall_close_port_no_spec" time="0.001" /><testcase classname="tests.test_cli_deep_branches.TestCmdFirewall" name="test_firewall_not_available" time="0.001" /><testcase classname="tests.test_cli_deep_branches.TestCmdFirewall" name="test_firewall_open_port" time="0.001" /><testcase classname="tests.test_cli_deep_branches.TestCmdFirewall" name="test_firewall_open_port_no_proto" time="0.001" /><testcase classname="tests.test_cli_deep_branches.TestCmdFirewall" name="test_firewall_open_port_no_spec" time="0.001" /><testcase classname="tests.test_cli_deep_branches.TestCmdFirewall" name="test_firewall_ports" time="0.001" /><testcase classname="tests.test_cli_deep_branches.TestCmdFirewall" name="test_firewall_ports_empty" time="0.001" /><testcase classname="tests.test_cli_deep_branches.TestCmdFirewall" name="test_firewall_services" time="0.001" /><testcase classname="tests.test_cli_deep_branches.TestCmdFirewall" name="test_firewall_status" time="0.001" /><testcase classname="tests.test_cli_deep_branches.TestCmdFirewall" name="test_firewall_zones" time="0.002" /><testcase classname="tests.test_cli_deep_branches.TestCmdBluetooth" name="test_bt_connect" time="0.001" /><testcase classname="tests.test_cli_deep_branches.TestCmdBluetooth" name="test_bt_connect_no_address" time="0.001" /><testcase classname="tests.test_cli_deep_branches.TestCmdBluetooth" name="test_bt_devices_empty" time="0.001" /><testcase classname="tests.test_cli_deep_branches.TestCmdBluetooth" name="test_bt_devices_with_items" time="0.001" /><testcase classname="tests.test_cli_deep_branches.TestCmdBluetooth" name="test_bt_disconnect" time="0.001" /><testcase classname="tests.test_cli_deep_branches.TestCmdBluetooth" name="test_bt_pair" time="0.001" /><testcase classname="tests.test_cli_deep_branches.TestCmdBluetooth" name="test_bt_power_off" time="0.001" /><testcase classname="tests.test_cli_deep_branches.TestCmdBluetooth" name="test_bt_power_on" time="0.001" /><testcase classname="tests.test_cli_deep_branches.TestCmdBluetooth" name="test_bt_scan" time="0.001" /><testcase classname="tests.test_cli_deep_branches.TestCmdBluetooth" name="test_bt_scan_json" time="0.001" /><testcase classname="tests.test_cli_deep_branches.TestCmdBluetooth" name="test_bt_status_json" time="0.001" /><testcase classname="tests.test_cli_deep_branches.TestCmdBluetooth" name="test_bt_status_no_adapter" time="0.001" /><testcase classname="tests.test_cli_deep_branches.TestCmdBluetooth" name="test_bt_status_ok" time="0.001" /><testcase classname="tests.test_cli_deep_branches.TestCmdBluetooth" name="test_bt_trust" time="0.001" /><testcase classname="tests.test_cli_deep_branches.TestCmdStorage" name="test_storage_disks" time="0.002" /><testcase classname="tests.test_cli_deep_branches.TestCmdStorage" name="test_storage_disks_empty" time="0.001" /><testcase classname="tests.test_cli_deep_branches.TestCmdStorage" name="test_storage_disks_json" time="0.001" /><testcase classname="tests.test_cli_deep_branches.TestCmdStorage" name="test_storage_mounts" time="0.001" /><testcase classname="tests.test_cli_deep_branches.TestCmdStorage" name="test_storage_smart" time="0.001" /><testcase classname="tests.test_cli_deep_branches.TestCmdStorage" name="test_storage_smart_json" time="0.001" /><testcase classname="tests.test_cli_deep_branches.TestCmdStorage" name="test_storage_smart_no_device" time="0.001" /><testcase classname="tests.test_cli_deep_branches.TestCmdStorage" name="test_storage_trim" time="0.001" /><testcase classname="tests.test_cli_deep_branches.TestCmdStorage" name="test_storage_usage" time="0.001" /><testcase classname="tests.test_cli_deep_branches.TestCmdProfile" name="test_profile_apply" time="0.001" /><testcase classname="tests.test_cli_deep_branches.TestCmdProfile" name="test_profile_apply_no_name" time="0.000" /><testcase classname="tests.test_cli_deep_branches.TestCmdProfile" name="test_profile_create" time="0.001" /><testcase classname="tests.test_cli_deep_branches.TestCmdProfile" name="test_profile_delete" time="0.001" /><testcase classname="tests.test_cli_deep_branches.TestCmdProfile" name="test_profile_export" time="0.001" /><testcase classname="tests.test_cli_deep_branches.TestCmdProfile" name="test_profile_export_all" time="0.001" /><testcase classname="tests.test_cli_deep_branches.TestCmdProfile" name="test_profile_export_all_no_path" time="0.000" /><testcase classname="tests.test_cli_deep_branches.TestCmdProfile" name="test_profile_export_no_path" time="0.000" /><testcase classname="tests.test_cli_deep_branches.TestCmdProfile" name="test_profile_import" time="0.001" /><testcase classname="tests.test_cli_deep_branches.TestCmdProfile" name="test_profile_import_all" time="0.001" /><testcase classname="tests.test_cli_deep_branches.TestCmdProfile" name="test_profile_import_all_no_path" time="0.001" /><testcase classname="tests.test_cli_deep_branches.TestCmdProfile" name="test_profile_import_no_path" time="0.000" /><testcase classname="tests.test_cli_deep_branches.TestCmdProfile" name="test_profile_list" time="0.001" /><testcase classname="tests.test_cli_deep_branches.TestCmdHealthHistory" name="test_hh_export_csv_fmt" time="0.005" /><testcase classname="tests.test_cli_deep_branches.TestCmdHealthHistory" name="test_hh_export_json_fmt" time="0.005" /><testcase classname="tests.test_cli_deep_branches.TestCmdHealthHistory" name="test_hh_export_no_path" time="0.002" /><testcase classname="tests.test_cli_deep_branches.TestCmdHealthHistory" name="test_hh_prune" time="0.001" /><testcase classname="tests.test_cli_deep_branches.TestCmdHealthHistory" name="test_hh_record" time="0.084" /><testcase classname="tests.test_cli_deep_branches.TestCmdHealthHistory" name="test_hh_show_empty" time="0.001" /><testcase classname="tests.test_cli_deep_branches.TestCmdHealthHistory" name="test_hh_show_with_data" time="0.002" /><testcase classname="tests.test_cli_deep_branches.TestCmdLogs" name="test_logs_errors" time="0.001" /><testcase classname="tests.test_cli_deep_branches.TestCmdLogs" name="test_logs_export_json" time="0.001" /><testcase classname="tests.test_cli_deep_branches.TestCmdLogs" name="test_logs_export_no_path" time="0.000" /><testcase classname="tests.test_cli_deep_branches.TestCmdLogs" name="test_logs_export_text" time="0.001" /><testcase classname="tests.test_cli_deep_branches.TestCmdLogs" name="test_logs_show" time="0.001" /><testcase classname="tests.test_cli_deep_branches.TestCmdPluginMarketplaceExtra" name="test_marketplace_list_installed" time="0.002" /><testcase classname="tests.test_cli_deep_branches.TestCmdPluginMarketplaceExtra" name="test_marketplace_uninstall" time="0.001" /><testcase classname="tests.test_cli_deep_branches.TestCmdPluginMarketplaceExtra" name="test_marketplace_update" time="0.001" /><testcase classname="tests.test_cli_deep_branches.TestMain" name="test_main_cleanup" time="0.009" /><testcase classname="tests.test_cli_deep_branches.TestMain" name="test_main_info" time="0.010" /><testcase classname="tests.test_cli_deep_branches.TestMain" name="test_main_json_flag" time="0.010" /><testcase classname="tests.test_cli_deep_branches.TestMain" name="test_main_no_command" time="0.011" /><testcase classname="tests.test_cli_deeper.TestCmdAdvanced" name="test_bbr" time="0.001" /><testcase classname="tests.test_cli_deeper.TestCmdAdvanced" name="test_dnf_tweaks" time="0.001" /><testcase classname="tests.test_cli_deeper.TestCmdAdvanced" name="test_gamemode" time="0.001" /><testcase classname="tests.test_cli_deeper.TestCmdAdvanced" name="test_swappiness" time="0.001" /><testcase classname="tests.test_cli_deeper.TestCmdAdvanced" name="test_unknown" time="0.000" /><testcase classname="tests.test_cli_deeper.TestCmdNetwork" name="test_dns" time="0.001" /><testcase classname="tests.test_cli_deeper.TestCmdNetwork" name="test_dns_fail" time="0.001" /><testcase classname="tests.test_cli_deeper.TestCmdNetwork" name="test_unknown" time="0.000" /><testcase classname="tests.test_cli_deeper.TestCmdSupportBundle" name="test_failure" time="0.001" /><testcase classname="tests.test_cli_deeper.TestCmdSupportBundle" name="test_success" time="0.001" /><testcase classname="tests.test_cli_deeper.TestCmdVm" name="test_list_empty" time="0.001" /><testcase classname="tests.test_cli_deeper.TestCmdVm" name="test_list_with_vms" time="0.001" /><testcase classname="tests.test_cli_deeper.TestCmdInfo" name="test_info_json" time="0.001" /><testcase classname="tests.test_cli_deeper.TestCmdInfo" name="test_info_text" time="0.001" /><testcase classname="tests.test_cli_deeper.TestRunOperation" name="test_failure" time="0.000" /><testcase classname="tests.test_cli_deeper.TestRunOperation" name="test_success" time="0.001" /><testcase classname="tests.test_cli_deeper.TestOutputHelpers" name="test_output_json" time="0.000" /><testcase classname="tests.test_cli_deeper.TestOutputHelpers" name="test_print_normal" time="0.000" /><testcase classname="tests.test_cli_deeper.TestOutputHelpers" name="test_print_suppressed" time="0.000" /><testcase classname="tests.test_cli_enhanced.TestCLIArgParsing" name="test_advanced_command_dispatched" time="0.010" /><testcase classname="tests.test_cli_enhanced.TestCLIArgParsing" name="test_cleanup_command_dispatched" time="0.011" /><testcase classname="tests.test_cli_enhanced.TestCLIArgParsing" name="test_disk_command_dispatched" time="0.010" /><testcase classname="tests.test_cli_enhanced.TestCLIArgParsing" name="test_health_command_dispatched" time="0.010" /><testcase classname="tests.test_cli_enhanced.TestCLIArgParsing" name="test_info_command_dispatched" time="0.011" /><testcase classname="tests.test_cli_enhanced.TestCLIArgParsing" name="test_netmon_command_dispatched" time="0.010" /><testcase classname="tests.test_cli_enhanced.TestCLIArgParsing" name="test_network_command_dispatched" time="0.010" /><testcase classname="tests.test_cli_enhanced.TestCLIArgParsing" name="test_no_command_prints_help" time="0.012" /><testcase classname="tests.test_cli_enhanced.TestCLIArgParsing" name="test_processes_command_dispatched" time="0.011" /><testcase classname="tests.test_cli_enhanced.TestCLIArgParsing" name="test_temperature_command_dispatched" time="0.011" /><testcase classname="tests.test_cli_enhanced.TestCLIArgParsing" name="test_tweak_command_dispatched" time="0.010" /><testcase classname="tests.test_cli_enhanced.TestCLIRunOperation" name="test_run_operation_exception" time="0.001" /><testcase classname="tests.test_cli_enhanced.TestCLIRunOperation" name="test_run_operation_failure" time="0.001" /><testcase classname="tests.test_cli_enhanced.TestCLIRunOperation" name="test_run_operation_success" time="0.000" /><testcase classname="tests.test_cli_enhanced.TestCLIInfoCommand" name="test_info_traditional_system" time="0.001" /><testcase classname="tests.test_cli_enhanced.TestCLICleanupCommand" name="test_cleanup_all" time="0.001" /><testcase classname="tests.test_cli_enhanced.TestCLICleanupCommand" name="test_cleanup_dnf_only" time="0.001" /><testcase classname="tests.test_cli_enhanced.TestCLITweakCommand" name="test_tweak_battery" time="0.000" /><testcase classname="tests.test_cli_enhanced.TestCLITweakCommand" name="test_tweak_power" time="0.001" /><testcase classname="tests.test_cli_enhanced.TestCLITweakCommand" name="test_tweak_status" time="0.001" /><testcase classname="tests.test_cli_enhanced.TestCLIProcessesCommand" name="test_processes_default_cpu_sort" time="0.001" /><testcase classname="tests.test_cli_enhanced.TestCLIProcessesCommand" name="test_processes_memory_sort" time="0.001" /><testcase classname="tests.test_cli_enhanced.TestCLITemperatureCommand" name="test_temperature_no_sensors" time="0.000" /><testcase classname="tests.test_cli_enhanced.TestCLITemperatureCommand" name="test_temperature_with_sensors" time="0.000" /><testcase classname="tests.test_cli_enhanced.TestCLINetmonCommand" name="test_netmon_no_interfaces" time="0.001" /><testcase classname="tests.test_cli_enhanced.TestCLINetmonCommand" name="test_netmon_with_interfaces" time="0.001" /><testcase classname="tests.test_cli_enhanced.TestCLIAdvancedCommand" name="test_advanced_bbr" time="0.001" /><testcase classname="tests.test_cli_enhanced.TestCLIAdvancedCommand" name="test_advanced_swappiness" time="0.001" /><testcase classname="tests.test_cli_enhanced.TestCLINetworkCommand" name="test_network_dns_failure" time="0.001" /><testcase classname="tests.test_cli_enhanced.TestCLINetworkCommand" name="test_network_dns_success" time="0.000" /><testcase classname="tests.test_cli_enhanced.TestCLIDiskCommand" name="test_disk_basic" time="0.001" /><testcase classname="tests.test_cli_extended_handlers.TestCLIExtendedHandlers" name="test_bluetooth_connect_requires_address" time="0.000" /><testcase classname="tests.test_cli_extended_handlers.TestCLIExtendedHandlers" name="test_bluetooth_status_no_adapter" time="0.001" /><testcase classname="tests.test_cli_extended_handlers.TestCLIExtendedHandlers" name="test_firewall_open_port_default_proto" time="0.001" /><testcase classname="tests.test_cli_extended_handlers.TestCLIExtendedHandlers" name="test_firewall_unavailable" time="0.001" /><testcase classname="tests.test_cli_extended_handlers.TestCLIExtendedHandlers" name="test_focus_mode_status" time="0.001" /><testcase classname="tests.test_cli_extended_handlers.TestCLIExtendedHandlers" name="test_health_history_export_requires_path" time="0.001" /><testcase classname="tests.test_cli_extended_handlers.TestCLIExtendedHandlers" name="test_health_history_record_success" time="0.001" /><testcase classname="tests.test_cli_extended_handlers.TestCLIExtendedHandlers" name="test_health_history_show_empty" time="0.001" /><testcase classname="tests.test_cli_extended_handlers.TestCLIExtendedHandlers" name="test_logs_errors_summary" time="0.001" /><testcase classname="tests.test_cli_extended_handlers.TestCLIExtendedHandlers" name="test_logs_export_requires_path" time="0.000" /><testcase classname="tests.test_cli_extended_handlers.TestCLIExtendedHandlers" name="test_logs_show_empty" time="0.000" /><testcase classname="tests.test_cli_extended_handlers.TestCLIExtendedHandlers" name="test_package_install_success" time="0.001" /><testcase classname="tests.test_cli_extended_handlers.TestCLIExtendedHandlers" name="test_package_search_requires_query" time="0.000" /><testcase classname="tests.test_cli_extended_handlers.TestCLIExtendedHandlers" name="test_service_start_requires_name" time="0.000" /><testcase classname="tests.test_cli_extended_handlers.TestCLIExtendedHandlers" name="test_service_start_success" time="0.001" /><testcase classname="tests.test_cli_extended_handlers.TestCLIExtendedHandlers" name="test_snapshot_create_success" time="0.001" /><testcase classname="tests.test_cli_extended_handlers.TestCLIExtendedHandlers" name="test_snapshot_delete_requires_id" time="0.000" /><testcase classname="tests.test_cli_extended_handlers.TestCLIExtendedHandlers" name="test_snapshot_list_empty" time="0.001" /><testcase classname="tests.test_cli_extended_handlers.TestCLIExtendedHandlers" name="test_storage_smart_requires_device" time="0.000" /><testcase classname="tests.test_cli_extended_handlers.TestCLIExtendedHandlers" name="test_storage_trim_success" time="0.001" /><testcase classname="tests.test_cli_extended_handlers.TestCLIExtendedHandlers" name="test_tuner_analyze_success" time="0.001" /><testcase classname="tests.test_cli_extended_handlers.TestCLIExtendedHandlers" name="test_tuner_apply_runs_two_operations_on_success" time="0.001" /><testcase classname="tests.test_cli_extended_handlers.TestCLIExtendedHandlers" name="test_tuner_history_empty" time="0.001" /><testcase classname="tests.test_cli_hardware_plugins_preset.TestHardwareCommand" name="test_cmd_hardware_json_output" time="0.001" /><testcase classname="tests.test_cli_hardware_plugins_preset.TestHardwareCommand" name="test_cmd_hardware_text_output" time="0.001" /><testcase classname="tests.test_cli_hardware_plugins_preset.TestPluginsCommand" name="test_cmd_plugins_disable_json" time="0.001" /><testcase classname="tests.test_cli_hardware_plugins_preset.TestPluginsCommand" name="test_cmd_plugins_enable_missing_name" time="0.001" /><testcase classname="tests.test_cli_hardware_plugins_preset.TestPluginsCommand" name="test_cmd_plugins_list_json" time="0.001" /><testcase classname="tests.test_cli_hardware_plugins_preset.TestPluginsCommand" name="test_cmd_plugins_list_text" time="0.001" /><testcase classname="tests.test_cli_hardware_plugins_preset.TestPluginsCommand" name="test_cmd_plugins_unknown_action" time="0.001" /><testcase classname="tests.test_cli_hardware_plugins_preset.TestPresetCommand" name="test_cmd_preset_apply_json_not_found" time="0.001" /><testcase classname="tests.test_cli_hardware_plugins_preset.TestPresetCommand" name="test_cmd_preset_apply_json_success" time="0.001" /><testcase classname="tests.test_cli_hardware_plugins_preset.TestPresetCommand" name="test_cmd_preset_export_missing_args" time="0.001" /><testcase classname="tests.test_cli_hardware_plugins_preset.TestPresetCommand" name="test_cmd_preset_export_success" time="0.001" /><testcase classname="tests.test_cli_hardware_plugins_preset.TestPresetCommand" name="test_cmd_preset_export_write_error" time="0.001" /><testcase classname="tests.test_cli_hardware_plugins_preset.TestPresetCommand" name="test_cmd_preset_list_text" time="0.001" /><testcase classname="tests.test_cli_main_extended.TestRunOperationDryRun" name="test_dry_run_audit_logger_exception" time="0.001" /><testcase classname="tests.test_cli_main_extended.TestRunOperationDryRun" name="test_dry_run_json_mode" time="0.001" /><testcase classname="tests.test_cli_main_extended.TestRunOperationDryRun" name="test_dry_run_text_mode" time="0.001" /><testcase classname="tests.test_cli_main_extended.TestRunOperationEdgeCases" name="test_success_empty_stdout" time="0.001" /><testcase classname="tests.test_cli_main_extended.TestRunOperationEdgeCases" name="test_timeout_expired" time="0.001" /><testcase classname="tests.test_cli_main_extended.TestCmdAuditLog" name="test_audit_log_json_mode" time="0.001" /><testcase classname="tests.test_cli_main_extended.TestCmdAuditLog" name="test_audit_log_text_empty" time="0.001" /><testcase classname="tests.test_cli_main_extended.TestCmdAuditLog" name="test_audit_log_text_with_entries" time="0.001" /><testcase classname="tests.test_cli_main_extended.TestCmdSelfUpdate" name="test_check_info_none_text" time="0.001" /><testcase classname="tests.test_cli_main_extended.TestCmdSelfUpdate" name="test_check_json_mode" time="0.002" /><testcase classname="tests.test_cli_main_extended.TestCmdSelfUpdate" name="test_check_json_mode_none" time="0.001" /><testcase classname="tests.test_cli_main_extended.TestCmdSelfUpdate" name="test_check_no_update_text" time="0.001" /><testcase classname="tests.test_cli_main_extended.TestCmdSelfUpdate" name="test_check_update_available_text" time="0.001" /><testcase classname="tests.test_cli_main_extended.TestCmdSelfUpdate" name="test_run_failure_text" time="0.001" /><testcase classname="tests.test_cli_main_extended.TestCmdSelfUpdate" name="test_run_json_mode" time="0.001" /><testcase classname="tests.test_cli_main_extended.TestCmdSelfUpdate" name="test_run_success_text" time="0.001" /><testcase classname="tests.test_cli_main_extended.TestCmdPreset" name="test_apply_json_not_found" time="0.001" /><testcase classname="tests.test_cli_main_extended.TestCmdPreset" name="test_apply_json_success" time="0.001" /><testcase classname="tests.test_cli_main_extended.TestCmdPreset" name="test_apply_no_name" time="0.001" /><testcase classname="tests.test_cli_main_extended.TestCmdPreset" name="test_apply_text_not_found" time="0.001" /><testcase classname="tests.test_cli_main_extended.TestCmdPreset" name="test_apply_text_success" time="0.001" /><testcase classname="tests.test_cli_main_extended.TestCmdPreset" name="test_export_json_success" time="0.002" /><testcase classname="tests.test_cli_main_extended.TestCmdPreset" name="test_export_no_name" time="0.001" /><testcase classname="tests.test_cli_main_extended.TestCmdPreset" name="test_export_text_not_found" time="0.001" /><testcase classname="tests.test_cli_main_extended.TestCmdPreset" name="test_export_text_success" time="0.006" /><testcase classname="tests.test_cli_main_extended.TestCmdPreset" name="test_list_json" time="0.001" /><testcase classname="tests.test_cli_main_extended.TestCmdPreset" name="test_list_text_empty" time="0.001" /><testcase classname="tests.test_cli_main_extended.TestCmdPreset" name="test_list_text_with_presets" time="0.001" /><testcase classname="tests.test_cli_main_extended.TestCmdPreset" name="test_unknown_action" time="0.000" /><testcase classname="tests.test_cli_main_extended.TestCmdHealthHistory" name="test_export_csv_text" time="0.001" /><testcase classname="tests.test_cli_main_extended.TestCmdHealthHistory" name="test_export_json_extension" time="0.001" /><testcase classname="tests.test_cli_main_extended.TestCmdHealthHistory" name="test_export_json_mode" time="0.001" /><testcase classname="tests.test_cli_main_extended.TestCmdHealthHistory" name="test_export_no_path" time="0.001" /><testcase classname="tests.test_cli_main_extended.TestCmdHealthHistory" name="test_prune_json" time="0.001" /><testcase classname="tests.test_cli_main_extended.TestCmdHealthHistory" name="test_prune_text_success" time="0.001" /><testcase classname="tests.test_cli_main_extended.TestCmdHealthHistory" name="test_record_json" time="0.001" /><testcase classname="tests.test_cli_main_extended.TestCmdHealthHistory" name="test_record_text_failure" time="0.001" /><testcase classname="tests.test_cli_main_extended.TestCmdHealthHistory" name="test_record_text_success" time="0.001" /><testcase classname="tests.test_cli_main_extended.TestCmdHealthHistory" name="test_show_json" time="0.001" /><testcase classname="tests.test_cli_main_extended.TestCmdHealthHistory" name="test_show_text_empty" time="0.001" /><testcase classname="tests.test_cli_main_extended.TestCmdHealthHistory" name="test_show_text_with_summary" time="0.001" /><testcase classname="tests.test_cli_main_extended.TestCmdHealthHistory" name="test_unknown_action" time="0.001" /><testcase classname="tests.test_cli_main_extended.TestCmdSecurityAudit" name="test_empty_recommendations" time="0.001" /><testcase classname="tests.test_cli_main_extended.TestCmdSecurityAudit" name="test_firewall_not_running" time="0.001" /><testcase classname="tests.test_cli_main_extended.TestCmdSecurityAudit" name="test_json_mode" time="0.001" /><testcase classname="tests.test_cli_main_extended.TestCmdSecurityAudit" name="test_score_green" time="0.001" /><testcase classname="tests.test_cli_main_extended.TestCmdSecurityAudit" name="test_score_orange" time="0.001" /><testcase classname="tests.test_cli_main_extended.TestCmdSecurityAudit" name="test_score_red" time="0.001" /><testcase classname="tests.test_cli_main_extended.TestCmdSecurityAudit" name="test_score_yellow" time="0.001" /><testcase classname="tests.test_cli_main_extended.TestCmdSecurityAudit" name="test_with_recommendations" time="0.001" /><testcase classname="tests.test_cli_main_extended.TestCmdFocusMode" name="test_off_json" time="0.001" /><testcase classname="tests.test_cli_main_extended.TestCmdFocusMode" name="test_off_text_failure" time="0.001" /><testcase classname="tests.test_cli_main_extended.TestCmdFocusMode" name="test_on_text_with_extras" time="0.001" /><testcase classname="tests.test_cli_main_extended.TestCmdFocusMode" name="test_status_json" time="0.001" /><testcase classname="tests.test_cli_main_extended.TestCmdFocusMode" name="test_status_text_inactive" time="0.001" /><testcase classname="tests.test_cli_main_extended.TestCmdFocusMode" name="test_unknown_action" time="0.000" /><testcase classname="tests.test_cli_main_extended.TestCmdSnapshot" name="test_backends_json" time="0.001" /><testcase classname="tests.test_cli_main_extended.TestCmdSnapshot" name="test_backends_text" time="0.001" /><testcase classname="tests.test_cli_main_extended.TestCmdSnapshot" name="test_delete_no_id" time="0.000" /><testcase classname="tests.test_cli_main_extended.TestCmdSnapshot" name="test_delete_with_id" time="0.001" /><testcase classname="tests.test_cli_main_extended.TestCmdSnapshot" name="test_list_json" time="0.001" /><testcase classname="tests.test_cli_main_extended.TestCmdSnapshot" name="test_list_text_no_timestamp" time="0.001" /><testcase classname="tests.test_cli_main_extended.TestCmdSnapshot" name="test_list_text_with_snapshots" time="0.001" /><testcase classname="tests.test_cli_main_extended.TestCmdSnapshot" name="test_unknown_action" time="0.000" /><testcase classname="tests.test_cli_main_extended.TestCmdLogs" name="test_errors_json" time="0.001" /><testcase classname="tests.test_cli_main_extended.TestCmdLogs" name="test_errors_text_empty_patterns" time="0.001" /><testcase classname="tests.test_cli_main_extended.TestCmdLogs" name="test_errors_text_with_top_units_and_patterns" time="0.001" /><testcase classname="tests.test_cli_main_extended.TestCmdLogs" name="test_export_failure" time="0.001" /><testcase classname="tests.test_cli_main_extended.TestCmdLogs" name="test_export_json_extension" time="0.001" /><testcase classname="tests.test_cli_main_extended.TestCmdLogs" name="test_export_no_path" time="0.001" /><testcase classname="tests.test_cli_main_extended.TestCmdLogs" name="test_export_success" time="0.001" /><testcase classname="tests.test_cli_main_extended.TestCmdLogs" name="test_show_json" time="0.001" /><testcase classname="tests.test_cli_main_extended.TestCmdLogs" name="test_show_text_no_pattern" time="0.001" /><testcase classname="tests.test_cli_main_extended.TestCmdLogs" name="test_show_text_with_pattern_match" time="0.001" /><testcase classname="tests.test_cli_main_extended.TestCmdLogs" name="test_unknown_action" time="0.000" /><testcase classname="tests.test_cli_main_extended.TestCmdTuner" name="test_analyze_json" time="0.001" /><testcase classname="tests.test_cli_main_extended.TestCmdTuner" name="test_analyze_text" time="0.001" /><testcase classname="tests.test_cli_main_extended.TestCmdTuner" name="test_apply_first_fails" time="0.001" /><testcase classname="tests.test_cli_main_extended.TestCmdTuner" name="test_apply_success" time="0.001" /><testcase classname="tests.test_cli_main_extended.TestCmdTuner" name="test_history_json" time="0.001" /><testcase classname="tests.test_cli_main_extended.TestCmdTuner" name="test_history_text_empty" time="0.001" /><testcase classname="tests.test_cli_main_extended.TestCmdTuner" name="test_history_text_with_entries" time="0.001" /><testcase classname="tests.test_cli_main_extended.TestCmdTuner" name="test_unknown_action" time="0.000" /><testcase classname="tests.test_cli_main_extended.TestCmdProfile" name="test_create_json" time="0.001" /><testcase classname="tests.test_cli_main_extended.TestCmdProfile" name="test_create_no_name" time="0.000" /><testcase classname="tests.test_cli_main_extended.TestCmdProfile" name="test_create_text_success" time="0.001" /><testcase classname="tests.test_cli_main_extended.TestCmdProfile" name="test_delete_json" time="0.001" /><testcase classname="tests.test_cli_main_extended.TestCmdProfile" name="test_delete_no_name" time="0.000" /><testcase classname="tests.test_cli_main_extended.TestCmdProfile" name="test_delete_text_success" time="0.001" /><testcase classname="tests.test_cli_main_extended.TestCmdProfile" name="test_list_text_with_profiles" time="0.001" /><testcase classname="tests.test_cli_main_extended.TestCmdPlugins" name="test_disable_text_success" time="0.001" /><testcase classname="tests.test_cli_main_extended.TestCmdPlugins" name="test_enable_json" time="0.001" /><testcase classname="tests.test_cli_main_extended.TestCmdPlugins" name="test_enable_no_name" time="0.001" /><testcase classname="tests.test_cli_main_extended.TestCmdPlugins" name="test_enable_text_success" time="0.001" /><testcase classname="tests.test_cli_main_extended.TestCmdPlugins" name="test_list_text_empty" time="0.001" /><testcase classname="tests.test_cli_main_extended.TestCmdPlugins" name="test_list_text_with_manifest_none" time="0.001" /><testcase classname="tests.test_cli_main_extended.TestCmdPlugins" name="test_unknown_action" time="0.000" /><testcase classname="tests.test_cli_main_extended.TestCmdTweakEdges" name="test_power_failure" time="0.001" /><testcase classname="tests.test_cli_main_extended.TestCmdTweakEdges" name="test_power_success" time="0.001" /><testcase classname="tests.test_cli_main_extended.TestCmdTweakEdges" name="test_unknown_action" time="0.000" /><testcase classname="tests.test_cli_main_extended.TestMainFlags" name="test_audit_log_command_dispatch" time="0.010" /><testcase classname="tests.test_cli_main_extended.TestMainFlags" name="test_dry_run_flag" time="0.011" /><testcase classname="tests.test_cli_main_extended.TestMainFlags" name="test_focus_mode_dispatch" time="0.010" /><testcase classname="tests.test_cli_main_extended.TestMainFlags" name="test_health_history_dispatch" time="0.010" /><testcase classname="tests.test_cli_main_extended.TestMainFlags" name="test_json_flag" time="0.010" /><testcase classname="tests.test_cli_main_extended.TestMainFlags" name="test_no_command_returns_0" time="0.011" /><testcase classname="tests.test_cli_main_extended.TestMainFlags" name="test_preset_command_dispatch" time="0.011" /><testcase classname="tests.test_cli_main_extended.TestMainFlags" name="test_self_update_command_dispatch" time="0.010" /><testcase classname="tests.test_cli_main_extended.TestMainFlags" name="test_timeout_flag" time="0.011" /><testcase classname="tests.test_cli_marketplace.TestCLIMarketplaceSearch" name="test_search_displays_results" time="0.001" /><testcase classname="tests.test_cli_marketplace.TestCLIMarketplaceSearch" name="test_search_json_output" time="0.001" /><testcase classname="tests.test_cli_marketplace.TestCLIMarketplaceSearch" name="test_search_with_category_filter" time="0.001" /><testcase classname="tests.test_cli_marketplace.TestCLIMarketplaceSearch" name="test_search_handles_no_results" time="0.001" /><testcase classname="tests.test_cli_marketplace.TestCLIMarketplaceSearch" name="test_search_handles_api_error" time="0.001" /><testcase classname="tests.test_cli_marketplace.TestCLIMarketplaceInfo" name="test_info_displays_plugin_details" time="0.001" /><testcase classname="tests.test_cli_marketplace.TestCLIMarketplaceInfo" name="test_info_json_output" time="0.001" /><testcase classname="tests.test_cli_marketplace.TestCLIMarketplaceInfo" name="test_info_plugin_not_found" time="0.001" /><testcase classname="tests.test_cli_marketplace.TestCLIMarketplaceInstall" name="test_install_successful" time="0.001" /><testcase classname="tests.test_cli_marketplace.TestCLIMarketplaceInstall" name="test_install_requires_accept_permissions_flag" time="0.243" /><testcase classname="tests.test_cli_marketplace.TestCLIMarketplaceInstall" name="test_install_handles_failure" time="0.001" /><testcase classname="tests.test_cli_marketplace.TestCLIMarketplaceUninstall" name="test_uninstall_successful" time="0.001" /><testcase classname="tests.test_cli_marketplace.TestCLIMarketplaceUninstall" name="test_uninstall_plugin_not_found" time="0.001" /><testcase classname="tests.test_cli_marketplace.TestCLIMarketplaceUpdate" name="test_update_successful" time="0.001" /><testcase classname="tests.test_cli_marketplace.TestCLIMarketplaceUpdate" name="test_update_no_update_available" time="0.001" /><testcase classname="tests.test_cli_marketplace.TestCLIMarketplaceListInstalled" name="test_list_installed_displays_plugins" time="0.001" /><testcase classname="tests.test_cli_marketplace.TestCLIMarketplaceListInstalled" name="test_list_installed_json_output" time="0.001" /><testcase classname="tests.test_cli_marketplace.TestCLIMarketplaceListInstalled" name="test_list_installed_no_plugins" time="0.001" /><testcase classname="tests.test_cli_marketplace.TestCLIMarketplaceReviews" name="test_reviews_plain_output_success" time="0.001" /><testcase classname="tests.test_cli_marketplace.TestCLIMarketplaceReviews" name="test_reviews_json_output_success" time="0.001" /><testcase classname="tests.test_cli_marketplace.TestCLIMarketplaceReviews" name="test_reviews_error_output" time="0.001" /><testcase classname="tests.test_cli_marketplace.TestCLIMarketplaceReviews" name="test_review_submit_plain_output_success" time="0.001" /><testcase classname="tests.test_cli_marketplace.TestCLIMarketplaceReviews" name="test_review_submit_json_output_success" time="0.001" /><testcase classname="tests.test_cli_marketplace.TestCLIMarketplaceReviews" name="test_review_submit_error_output" time="0.001" /><testcase classname="tests.test_cli_marketplace.TestCLIMarketplaceIntegration" name="test_full_cli_workflow" time="0.001" /><testcase classname="tests.test_cli_profile.TestCLIProfileCommands" name="test_apply_profile_no_snapshot_flag" time="0.001" /><testcase classname="tests.test_cli_profile.TestCLIProfileCommands" name="test_export_all_uses_include_builtins_flag" time="0.001" /><testcase classname="tests.test_cli_profile.TestCLIProfileCommands" name="test_export_profile_success" time="0.000" /><testcase classname="tests.test_cli_profile.TestCLIProfileCommands" name="test_export_requires_name_and_path" time="0.000" /><testcase classname="tests.test_cli_profile.TestCLIProfileCommands" name="test_import_all_failure_exit_code" time="0.000" /><testcase classname="tests.test_cli_profile.TestCLIProfileCommands" name="test_import_profile_overwrite" time="0.000" /><testcase classname="tests.test_cli_uncovered_handlers.TestVMHandlers" name="test_vm_list_empty" time="0.001" /><testcase classname="tests.test_cli_uncovered_handlers.TestVMHandlers" name="test_vm_start_failure" time="0.001" /><testcase classname="tests.test_cli_uncovered_handlers.TestVMHandlers" name="test_vm_status_not_found" time="0.001" /><testcase classname="tests.test_cli_uncovered_handlers.TestVMHandlers" name="test_vm_stop_success" time="0.001" /><testcase classname="tests.test_cli_uncovered_handlers.TestVfioMeshAiHandlers" name="test_ai_models_list" time="0.001" /><testcase classname="tests.test_cli_uncovered_handlers.TestVfioMeshAiHandlers" name="test_ai_models_recommend_none" time="0.001" /><testcase classname="tests.test_cli_uncovered_handlers.TestVfioMeshAiHandlers" name="test_mesh_discover_empty" time="0.001" /><testcase classname="tests.test_cli_uncovered_handlers.TestVfioMeshAiHandlers" name="test_mesh_status" time="0.001" /><testcase classname="tests.test_cli_uncovered_handlers.TestVfioMeshAiHandlers" name="test_vfio_check" time="0.001" /><testcase classname="tests.test_cli_uncovered_handlers.TestVfioMeshAiHandlers" name="test_vfio_gpus_empty" time="0.001" /><testcase classname="tests.test_cli_uncovered_handlers.TestVfioMeshAiHandlers" name="test_vfio_plan" time="0.001" /><testcase classname="tests.test_cli_uncovered_handlers.TestTeleportAndSecurityHandlers" name="test_security_audit_success" time="0.001" /><testcase classname="tests.test_cli_uncovered_handlers.TestTeleportAndSecurityHandlers" name="test_teleport_capture_success" time="0.001" /><testcase classname="tests.test_cli_uncovered_handlers.TestTeleportAndSecurityHandlers" name="test_teleport_list_empty" time="0.001" /><testcase classname="tests.test_cli_uncovered_handlers.TestTeleportAndSecurityHandlers" name="test_teleport_restore_not_found" time="0.001" /><testcase classname="tests.test_cli_uncovered_handlers.TestTeleportAndSecurityHandlers" name="test_teleport_restore_requires_id" time="0.000" /><testcase classname="tests.test_cli_uncovered_handlers.TestAgentHandlers" name="test_agent_disable_not_found" time="0.001" /><testcase classname="tests.test_cli_uncovered_handlers.TestAgentHandlers" name="test_agent_enable_missing_id" time="0.102" /><testcase classname="tests.test_cli_uncovered_handlers.TestAgentHandlers" name="test_agent_logs_without_id" time="0.001" /><testcase classname="tests.test_cli_uncovered_handlers.TestAgentHandlers" name="test_agent_notify_invalid_webhook" time="0.001" /><testcase classname="tests.test_cli_uncovered_handlers.TestAgentHandlers" name="test_agent_notify_missing_agent" time="0.001" /><testcase classname="tests.test_cli_uncovered_handlers.TestAgentHandlers" name="test_agent_run_success" time="0.001" /><testcase classname="tests.test_cli_uncovered_handlers.TestAgentHandlers" name="test_agent_status" time="0.001" /><testcase classname="tests.test_cli_v37.TestCmdUpdates" name="test_check_json_output" time="0.001" /><testcase classname="tests.test_cli_v37.TestCmdUpdates" name="test_check_no_updates" time="0.000" /><testcase classname="tests.test_cli_v37.TestCmdUpdates" name="test_check_with_updates" time="0.000" /><testcase classname="tests.test_cli_v37.TestCmdUpdates" name="test_conflicts" time="0.000" /><testcase classname="tests.test_cli_v37.TestCmdUpdates" name="test_history" time="0.000" /><testcase classname="tests.test_cli_v37.TestCmdUpdates" name="test_rollback" time="0.000" /><testcase classname="tests.test_cli_v37.TestCmdUpdates" name="test_schedule" time="0.001" /><testcase classname="tests.test_cli_v37.TestCmdUpdates" name="test_unknown_action" time="0.000" /><testcase classname="tests.test_cli_v37.TestCmdExtension" name="test_disable" time="0.001" /><testcase classname="tests.test_cli_v37.TestCmdExtension" name="test_enable" time="0.001" /><testcase classname="tests.test_cli_v37.TestCmdExtension" name="test_install" time="0.001" /><testcase classname="tests.test_cli_v37.TestCmdExtension" name="test_install_no_uuid" time="0.000" /><testcase classname="tests.test_cli_v37.TestCmdExtension" name="test_list" time="0.001" /><testcase classname="tests.test_cli_v37.TestCmdExtension" name="test_remove" time="0.001" /><testcase classname="tests.test_cli_v37.TestCmdFlatpakManage" name="test_cleanup" time="0.001" /><testcase classname="tests.test_cli_v37.TestCmdFlatpakManage" name="test_orphans" time="0.000" /><testcase classname="tests.test_cli_v37.TestCmdFlatpakManage" name="test_permissions" time="0.000" /><testcase classname="tests.test_cli_v37.TestCmdFlatpakManage" name="test_sizes" time="0.001" /><testcase classname="tests.test_cli_v37.TestCmdBoot" name="test_apply" time="0.001" /><testcase classname="tests.test_cli_v37.TestCmdBoot" name="test_config" time="0.000" /><testcase classname="tests.test_cli_v37.TestCmdBoot" name="test_kernels" time="0.000" /><testcase classname="tests.test_cli_v37.TestCmdBoot" name="test_timeout" time="0.001" /><testcase classname="tests.test_cli_v37.TestCmdBoot" name="test_timeout_no_seconds" time="0.000" /><testcase classname="tests.test_cli_v37.TestCmdDisplay" name="test_fractional_off" time="0.001" /><testcase classname="tests.test_cli_v37.TestCmdDisplay" name="test_fractional_on" time="0.001" /><testcase classname="tests.test_cli_v37.TestCmdDisplay" name="test_list" time="0.000" /><testcase classname="tests.test_cli_v37.TestCmdDisplay" name="test_session" time="0.001" /><testcase classname="tests.test_cli_v37.TestCmdBackup" name="test_create" time="0.001" /><testcase classname="tests.test_cli_v37.TestCmdBackup" name="test_delete" time="0.001" /><testcase classname="tests.test_cli_v37.TestCmdBackup" name="test_delete_no_id" time="0.001" /><testcase classname="tests.test_cli_v37.TestCmdBackup" name="test_detect" time="0.001" /><testcase classname="tests.test_cli_v37.TestCmdBackup" name="test_list_empty" time="0.000" /><testcase classname="tests.test_cli_v37.TestCmdBackup" name="test_list_with_snapshots" time="0.000" /><testcase classname="tests.test_cli_v37.TestCmdBackup" name="test_restore" time="0.000" /><testcase classname="tests.test_cli_v37.TestCmdBackup" name="test_restore_no_id" time="0.000" /><testcase classname="tests.test_cli_v37.TestCmdBackup" name="test_status" time="0.000" /><testcase classname="tests.test_clipboard_unit.TestDetectDisplayServer" name="test_detect_unknown" time="0.001" /><testcase classname="tests.test_clipboard_unit.TestDetectDisplayServer" name="test_detect_wayland_via_wayland_display" time="0.001" /><testcase classname="tests.test_clipboard_unit.TestDetectDisplayServer" name="test_detect_wayland_via_xdg_session" time="0.001" /><testcase classname="tests.test_clipboard_unit.TestDetectDisplayServer" name="test_detect_x11_via_display" time="0.001" /><testcase classname="tests.test_clipboard_unit.TestDetectDisplayServer" name="test_detect_x11_via_xdg_session" time="0.001" /><testcase classname="tests.test_clipboard_unit.TestGetClipboardContent" name="test_read_no_tools_returns_empty" time="0.001" /><testcase classname="tests.test_clipboard_unit.TestGetClipboardContent" name="test_read_wayland_wl_paste" time="0.001" /><testcase classname="tests.test_clipboard_unit.TestGetClipboardContent" name="test_read_x11_xclip" time="0.001" /><testcase classname="tests.test_clipboard_unit.TestSetClipboardContent" name="test_write_no_tools_returns_false" time="0.001" /><testcase classname="tests.test_clipboard_unit.TestSetClipboardContent" name="test_write_wayland_wl_copy" time="0.001" /><testcase classname="tests.test_clipboard_unit.TestIsClipboardToolAvailable" name="test_both_available" time="0.001" /><testcase classname="tests.test_clipboard_unit.TestIsClipboardToolAvailable" name="test_none_available" time="0.000" /><testcase classname="tests.test_clipboard_unit.TestEncryptDecrypt" name="test_ciphertext_format" time="0.000" /><testcase classname="tests.test_clipboard_unit.TestEncryptDecrypt" name="test_decrypt_short_ciphertext_rejected" time="0.000" /><testcase classname="tests.test_clipboard_unit.TestEncryptDecrypt" name="test_decrypt_with_wrong_key_fails" time="0.000" /><testcase classname="tests.test_clipboard_unit.TestEncryptDecrypt" name="test_encrypt_decrypt_empty_data" time="0.000" /><testcase classname="tests.test_clipboard_unit.TestEncryptDecrypt" name="test_encrypt_decrypt_roundtrip" time="0.000" /><testcase classname="tests.test_clipboard_unit.TestEncryptDecrypt" name="test_encrypt_produces_different_ciphertext" time="0.000" /><testcase classname="tests.test_clipboard_unit.TestPairingCode" name="test_pairing_code_is_6_digits" time="0.000" /><testcase classname="tests.test_clipboard_unit.TestPairingCode" name="test_pairing_code_zero_padded" time="0.000" /><testcase classname="tests.test_clipboard_unit.TestDeriveSharedKey" name="test_derive_shared_key_length" time="0.017" /><testcase classname="tests.test_clipboard_unit.TestDeriveSharedKey" name="test_different_codes_different_keys" time="0.032" /><testcase classname="tests.test_clipboard_unit.TestDeriveSharedKey" name="test_different_devices_different_keys" time="0.031" /><testcase classname="tests.test_clipboard_unit.TestDeriveSharedKey" name="test_same_inputs_same_key" time="0.033" /><testcase classname="tests.test_clipboard_unit.TestServerLifecycle" name="test_start_server_already_running" time="1.002" /><testcase classname="tests.test_clipboard_unit.TestServerLifecycle" name="test_start_server_success" time="1.002" /><testcase classname="tests.test_clipboard_unit.TestServerLifecycle" name="test_stop_server_not_running" time="0.001" /><testcase classname="tests.test_clipboard_unit.TestServerLifecycle" name="test_stop_server_running" time="1.002" /><testcase classname="tests.test_clipboard_unit.TestSendToPeer" name="test_send_and_receive_integration" time="1.003" /><testcase classname="tests.test_clipboard_unit.TestSendToPeer" name="test_send_to_unreachable_host_returns_false" time="0.001" /><testcase classname="tests.test_cloud_sync.TestCloudSyncDirectories" name="test_ensure_dirs_creates_cache_dir" time="0.001" /><testcase classname="tests.test_cloud_sync.TestCloudSyncDirectories" name="test_ensure_dirs_creates_config_dir" time="0.001" /><testcase classname="tests.test_cloud_sync.TestGistTokenManagement" name="test_clear_gist_token" time="0.001" /><testcase classname="tests.test_cloud_sync.TestGistTokenManagement" name="test_get_gist_token_returns_none_when_missing" time="0.000" /><testcase classname="tests.test_cloud_sync.TestGistTokenManagement" name="test_save_and_get_gist_token" time="0.000" /><testcase classname="tests.test_cloud_sync.TestGistTokenManagement" name="test_save_gist_token_sets_permissions" time="0.000" /><testcase classname="tests.test_cloud_sync.TestGistIdManagement" name="test_get_gist_id_returns_none_when_missing" time="0.000" /><testcase classname="tests.test_cloud_sync.TestGistIdManagement" name="test_save_and_get_gist_id" time="0.001" /><testcase classname="tests.test_cloud_sync.TestSyncToGist" name="test_sync_to_gist_creates_new_gist" time="0.001" /><testcase classname="tests.test_cloud_sync.TestSyncToGist" name="test_sync_to_gist_fails_without_token" time="0.000" /><testcase classname="tests.test_cloud_sync.TestSyncToGist" name="test_sync_to_gist_handles_401_error" time="0.001" /><testcase classname="tests.test_cloud_sync.TestSyncToGist" name="test_sync_to_gist_updates_existing_gist" time="0.002" /><testcase classname="tests.test_cloud_sync.TestSyncFromGist" name="test_sync_from_gist_fails_without_gist_id" time="0.001" /><testcase classname="tests.test_cloud_sync.TestSyncFromGist" name="test_sync_from_gist_fetches_config" time="0.001" /><testcase classname="tests.test_cloud_sync.TestSyncFromGist" name="test_sync_from_gist_handles_404_error" time="0.000" /><testcase classname="tests.test_cloud_sync.TestSyncFromGist" name="test_sync_from_gist_handles_missing_config_file" time="0.001" /><testcase classname="tests.test_cloud_sync.TestCommunityPresets" name="test_fetch_community_presets_returns_empty_on_404" time="0.002" /><testcase classname="tests.test_cloud_sync.TestCommunityPresets" name="test_fetch_community_presets_success" time="0.001" /><testcase classname="tests.test_cloud_sync.TestDownloadPreset" name="test_download_preset_not_found" time="0.001" /><testcase classname="tests.test_cloud_sync.TestDownloadPreset" name="test_download_preset_success" time="0.001" /><testcase classname="tests.test_cloud_sync.TestIsOnline" name="test_is_online_returns_false_on_error" time="0.000" /><testcase classname="tests.test_cloud_sync.TestIsOnline" name="test_is_online_returns_true_when_connected" time="0.000" /><testcase classname="tests.test_command_runner_deep.TestCommandRunnerInit" name="test_creates_runner" time="0.002" /><testcase classname="tests.test_command_runner_deep.TestCommandRunnerInit" name="test_signals_exist" time="0.000" /><testcase classname="tests.test_command_runner_deep.TestRunCommand" name="test_flatpak_sandbox" time="0.001" /><testcase classname="tests.test_command_runner_deep.TestRunCommand" name="test_normal_command" time="0.001" /><testcase classname="tests.test_command_runner_deep.TestParseProgress" name="test_dnf_bar" time="0.001" /><testcase classname="tests.test_command_runner_deep.TestParseProgress" name="test_downloading_text" time="0.000" /><testcase classname="tests.test_command_runner_deep.TestParseProgress" name="test_flatpak_percent" time="0.001" /><testcase classname="tests.test_command_runner_deep.TestParseProgress" name="test_full_bar" time="0.001" /><testcase classname="tests.test_command_runner_deep.TestParseProgress" name="test_installing_text" time="0.000" /><testcase classname="tests.test_command_runner_deep.TestParseProgress" name="test_no_match" time="0.000" /><testcase classname="tests.test_command_runner_deep.TestParseProgress" name="test_paren_percent" time="0.001" /><testcase classname="tests.test_command_runner_deep.TestParseProgress" name="test_verifying_text" time="0.000" /><testcase classname="tests.test_command_runner_deep.TestHandleFinished" name="test_failure" time="0.001" /><testcase classname="tests.test_command_runner_deep.TestHandleFinished" name="test_success" time="0.000" /><testcase classname="tests.test_command_runner_deep.TestHandleError" name="test_error" time="0.001" /><testcase classname="tests.test_command_runner_deep.TestStop" name="test_stop_not_running" time="0.000"><failure message="AttributeError: type object '_Dummy' has no attribute 'ProcessState'">tests/test_command_runner_deep.py:131: in test_stop_not_running
    with patch.object(runner.process, 'state', return_value=QProcess.ProcessState.NotRunning):
                                                            ^^^^^^^^^^^^^^^^^^^^^
E   AttributeError: type object '_Dummy' has no attribute 'ProcessState'</failure></testcase><testcase classname="tests.test_command_runner_deep.TestStop" name="test_stop_running" time="0.000"><failure message="AttributeError: type object '_Dummy' has no attribute 'ProcessState'">tests/test_command_runner_deep.py:123: in test_stop_running
    with patch.object(runner.process, 'state', return_value=QProcess.ProcessState.Running):
                                                            ^^^^^^^^^^^^^^^^^^^^^
E   AttributeError: type object '_Dummy' has no attribute 'ProcessState'</failure></testcase><testcase classname="tests.test_command_runner_deep.TestHandleStdout" name="test_emits_output" time="0.001" /><testcase classname="tests.test_command_runner_deep.TestHandleStderr" name="test_emits_output" time="0.000" /><testcase classname="tests.test_command_worker.TestCommandWorkerInit" name="test_init_empty_args" time="0.000" /><testcase classname="tests.test_command_worker.TestCommandWorkerInit" name="test_init_none_args" time="0.000" /><testcase classname="tests.test_command_worker.TestCommandWorkerInit" name="test_init_with_defaults" time="0.000" /><testcase classname="tests.test_command_worker.TestCommandWorkerInit" name="test_init_with_description" time="0.000" /><testcase classname="tests.test_command_worker.TestCommandWorkerExecution" name="test_do_work_failure" time="0.002" /><testcase classname="tests.test_command_worker.TestCommandWorkerExecution" name="test_do_work_success" time="0.001" /><testcase classname="tests.test_command_worker.TestCommandWorkerExecution" name="test_error_handling" time="0.001" /><testcase classname="tests.test_command_worker.TestCommandWorkerExecution" name="test_output_capture" time="0.001" /><testcase classname="tests.test_command_worker.TestCommandWorkerExecution" name="test_progress_reporting" time="0.002" /><testcase classname="tests.test_command_worker.TestCommandWorkerCancellation" name="test_cancel_quits_event_loop" time="0.001" /><testcase classname="tests.test_command_worker.TestCommandWorkerCancellation" name="test_cancel_stops_runner" time="0.001" /><testcase classname="tests.test_command_worker.TestCommandWorkerCancellation" name="test_cancellation_during_output" time="0.000" /><testcase classname="tests.test_command_worker.TestCommandWorkerEdgeCases" name="test_multiple_outputs" time="0.001" /><testcase classname="tests.test_command_worker.TestCommandWorkerEdgeCases" name="test_negative_progress_percentage" time="0.001" /><testcase classname="tests.test_command_worker.TestCommandWorkerEdgeCases" name="test_no_result_from_worker" time="0.001" /><testcase classname="tests.test_command_worker.TestCommandWorkerEdgeCases" name="test_progress_over_100" time="0.001" /><testcase classname="tests.test_commands.TestPrivilegedCommandBuilders" name="test_dnf_atomic_install" time="0.001"><failure message="AssertionError: 'rpm-ostree' not found in ['dnf', 'install', '-y', 'vim']">tests/test_commands.py:37: in test_dnf_atomic_install
    self.assertIn("rpm-ostree", args)
E   AssertionError: 'rpm-ostree' not found in ['dnf', 'install', '-y', 'vim']</failure></testcase><testcase classname="tests.test_commands.TestPrivilegedCommandBuilders" name="test_dnf_clean" time="0.001" /><testcase classname="tests.test_commands.TestPrivilegedCommandBuilders" name="test_dnf_install" time="0.000" /><testcase classname="tests.test_commands.TestPrivilegedCommandBuilders" name="test_flatpak" time="0.000" /><testcase classname="tests.test_commands.TestPrivilegedCommandBuilders" name="test_fstrim" time="0.000" /><testcase classname="tests.test_commands.TestPrivilegedCommandBuilders" name="test_fwupd" time="0.000" /><testcase classname="tests.test_commands.TestPrivilegedCommandBuilders" name="test_journal_vacuum" time="0.000" /><testcase classname="tests.test_commands.TestPrivilegedCommandBuilders" name="test_rpm_rebuild" time="0.000" /><testcase classname="tests.test_commands.TestPrivilegedCommandBuilders" name="test_sysctl" time="0.001" /><testcase classname="tests.test_commands.TestPrivilegedCommandBuilders" name="test_systemctl" time="0.000" /><testcase classname="tests.test_commands.TestPrivilegedCommandBuilders" name="test_systemctl_user" time="0.000" /><testcase classname="tests.test_commands.TestPrivilegedCommandBuilders" name="test_write_file" time="0.000" /><testcase classname="tests.test_commands.TestParameterValidation" name="test_dnf_rejects_empty_action" time="0.001" /><testcase classname="tests.test_commands.TestParameterValidation" name="test_dnf_rejects_invalid_action" time="0.001" /><testcase classname="tests.test_commands.TestParameterValidation" name="test_sysctl_rejects_empty_key" time="0.001" /><testcase classname="tests.test_commands.TestParameterValidation" name="test_systemctl_rejects_empty_service" time="0.001" /><testcase classname="tests.test_commands.TestParameterValidation" name="test_valid_dnf_action_passes" time="0.001" /><testcase classname="tests.test_commands.TestParameterValidation" name="test_validation_failure_is_audit_logged" time="0.000" /><testcase classname="tests.test_commands.TestParameterValidation" name="test_write_file_rejects_empty_path" time="0.000" /><testcase classname="tests.test_commands.TestParameterValidation" name="test_write_file_rejects_path_traversal" time="0.001" /><testcase classname="tests.test_commands.TestPolkitMap" name="test_get_polkit_action_id_flatpak" time="0.000" /><testcase classname="tests.test_commands.TestPolkitMap" name="test_get_polkit_action_id_pkexec_dnf" time="0.000" /><testcase classname="tests.test_commands.TestPolkitMap" name="test_get_polkit_action_id_systemctl" time="0.000" /><testcase classname="tests.test_commands.TestPolkitMap" name="test_get_polkit_action_id_unknown" time="0.000" /><testcase classname="tests.test_commands.TestPolkitMap" name="test_polkit_map_has_core_entries" time="0.000" /><testcase classname="tests.test_commands.TestExecuteAndLog" name="test_derive_action_name_no_args" time="0.000" /><testcase classname="tests.test_commands.TestExecuteAndLog" name="test_derive_action_name_pkexec" time="0.001" /><testcase classname="tests.test_commands.TestExecuteAndLog" name="test_derive_action_name_simple" time="0.000" /><testcase classname="tests.test_commands.TestExecuteAndLog" name="test_execute_and_log_dry_run" time="0.000" /><testcase classname="tests.test_commands.TestExecuteAndLog" name="test_execute_and_log_success" time="0.001" /><testcase classname="tests.test_commands.TestExecuteAndLog" name="test_execute_and_log_timeout_raises" time="0.001" /><testcase classname="tests.test_commands.TestErrorClasses" name="test_command_timeout_error" time="0.000" /><testcase classname="tests.test_commands.TestErrorClasses" name="test_validation_error" time="0.000" /><testcase classname="tests.test_community_tab.TestCommunityTabMetadata" name="test_create_widget_returns_self" time="0.001" /><testcase classname="tests.test_community_tab.TestCommunityTabMetadata" name="test_metadata_has_correct_category" time="0.001" /><testcase classname="tests.test_community_tab.TestCommunityTabMetadata" name="test_metadata_has_correct_name" time="0.001" /><testcase classname="tests.test_community_tab.TestCommunityTabMetadata" name="test_metadata_has_order" time="0.001" /><testcase classname="tests.test_community_tab.TestCommunityTabMetadata" name="test_metadata_returns_plugin_metadata" time="0.001" /><testcase classname="tests.test_community_tab.TestRefreshList" name="test_refresh_list_clears_and_populates" time="0.001" /><testcase classname="tests.test_community_tab.TestRefreshList" name="test_refresh_list_empty" time="0.001" /><testcase classname="tests.test_community_tab.TestSavePreset" name="test_save_preset_cancelled" time="0.001" /><testcase classname="tests.test_community_tab.TestSavePreset" name="test_save_preset_failure" time="0.001" /><testcase classname="tests.test_community_tab.TestSavePreset" name="test_save_preset_success" time="0.001" /><testcase classname="tests.test_community_tab.TestLoadPreset" name="test_load_preset_failure" time="0.001" /><testcase classname="tests.test_community_tab.TestLoadPreset" name="test_load_preset_no_selection" time="0.001" /><testcase classname="tests.test_community_tab.TestLoadPreset" name="test_load_preset_success" time="0.001" /><testcase classname="tests.test_community_tab.TestDeletePreset" name="test_delete_preset_cancelled" time="0.001" /><testcase classname="tests.test_community_tab.TestDeletePreset" name="test_delete_preset_confirmed_failure" time="0.001" /><testcase classname="tests.test_community_tab.TestDeletePreset" name="test_delete_preset_confirmed_success" time="0.001" /><testcase classname="tests.test_community_tab.TestDeletePreset" name="test_delete_preset_no_selection" time="0.001" /><testcase classname="tests.test_community_tab.TestCommunityPresets" name="test_download_community_preset_failure" time="0.001" /><testcase classname="tests.test_community_tab.TestCommunityPresets" name="test_download_community_preset_no_id" time="0.001" /><testcase classname="tests.test_community_tab.TestCommunityPresets" name="test_download_community_preset_no_selection" time="0.001" /><testcase classname="tests.test_community_tab.TestCommunityPresets" name="test_download_community_preset_success" time="0.001" /><testcase classname="tests.test_community_tab.TestCommunityPresets" name="test_on_presets_fetched_failure" time="0.001" /><testcase classname="tests.test_community_tab.TestCommunityPresets" name="test_on_presets_fetched_success_empty" time="0.001" /><testcase classname="tests.test_community_tab.TestCommunityPresets" name="test_on_presets_fetched_success_with_presets" time="0.001" /><testcase classname="tests.test_community_tab.TestCommunityPresets" name="test_refresh_community_presets_starts_thread" time="0.001" /><testcase classname="tests.test_community_tab.TestExportImport" name="test_export_config_cancelled" time="0.001" /><testcase classname="tests.test_community_tab.TestExportImport" name="test_export_config_failure" time="0.001" /><testcase classname="tests.test_community_tab.TestExportImport" name="test_export_config_success" time="0.001" /><testcase classname="tests.test_community_tab.TestExportImport" name="test_import_config_cancelled_at_file" time="0.001" /><testcase classname="tests.test_community_tab.TestExportImport" name="test_import_config_failure" time="0.001" /><testcase classname="tests.test_community_tab.TestExportImport" name="test_import_config_success" time="0.002" /><testcase classname="tests.test_community_tab.TestCloudSync" name="test_pull_from_gist_download_failure" time="0.001" /><testcase classname="tests.test_community_tab.TestCloudSync" name="test_pull_from_gist_no_gist_id_cancelled" time="0.001" /><testcase classname="tests.test_community_tab.TestCloudSync" name="test_pull_from_gist_success_apply" time="0.001" /><testcase classname="tests.test_community_tab.TestCloudSync" name="test_push_to_gist_failure" time="0.001" /><testcase classname="tests.test_community_tab.TestCloudSync" name="test_push_to_gist_no_token" time="0.001" /><testcase classname="tests.test_community_tab.TestCloudSync" name="test_push_to_gist_success" time="0.001" /><testcase classname="tests.test_community_tab.TestCloudSync" name="test_save_token_already_saved" time="0.001" /><testcase classname="tests.test_community_tab.TestCloudSync" name="test_save_token_empty" time="0.001" /><testcase classname="tests.test_community_tab.TestCloudSync" name="test_save_token_invalid" time="0.001" /><testcase classname="tests.test_community_tab.TestCloudSync" name="test_save_token_save_fails" time="0.001" /><testcase classname="tests.test_community_tab.TestCloudSync" name="test_save_token_success" time="0.030" /><testcase classname="tests.test_community_tab.TestCloudSync" name="test_update_sync_status_connected" time="0.001" /><testcase classname="tests.test_community_tab.TestCloudSync" name="test_update_sync_status_not_configured" time="0.001" /><testcase classname="tests.test_community_tab.TestCloudSync" name="test_update_sync_status_partial" time="0.001" /><testcase classname="tests.test_community_tab.TestPlugins" name="test_on_plugin_selected_none" time="0.001" /><testcase classname="tests.test_community_tab.TestPlugins" name="test_on_plugin_selected_with_manifest" time="0.001" /><testcase classname="tests.test_community_tab.TestPlugins" name="test_refresh_plugins_no_plugins" time="0.001" /><testcase classname="tests.test_community_tab.TestPlugins" name="test_refresh_plugins_with_plugins" time="0.001" /><testcase classname="tests.test_community_tab.TestPlugins" name="test_set_selected_plugin_enable" time="0.001" /><testcase classname="tests.test_community_tab.TestPlugins" name="test_set_selected_plugin_no_name" time="0.001" /><testcase classname="tests.test_community_tab.TestPlugins" name="test_set_selected_plugin_no_selection" time="0.001" /><testcase classname="tests.test_community_tab.TestFeaturedPlugins" name="test_load_featured_plugins_empty" time="0.001" /><testcase classname="tests.test_community_tab.TestFeaturedPlugins" name="test_load_featured_plugins_exception" time="0.001" /><testcase classname="tests.test_community_tab.TestFeaturedPlugins" name="test_load_featured_plugins_success" time="0.001" /><testcase classname="tests.test_community_tab.TestFeaturedPlugins" name="test_on_featured_selected_no_data" time="0.001" /><testcase classname="tests.test_community_tab.TestFeaturedPlugins" name="test_on_featured_selected_none" time="0.001" /><testcase classname="tests.test_community_tab.TestFeaturedPlugins" name="test_on_featured_selected_with_plugin" time="0.001" /><testcase classname="tests.test_community_tab.TestMarketplaceFetch" name="test_filter_by_category_calls_search" time="0.001" /><testcase classname="tests.test_community_tab.TestMarketplaceFetch" name="test_on_marketplace_fetch_complete_failure" time="0.001" /><testcase classname="tests.test_community_tab.TestMarketplaceFetch" name="test_on_marketplace_fetch_complete_success" time="0.001" /><testcase classname="tests.test_community_tab.TestMarketplaceFetch" name="test_on_marketplace_preset_selected_no_data" time="0.001" /><testcase classname="tests.test_community_tab.TestMarketplaceFetch" name="test_on_marketplace_preset_selected_with_data" time="0.001" /><testcase classname="tests.test_community_tab.TestMarketplaceFetch" name="test_search_presets" time="0.001" /><testcase classname="tests.test_community_tab.TestMarketplaceDownload" name="test_download_and_apply_apply_fails" time="0.001" /><testcase classname="tests.test_community_tab.TestMarketplaceDownload" name="test_download_and_apply_download_fails" time="0.001" /><testcase classname="tests.test_community_tab.TestMarketplaceDownload" name="test_download_and_apply_success" time="0.001" /><testcase classname="tests.test_community_tab.TestMarketplaceDownload" name="test_download_marketplace_preset_failure" time="0.001" /><testcase classname="tests.test_community_tab.TestMarketplaceDownload" name="test_download_marketplace_preset_no_selected" time="0.005" /><testcase classname="tests.test_community_tab.TestMarketplaceDownload" name="test_download_marketplace_preset_success" time="0.001" /><testcase classname="tests.test_community_tab.TestDriftDetection" name="test_check_drift_drifted" time="0.001" /><testcase classname="tests.test_community_tab.TestDriftDetection" name="test_check_drift_no_baseline" time="0.001" /><testcase classname="tests.test_community_tab.TestDriftDetection" name="test_check_drift_not_drifted" time="0.001" /><testcase classname="tests.test_community_tab.TestDriftDetection" name="test_clear_baseline" time="0.001" /><testcase classname="tests.test_community_tab.TestDriftDetection" name="test_update_drift_status_no_snapshot" time="0.001" /><testcase classname="tests.test_community_tab.TestDriftDetection" name="test_update_drift_status_with_snapshot" time="0.001" /><testcase classname="tests.test_community_tab.TestNormalizeAndBadge" name="test_build_badge_rating_none" time="0.002" /><testcase classname="tests.test_community_tab.TestNormalizeAndBadge" name="test_build_badge_rating_unverified_no_rating" time="0.001" /><testcase classname="tests.test_community_tab.TestNormalizeAndBadge" name="test_build_badge_rating_verified_with_badge" time="0.001" /><testcase classname="tests.test_community_tab.TestNormalizeAndBadge" name="test_normalize_none" time="0.001" /><testcase classname="tests.test_community_tab.TestNormalizeAndBadge" name="test_normalize_spaces_underscores" time="0.001" /><testcase classname="tests.test_community_tab.TestNormalizeAndBadge" name="test_normalize_strips_whitespace" time="0.001" /><testcase classname="tests.test_community_tab.TestReviewSubmission" name="test_submit_review_comment_too_long" time="0.001" /><testcase classname="tests.test_community_tab.TestReviewSubmission" name="test_submit_review_failure" time="0.004" /><testcase classname="tests.test_community_tab.TestReviewSubmission" name="test_submit_review_no_plugin_id" time="0.001" /><testcase classname="tests.test_community_tab.TestReviewSubmission" name="test_submit_review_no_reviewer" time="0.001" /><testcase classname="tests.test_community_tab.TestReviewSubmission" name="test_submit_review_rating_out_of_range" time="0.004" /><testcase classname="tests.test_community_tab.TestReviewSubmission" name="test_submit_review_success" time="0.001" /><testcase classname="tests.test_community_tab.TestReviewSubmission" name="test_submit_review_title_too_long" time="0.001" /><testcase classname="tests.test_community_tab.TestAnalytics" name="test_on_analytics_opt_in_changed_checked" time="0.001" /><testcase classname="tests.test_community_tab.TestAnalytics" name="test_on_analytics_opt_in_changed_unchecked" time="0.001" /><testcase classname="tests.test_community_tab.TestAnalytics" name="test_track_analytics_event" time="0.001" /><testcase classname="tests.test_community_tab.TestAnalytics" name="test_track_analytics_event_defaults" time="0.001" /><testcase classname="tests.test_community_tab.TestAnalytics" name="test_update_analytics_status_disabled" time="0.001" /><testcase classname="tests.test_community_tab.TestAnalytics" name="test_update_analytics_status_enabled" time="0.002" /><testcase classname="tests.test_community_tab.TestSetReviewFeedback" name="test_set_review_feedback_error" time="0.003" /><testcase classname="tests.test_community_tab.TestSetReviewFeedback" name="test_set_review_feedback_success" time="0.001" /><testcase classname="tests.test_community_tab.TestCompatibilityHelpers" name="test_install_marketplace_plugin_no_metadata_id" time="0.002" /><testcase classname="tests.test_community_tab.TestCompatibilityHelpers" name="test_install_marketplace_plugin_no_plugin" time="0.001" /><testcase classname="tests.test_community_tab.TestCompatibilityHelpers" name="test_install_marketplace_plugin_success" time="0.005" /><testcase classname="tests.test_community_tab.TestCompatibilityHelpers" name="test_search_marketplace_plugins_empty" time="0.001" /><testcase classname="tests.test_community_tab.TestCompatibilityHelpers" name="test_search_marketplace_plugins_fallback" time="0.001" /><testcase classname="tests.test_community_tab.TestCompatibilityHelpers" name="test_search_marketplace_plugins_with_search_method" time="0.001" /><testcase classname="tests.test_community_tab.TestFetchPresetsThread" name="test_thread_class_exists" time="0.000" /><testcase classname="tests.test_community_tab.TestFetchPresetsThread" name="test_thread_has_finished_signal" time="0.000" /><testcase classname="tests.test_community_tab.TestFetchMarketplaceThread" name="test_thread_class_exists" time="0.000" /><testcase classname="tests.test_community_tab.TestFetchMarketplaceThread" name="test_thread_has_finished_signal" time="0.000" /><testcase classname="tests.test_config_manager.TestEnsureDirs" name="test_ensure_dirs_creates_config_dir" time="0.000" /><testcase classname="tests.test_config_manager.TestEnsureDirs" name="test_ensure_dirs_creates_presets_dir" time="0.000" /><testcase classname="tests.test_config_manager.TestGetConfigVersion" name="test_version_format" time="0.000" /><testcase classname="tests.test_config_manager.TestGetConfigVersion" name="test_version_is_string" time="0.000" /><testcase classname="tests.test_config_manager.TestGetSystemInfo" name="test_get_system_info_fallback_os" time="0.001" /><testcase classname="tests.test_config_manager.TestGetSystemInfo" name="test_get_system_info_full" time="0.061" /><testcase classname="tests.test_config_manager.TestGatherRepoSettings" name="test_gather_repo_settings_handles_error" time="0.001" /><testcase classname="tests.test_config_manager.TestGatherRepoSettings" name="test_gather_repo_settings_parses_repos" time="0.001" /><testcase classname="tests.test_config_manager.TestGatherFlatpakApps" name="test_gather_flatpak_apps_handles_error" time="0.001" /><testcase classname="tests.test_config_manager.TestGatherFlatpakApps" name="test_gather_flatpak_apps_success" time="0.001" /><testcase classname="tests.test_config_manager.TestExportToFile" name="test_export_to_file_error" time="0.001" /><testcase classname="tests.test_config_manager.TestExportToFile" name="test_export_to_file_success" time="0.001" /><testcase classname="tests.test_config_manager.TestImportFromFile" name="test_import_from_file_invalid_json" time="0.000" /><testcase classname="tests.test_config_manager.TestImportFromFile" name="test_import_from_file_not_found" time="0.000" /><testcase classname="tests.test_config_manager.TestImportFromFile" name="test_import_from_file_success" time="0.001" /><testcase classname="tests.test_config_manager.TestImportAll" name="test_import_all_empty_settings" time="0.001" /><testcase classname="tests.test_config_manager.TestImportAll" name="test_import_all_missing_version" time="0.000" /><testcase classname="tests.test_config_manager.TestSaveAndLoadConfig" name="test_load_config_missing_file" time="0.000" /><testcase classname="tests.test_config_manager.TestSaveAndLoadConfig" name="test_save_and_load_config_roundtrip" time="0.001" /><testcase classname="tests.test_config_manager.TestSaveAndLoadConfig" name="test_save_config_returns_false_on_error" time="0.001" /><testcase classname="tests.test_confirm_dialog.TestConfirmActionDialogCreation" name="test_creates_with_all_params" time="0.001"><failure message="AttributeError: module 'ui' has no attribute 'confirm_dialog'">/usr/lib64/python3.14/unittest/mock.py:1429: in patched
    with self.decoration_helper(patched,
/usr/lib64/python3.14/contextlib.py:141: in __enter__
    return next(self.gen)
           ^^^^^^^^^^^^^^
/usr/lib64/python3.14/unittest/mock.py:1411: in decoration_helper
    arg = exit_stack.enter_context(patching)
          ^^^^^^^^^^^^^^^^^^^^^^^^^^^^^^^^^^
/usr/lib64/python3.14/contextlib.py:530: in enter_context
    result = _enter(cm)
             ^^^^^^^^^^
/usr/lib64/python3.14/unittest/mock.py:1487: in __enter__
    self.target = self.getter()
                  ^^^^^^^^^^^^^
/usr/lib64/python3.14/pkgutil.py:473: in resolve_name
    result = getattr(result, p)
             ^^^^^^^^^^^^^^^^^^
E   AttributeError: module 'ui' has no attribute 'confirm_dialog'</failure></testcase><testcase classname="tests.test_confirm_dialog.TestConfirmActionDialogCreation" name="test_snapshot_requested_default_false" time="0.001"><failure message="ImportError: cannot import name 'QCheckBox' from 'PyQt6.QtWidgets' (unknown location)">tests/test_confirm_dialog.py:42: in test_snapshot_requested_default_false
    from ui.confirm_dialog import ConfirmActionDialog
loofi-fedora-tweaks/ui/confirm_dialog.py:23: in &lt;module&gt;
    from PyQt6.QtWidgets import (
E   ImportError: cannot import name 'QCheckBox' from 'PyQt6.QtWidgets' (unknown location)</failure></testcase><testcase classname="tests.test_confirm_dialog.TestConfirmStaticMethod" name="test_confirm_falls_through_on_settings_error" time="0.001"><failure message="AttributeError: module 'ui' has no attribute 'confirm_dialog'">/usr/lib64/python3.14/unittest/mock.py:1429: in patched
    with self.decoration_helper(patched,
/usr/lib64/python3.14/contextlib.py:141: in __enter__
    return next(self.gen)
           ^^^^^^^^^^^^^^
/usr/lib64/python3.14/unittest/mock.py:1411: in decoration_helper
    arg = exit_stack.enter_context(patching)
          ^^^^^^^^^^^^^^^^^^^^^^^^^^^^^^^^^^
/usr/lib64/python3.14/contextlib.py:530: in enter_context
    result = _enter(cm)
             ^^^^^^^^^^
/usr/lib64/python3.14/unittest/mock.py:1487: in __enter__
    self.target = self.getter()
                  ^^^^^^^^^^^^^
/usr/lib64/python3.14/pkgutil.py:473: in resolve_name
    result = getattr(result, p)
             ^^^^^^^^^^^^^^^^^^
E   AttributeError: module 'ui' has no attribute 'confirm_dialog'</failure></testcase><testcase classname="tests.test_confirm_dialog.TestConfirmStaticMethod" name="test_confirm_returns_false_when_rejected" time="0.001"><failure message="AttributeError: module 'ui' has no attribute 'confirm_dialog'">/usr/lib64/python3.14/unittest/mock.py:1429: in patched
    with self.decoration_helper(patched,
/usr/lib64/python3.14/contextlib.py:141: in __enter__
    return next(self.gen)
           ^^^^^^^^^^^^^^
/usr/lib64/python3.14/unittest/mock.py:1411: in decoration_helper
    arg = exit_stack.enter_context(patching)
          ^^^^^^^^^^^^^^^^^^^^^^^^^^^^^^^^^^
/usr/lib64/python3.14/contextlib.py:530: in enter_context
    result = _enter(cm)
             ^^^^^^^^^^
/usr/lib64/python3.14/unittest/mock.py:1487: in __enter__
    self.target = self.getter()
                  ^^^^^^^^^^^^^
/usr/lib64/python3.14/pkgutil.py:473: in resolve_name
    result = getattr(result, p)
             ^^^^^^^^^^^^^^^^^^
E   AttributeError: module 'ui' has no attribute 'confirm_dialog'</failure></testcase><testcase classname="tests.test_confirm_dialog.TestConfirmStaticMethod" name="test_confirm_returns_true_when_setting_true_and_accepted" time="0.001"><failure message="AttributeError: module 'ui' has no attribute 'confirm_dialog'">/usr/lib64/python3.14/unittest/mock.py:1429: in patched
    with self.decoration_helper(patched,
/usr/lib64/python3.14/contextlib.py:141: in __enter__
    return next(self.gen)
           ^^^^^^^^^^^^^^
/usr/lib64/python3.14/unittest/mock.py:1411: in decoration_helper
    arg = exit_stack.enter_context(patching)
          ^^^^^^^^^^^^^^^^^^^^^^^^^^^^^^^^^^
/usr/lib64/python3.14/contextlib.py:530: in enter_context
    result = _enter(cm)
             ^^^^^^^^^^
/usr/lib64/python3.14/unittest/mock.py:1487: in __enter__
    self.target = self.getter()
                  ^^^^^^^^^^^^^
/usr/lib64/python3.14/pkgutil.py:473: in resolve_name
    result = getattr(result, p)
             ^^^^^^^^^^^^^^^^^^
E   AttributeError: module 'ui' has no attribute 'confirm_dialog'</failure></testcase><testcase classname="tests.test_confirm_dialog.TestConfirmStaticMethod" name="test_force_shows_dialog_even_if_setting_disabled" time="0.001"><failure message="AttributeError: module 'ui' has no attribute 'confirm_dialog'">/usr/lib64/python3.14/unittest/mock.py:1429: in patched
    with self.decoration_helper(patched,
/usr/lib64/python3.14/contextlib.py:141: in __enter__
    return next(self.gen)
           ^^^^^^^^^^^^^^
/usr/lib64/python3.14/unittest/mock.py:1411: in decoration_helper
    arg = exit_stack.enter_context(patching)
          ^^^^^^^^^^^^^^^^^^^^^^^^^^^^^^^^^^
/usr/lib64/python3.14/contextlib.py:530: in enter_context
    result = _enter(cm)
             ^^^^^^^^^^
/usr/lib64/python3.14/unittest/mock.py:1487: in __enter__
    self.target = self.getter()
                  ^^^^^^^^^^^^^
/usr/lib64/python3.14/pkgutil.py:473: in resolve_name
    result = getattr(result, p)
             ^^^^^^^^^^^^^^^^^^
E   AttributeError: module 'ui' has no attribute 'confirm_dialog'</failure></testcase><testcase classname="tests.test_confirm_dialog.TestConfirmStaticMethod" name="test_returns_true_when_setting_disabled" time="0.001"><failure message="AttributeError: module 'ui' has no attribute 'confirm_dialog'">/usr/lib64/python3.14/unittest/mock.py:1429: in patched
    with self.decoration_helper(patched,
/usr/lib64/python3.14/contextlib.py:141: in __enter__
    return next(self.gen)
           ^^^^^^^^^^^^^^
/usr/lib64/python3.14/unittest/mock.py:1411: in decoration_helper
    arg = exit_stack.enter_context(patching)
          ^^^^^^^^^^^^^^^^^^^^^^^^^^^^^^^^^^
/usr/lib64/python3.14/contextlib.py:530: in enter_context
    result = _enter(cm)
             ^^^^^^^^^^
/usr/lib64/python3.14/unittest/mock.py:1487: in __enter__
    self.target = self.getter()
                  ^^^^^^^^^^^^^
/usr/lib64/python3.14/pkgutil.py:473: in resolve_name
    result = getattr(result, p)
             ^^^^^^^^^^^^^^^^^^
E   AttributeError: module 'ui' has no attribute 'confirm_dialog'</failure></testcase><testcase classname="tests.test_confirm_dialog.TestOnConfirm" name="test_on_confirm_no_snapshot_checkbox" time="0.001"><failure message="AttributeError: module 'ui' has no attribute 'confirm_dialog'">/usr/lib64/python3.14/unittest/mock.py:1429: in patched
    with self.decoration_helper(patched,
/usr/lib64/python3.14/contextlib.py:141: in __enter__
    return next(self.gen)
           ^^^^^^^^^^^^^^
/usr/lib64/python3.14/unittest/mock.py:1411: in decoration_helper
    arg = exit_stack.enter_context(patching)
          ^^^^^^^^^^^^^^^^^^^^^^^^^^^^^^^^^^
/usr/lib64/python3.14/contextlib.py:530: in enter_context
    result = _enter(cm)
             ^^^^^^^^^^
/usr/lib64/python3.14/unittest/mock.py:1487: in __enter__
    self.target = self.getter()
                  ^^^^^^^^^^^^^
/usr/lib64/python3.14/pkgutil.py:473: in resolve_name
    result = getattr(result, p)
             ^^^^^^^^^^^^^^^^^^
E   AttributeError: module 'ui' has no attribute 'confirm_dialog'</failure></testcase><testcase classname="tests.test_confirm_dialog.TestOnConfirm" name="test_on_confirm_no_snapshot_when_unchecked" time="0.001"><failure message="AttributeError: module 'ui' has no attribute 'confirm_dialog'">/usr/lib64/python3.14/unittest/mock.py:1429: in patched
    with self.decoration_helper(patched,
/usr/lib64/python3.14/contextlib.py:141: in __enter__
    return next(self.gen)
           ^^^^^^^^^^^^^^
/usr/lib64/python3.14/unittest/mock.py:1411: in decoration_helper
    arg = exit_stack.enter_context(patching)
          ^^^^^^^^^^^^^^^^^^^^^^^^^^^^^^^^^^
/usr/lib64/python3.14/contextlib.py:530: in enter_context
    result = _enter(cm)
             ^^^^^^^^^^
/usr/lib64/python3.14/unittest/mock.py:1487: in __enter__
    self.target = self.getter()
                  ^^^^^^^^^^^^^
/usr/lib64/python3.14/pkgutil.py:473: in resolve_name
    result = getattr(result, p)
             ^^^^^^^^^^^^^^^^^^
E   AttributeError: module 'ui' has no attribute 'confirm_dialog'</failure></testcase><testcase classname="tests.test_confirm_dialog.TestOnConfirm" name="test_on_confirm_records_snapshot_request" time="0.001"><failure message="AttributeError: module 'ui' has no attribute 'confirm_dialog'">/usr/lib64/python3.14/unittest/mock.py:1429: in patched
    with self.decoration_helper(patched,
/usr/lib64/python3.14/contextlib.py:141: in __enter__
    return next(self.gen)
           ^^^^^^^^^^^^^^
/usr/lib64/python3.14/unittest/mock.py:1411: in decoration_helper
    arg = exit_stack.enter_context(patching)
          ^^^^^^^^^^^^^^^^^^^^^^^^^^^^^^^^^^
/usr/lib64/python3.14/contextlib.py:530: in enter_context
    result = _enter(cm)
             ^^^^^^^^^^
/usr/lib64/python3.14/unittest/mock.py:1487: in __enter__
    self.target = self.getter()
                  ^^^^^^^^^^^^^
/usr/lib64/python3.14/pkgutil.py:473: in resolve_name
    result = getattr(result, p)
             ^^^^^^^^^^^^^^^^^^
E   AttributeError: module 'ui' has no attribute 'confirm_dialog'</failure></testcase><testcase classname="tests.test_confirm_dialog.TestOnConfirm" name="test_on_confirm_saves_dont_ask_preference" time="0.001"><failure message="AttributeError: module 'ui' has no attribute 'confirm_dialog'">/usr/lib64/python3.14/unittest/mock.py:1429: in patched
    with self.decoration_helper(patched,
/usr/lib64/python3.14/contextlib.py:141: in __enter__
    return next(self.gen)
           ^^^^^^^^^^^^^^
/usr/lib64/python3.14/unittest/mock.py:1411: in decoration_helper
    arg = exit_stack.enter_context(patching)
          ^^^^^^^^^^^^^^^^^^^^^^^^^^^^^^^^^^
/usr/lib64/python3.14/contextlib.py:530: in enter_context
    result = _enter(cm)
             ^^^^^^^^^^
/usr/lib64/python3.14/unittest/mock.py:1487: in __enter__
    self.target = self.getter()
                  ^^^^^^^^^^^^^
/usr/lib64/python3.14/pkgutil.py:473: in resolve_name
    result = getattr(result, p)
             ^^^^^^^^^^^^^^^^^^
E   AttributeError: module 'ui' has no attribute 'confirm_dialog'</failure></testcase><testcase classname="tests.test_containers_deep.TestIsAvailable" name="test_available" time="0.001" /><testcase classname="tests.test_containers_deep.TestIsAvailable" name="test_not_available" time="0.000" /><testcase classname="tests.test_containers_deep.TestListContainers" name="test_command_failure" time="0.001" /><testcase classname="tests.test_containers_deep.TestListContainers" name="test_created_status" time="0.001" /><testcase classname="tests.test_containers_deep.TestListContainers" name="test_empty_output" time="0.001" /><testcase classname="tests.test_containers_deep.TestListContainers" name="test_exception" time="0.001" /><testcase classname="tests.test_containers_deep.TestListContainers" name="test_not_available" time="0.000" /><testcase classname="tests.test_containers_deep.TestListContainers" name="test_parse_output" time="0.001" /><testcase classname="tests.test_containers_deep.TestListContainers" name="test_parse_running_up" time="0.000" /><testcase classname="tests.test_containers_deep.TestListContainers" name="test_short_line_skipped" time="0.001" /><testcase classname="tests.test_containers_deep.TestListContainers" name="test_timeout" time="0.000" /><testcase classname="tests.test_containers_deep.TestListContainers" name="test_unknown_status" time="0.001" /><testcase classname="tests.test_containers_deep.TestCreateContainer" name="test_exception" time="0.001" /><testcase classname="tests.test_containers_deep.TestCreateContainer" name="test_failure" time="0.001" /><testcase classname="tests.test_containers_deep.TestCreateContainer" name="test_invalid_name" time="0.000" /><testcase classname="tests.test_containers_deep.TestCreateContainer" name="test_not_available" time="0.000" /><testcase classname="tests.test_containers_deep.TestCreateContainer" name="test_success_custom_image" time="0.000" /><testcase classname="tests.test_containers_deep.TestCreateContainer" name="test_success_default_image" time="0.001" /><testcase classname="tests.test_containers_deep.TestCreateContainer" name="test_success_no_home_sharing" time="0.000" /><testcase classname="tests.test_containers_deep.TestCreateContainer" name="test_timeout" time="0.000" /><testcase classname="tests.test_containers_deep.TestCreateContainer" name="test_with_additional_packages" time="0.001" /><testcase classname="tests.test_containers_deep.TestEnterContainer" name="test_exception" time="0.001" /><testcase classname="tests.test_containers_deep.TestEnterContainer" name="test_not_available" time="0.000" /><testcase classname="tests.test_containers_deep.TestEnterContainer" name="test_success" time="0.001" /><testcase classname="tests.test_containers_deep.TestGetEnterCommand" name="test_returns_string" time="0.000" /><testcase classname="tests.test_containers_deep.TestDeleteContainer" name="test_exception" time="0.000" /><testcase classname="tests.test_containers_deep.TestDeleteContainer" name="test_failure" time="0.000" /><testcase classname="tests.test_containers_deep.TestDeleteContainer" name="test_force_delete" time="0.000" /><testcase classname="tests.test_containers_deep.TestDeleteContainer" name="test_not_available" time="0.000" /><testcase classname="tests.test_containers_deep.TestDeleteContainer" name="test_success" time="0.001" /><testcase classname="tests.test_containers_deep.TestDeleteContainer" name="test_timeout" time="0.000" /><testcase classname="tests.test_containers_deep.TestStopContainer" name="test_exception" time="0.001" /><testcase classname="tests.test_containers_deep.TestStopContainer" name="test_failure" time="0.000" /><testcase classname="tests.test_containers_deep.TestStopContainer" name="test_not_available" time="0.000" /><testcase classname="tests.test_containers_deep.TestStopContainer" name="test_success" time="0.000" /><testcase classname="tests.test_containers_deep.TestGetAvailableImages" name="test_returns_copy" time="0.000" /><testcase classname="tests.test_containers_deep.TestExportApp" name="test_exception" time="0.000" /><testcase classname="tests.test_containers_deep.TestExportApp" name="test_failure" time="0.000" /><testcase classname="tests.test_containers_deep.TestExportApp" name="test_not_available" time="0.000" /><testcase classname="tests.test_containers_deep.TestExportApp" name="test_success" time="0.001" /><testcase classname="tests.test_context_rag.TestGetIndexPath" name="test_get_index_file_path_appends_filename" time="0.000" /><testcase classname="tests.test_context_rag.TestGetIndexPath" name="test_get_index_path_returns_expected" time="0.000" /><testcase classname="tests.test_context_rag.TestIsSensitiveFilename" name="test_case_insensitive" time="0.000" /><testcase classname="tests.test_context_rag.TestIsSensitiveFilename" name="test_key_keyword" time="0.000" /><testcase classname="tests.test_context_rag.TestIsSensitiveFilename" name="test_password_keyword" time="0.000" /><testcase classname="tests.test_context_rag.TestIsSensitiveFilename" name="test_safe_filename" time="0.000" /><testcase classname="tests.test_context_rag.TestIsSensitiveFilename" name="test_secret_keyword" time="0.000" /><testcase classname="tests.test_context_rag.TestIsSensitiveFilename" name="test_token_keyword" time="0.000" /><testcase classname="tests.test_context_rag.TestIsBinaryFile" name="test_binary_file_with_null" time="0.001" /><testcase classname="tests.test_context_rag.TestIsBinaryFile" name="test_ioerror_treated_as_binary" time="0.000" /><testcase classname="tests.test_context_rag.TestIsBinaryFile" name="test_text_file_not_binary" time="0.001" /><testcase classname="tests.test_context_rag.TestIsBinaryFile" name="test_unreadable_file_treated_as_binary" time="0.000" /><testcase classname="tests.test_context_rag.TestChunkText" name="test_empty_text" time="0.000" /><testcase classname="tests.test_context_rag.TestChunkText" name="test_exact_chunk_size" time="0.000" /><testcase classname="tests.test_context_rag.TestChunkText" name="test_long_text_produces_overlapping_chunks" time="0.000" /><testcase classname="tests.test_context_rag.TestChunkText" name="test_overlap_between_chunks" time="0.000" /><testcase classname="tests.test_context_rag.TestChunkText" name="test_short_text_single_chunk" time="0.000" /><testcase classname="tests.test_context_rag.TestChunkText" name="test_whitespace_only" time="0.000" /><testcase classname="tests.test_context_rag.TestResolvePaths" name="test_defaults_to_indexable_paths" time="0.001" /><testcase classname="tests.test_context_rag.TestResolvePaths" name="test_handles_walk_permission_error" time="0.001" /><testcase classname="tests.test_context_rag.TestResolvePaths" name="test_resolves_single_file" time="0.001" /><testcase classname="tests.test_context_rag.TestResolvePaths" name="test_skips_binary_file" time="0.001" /><testcase classname="tests.test_context_rag.TestResolvePaths" name="test_skips_file_on_stat_error" time="0.001" /><testcase classname="tests.test_context_rag.TestResolvePaths" name="test_skips_oversized_file" time="0.001" /><testcase classname="tests.test_context_rag.TestResolvePaths" name="test_skips_sensitive_file" time="0.001" /><testcase classname="tests.test_context_rag.TestResolvePaths" name="test_walks_directories" time="0.001" /><testcase classname="tests.test_context_rag.TestScanIndexableFiles" name="test_scan_missing_path_not_indexable" time="0.001" /><testcase classname="tests.test_context_rag.TestScanIndexableFiles" name="test_scan_returns_file_info" time="0.001" /><testcase classname="tests.test_context_rag.TestFileInfo" name="test_file_info_normal" time="0.001" /><testcase classname="tests.test_context_rag.TestFileInfo" name="test_file_info_oversized_not_indexable" time="0.000" /><testcase classname="tests.test_context_rag.TestFileInfo" name="test_file_info_sensitive_not_indexable" time="0.000" /><testcase classname="tests.test_context_rag.TestFileInfo" name="test_file_info_stat_error" time="0.000" /><testcase classname="tests.test_context_rag.TestBuildIndex" name="test_build_index_callback_called" time="0.001" /><testcase classname="tests.test_context_rag.TestBuildIndex" name="test_build_index_empty_content" time="0.001" /><testcase classname="tests.test_context_rag.TestBuildIndex" name="test_build_index_makedirs_failure" time="0.000" /><testcase classname="tests.test_context_rag.TestBuildIndex" name="test_build_index_no_files" time="0.000" /><testcase classname="tests.test_context_rag.TestBuildIndex" name="test_build_index_success" time="0.001" /><testcase classname="tests.test_context_rag.TestBuildIndex" name="test_build_index_unreadable_file_skipped" time="0.001" /><testcase classname="tests.test_context_rag.TestBuildIndex" name="test_build_index_write_failure" time="0.001" /><testcase classname="tests.test_context_rag.TestSearchIndex" name="test_search_corrupt_index" time="0.001" /><testcase classname="tests.test_context_rag.TestSearchIndex" name="test_search_empty_chunks_list" time="0.001" /><testcase classname="tests.test_context_rag.TestSearchIndex" name="test_search_empty_query" time="0.001" /><testcase classname="tests.test_context_rag.TestSearchIndex" name="test_search_no_index_file" time="0.000" /><testcase classname="tests.test_context_rag.TestSearchIndex" name="test_search_no_matching_chunks" time="0.000" /><testcase classname="tests.test_context_rag.TestSearchIndex" name="test_search_respects_max_results" time="0.001" /><testcase classname="tests.test_context_rag.TestSearchIndex" name="test_search_results_have_score" time="0.000" /><testcase classname="tests.test_context_rag.TestSearchIndex" name="test_search_returns_matching_results" time="0.001" /><testcase classname="tests.test_context_rag.TestGetIndexStats" name="test_stats_corrupt_json" time="0.001" /><testcase classname="tests.test_context_rag.TestGetIndexStats" name="test_stats_no_index" time="0.001" /><testcase classname="tests.test_context_rag.TestGetIndexStats" name="test_stats_valid_index" time="0.001" /><testcase classname="tests.test_context_rag.TestClearIndex" name="test_clear_existing_index" time="0.001" /><testcase classname="tests.test_context_rag.TestClearIndex" name="test_clear_no_index" time="0.000" /><testcase classname="tests.test_context_rag.TestClearIndex" name="test_clear_permission_error" time="0.001" /><testcase classname="tests.test_context_rag.TestIsIndexed" name="test_indexed_with_valid_index" time="0.001" /><testcase classname="tests.test_context_rag.TestIsIndexed" name="test_not_indexed_corrupt_json" time="0.001" /><testcase classname="tests.test_context_rag.TestIsIndexed" name="test_not_indexed_when_no_file" time="0.000" /><testcase classname="tests.test_context_rag.TestIsIndexed" name="test_not_indexed_with_zero_chunks" time="0.001" /><testcase classname="tests.test_context_rag.TestConstants" name="test_chunk_overlap_less_than_size" time="0.000" /><testcase classname="tests.test_context_rag.TestConstants" name="test_chunk_size_positive" time="0.000" /><testcase classname="tests.test_context_rag.TestConstants" name="test_indexable_paths_is_list" time="0.000" /><testcase classname="tests.test_context_rag.TestConstants" name="test_max_file_size_one_mb" time="0.000" /><testcase classname="tests.test_context_rag.TestConstants" name="test_max_index_size_fifty_mb" time="0.000" /><testcase classname="tests.test_context_rag.TestConstants" name="test_sensitive_keywords_has_expected_entries" time="0.000" /><testcase classname="tests.test_daemon.TestDaemonSignalHandler" name="test_signal_handler_handles_sigint" time="0.001" /><testcase classname="tests.test_daemon.TestDaemonSignalHandler" name="test_signal_handler_sets_running_false" time="0.000" /><testcase classname="tests.test_daemon.TestGetPowerState" name="test_get_power_state_ac_via_sys" time="0.001" /><testcase classname="tests.test_daemon.TestGetPowerState" name="test_get_power_state_ac_via_upower" time="0.000" /><testcase classname="tests.test_daemon.TestGetPowerState" name="test_get_power_state_battery_via_upower" time="0.001" /><testcase classname="tests.test_daemon.TestGetPowerState" name="test_get_power_state_exception_returns_ac" time="0.001" /><testcase classname="tests.test_daemon.TestCheckPowerTriggers" name="test_check_power_triggers_detects_state_change" time="0.001" /><testcase classname="tests.test_daemon.TestCheckPowerTriggers" name="test_check_power_triggers_initializes_state" time="0.001" /><testcase classname="tests.test_daemon.TestCheckPowerTriggers" name="test_check_power_triggers_no_change" time="0.001" /><testcase classname="tests.test_daemon.TestRunBootTasks" name="test_run_boot_tasks_empty_list" time="0.001" /><testcase classname="tests.test_daemon.TestRunBootTasks" name="test_run_boot_tasks_executes_all_boot_tasks" time="0.002" /><testcase classname="tests.test_daemon.TestRunDueTasks" name="test_run_due_tasks_executes_due_tasks" time="0.001" /><testcase classname="tests.test_daemon.TestRunDueTasks" name="test_run_due_tasks_handles_task_failure" time="0.001" /><testcase classname="tests.test_daemon.TestRunDueTasks" name="test_run_due_tasks_no_due_tasks" time="0.001" /><testcase classname="tests.test_daemon.TestDaemonRun" name="test_run_calls_boot_tasks_on_startup" time="0.002" /><testcase classname="tests.test_daemon.TestDaemonRun" name="test_run_registers_signal_handlers" time="0.002" /><testcase classname="tests.test_daemon.TestDaemonRun" name="test_run_stops_on_running_false" time="0.003" /><testcase classname="tests.test_daemon.TestDaemonConstants" name="test_check_interval_is_reasonable" time="0.000" /><testcase classname="tests.test_daemon.TestDaemonConstants" name="test_power_check_interval_is_reasonable" time="0.000" /><testcase classname="tests.test_daemon.TestDaemonMain" name="test_main_calls_daemon_run" time="0.001" /><testcase classname="tests.test_desktop_utils.TestDetectColorScheme" name="test_dark_scheme" time="0.001" /><testcase classname="tests.test_desktop_utils.TestDetectColorScheme" name="test_default_scheme" time="0.000" /><testcase classname="tests.test_desktop_utils.TestDetectColorScheme" name="test_double_quoted_value" time="0.000" /><testcase classname="tests.test_desktop_utils.TestDetectColorScheme" name="test_empty_output_defaults_dark" time="0.000" /><testcase classname="tests.test_desktop_utils.TestDetectColorScheme" name="test_gsettings_command_args" time="0.000" /><testcase classname="tests.test_desktop_utils.TestDetectColorScheme" name="test_light_scheme" time="0.000" /><testcase classname="tests.test_desktop_utils.TestDetectColorScheme" name="test_light_scheme_no_quotes" time="0.000" /><testcase classname="tests.test_desktop_utils.TestDetectColorScheme" name="test_light_with_double_quotes" time="0.000" /><testcase classname="tests.test_desktop_utils.TestDetectColorScheme" name="test_oserror_defaults_dark" time="0.000" /><testcase classname="tests.test_desktop_utils.TestDetectColorScheme" name="test_timeout_defaults_dark" time="0.001" /><testcase classname="tests.test_development_tab.TestInstallWorker" name="test_run_exception_handling" time="0.002" /><testcase classname="tests.test_development_tab.TestInstallWorker" name="test_run_nvm_default_version" time="0.000" /><testcase classname="tests.test_development_tab.TestInstallWorker" name="test_run_nvm_exception" time="0.000" /><testcase classname="tests.test_development_tab.TestInstallWorker" name="test_run_nvm_success" time="0.000" /><testcase classname="tests.test_development_tab.TestInstallWorker" name="test_run_pyenv_default_version" time="0.000" /><testcase classname="tests.test_development_tab.TestInstallWorker" name="test_run_pyenv_failure_result" time="0.000" /><testcase classname="tests.test_development_tab.TestInstallWorker" name="test_run_pyenv_success" time="0.000" /><testcase classname="tests.test_development_tab.TestInstallWorker" name="test_run_rustup_exception" time="0.000" /><testcase classname="tests.test_development_tab.TestInstallWorker" name="test_run_rustup_success" time="0.000" /><testcase classname="tests.test_development_tab.TestInstallWorker" name="test_run_unknown_tool" time="0.000" /><testcase classname="tests.test_development_tab.TestInstallWorker" name="test_run_vscode_profile" time="0.001" /><testcase classname="tests.test_development_tab.TestInstallWorker" name="test_run_vscode_web_profile" time="0.001" /><testcase classname="tests.test_development_tab.TestDevelopmentTabInit" name="test_container_list_initialized_when_distrobox_available" time="0.002" /><testcase classname="tests.test_development_tab.TestDevelopmentTabInit" name="test_container_list_none_when_distrobox_unavailable" time="0.001" /><testcase classname="tests.test_development_tab.TestDevelopmentTabInit" name="test_create_widget_returns_self" time="0.001" /><testcase classname="tests.test_development_tab.TestDevelopmentTabInit" name="test_init_calls_refresh_dev_status" time="0.001" /><testcase classname="tests.test_development_tab.TestDevelopmentTabInit" name="test_init_refreshes_containers_when_available" time="0.001" /><testcase classname="tests.test_development_tab.TestDevelopmentTabInit" name="test_init_skips_refresh_when_distrobox_unavailable" time="0.000" /><testcase classname="tests.test_development_tab.TestDevelopmentTabInit" name="test_metadata_category" time="0.000" /><testcase classname="tests.test_development_tab.TestDevelopmentTabInit" name="test_metadata_description" time="0.001" /><testcase classname="tests.test_development_tab.TestDevelopmentTabInit" name="test_metadata_id" time="0.001" /><testcase classname="tests.test_development_tab.TestDevelopmentTabInit" name="test_metadata_name" time="0.001" /><testcase classname="tests.test_development_tab.TestDevelopmentTabInit" name="test_metadata_order" time="0.001" /><testcase classname="tests.test_development_tab.TestDevelopmentTabInit" name="test_workers_list_initialized" time="0.001" /><testcase classname="tests.test_development_tab.TestContainersTab" name="test_container_list_section_created" time="0.001" /><testcase classname="tests.test_development_tab.TestContainersTab" name="test_container_status_label_created" time="0.001" /><testcase classname="tests.test_development_tab.TestContainersTab" name="test_image_combo_created" time="0.001" /><testcase classname="tests.test_development_tab.TestContainersTab" name="test_image_combo_data_stores_key" time="0.001" /><testcase classname="tests.test_development_tab.TestContainersTab" name="test_image_combo_items_capitalized" time="0.001" /><testcase classname="tests.test_development_tab.TestContainersTab" name="test_install_section_when_no_distrobox" time="0.000" /><testcase classname="tests.test_development_tab.TestContainersTab" name="test_name_input_created" time="0.001" /><testcase classname="tests.test_development_tab.TestRefreshContainers" name="test_refresh_clears_old_items" time="0.001" /><testcase classname="tests.test_development_tab.TestRefreshContainers" name="test_refresh_container_image_shortname" time="0.001" /><testcase classname="tests.test_development_tab.TestRefreshContainers" name="test_refresh_multiple_containers" time="0.001" /><testcase classname="tests.test_development_tab.TestRefreshContainers" name="test_refresh_no_containers" time="0.001" /><testcase classname="tests.test_development_tab.TestRefreshContainers" name="test_refresh_noop_when_container_list_none" time="0.001" /><testcase classname="tests.test_development_tab.TestRefreshContainers" name="test_refresh_sets_user_role_data" time="0.001" /><testcase classname="tests.test_development_tab.TestRefreshContainers" name="test_refresh_with_running_container" time="0.001" /><testcase classname="tests.test_development_tab.TestRefreshContainers" name="test_refresh_with_stopped_container" time="0.001" /><testcase classname="tests.test_development_tab.TestRefreshContainers" name="test_refresh_with_unknown_status" time="0.001" /><testcase classname="tests.test_development_tab.TestGetSelectedContainer" name="test_no_selection_returns_none" time="0.001" /><testcase classname="tests.test_development_tab.TestGetSelectedContainer" name="test_selected_item_no_data_returns_none" time="0.001" /><testcase classname="tests.test_development_tab.TestGetSelectedContainer" name="test_selected_item_returns_name" time="0.001" /><testcase classname="tests.test_development_tab.TestEnterContainer" name="test_enter_no_selection" time="0.001" /><testcase classname="tests.test_development_tab.TestEnterContainer" name="test_enter_no_terminal_fallback" time="0.001" /><testcase classname="tests.test_development_tab.TestOpenTerminal" name="test_open_terminal_gnome" time="0.001" /><testcase classname="tests.test_development_tab.TestOpenTerminal" name="test_open_terminal_includes_container_name" time="0.002" /><testcase classname="tests.test_development_tab.TestOpenTerminal" name="test_open_terminal_no_emulator" time="0.001" /><testcase classname="tests.test_development_tab.TestStopContainer" name="test_stop_failure" time="0.001" /><testcase classname="tests.test_development_tab.TestStopContainer" name="test_stop_failure_does_not_refresh" time="0.001" /><testcase classname="tests.test_development_tab.TestStopContainer" name="test_stop_no_selection" time="0.001" /><testcase classname="tests.test_development_tab.TestStopContainer" name="test_stop_success" time="0.001" /><testcase classname="tests.test_development_tab.TestStopContainer" name="test_stop_success_triggers_refresh" time="0.001" /><testcase classname="tests.test_development_tab.TestDeleteContainer" name="test_delete_cancelled" time="0.001" /><testcase classname="tests.test_development_tab.TestDeleteContainer" name="test_delete_confirmed" time="0.001" /><testcase classname="tests.test_development_tab.TestDeleteContainer" name="test_delete_failure" time="0.001" /><testcase classname="tests.test_development_tab.TestDeleteContainer" name="test_delete_failure_does_not_refresh" time="0.001" /><testcase classname="tests.test_development_tab.TestDeleteContainer" name="test_delete_no_selection" time="0.001" /><testcase classname="tests.test_development_tab.TestCreateContainer" name="test_create_empty_name" time="0.001" /><testcase classname="tests.test_development_tab.TestCreateContainer" name="test_create_failure" time="0.001" /><testcase classname="tests.test_development_tab.TestCreateContainer" name="test_create_passes_image_data_to_manager" time="0.001" /><testcase classname="tests.test_development_tab.TestCreateContainer" name="test_create_success" time="0.001" /><testcase classname="tests.test_development_tab.TestCreateContainer" name="test_create_success_refreshes_containers" time="0.001" /><testcase classname="tests.test_development_tab.TestCreateContainer" name="test_create_uses_selected_image" time="0.001" /><testcase classname="tests.test_development_tab.TestCreateContainer" name="test_create_whitespace_name" time="0.001" /><testcase classname="tests.test_development_tab.TestInstallDistrobox" name="test_distrobox_install_finished_failure" time="0.001" /><testcase classname="tests.test_development_tab.TestInstallDistrobox" name="test_distrobox_install_finished_nonzero_code" time="0.001" /><testcase classname="tests.test_development_tab.TestInstallDistrobox" name="test_distrobox_install_finished_success" time="0.001" /><testcase classname="tests.test_development_tab.TestInstallDistrobox" name="test_install_distrobox_creates_runner" time="0.001" /><testcase classname="tests.test_development_tab.TestDeveloperToolsTab" name="test_nvm_button_created" time="0.001" /><testcase classname="tests.test_development_tab.TestDeveloperToolsTab" name="test_nvm_status_label_created" time="0.001" /><testcase classname="tests.test_development_tab.TestDeveloperToolsTab" name="test_pyenv_button_created" time="0.001" /><testcase classname="tests.test_development_tab.TestDeveloperToolsTab" name="test_pyenv_status_label_created" time="0.001" /><testcase classname="tests.test_development_tab.TestDeveloperToolsTab" name="test_rust_button_created" time="0.001" /><testcase classname="tests.test_development_tab.TestDeveloperToolsTab" name="test_rust_status_label_created" time="0.001" /><testcase classname="tests.test_development_tab.TestRefreshDevStatus" name="test_all_installed" time="0.001" /><testcase classname="tests.test_development_tab.TestRefreshDevStatus" name="test_all_not_installed" time="0.001" /><testcase classname="tests.test_development_tab.TestRefreshDevStatus" name="test_nvm_installed" time="0.001" /><testcase classname="tests.test_development_tab.TestRefreshDevStatus" name="test_pyenv_installed" time="0.001" /><testcase classname="tests.test_development_tab.TestRefreshDevStatus" name="test_rustup_installed" time="0.001" /><testcase classname="tests.test_development_tab.TestInstallTool" name="test_install_multiple_tools" time="0.001" /><testcase classname="tests.test_development_tab.TestInstallTool" name="test_install_nvm_disables_button" time="0.001" /><testcase classname="tests.test_development_tab.TestInstallTool" name="test_install_pyenv_disables_button" time="0.001" /><testcase classname="tests.test_development_tab.TestInstallTool" name="test_install_rustup_disables_button" time="0.001" /><testcase classname="tests.test_development_tab.TestInstallTool" name="test_install_tool_creates_worker" time="0.001" /><testcase classname="tests.test_development_tab.TestInstallTool" name="test_install_tool_outputs_message" time="0.001" /><testcase classname="tests.test_development_tab.TestOnInstallFinished" name="test_failure_no_messagebox" time="0.001" /><testcase classname="tests.test_development_tab.TestOnInstallFinished" name="test_failure_outputs_message" time="0.001" /><testcase classname="tests.test_development_tab.TestOnInstallFinished" name="test_failure_reenables_button" time="0.001" /><testcase classname="tests.test_development_tab.TestOnInstallFinished" name="test_nvm_success_reenables_button" time="0.001" /><testcase classname="tests.test_development_tab.TestOnInstallFinished" name="test_pyenv_success_reenables_button" time="0.001" /><testcase classname="tests.test_development_tab.TestOnInstallFinished" name="test_rustup_success_reenables_button" time="0.001" /><testcase classname="tests.test_development_tab.TestOnInstallFinished" name="test_success_refreshes_dev_status" time="0.001" /><testcase classname="tests.test_development_tab.TestOnInstallFinished" name="test_success_shows_messagebox" time="0.001" /><testcase classname="tests.test_development_tab.TestOnInstallFinished" name="test_vscode_finished_hides_progress" time="0.001" /><testcase classname="tests.test_development_tab.TestOnInstallFinished" name="test_vscode_success_no_terminal_restart_dialog" time="0.001" /><testcase classname="tests.test_development_tab.TestVSCodeSection" name="test_profile_combo_data_keys" time="0.001" /><testcase classname="tests.test_development_tab.TestVSCodeSection" name="test_profile_combo_first_item" time="0.001" /><testcase classname="tests.test_development_tab.TestVSCodeSection" name="test_profile_combo_populated" time="0.001" /><testcase classname="tests.test_development_tab.TestVSCodeSection" name="test_vscode_progress_bar_created" time="0.001" /><testcase classname="tests.test_development_tab.TestVSCodeSection" name="test_vscode_section_when_available" time="0.001" /><testcase classname="tests.test_development_tab.TestVSCodeSection" name="test_vscode_section_when_unavailable" time="0.001" /><testcase classname="tests.test_development_tab.TestInstallVSCodeProfile" name="test_install_profile_creates_worker" time="0.001" /><testcase classname="tests.test_development_tab.TestInstallVSCodeProfile" name="test_install_profile_outputs_message" time="0.001" /><testcase classname="tests.test_development_tab.TestInstallVSCodeProfile" name="test_install_profile_sets_indeterminate" time="0.001" /><testcase classname="tests.test_development_tab.TestInstallVSCodeProfile" name="test_install_profile_shows_progress" time="0.001" /><testcase classname="tests.test_development_tab.TestInstallVSCodeProfile" name="test_install_second_profile" time="0.001" /><testcase classname="tests.test_development_tab.TestApplyVSCodeSettings" name="test_apply_settings_failure" time="0.001" /><testcase classname="tests.test_development_tab.TestApplyVSCodeSettings" name="test_apply_settings_success" time="0.001" /><testcase classname="tests.test_development_tab.TestApplyVSCodeSettings" name="test_apply_settings_uses_selected_profile" time="0.001" /><testcase classname="tests.test_development_tab.TestShowContextMenu" name="test_context_menu_no_selection" time="0.001" /><testcase classname="tests.test_development_tab.TestShowContextMenu" name="test_context_menu_with_selection" time="0.001" /><testcase classname="tests.test_devtools_deep.TestGetToolStatus" name="test_nvm_installed_by_dir" time="0.001" /><testcase classname="tests.test_devtools_deep.TestGetToolStatus" name="test_nvm_not_installed" time="0.001" /><testcase classname="tests.test_devtools_deep.TestGetToolStatus" name="test_pyenv_installed" time="0.000" /><testcase classname="tests.test_devtools_deep.TestGetToolStatus" name="test_pyenv_not_installed" time="0.000" /><testcase classname="tests.test_devtools_deep.TestGetToolStatus" name="test_rustup_installed_version_fail" time="0.000" /><testcase classname="tests.test_devtools_deep.TestGetToolStatus" name="test_unknown_tool" time="0.000" /><testcase classname="tests.test_devtools_deep.TestGetAllStatus" name="test_returns_all_tools" time="0.000" /><testcase classname="tests.test_devtools_deep.TestInstallPyenv" name="test_already_installed" time="0.000" /><testcase classname="tests.test_devtools_deep.TestInstallPyenv" name="test_exception" time="0.001" /><testcase classname="tests.test_devtools_deep.TestInstallPyenv" name="test_failure" time="0.001" /><testcase classname="tests.test_devtools_deep.TestInstallPyenv" name="test_success" time="0.001" /><testcase classname="tests.test_devtools_deep.TestInstallNvm" name="test_already_installed" time="0.001" /><testcase classname="tests.test_devtools_deep.TestInstallNvm" name="test_failure" time="0.001" /><testcase classname="tests.test_devtools_deep.TestInstallNvm" name="test_success" time="0.001" /><testcase classname="tests.test_devtools_deep.TestInstallRustup" name="test_already_installed" time="0.000" /><testcase classname="tests.test_devtools_deep.TestInstallRustup" name="test_failure" time="0.000" /><testcase classname="tests.test_devtools_deep.TestInstallRustup" name="test_success" time="0.001" /><testcase classname="tests.test_devtools_deep.TestAddShellConfig" name="test_appends_config" time="0.001" /><testcase classname="tests.test_devtools_deep.TestAddShellConfig" name="test_avoids_duplicate" time="0.001" /><testcase classname="tests.test_devtools_deep.TestGetAvailableTools" name="test_returns_list" time="0.001" /><testcase classname="tests.test_diagnostics_tab.TestStateToEmoji" name="test_activating" time="0.003" /><testcase classname="tests.test_diagnostics_tab.TestStateToEmoji" name="test_active" time="0.001" /><testcase classname="tests.test_diagnostics_tab.TestStateToEmoji" name="test_failed" time="0.001" /><testcase classname="tests.test_diagnostics_tab.TestStateToEmoji" name="test_inactive" time="0.001" /><testcase classname="tests.test_diagnostics_tab.TestStateToEmoji" name="test_unknown" time="0.001" /><testcase classname="tests.test_diagnostics_tab.TestStateToEmoji" name="test_unmapped_returns_fallback" time="0.001" /><testcase classname="tests.test_diagnostics_tab.TestRefreshServices" name="test_clears_tree_before_loading" time="0.001" /><testcase classname="tests.test_diagnostics_tab.TestRefreshServices" name="test_gaming_filter_loads_both_scopes" time="0.001" /><testcase classname="tests.test_diagnostics_tab.TestRefreshServices" name="test_loads_user_services" time="0.001" /><testcase classname="tests.test_diagnostics_tab.TestRefreshServices" name="test_logs_loaded_count" time="0.001" /><testcase classname="tests.test_diagnostics_tab.TestRefreshServices" name="test_non_gaming_no_system_call" time="0.001" /><testcase classname="tests.test_diagnostics_tab.TestServiceAction" name="test_failure_does_not_refresh" time="0.001" /><testcase classname="tests.test_diagnostics_tab.TestServiceAction" name="test_invalid_action_noop" time="0.001" /><testcase classname="tests.test_diagnostics_tab.TestServiceAction" name="test_logs_result_message" time="0.001" /><testcase classname="tests.test_diagnostics_tab.TestServiceAction" name="test_mask" time="0.001" /><testcase classname="tests.test_diagnostics_tab.TestServiceAction" name="test_restart" time="0.002" /><testcase classname="tests.test_diagnostics_tab.TestServiceAction" name="test_start" time="0.001" /><testcase classname="tests.test_diagnostics_tab.TestServiceAction" name="test_stop" time="0.001" /><testcase classname="tests.test_diagnostics_tab.TestServiceAction" name="test_success_refreshes" time="0.001" /><testcase classname="tests.test_diagnostics_tab.TestServiceAction" name="test_unmask" time="0.001" /><testcase classname="tests.test_diagnostics_tab.TestBootAnalysis" name="test_no_slow_services" time="0.001" /><testcase classname="tests.test_diagnostics_tab.TestBootAnalysis" name="test_partial_stats" time="0.001" /><testcase classname="tests.test_diagnostics_tab.TestBootAnalysis" name="test_slow_services_listed" time="0.001" /><testcase classname="tests.test_diagnostics_tab.TestBootAnalysis" name="test_suggestions_displayed" time="0.001" /><testcase classname="tests.test_diagnostics_tab.TestBootAnalysis" name="test_with_full_stats" time="0.001" /><testcase classname="tests.test_diagnostics_tab.TestBootAnalysis" name="test_without_stats" time="0.001" /><testcase classname="tests.test_diagnostics_tab.TestJournal" name="test_no_errors_message" time="0.002" /><testcase classname="tests.test_diagnostics_tab.TestJournal" name="test_sets_error_count" time="0.001" /><testcase classname="tests.test_diagnostics_tab.TestJournal" name="test_sets_failed_count" time="0.001" /><testcase classname="tests.test_diagnostics_tab.TestJournal" name="test_shows_boot_errors" time="0.001" /><testcase classname="tests.test_diagnostics_tab.TestExports" name="test_bundle_failure" time="0.001" /><testcase classname="tests.test_diagnostics_tab.TestExports" name="test_bundle_success" time="0.001" /><testcase classname="tests.test_diagnostics_tab.TestExports" name="test_panic_log_failure" time="0.001" /><testcase classname="tests.test_diagnostics_tab.TestExports" name="test_panic_log_success" time="0.001" /><testcase classname="tests.test_diagnostics_tab.TestRefreshKernel" name="test_displays_params" time="0.002" /><testcase classname="tests.test_diagnostics_tab.TestRefreshKernel" name="test_truncates_long_params" time="0.001" /><testcase classname="tests.test_diagnostics_tab.TestRefreshKernel" name="test_updates_checkboxes" time="0.001" /><testcase classname="tests.test_diagnostics_tab.TestRefreshZram" name="test_active_with_usage" time="0.001" /><testcase classname="tests.test_diagnostics_tab.TestRefreshZram" name="test_active_zram" time="0.001" /><testcase classname="tests.test_diagnostics_tab.TestRefreshZram" name="test_inactive_zram" time="0.001" /><testcase classname="tests.test_diagnostics_tab.TestRefreshZram" name="test_slider_set_to_config" time="0.001" /><testcase classname="tests.test_diagnostics_tab.TestRefreshSecureBoot" name="test_disabled" time="0.001" /><testcase classname="tests.test_diagnostics_tab.TestRefreshSecureBoot" name="test_enabled" time="0.001" /><testcase classname="tests.test_diagnostics_tab.TestRefreshSecureBoot" name="test_has_keys" time="0.001" /><testcase classname="tests.test_diagnostics_tab.TestRefreshSecureBoot" name="test_no_keys" time="0.001" /><testcase classname="tests.test_diagnostics_tab.TestRefreshSecureBoot" name="test_pending_enrollment" time="0.001" /><testcase classname="tests.test_diagnostics_tab.TestParamToggle" name="test_checked_adds" time="0.001" /><testcase classname="tests.test_diagnostics_tab.TestParamToggle" name="test_failure_refreshes_kernel" time="0.001" /><testcase classname="tests.test_diagnostics_tab.TestParamToggle" name="test_logs_message" time="0.001" /><testcase classname="tests.test_diagnostics_tab.TestParamToggle" name="test_unchecked_removes" time="0.002" /><testcase classname="tests.test_diagnostics_tab.TestCustomParam" name="test_add" time="0.001" /><testcase classname="tests.test_diagnostics_tab.TestCustomParam" name="test_add_empty_noop" time="0.001" /><testcase classname="tests.test_diagnostics_tab.TestCustomParam" name="test_remove" time="0.001" /><testcase classname="tests.test_diagnostics_tab.TestCustomParam" name="test_remove_empty_noop" time="0.001" /><testcase classname="tests.test_diagnostics_tab.TestGrubBackupRestore" name="test_backup_with_path" time="0.001" /><testcase classname="tests.test_diagnostics_tab.TestGrubBackupRestore" name="test_backup_without_path" time="0.001" /><testcase classname="tests.test_diagnostics_tab.TestGrubBackupRestore" name="test_restore_no_backups" time="0.001" /><testcase classname="tests.test_diagnostics_tab.TestGrubBackupRestore" name="test_restore_selects_backup" time="0.001" /><testcase classname="tests.test_diagnostics_tab.TestGrubBackupRestore" name="test_restore_user_cancels" time="0.001" /><testcase classname="tests.test_diagnostics_tab.TestZramActions" name="test_apply_zram" time="0.001" /><testcase classname="tests.test_diagnostics_tab.TestZramActions" name="test_slider_max_value" time="0.001" /><testcase classname="tests.test_diagnostics_tab.TestZramActions" name="test_slider_updates_label" time="0.001" /><testcase classname="tests.test_diagnostics_tab.TestGenerateMokKey" name="test_cancel_dialog" time="0.001" /><testcase classname="tests.test_diagnostics_tab.TestGenerateMokKey" name="test_short_password" time="0.001" /><testcase classname="tests.test_diagnostics_tab.TestGenerateMokKey" name="test_success" time="0.001" /><testcase classname="tests.test_diagnostics_tab.TestEnrollMokKey" name="test_cancel_dialog" time="0.001" /><testcase classname="tests.test_diagnostics_tab.TestEnrollMokKey" name="test_no_keys" time="0.001" /><testcase classname="tests.test_diagnostics_tab.TestEnrollMokKey" name="test_success_with_reboot" time="0.001" /><testcase classname="tests.test_diagnostics_tab.TestEnrollMokKey" name="test_success_without_reboot" time="0.001" /><testcase classname="tests.test_diagnostics_tab.TestLog" name="test_appends_message" time="0.001" /><testcase classname="tests.test_diagnostics_tab.TestLog" name="test_multiple_messages" time="0.001" /><testcase classname="tests.test_diagnostics_tab.TestRefreshAll" name="test_calls_all_refreshers" time="0.001" /><testcase classname="tests.test_diagnostics_tab.TestDiagnosticsTabMetadata" name="test_create_widget_returns_self" time="0.000" /><testcase classname="tests.test_diagnostics_tab.TestDiagnosticsTabMetadata" name="test_inherits_base_tab" time="0.000" /><testcase classname="tests.test_diagnostics_tab.TestDiagnosticsTabMetadata" name="test_metadata_category" time="0.000" /><testcase classname="tests.test_diagnostics_tab.TestDiagnosticsTabMetadata" name="test_metadata_id" time="0.000" /><testcase classname="tests.test_diagnostics_tab.TestDiagnosticsTabMetadata" name="test_metadata_name" time="0.000" /><testcase classname="tests.test_diagnostics_tab.TestDiagnosticsTabStructure" name="test_has_backup_grub" time="0.001" /><testcase classname="tests.test_diagnostics_tab.TestDiagnosticsTabStructure" name="test_has_boot_sub_tab" time="0.000" /><testcase classname="tests.test_diagnostics_tab.TestDiagnosticsTabStructure" name="test_has_enroll_mok_key" time="0.000" /><testcase classname="tests.test_diagnostics_tab.TestDiagnosticsTabStructure" name="test_has_export_panic_log" time="0.000" /><testcase classname="tests.test_diagnostics_tab.TestDiagnosticsTabStructure" name="test_has_export_support_bundle" time="0.000" /><testcase classname="tests.test_diagnostics_tab.TestDiagnosticsTabStructure" name="test_has_generate_mok_key" time="0.000" /><testcase classname="tests.test_diagnostics_tab.TestDiagnosticsTabStructure" name="test_has_refresh_boot_analysis" time="0.000" /><testcase classname="tests.test_diagnostics_tab.TestDiagnosticsTabStructure" name="test_has_refresh_journal" time="0.000" /><testcase classname="tests.test_diagnostics_tab.TestDiagnosticsTabStructure" name="test_has_refresh_kernel" time="0.000" /><testcase classname="tests.test_diagnostics_tab.TestDiagnosticsTabStructure" name="test_has_refresh_secureboot" time="0.000" /><testcase classname="tests.test_diagnostics_tab.TestDiagnosticsTabStructure" name="test_has_refresh_zram" time="0.000" /><testcase classname="tests.test_diagnostics_tab.TestDiagnosticsTabStructure" name="test_has_restore_grub" time="0.000" /><testcase classname="tests.test_diagnostics_tab.TestDiagnosticsTabStructure" name="test_has_service_action_method" time="0.000" /><testcase classname="tests.test_diagnostics_tab.TestDiagnosticsTabStructure" name="test_has_watchtower_sub_tab" time="0.000" /><testcase classname="tests.test_diagnostics_tab.TestDiagnosticsTabStructure" name="test_tabs_watchtower_and_boot" time="0.000" /><testcase classname="tests.test_diagnostics_tab.TestDiagnosticsTabStructure" name="test_uses_boot_analyzer" time="0.000" /><testcase classname="tests.test_diagnostics_tab.TestDiagnosticsTabStructure" name="test_uses_journal_manager" time="0.000" /><testcase classname="tests.test_diagnostics_tab.TestDiagnosticsTabStructure" name="test_uses_kernel_manager" time="0.000" /><testcase classname="tests.test_diagnostics_tab.TestDiagnosticsTabStructure" name="test_uses_secureboot_manager" time="0.000" /><testcase classname="tests.test_diagnostics_tab.TestDiagnosticsTabStructure" name="test_uses_service_manager" time="0.000" /><testcase classname="tests.test_diagnostics_tab.TestDiagnosticsTabStructure" name="test_uses_zram_manager" time="0.000" /><testcase classname="tests.test_drift_extended.TestDriftItemDataclass" name="test_drift_item_creation" time="0.000" /><testcase classname="tests.test_drift_extended.TestDriftReportDataclass" name="test_drift_report_creation" time="0.000" /><testcase classname="tests.test_drift_extended.TestSystemSnapshotDataclass" name="test_system_snapshot_creation" time="0.000" /><testcase classname="tests.test_drift_extended.TestDriftDetectorInit" name="test_init_creates_snapshots_directory" time="0.000" /><testcase classname="tests.test_drift_extended.TestCaptureSnapshot" name="test_capture_snapshot_handles_empty_state" time="0.001" /><testcase classname="tests.test_drift_extended.TestCaptureSnapshot" name="test_capture_snapshot_returns_snapshot" time="0.001" /><testcase classname="tests.test_drift_extended.TestSaveAndLoadSnapshot" name="test_load_snapshot_returns_none_when_missing" time="0.000" /><testcase classname="tests.test_drift_extended.TestSaveAndLoadSnapshot" name="test_save_and_load_snapshot_roundtrip" time="0.000" /><testcase classname="tests.test_drift_extended.TestCheckDrift" name="test_check_drift_detects_kernel_param_added" time="0.001" /><testcase classname="tests.test_drift_extended.TestCheckDrift" name="test_check_drift_detects_package_removed" time="0.001" /><testcase classname="tests.test_drift_extended.TestCheckDrift" name="test_check_drift_no_drift" time="0.001" /><testcase classname="tests.test_drift_extended.TestCheckDrift" name="test_check_drift_returns_none_without_baseline" time="0.000" /><testcase classname="tests.test_drift_extended.TestClearBaseline" name="test_clear_baseline_removes_snapshot" time="0.000" /><testcase classname="tests.test_drift_extended.TestClearBaseline" name="test_clear_baseline_returns_true_when_no_file" time="0.000" /><testcase classname="tests.test_drift_extended.TestSystemStateGathering" name="test_get_dnf_config_reads_config_file" time="0.001" /><testcase classname="tests.test_drift_extended.TestSystemStateGathering" name="test_get_kernel_params_reads_cmdline" time="0.001" /><testcase classname="tests.test_drift_extended.TestSystemStateGathering" name="test_get_kernel_params_returns_empty_on_error" time="0.001" /><testcase classname="tests.test_drift_extended.TestSystemStateGathering" name="test_get_layered_packages_parses_rpm_ostree" time="0.001" /><testcase classname="tests.test_drift_extended.TestSystemStateGathering" name="test_get_user_services_parses_systemctl" time="0.001" /><testcase classname="tests.test_drift_extended.TestHashFunctions" name="test_hash_list_deterministic" time="0.000" /><testcase classname="tests.test_drift_extended.TestHashFunctions" name="test_hash_list_order_independent" time="0.000" /><testcase classname="tests.test_drift_extended.TestHashFunctions" name="test_hash_string_deterministic" time="0.000" /><testcase classname="tests.test_drift_extended.TestHashFunctions" name="test_hash_string_different_inputs" time="0.000" /><testcase classname="tests.test_drift_extended.TestHashFunctions" name="test_hash_string_length" time="0.000" /><testcase classname="tests.test_error_handler.TestInstallUninstall" name="test_install_idempotent" time="0.000" /><testcase classname="tests.test_error_handler.TestInstallUninstall" name="test_install_sets_excepthook" time="0.000" /><testcase classname="tests.test_error_handler.TestInstallUninstall" name="test_uninstall_restores_original" time="0.000" /><testcase classname="tests.test_error_handler.TestInstallUninstall" name="test_uninstall_without_install" time="0.000" /><testcase classname="tests.test_error_handler.TestFormatUserMessage" name="test_command_failed_error" time="0.000" /><testcase classname="tests.test_error_handler.TestFormatUserMessage" name="test_config_error" time="0.000" /><testcase classname="tests.test_error_handler.TestFormatUserMessage" name="test_dnf_locked_error" time="0.000" /><testcase classname="tests.test_error_handler.TestFormatUserMessage" name="test_hardware_not_found_non_recoverable" time="0.000" /><testcase classname="tests.test_error_handler.TestFormatUserMessage" name="test_loofi_error_no_code" time="0.000" /><testcase classname="tests.test_error_handler.TestFormatUserMessage" name="test_loofi_error_no_hint" time="0.000" /><testcase classname="tests.test_error_handler.TestFormatUserMessage" name="test_loofi_error_with_all_fields" time="0.000" /><testcase classname="tests.test_error_handler.TestFormatUserMessage" name="test_network_error" time="0.000" /><testcase classname="tests.test_error_handler.TestFormatUserMessage" name="test_plain_exception" time="0.000" /><testcase classname="tests.test_error_handler.TestFormatUserMessage" name="test_plain_exception_no_extra_fields" time="0.000" /><testcase classname="tests.test_error_handler.TestFormatUserMessage" name="test_privilege_error" time="0.000" /><testcase classname="tests.test_error_handler.TestLoofiExcepthook" name="test_generic_exception_logs_and_shows_dialog" time="0.001" /><testcase classname="tests.test_error_handler.TestLoofiExcepthook" name="test_keyboard_interrupt_passes_through" time="0.001" /><testcase classname="tests.test_error_handler.TestLoofiExcepthook" name="test_loofi_error_logs_and_shows_dialog" time="0.001" /><testcase classname="tests.test_error_handler.TestLoofiExcepthook" name="test_system_exit_logs_but_no_dialog" time="0.001" /><testcase classname="tests.test_error_handler.TestLogError" name="test_generic_exception_logged_as_critical" time="0.001" /><testcase classname="tests.test_error_handler.TestLogError" name="test_loofi_error_logged_as_error" time="0.001" /><testcase classname="tests.test_error_handler.TestLogError" name="test_notification_center_failure_is_swallowed" time="0.001" /><testcase classname="tests.test_error_handler.TestLogError" name="test_notification_center_receives_generic_error" time="0.001" /><testcase classname="tests.test_error_handler.TestLogError" name="test_notification_center_receives_loofi_error" time="0.001" /><testcase classname="tests.test_error_handler.TestShowErrorDialog" name="test_import_error_swallowed" time="0.001"><failure message="AttributeError: &lt;module 'PyQt6.QtWidgets'&gt; does not have the attribute 'QApplication'">tests/test_error_handler.py:300: in test_import_error_swallowed
    with patch('PyQt6.QtWidgets.QApplication') as mock_qapp:
         ^^^^^^^^^^^^^^^^^^^^^^^^^^^^^^^^^^^^^
/usr/lib64/python3.14/unittest/mock.py:1503: in __enter__
    original, local = self.get_original()
                      ^^^^^^^^^^^^^^^^^^^
/usr/lib64/python3.14/unittest/mock.py:1473: in get_original
    raise AttributeError(
E   AttributeError: &lt;module 'PyQt6.QtWidgets'&gt; does not have the attribute 'QApplication'</failure></testcase><testcase classname="tests.test_error_handler.TestShowErrorDialog" name="test_no_dialog_when_no_qapplication" time="0.000"><failure message="AttributeError: &lt;module 'PyQt6.QtWidgets'&gt; does not have the attribute 'QApplication'">/usr/lib64/python3.14/unittest/mock.py:1429: in patched
    with self.decoration_helper(patched,
/usr/lib64/python3.14/contextlib.py:141: in __enter__
    return next(self.gen)
           ^^^^^^^^^^^^^^
/usr/lib64/python3.14/unittest/mock.py:1411: in decoration_helper
    arg = exit_stack.enter_context(patching)
          ^^^^^^^^^^^^^^^^^^^^^^^^^^^^^^^^^^
/usr/lib64/python3.14/contextlib.py:530: in enter_context
    result = _enter(cm)
             ^^^^^^^^^^
/usr/lib64/python3.14/unittest/mock.py:1503: in __enter__
    original, local = self.get_original()
                      ^^^^^^^^^^^^^^^^^^^
/usr/lib64/python3.14/unittest/mock.py:1473: in get_original
    raise AttributeError(
E   AttributeError: &lt;module 'PyQt6.QtWidgets'&gt; does not have the attribute 'QApplication'</failure></testcase><testcase classname="tests.test_error_handler.TestShowErrorDialog" name="test_non_recoverable_uses_critical_icon" time="0.000"><failure message="AttributeError: &lt;module 'PyQt6.QtWidgets'&gt; does not have the attribute 'QApplication'">/usr/lib64/python3.14/unittest/mock.py:1429: in patched
    with self.decoration_helper(patched,
/usr/lib64/python3.14/contextlib.py:141: in __enter__
    return next(self.gen)
           ^^^^^^^^^^^^^^
/usr/lib64/python3.14/unittest/mock.py:1411: in decoration_helper
    arg = exit_stack.enter_context(patching)
          ^^^^^^^^^^^^^^^^^^^^^^^^^^^^^^^^^^
/usr/lib64/python3.14/contextlib.py:530: in enter_context
    result = _enter(cm)
             ^^^^^^^^^^
/usr/lib64/python3.14/unittest/mock.py:1503: in __enter__
    original, local = self.get_original()
                      ^^^^^^^^^^^^^^^^^^^
/usr/lib64/python3.14/unittest/mock.py:1473: in get_original
    raise AttributeError(
E   AttributeError: &lt;module 'PyQt6.QtWidgets'&gt; does not have the attribute 'QApplication'</failure></testcase><testcase classname="tests.test_error_handler.TestShowErrorDialog" name="test_recoverable_uses_warning_icon" time="0.000"><failure message="AttributeError: &lt;module 'PyQt6.QtWidgets'&gt; does not have the attribute 'QApplication'">/usr/lib64/python3.14/unittest/mock.py:1429: in patched
    with self.decoration_helper(patched,
/usr/lib64/python3.14/contextlib.py:141: in __enter__
    return next(self.gen)
           ^^^^^^^^^^^^^^
/usr/lib64/python3.14/unittest/mock.py:1411: in decoration_helper
    arg = exit_stack.enter_context(patching)
          ^^^^^^^^^^^^^^^^^^^^^^^^^^^^^^^^^^
/usr/lib64/python3.14/contextlib.py:530: in enter_context
    result = _enter(cm)
             ^^^^^^^^^^
/usr/lib64/python3.14/unittest/mock.py:1503: in __enter__
    original, local = self.get_original()
                      ^^^^^^^^^^^^^^^^^^^
/usr/lib64/python3.14/unittest/mock.py:1473: in get_original
    raise AttributeError(
E   AttributeError: &lt;module 'PyQt6.QtWidgets'&gt; does not have the attribute 'QApplication'</failure></testcase><testcase classname="tests.test_error_handler.TestShowErrorDialog" name="test_shows_dialog_for_generic_exception" time="0.000"><failure message="AttributeError: &lt;module 'PyQt6.QtWidgets'&gt; does not have the attribute 'QApplication'">/usr/lib64/python3.14/unittest/mock.py:1429: in patched
    with self.decoration_helper(patched,
/usr/lib64/python3.14/contextlib.py:141: in __enter__
    return next(self.gen)
           ^^^^^^^^^^^^^^
/usr/lib64/python3.14/unittest/mock.py:1411: in decoration_helper
    arg = exit_stack.enter_context(patching)
          ^^^^^^^^^^^^^^^^^^^^^^^^^^^^^^^^^^
/usr/lib64/python3.14/contextlib.py:530: in enter_context
    result = _enter(cm)
             ^^^^^^^^^^
/usr/lib64/python3.14/unittest/mock.py:1503: in __enter__
    original, local = self.get_original()
                      ^^^^^^^^^^^^^^^^^^^
/usr/lib64/python3.14/unittest/mock.py:1473: in get_original
    raise AttributeError(
E   AttributeError: &lt;module 'PyQt6.QtWidgets'&gt; does not have the attribute 'QApplication'</failure></testcase><testcase classname="tests.test_error_handler.TestShowErrorDialog" name="test_shows_dialog_for_loofi_error" time="0.001"><failure message="AttributeError: &lt;module 'PyQt6.QtWidgets'&gt; does not have the attribute 'QApplication'">/usr/lib64/python3.14/unittest/mock.py:1429: in patched
    with self.decoration_helper(patched,
/usr/lib64/python3.14/contextlib.py:141: in __enter__
    return next(self.gen)
           ^^^^^^^^^^^^^^
/usr/lib64/python3.14/unittest/mock.py:1411: in decoration_helper
    arg = exit_stack.enter_context(patching)
          ^^^^^^^^^^^^^^^^^^^^^^^^^^^^^^^^^^
/usr/lib64/python3.14/contextlib.py:530: in enter_context
    result = _enter(cm)
             ^^^^^^^^^^
/usr/lib64/python3.14/unittest/mock.py:1503: in __enter__
    original, local = self.get_original()
                      ^^^^^^^^^^^^^^^^^^^
/usr/lib64/python3.14/unittest/mock.py:1473: in get_original
    raise AttributeError(
E   AttributeError: &lt;module 'PyQt6.QtWidgets'&gt; does not have the attribute 'QApplication'</failure></testcase><testcase classname="tests.test_event_bus" name="test_event_dataclass_validation" time="0.000" /><testcase classname="tests.test_event_bus" name="test_singleton_pattern" time="0.000" /><testcase classname="tests.test_event_bus" name="test_subscribe_and_publish_basic" time="0.101" /><testcase classname="tests.test_event_bus" name="test_multiple_subscribers_same_topic" time="0.102" /><testcase classname="tests.test_event_bus" name="test_multiple_topics" time="0.101" /><testcase classname="tests.test_event_bus" name="test_no_subscribers" time="0.001" /><testcase classname="tests.test_event_bus" name="test_subscriber_error_isolation" time="0.201" /><testcase classname="tests.test_event_bus" name="test_thread_safety_concurrent_publishes" time="0.509" /><testcase classname="tests.test_event_bus" name="test_thread_safety_concurrent_subscriptions" time="0.005" /><testcase classname="tests.test_event_bus" name="test_unsubscribe" time="0.202" /><testcase classname="tests.test_event_bus" name="test_unsubscribe_with_subscriber_id" time="0.102" /><testcase classname="tests.test_event_bus" name="test_get_subscriber_count" time="0.001" /><testcase classname="tests.test_event_bus" name="test_clear" time="0.001" /><testcase classname="tests.test_event_bus" name="test_subscribe_validation" time="0.001" /><testcase classname="tests.test_event_bus" name="test_publish_validation" time="0.001" /><testcase classname="tests.test_event_bus" name="test_event_source_tracking" time="0.101" /><testcase classname="tests.test_event_bus" name="test_standard_topics_format" time="0.201" /><testcase classname="tests.test_event_bus" name="test_subscription_dataclass" time="0.000" /><testcase classname="tests.test_extension_manager.TestDesktopDetection" name="test_detect_gnome" time="0.002" /><testcase classname="tests.test_extension_manager.TestDesktopDetection" name="test_detect_gnome_variant" time="0.001" /><testcase classname="tests.test_extension_manager.TestDesktopDetection" name="test_detect_kde" time="0.001" /><testcase classname="tests.test_extension_manager.TestDesktopDetection" name="test_detect_plasma" time="0.001" /><testcase classname="tests.test_extension_manager.TestDesktopDetection" name="test_detect_unknown" time="0.001" /><testcase classname="tests.test_extension_manager.TestIsSupported" name="test_gnome_not_supported" time="0.002" /><testcase classname="tests.test_extension_manager.TestIsSupported" name="test_gnome_supported" time="0.001" /><testcase classname="tests.test_extension_manager.TestIsSupported" name="test_kde_supported" time="0.001" /><testcase classname="tests.test_extension_manager.TestIsSupported" name="test_unknown_not_supported" time="0.001" /><testcase classname="tests.test_extension_manager.TestListInstalled" name="test_list_gnome_extensions" time="0.001" /><testcase classname="tests.test_extension_manager.TestListInstalled" name="test_list_gnome_no_tool" time="0.002" /><testcase classname="tests.test_extension_manager.TestListInstalled" name="test_list_gnome_timeout" time="0.002" /><testcase classname="tests.test_extension_manager.TestListInstalled" name="test_list_kde_extensions" time="0.001" /><testcase classname="tests.test_extension_manager.TestListInstalled" name="test_list_unknown_desktop" time="0.001" /><testcase classname="tests.test_extension_manager.TestInstallRemoveEnableDisable" name="test_disable_gnome" time="0.001" /><testcase classname="tests.test_extension_manager.TestInstallRemoveEnableDisable" name="test_disable_kde_noop" time="0.001" /><testcase classname="tests.test_extension_manager.TestInstallRemoveEnableDisable" name="test_enable_gnome" time="0.001" /><testcase classname="tests.test_extension_manager.TestInstallRemoveEnableDisable" name="test_enable_kde_noop" time="0.001" /><testcase classname="tests.test_extension_manager.TestInstallRemoveEnableDisable" name="test_install_gnome" time="0.001" /><testcase classname="tests.test_extension_manager.TestInstallRemoveEnableDisable" name="test_install_kde" time="0.001" /><testcase classname="tests.test_extension_manager.TestInstallRemoveEnableDisable" name="test_install_unsupported" time="0.001" /><testcase classname="tests.test_extension_manager.TestInstallRemoveEnableDisable" name="test_remove_gnome" time="0.002" /><testcase classname="tests.test_extension_manager.TestInstallRemoveEnableDisable" name="test_remove_kde" time="0.001" /><testcase classname="tests.test_extension_manager.TestSearchAvailable" name="test_search_gnome_network_error" time="0.001" /><testcase classname="tests.test_extension_manager.TestSearchAvailable" name="test_search_gnome_success" time="0.001" /><testcase classname="tests.test_extension_manager.TestSearchAvailable" name="test_search_non_gnome" time="0.001" /><testcase classname="tests.test_extensions_tab.TestExtensionsTabSource" name="test_has_enable_disable" time="0.000" /><testcase classname="tests.test_extensions_tab.TestExtensionsTabSource" name="test_has_extensions_table" time="0.000" /><testcase classname="tests.test_extensions_tab.TestExtensionsTabSource" name="test_has_install_remove" time="0.000" /><testcase classname="tests.test_extensions_tab.TestExtensionsTabSource" name="test_has_load_method" time="0.000" /><testcase classname="tests.test_extensions_tab.TestExtensionsTabSource" name="test_has_metadata" time="0.000" /><testcase classname="tests.test_extensions_tab.TestExtensionsTabSource" name="test_has_search_bar" time="0.000" /><testcase classname="tests.test_extensions_tab.TestExtensionsTabSource" name="test_has_show_event" time="0.000" /><testcase classname="tests.test_extensions_tab.TestExtensionsTabSource" name="test_inherits_base_tab" time="0.000" /><testcase classname="tests.test_extensions_tab.TestExtensionsTabSource" name="test_uses_extension_manager" time="0.000" /><testcase classname="tests.test_extensions_tab.TestBackupTabSource" name="test_has_create_snapshot" time="0.000" /><testcase classname="tests.test_extensions_tab.TestBackupTabSource" name="test_has_metadata" time="0.000" /><testcase classname="tests.test_extensions_tab.TestBackupTabSource" name="test_has_navigation_buttons" time="0.000" /><testcase classname="tests.test_extensions_tab.TestBackupTabSource" name="test_has_restore" time="0.000" /><testcase classname="tests.test_extensions_tab.TestBackupTabSource" name="test_has_stacked_widget" time="0.000" /><testcase classname="tests.test_extensions_tab.TestBackupTabSource" name="test_has_wizard_pages" time="0.000" /><testcase classname="tests.test_extensions_tab.TestBackupTabSource" name="test_inherits_base_tab" time="0.000" /><testcase classname="tests.test_extensions_tab.TestBackupTabSource" name="test_uses_backup_wizard" time="0.000" /><testcase classname="tests.test_factory_reset.TestCreateBackup" name="test_auto_name" time="0.003" /><testcase classname="tests.test_factory_reset.TestCreateBackup" name="test_create_backup_success" time="0.002" /><testcase classname="tests.test_factory_reset.TestListBackups" name="test_empty_backup_dir" time="0.001" /><testcase classname="tests.test_factory_reset.TestListBackups" name="test_list_with_backups" time="0.001" /><testcase classname="tests.test_factory_reset.TestListBackups" name="test_nonexistent_backup_dir" time="0.000" /><testcase classname="tests.test_factory_reset.TestRestoreBackup" name="test_restore_nonexistent" time="0.001" /><testcase classname="tests.test_factory_reset.TestRestoreBackup" name="test_restore_success" time="0.001" /><testcase classname="tests.test_factory_reset.TestDeleteBackup" name="test_delete_nonexistent" time="0.001" /><testcase classname="tests.test_factory_reset.TestDeleteBackup" name="test_delete_success" time="0.000" /><testcase classname="tests.test_factory_reset.TestResetConfig" name="test_reset_deletes_configs" time="0.001" /><testcase classname="tests.test_favorites.TestFavoritesManager" name="test_add_favorite" time="0.001" /><testcase classname="tests.test_favorites.TestFavoritesManager" name="test_add_favorite_no_duplicate" time="0.000" /><testcase classname="tests.test_favorites.TestFavoritesManager" name="test_get_favorites_invalid_json" time="0.003" /><testcase classname="tests.test_favorites.TestFavoritesManager" name="test_get_favorites_no_file" time="0.001" /><testcase classname="tests.test_favorites.TestFavoritesManager" name="test_get_favorites_non_list" time="0.001" /><testcase classname="tests.test_favorites.TestFavoritesManager" name="test_get_favorites_with_file" time="0.001" /><testcase classname="tests.test_favorites.TestFavoritesManager" name="test_is_favorite_false" time="0.000" /><testcase classname="tests.test_favorites.TestFavoritesManager" name="test_is_favorite_true" time="0.000" /><testcase classname="tests.test_favorites.TestFavoritesManager" name="test_remove_favorite" time="0.001" /><testcase classname="tests.test_favorites.TestFavoritesManager" name="test_remove_favorite_not_present" time="0.000" /><testcase classname="tests.test_favorites.TestFavoritesManager" name="test_save_handles_error" time="0.002" /><testcase classname="tests.test_favorites.TestFavoritesManager" name="test_save_writes_json" time="0.003" /><testcase classname="tests.test_favorites.TestFavoritesManager" name="test_toggle_favorite_add" time="0.001" /><testcase classname="tests.test_favorites.TestFavoritesManager" name="test_toggle_favorite_remove" time="0.000" /><testcase classname="tests.test_file_drop.TestTransferInfoDataclass" name="test_creation_with_all_fields" time="0.000" /><testcase classname="tests.test_file_drop.TestTransferInfoDataclass" name="test_default_progress_and_speed" time="0.001" /><testcase classname="tests.test_file_drop.TestTransferInfoDataclass" name="test_field_names" time="0.000" /><testcase classname="tests.test_file_drop.TestConstants" name="test_chunk_size" time="0.000" /><testcase classname="tests.test_file_drop.TestConstants" name="test_dangerous_extensions_contains_exe" time="0.000" /><testcase classname="tests.test_file_drop.TestConstants" name="test_default_port" time="0.000" /><testcase classname="tests.test_file_drop.TestConstants" name="test_max_file_size" time="0.002" /><testcase classname="tests.test_file_drop.TestGetDownloadDir" name="test_creates_directory_and_returns_path" time="0.002" /><testcase classname="tests.test_file_drop.TestPrepareFileMetadata" name="test_returns_metadata_dict" time="0.001" /><testcase classname="tests.test_file_drop.TestCalculateChecksum" name="test_checksum_of_empty_file" time="0.001" /><testcase classname="tests.test_file_drop.TestCalculateChecksum" name="test_checksum_of_known_content" time="0.000" /><testcase classname="tests.test_file_drop.TestValidateFilename" name="test_backslash_path_stripped" time="0.000" /><testcase classname="tests.test_file_drop.TestValidateFilename" name="test_control_characters_removed" time="0.000" /><testcase classname="tests.test_file_drop.TestValidateFilename" name="test_empty_string_returns_fallback" time="0.000" /><testcase classname="tests.test_file_drop.TestValidateFilename" name="test_forward_slash_stripped" time="0.000" /><testcase classname="tests.test_file_drop.TestValidateFilename" name="test_leading_dashes_stripped" time="0.000" /><testcase classname="tests.test_file_drop.TestValidateFilename" name="test_leading_dots_and_dashes_stripped" time="0.001" /><testcase classname="tests.test_file_drop.TestValidateFilename" name="test_leading_dots_stripped" time="0.000" /><testcase classname="tests.test_file_drop.TestValidateFilename" name="test_length_clamped_to_255" time="0.000" /><testcase classname="tests.test_file_drop.TestValidateFilename" name="test_normal_filename_unchanged" time="0.000" /><testcase classname="tests.test_file_drop.TestValidateFilename" name="test_null_bytes_removed" time="0.000" /><testcase classname="tests.test_file_drop.TestValidateFilename" name="test_only_dots_returns_fallback" time="0.000" /><testcase classname="tests.test_file_drop.TestValidateFilename" name="test_path_traversal_stripped" time="0.000" /><testcase classname="tests.test_file_drop.TestGenerateTransferId" name="test_returns_uuid_string" time="0.000" /><testcase classname="tests.test_file_drop.TestGenerateTransferId" name="test_unique_ids" time="0.000" /><testcase classname="tests.test_file_drop.TestGetFileMimeType" name="test_no_extension" time="0.005" /><testcase classname="tests.test_file_drop.TestGetFileMimeType" name="test_png_image" time="0.000" /><testcase classname="tests.test_file_drop.TestGetFileMimeType" name="test_text_file" time="0.000" /><testcase classname="tests.test_file_drop.TestGetFileMimeType" name="test_unknown_extension" time="0.000" /><testcase classname="tests.test_file_drop.TestFormatTransferSpeed" name="test_bytes_per_second" time="0.000" /><testcase classname="tests.test_file_drop.TestFormatTransferSpeed" name="test_gigabytes_per_second" time="0.000" /><testcase classname="tests.test_file_drop.TestFormatTransferSpeed" name="test_kilobytes_per_second" time="0.000" /><testcase classname="tests.test_file_drop.TestFormatTransferSpeed" name="test_megabytes_per_second" time="0.000" /><testcase classname="tests.test_file_drop.TestFormatTransferSpeed" name="test_zero_speed" time="0.000" /><testcase classname="tests.test_file_drop.TestFormatFileSize" name="test_bytes" time="0.000" /><testcase classname="tests.test_file_drop.TestFormatFileSize" name="test_gigabytes" time="0.000" /><testcase classname="tests.test_file_drop.TestFormatFileSize" name="test_kilobytes" time="0.000" /><testcase classname="tests.test_file_drop.TestFormatFileSize" name="test_megabytes" time="0.000" /><testcase classname="tests.test_file_drop.TestFormatFileSize" name="test_terabytes" time="0.000" /><testcase classname="tests.test_file_drop.TestFormatFileSize" name="test_zero_bytes" time="0.000" /><testcase classname="tests.test_file_drop.TestIsTransferSafe" name="test_dangerous_extension_blocked" time="0.001" /><testcase classname="tests.test_file_drop.TestIsTransferSafe" name="test_dangerous_extension_case_insensitive" time="0.000" /><testcase classname="tests.test_file_drop.TestIsTransferSafe" name="test_exceeds_max_file_size" time="0.000" /><testcase classname="tests.test_file_drop.TestIsTransferSafe" name="test_insufficient_disk_space" time="0.001" /><testcase classname="tests.test_file_drop.TestIsTransferSafe" name="test_negative_file_size" time="0.000" /><testcase classname="tests.test_file_drop.TestIsTransferSafe" name="test_safe_transfer" time="0.001" /><testcase classname="tests.test_file_drop.TestGetAvailableDiskSpace" name="test_returns_available_bytes" time="0.001" /><testcase classname="tests.test_file_drop.TestBuildHttpServerCommand" name="test_port_is_stringified" time="0.000" /><testcase classname="tests.test_file_drop.TestBuildHttpServerCommand" name="test_returns_command_tuple" time="0.000" /><testcase classname="tests.test_file_drop.TestListPendingTransfers" name="test_empty_registry" time="0.001" /><testcase classname="tests.test_file_drop.TestListPendingTransfers" name="test_filters_only_pending" time="0.000" /><testcase classname="tests.test_file_drop.TestListPendingTransfers" name="test_no_pending" time="0.000" /><testcase classname="tests.test_file_drop.TestAcceptTransfer" name="test_accept_non_pending" time="0.001" /><testcase classname="tests.test_file_drop.TestAcceptTransfer" name="test_accept_not_found" time="0.000" /><testcase classname="tests.test_file_drop.TestAcceptTransfer" name="test_accept_pending" time="0.000" /><testcase classname="tests.test_file_drop.TestRejectTransfer" name="test_reject_non_pending" time="0.000" /><testcase classname="tests.test_file_drop.TestRejectTransfer" name="test_reject_not_found" time="0.000" /><testcase classname="tests.test_file_drop.TestRejectTransfer" name="test_reject_pending" time="0.000" /><testcase classname="tests.test_file_drop.TestStartReceiveServer" name="test_start_already_running" time="0.003" /><testcase classname="tests.test_file_drop.TestStartReceiveServer" name="test_start_oserror" time="0.001" /><testcase classname="tests.test_file_drop.TestStartReceiveServer" name="test_start_success" time="0.002" /><testcase classname="tests.test_file_drop.TestStopReceiveServer" name="test_stop_not_running" time="0.001" /><testcase classname="tests.test_file_drop.TestStopReceiveServer" name="test_stop_running_server" time="0.008" /><testcase classname="tests.test_file_drop.TestSendFile" name="test_file_not_found" time="0.001" /><testcase classname="tests.test_file_drop.TestSendFile" name="test_send_http_error" time="0.001" /><testcase classname="tests.test_file_drop.TestSendFile" name="test_send_os_error" time="0.001" /><testcase classname="tests.test_file_drop.TestSendFile" name="test_send_success" time="0.075" /><testcase classname="tests.test_file_drop.TestSendFile" name="test_send_url_error" time="0.001" /><testcase classname="tests.test_file_drop.TestValidateFilenameEdgeCases" name="test_dot_extension_only" time="0.000" /><testcase classname="tests.test_file_drop.TestValidateFilenameEdgeCases" name="test_filename_exactly_255_chars" time="0.000" /><testcase classname="tests.test_file_drop.TestValidateFilenameEdgeCases" name="test_single_character_filename" time="0.000" /><testcase classname="tests.test_file_drop.TestValidateFilenameEdgeCases" name="test_whitespace_only_filename" time="0.000" /><testcase classname="tests.test_fingerprint.TestFingerprintWorkerInit" name="test_custom_finger" time="0.001" /><testcase classname="tests.test_fingerprint.TestFingerprintWorkerInit" name="test_default_finger" time="0.000" /><testcase classname="tests.test_fingerprint.TestFingerprintWorkerInit" name="test_initial_running_state" time="0.000" /><testcase classname="tests.test_fingerprint.TestFingerprintWorkerRun" name="test_run_emits_progress_updates" time="0.002" /><testcase classname="tests.test_fingerprint.TestFingerprintWorkerRun" name="test_run_enrollment_completed" time="0.001" /><testcase classname="tests.test_fingerprint.TestFingerprintWorkerRun" name="test_run_enrollment_failed" time="0.002" /><testcase classname="tests.test_fingerprint.TestFingerprintWorkerRun" name="test_run_handles_exception" time="0.001" /><testcase classname="tests.test_fingerprint.TestFingerprintWorkerStop" name="test_stop_from_running_state" time="0.000" /><testcase classname="tests.test_fingerprint.TestFingerprintWorkerStop" name="test_stop_sets_is_running_false" time="0.000" /><testcase classname="tests.test_firewall_manager.TestFirewallInfo" name="test_defaults" time="0.000" /><testcase classname="tests.test_firewall_manager.TestFirewallInfo" name="test_to_dict" time="0.000" /><testcase classname="tests.test_firewall_manager.TestFirewallInfo" name="test_to_dict_all_keys" time="0.000" /><testcase classname="tests.test_firewall_manager.TestFirewallResult" name="test_failure" time="0.000" /><testcase classname="tests.test_firewall_manager.TestFirewallResult" name="test_success" time="0.000" /><testcase classname="tests.test_firewall_manager.TestFirewallManagerAvailability" name="test_is_available_false" time="0.000" /><testcase classname="tests.test_firewall_manager.TestFirewallManagerAvailability" name="test_is_available_timeout" time="0.001" /><testcase classname="tests.test_firewall_manager.TestFirewallManagerAvailability" name="test_is_available_true" time="0.000" /><testcase classname="tests.test_firewall_manager.TestFirewallManagerAvailability" name="test_is_running_false" time="0.001" /><testcase classname="tests.test_firewall_manager.TestFirewallManagerAvailability" name="test_is_running_os_error" time="0.000" /><testcase classname="tests.test_firewall_manager.TestFirewallManagerAvailability" name="test_is_running_true" time="0.001" /><testcase classname="tests.test_firewall_manager.TestFirewallManagerStatus" name="test_get_status_not_running" time="0.001" /><testcase classname="tests.test_firewall_manager.TestFirewallManagerStatus" name="test_get_status_running" time="0.001" /><testcase classname="tests.test_firewall_manager.TestFirewallManagerZones" name="test_get_active_zones" time="0.001" /><testcase classname="tests.test_firewall_manager.TestFirewallManagerZones" name="test_get_active_zones_empty" time="0.001" /><testcase classname="tests.test_firewall_manager.TestFirewallManagerZones" name="test_get_default_zone" time="0.001" /><testcase classname="tests.test_firewall_manager.TestFirewallManagerZones" name="test_get_default_zone_failure" time="0.001" /><testcase classname="tests.test_firewall_manager.TestFirewallManagerZones" name="test_get_zones" time="0.001" /><testcase classname="tests.test_firewall_manager.TestFirewallManagerZones" name="test_get_zones_failure" time="0.000" /><testcase classname="tests.test_firewall_manager.TestFirewallManagerZones" name="test_set_default_zone_failure" time="0.000" /><testcase classname="tests.test_firewall_manager.TestFirewallManagerZones" name="test_set_default_zone_success" time="0.001" /><testcase classname="tests.test_firewall_manager.TestFirewallManagerPorts" name="test_close_port_success" time="0.001" /><testcase classname="tests.test_firewall_manager.TestFirewallManagerPorts" name="test_list_ports" time="0.001" /><testcase classname="tests.test_firewall_manager.TestFirewallManagerPorts" name="test_list_ports_empty" time="0.000" /><testcase classname="tests.test_firewall_manager.TestFirewallManagerPorts" name="test_list_ports_with_zone" time="0.000" /><testcase classname="tests.test_firewall_manager.TestFirewallManagerPorts" name="test_open_port_failure" time="0.001" /><testcase classname="tests.test_firewall_manager.TestFirewallManagerPorts" name="test_open_port_non_permanent" time="0.001" /><testcase classname="tests.test_firewall_manager.TestFirewallManagerPorts" name="test_open_port_success" time="0.001" /><testcase classname="tests.test_firewall_manager.TestFirewallManagerPorts" name="test_open_port_timeout" time="0.001" /><testcase classname="tests.test_firewall_manager.TestFirewallManagerPorts" name="test_open_port_uses_pkexec" time="0.001" /><testcase classname="tests.test_firewall_manager.TestFirewallManagerServices" name="test_add_service_failure" time="0.001" /><testcase classname="tests.test_firewall_manager.TestFirewallManagerServices" name="test_add_service_success" time="0.001" /><testcase classname="tests.test_firewall_manager.TestFirewallManagerServices" name="test_add_service_uses_pkexec" time="0.000" /><testcase classname="tests.test_firewall_manager.TestFirewallManagerServices" name="test_add_service_with_zone" time="0.000" /><testcase classname="tests.test_firewall_manager.TestFirewallManagerServices" name="test_get_available_services" time="0.000" /><testcase classname="tests.test_firewall_manager.TestFirewallManagerServices" name="test_list_services" time="0.001" /><testcase classname="tests.test_firewall_manager.TestFirewallManagerServices" name="test_list_services_empty" time="0.001" /><testcase classname="tests.test_firewall_manager.TestFirewallManagerServices" name="test_remove_service_success" time="0.001" /><testcase classname="tests.test_firewall_manager.TestFirewallManagerRichRules" name="test_add_rich_rule_failure" time="0.001" /><testcase classname="tests.test_firewall_manager.TestFirewallManagerRichRules" name="test_add_rich_rule_success" time="0.001" /><testcase classname="tests.test_firewall_manager.TestFirewallManagerRichRules" name="test_list_rich_rules" time="0.001" /><testcase classname="tests.test_firewall_manager.TestFirewallManagerRichRules" name="test_list_rich_rules_empty" time="0.001" /><testcase classname="tests.test_firewall_manager.TestFirewallManagerRichRules" name="test_remove_rich_rule_success" time="0.001" /><testcase classname="tests.test_firewall_manager.TestFirewallManagerToggle" name="test_start_firewall_failure" time="0.001" /><testcase classname="tests.test_firewall_manager.TestFirewallManagerToggle" name="test_start_firewall_success" time="0.001" /><testcase classname="tests.test_firewall_manager.TestFirewallManagerToggle" name="test_start_firewall_timeout" time="0.000" /><testcase classname="tests.test_firewall_manager.TestFirewallManagerToggle" name="test_start_firewall_uses_pkexec" time="0.001" /><testcase classname="tests.test_firewall_manager.TestFirewallManagerToggle" name="test_stop_firewall_failure" time="0.001" /><testcase classname="tests.test_firewall_manager.TestFirewallManagerToggle" name="test_stop_firewall_success" time="0.001" /><testcase classname="tests.test_firewall_manager.TestFirewallManagerReload" name="test_reload_failure" time="0.001" /><testcase classname="tests.test_firewall_manager.TestFirewallManagerReload" name="test_reload_success" time="0.000" /><testcase classname="tests.test_firewall_manager.TestFirewallManagerReload" name="test_reload_timeout" time="0.000" /><testcase classname="tests.test_flatpak_manager.TestFlatpakManagerAvailability" name="test_flatpak_available" time="0.000" /><testcase classname="tests.test_flatpak_manager.TestFlatpakManagerAvailability" name="test_flatpak_not_available" time="0.000" /><testcase classname="tests.test_flatpak_manager.TestFlatpakSizes" name="test_get_sizes" time="0.001" /><testcase classname="tests.test_flatpak_manager.TestFlatpakSizes" name="test_get_sizes_empty" time="0.001" /><testcase classname="tests.test_flatpak_manager.TestFlatpakSizes" name="test_get_sizes_no_flatpak" time="0.000" /><testcase classname="tests.test_flatpak_manager.TestFlatpakSizes" name="test_get_sizes_timeout" time="0.001" /><testcase classname="tests.test_flatpak_manager.TestParseSize" name="test_parse_empty" time="0.000" /><testcase classname="tests.test_flatpak_manager.TestParseSize" name="test_parse_gb" time="0.000" /><testcase classname="tests.test_flatpak_manager.TestParseSize" name="test_parse_invalid" time="0.000" /><testcase classname="tests.test_flatpak_manager.TestParseSize" name="test_parse_kb" time="0.000" /><testcase classname="tests.test_flatpak_manager.TestParseSize" name="test_parse_mb" time="0.000" /><testcase classname="tests.test_flatpak_manager.TestFlatpakPermissions" name="test_get_permissions" time="0.001" /><testcase classname="tests.test_flatpak_manager.TestFlatpakPermissions" name="test_get_permissions_no_flatpak" time="0.001" /><testcase classname="tests.test_flatpak_manager.TestFlatpakPermissions" name="test_get_permissions_timeout" time="0.001" /><testcase classname="tests.test_flatpak_manager.TestOrphanDetection" name="test_find_no_orphans" time="0.001" /><testcase classname="tests.test_flatpak_manager.TestOrphanDetection" name="test_find_orphans" time="0.001" /><testcase classname="tests.test_flatpak_manager.TestOrphanDetection" name="test_find_orphans_no_flatpak" time="0.000" /><testcase classname="tests.test_flatpak_manager.TestCleanup" name="test_cleanup_command" time="0.000" /><testcase classname="tests.test_flatpak_manager.TestTotalSize" name="test_total_size_empty" time="0.001" /><testcase classname="tests.test_flatpak_manager.TestTotalSize" name="test_total_size_gb" time="0.000" /><testcase classname="tests.test_flatpak_manager.TestTotalSize" name="test_total_size_mb" time="0.000" /><testcase classname="tests.test_focus_mode.TestFocusMode" name="test_block_domains_pkexec_denied" time="0.002" /><testcase classname="tests.test_focus_mode.TestFocusMode" name="test_disable_success" time="0.001" /><testcase classname="tests.test_focus_mode.TestFocusMode" name="test_enable_dnd_fallbacks_to_gnome" time="0.001" /><testcase classname="tests.test_focus_mode.TestFocusMode" name="test_enable_missing_profile" time="0.000" /><testcase classname="tests.test_focus_mode.TestFocusMode" name="test_enable_success_updates_state" time="0.001" /><testcase classname="tests.test_focus_mode.TestFocusMode" name="test_get_running_distractions" time="0.001" /><testcase classname="tests.test_focus_mode.TestFocusMode" name="test_kde_dnd_enable_success" time="0.001" /><testcase classname="tests.test_focus_mode.TestFocusMode" name="test_kill_processes_filters_successes" time="0.001" /><testcase classname="tests.test_focus_mode.TestFocusMode" name="test_remove_focus_entries" time="0.000" /><testcase classname="tests.test_focus_mode.TestFocusMode" name="test_toggle_when_active_calls_disable" time="0.001" /><testcase classname="tests.test_focus_mode_deep.TestFocusModeProfile" name="test_custom" time="0.000" /><testcase classname="tests.test_focus_mode_deep.TestFocusModeProfile" name="test_defaults" time="0.001" /><testcase classname="tests.test_focus_mode_deep.TestEnsureConfig" name="test_creates_default_config" time="0.001" /><testcase classname="tests.test_focus_mode_deep.TestEnsureConfig" name="test_no_overwrite" time="0.001" /><testcase classname="tests.test_focus_mode_deep.TestLoadConfig" name="test_invalid_json" time="0.000" /><testcase classname="tests.test_focus_mode_deep.TestLoadConfig" name="test_valid" time="0.000" /><testcase classname="tests.test_focus_mode_deep.TestSaveConfig" name="test_save_and_load" time="0.001" /><testcase classname="tests.test_focus_mode_deep.TestListProfiles" name="test_empty" time="0.000" /><testcase classname="tests.test_focus_mode_deep.TestListProfiles" name="test_returns_names" time="0.000" /><testcase classname="tests.test_focus_mode_deep.TestGetProfile" name="test_found" time="0.002" /><testcase classname="tests.test_focus_mode_deep.TestGetProfile" name="test_not_found" time="0.001" /><testcase classname="tests.test_focus_mode_deep.TestSaveProfile" name="test_failure" time="0.001" /><testcase classname="tests.test_focus_mode_deep.TestSaveProfile" name="test_success" time="0.001" /><testcase classname="tests.test_focus_mode_deep.TestDeleteProfile" name="test_not_found" time="0.000" /><testcase classname="tests.test_focus_mode_deep.TestDeleteProfile" name="test_success" time="0.000" /><testcase classname="tests.test_focus_mode_deep.TestIsActive" name="test_active" time="0.000" /><testcase classname="tests.test_focus_mode_deep.TestIsActive" name="test_inactive" time="0.000" /><testcase classname="tests.test_focus_mode_deep.TestGetActiveProfile" name="test_active" time="0.000" /><testcase classname="tests.test_focus_mode_deep.TestGetActiveProfile" name="test_inactive" time="0.000" /><testcase classname="tests.test_focus_mode_deep.TestRemoveFocusEntries" name="test_no_block" time="0.000" /><testcase classname="tests.test_focus_mode_deep.TestRemoveFocusEntries" name="test_removes_block" time="0.000" /><testcase classname="tests.test_focus_mode_deep.TestBlockDomains" name="test_permission_error" time="0.000" /><testcase classname="tests.test_focus_mode_deep.TestBlockDomains" name="test_pkexec_denied" time="0.001" /><testcase classname="tests.test_focus_mode_deep.TestBlockDomains" name="test_success" time="0.001" /><testcase classname="tests.test_focus_mode_deep.TestRestoreHosts" name="test_failure" time="0.001" /><testcase classname="tests.test_focus_mode_deep.TestRestoreHosts" name="test_success" time="0.001" /><testcase classname="tests.test_focus_mode_deep.TestKdeDnd" name="test_disable_success" time="0.000" /><testcase classname="tests.test_focus_mode_deep.TestKdeDnd" name="test_enable_success" time="0.000" /><testcase classname="tests.test_focus_mode_deep.TestKdeDnd" name="test_exception" time="0.000" /><testcase classname="tests.test_focus_mode_deep.TestKdeDnd" name="test_failure" time="0.000" /><testcase classname="tests.test_focus_mode_deep.TestGnomeDnd" name="test_disable" time="0.001" /><testcase classname="tests.test_focus_mode_deep.TestGnomeDnd" name="test_enable" time="0.000" /><testcase classname="tests.test_focus_mode_deep.TestGnomeDnd" name="test_failure" time="0.000" /><testcase classname="tests.test_focus_mode_deep.TestEnableDnd" name="test_gnome_fallback" time="0.000" /><testcase classname="tests.test_focus_mode_deep.TestEnableDnd" name="test_kde_first" time="0.000" /><testcase classname="tests.test_focus_mode_deep.TestEnableDnd" name="test_unsupported" time="0.000" /><testcase classname="tests.test_focus_mode_deep.TestDisableDnd" name="test_success" time="0.000" /><testcase classname="tests.test_focus_mode_deep.TestKillProcesses" name="test_exception" time="0.000" /><testcase classname="tests.test_focus_mode_deep.TestKillProcesses" name="test_kills" time="0.000" /><testcase classname="tests.test_focus_mode_deep.TestKillProcesses" name="test_not_running" time="0.000" /><testcase classname="tests.test_focus_mode_deep.TestGetRunningDistractions" name="test_exception" time="0.001" /><testcase classname="tests.test_focus_mode_deep.TestGetRunningDistractions" name="test_found" time="0.000" /><testcase classname="tests.test_focus_mode_deep.TestEnable" name="test_block_fail" time="0.000" /><testcase classname="tests.test_focus_mode_deep.TestEnable" name="test_no_profile" time="0.000" /><testcase classname="tests.test_focus_mode_deep.TestEnable" name="test_success" time="0.001" /><testcase classname="tests.test_focus_mode_deep.TestDisable" name="test_success" time="0.001" /><testcase classname="tests.test_focus_mode_deep.TestToggle" name="test_disable_when_active" time="0.001" /><testcase classname="tests.test_focus_mode_deep.TestToggle" name="test_enable_when_inactive" time="0.000" /><testcase classname="tests.test_frameless_logic.TestFramelessFlagLogic" name="test_config_priority_true_over_env_false" time="0.001" /><testcase classname="tests.test_frameless_logic.TestFramelessFlagLogic" name="test_config_takes_priority_over_env" time="0.000" /><testcase classname="tests.test_frameless_logic.TestFramelessFlagLogic" name="test_empty_ui_dict_falls_back_to_env" time="0.000" /><testcase classname="tests.test_frameless_logic.TestFramelessFlagLogic" name="test_frameless_disabled_by_default" time="0.000" /><testcase classname="tests.test_frameless_logic.TestFramelessFlagLogic" name="test_frameless_disabled_via_config" time="0.000" /><testcase classname="tests.test_frameless_logic.TestFramelessFlagLogic" name="test_frameless_enabled_via_config" time="0.000" /><testcase classname="tests.test_frameless_logic.TestFramelessFlagLogic" name="test_frameless_enabled_via_env_var" time="0.000" /><testcase classname="tests.test_frameless_logic.TestFramelessFlagLogic" name="test_frameless_env_var_wrong_value" time="0.000" /><testcase classname="tests.test_frameless_logic.TestFramelessFlagLogic" name="test_no_ui_section_falls_back_to_env" time="0.000" /><testcase classname="tests.test_frameless_mode_flag.TestFramelessModeFlag" name="test_config_takes_priority_over_env" time="0.000"><skipped type="pytest.skip" message="Skipped — real MainWindow leaks EventBus threads. Logic covered by test_frameless_logic.py">/home/loofi/Dokument/loofi fedora 43 v1/loofi-fedora-tweaks/tests/test_frameless_mode_flag.py:138: Skipped — real MainWindow leaks EventBus threads. Logic covered by test_frameless_logic.py</skipped></testcase><testcase classname="tests.test_frameless_mode_flag.TestFramelessModeFlag" name="test_frameless_disabled_by_default" time="0.000"><skipped type="pytest.skip" message="Skipped — real MainWindow leaks EventBus threads. Logic covered by test_frameless_logic.py">/home/loofi/Dokument/loofi fedora 43 v1/loofi-fedora-tweaks/tests/test_frameless_mode_flag.py:64: Skipped — real MainWindow leaks EventBus threads. Logic covered by test_frameless_logic.py</skipped></testcase><testcase classname="tests.test_frameless_mode_flag.TestFramelessModeFlag" name="test_frameless_disabled_via_config" time="0.000"><skipped type="pytest.skip" message="Skipped — real MainWindow leaks EventBus threads. Logic covered by test_frameless_logic.py">/home/loofi/Dokument/loofi fedora 43 v1/loofi-fedora-tweaks/tests/test_frameless_mode_flag.py:93: Skipped — real MainWindow leaks EventBus threads. Logic covered by test_frameless_logic.py</skipped></testcase><testcase classname="tests.test_frameless_mode_flag.TestFramelessModeFlag" name="test_frameless_enabled_via_config" time="0.000"><skipped type="pytest.skip" message="Skipped — real MainWindow leaks EventBus threads. Logic covered by test_frameless_logic.py">/home/loofi/Dokument/loofi fedora 43 v1/loofi-fedora-tweaks/tests/test_frameless_mode_flag.py:79: Skipped — real MainWindow leaks EventBus threads. Logic covered by test_frameless_logic.py</skipped></testcase><testcase classname="tests.test_frameless_mode_flag.TestFramelessModeFlag" name="test_frameless_enabled_via_env_var" time="0.000"><skipped type="pytest.skip" message="Skipped — real MainWindow leaks EventBus threads. Logic covered by test_frameless_logic.py">/home/loofi/Dokument/loofi fedora 43 v1/loofi-fedora-tweaks/tests/test_frameless_mode_flag.py:107: Skipped — real MainWindow leaks EventBus threads. Logic covered by test_frameless_logic.py</skipped></testcase><testcase classname="tests.test_frameless_mode_flag.TestFramelessModeFlag" name="test_frameless_env_var_wrong_value" time="0.000"><skipped type="pytest.skip" message="Skipped — real MainWindow leaks EventBus threads. Logic covered by test_frameless_logic.py">/home/loofi/Dokument/loofi fedora 43 v1/loofi-fedora-tweaks/tests/test_frameless_mode_flag.py:122: Skipped — real MainWindow leaks EventBus threads. Logic covered by test_frameless_logic.py</skipped></testcase><testcase classname="tests.test_frameless_mode_flag.TestFramelessModeFlag" name="test_no_warning_when_disabled" time="0.000"><skipped type="pytest.skip" message="Skipped — real MainWindow leaks EventBus threads. Logic covered by test_frameless_logic.py">/home/loofi/Dokument/loofi fedora 43 v1/loofi-fedora-tweaks/tests/test_frameless_mode_flag.py:173: Skipped — real MainWindow leaks EventBus threads. Logic covered by test_frameless_logic.py</skipped></testcase><testcase classname="tests.test_frameless_mode_flag.TestFramelessModeFlag" name="test_warning_logged_when_enabled" time="0.000"><skipped type="pytest.skip" message="Skipped — real MainWindow leaks EventBus threads. Logic covered by test_frameless_logic.py">/home/loofi/Dokument/loofi fedora 43 v1/loofi-fedora-tweaks/tests/test_frameless_mode_flag.py:154: Skipped — real MainWindow leaks EventBus threads. Logic covered by test_frameless_logic.py</skipped></testcase><testcase classname="tests.test_gaming_utils.TestGetGamemodeStatus" name="test_active_contains_active_substring" time="0.001" /><testcase classname="tests.test_gaming_utils.TestGetGamemodeStatus" name="test_active_service" time="0.000" /><testcase classname="tests.test_gaming_utils.TestGetGamemodeStatus" name="test_error_on_exception" time="0.001" /><testcase classname="tests.test_gaming_utils.TestGetGamemodeStatus" name="test_error_on_file_not_found" time="0.001" /><testcase classname="tests.test_gaming_utils.TestGetGamemodeStatus" name="test_installed_but_inactive" time="0.001" /><testcase classname="tests.test_gaming_utils.TestGetGamemodeStatus" name="test_missing_package" time="0.001" /><testcase classname="tests.test_gaming_utils.TestGetGamemodeStatus" name="test_rpm_check_raises_after_not_running" time="0.001" /><testcase classname="tests.test_gaming_utils.TestGetGamemodeStatus" name="test_systemctl_empty_output_then_rpm_installed" time="0.001" /><testcase classname="tests.test_gaming_utils.TestGetGamemodeStatus" name="test_systemctl_empty_output_then_rpm_missing" time="0.001" /><testcase classname="tests.test_hardware_manager_deep.TestGetAvailableGovernors" name="test_fallback" time="0.000" /><testcase classname="tests.test_hardware_manager_deep.TestGetAvailableGovernors" name="test_permission_error" time="0.000" /><testcase classname="tests.test_hardware_manager_deep.TestGetAvailableGovernors" name="test_reads_file" time="0.001" /><testcase classname="tests.test_hardware_manager_deep.TestGetCurrentGovernor" name="test_oserror" time="0.001" /><testcase classname="tests.test_hardware_manager_deep.TestGetCurrentGovernor" name="test_reads_governor" time="0.000" /><testcase classname="tests.test_hardware_manager_deep.TestSetGovernor" name="test_invalid_governor" time="0.000" /><testcase classname="tests.test_hardware_manager_deep.TestSetGovernor" name="test_subprocess_error" time="0.000" /><testcase classname="tests.test_hardware_manager_deep.TestSetGovernor" name="test_success" time="0.001" /><testcase classname="tests.test_hardware_manager_deep.TestGetCpuFrequency" name="test_error" time="0.000" /><testcase classname="tests.test_hardware_manager_deep.TestGetCpuFrequency" name="test_reads_freq" time="0.003" /><testcase classname="tests.test_hardware_manager_deep.TestIsHybridGpu" name="test_hybrid" time="0.002" /><testcase classname="tests.test_hardware_manager_deep.TestIsHybridGpu" name="test_not_hybrid" time="0.001" /><testcase classname="tests.test_hardware_manager_deep.TestGetGpuMode" name="test_envycontrol_hybrid" time="0.001" /><testcase classname="tests.test_hardware_manager_deep.TestGetGpuMode" name="test_envycontrol_integrated" time="0.001" /><testcase classname="tests.test_hardware_manager_deep.TestGetGpuMode" name="test_envycontrol_nvidia" time="0.001" /><testcase classname="tests.test_hardware_manager_deep.TestGetGpuMode" name="test_unknown" time="0.000" /><testcase classname="tests.test_hardware_manager_deep.TestSetGpuMode" name="test_envycontrol_failure" time="0.001" /><testcase classname="tests.test_hardware_manager_deep.TestSetGpuMode" name="test_envycontrol_success" time="0.001" /><testcase classname="tests.test_hardware_manager_deep.TestSetGpuMode" name="test_invalid_mode" time="0.000" /><testcase classname="tests.test_hardware_manager_deep.TestSetGpuMode" name="test_no_tool" time="0.000" /><testcase classname="tests.test_hardware_manager_deep.TestGetAvailableGpuTools" name="test_envycontrol_only" time="0.000" /><testcase classname="tests.test_hardware_manager_deep.TestGetAvailableGpuTools" name="test_no_tools" time="0.000" /><testcase classname="tests.test_hardware_manager_deep.TestNbfc" name="test_get_current_config" time="0.001" /><testcase classname="tests.test_hardware_manager_deep.TestNbfc" name="test_get_current_config_no_nbfc" time="0.000" /><testcase classname="tests.test_hardware_manager_deep.TestNbfc" name="test_get_fan_status" time="0.001" /><testcase classname="tests.test_hardware_manager_deep.TestNbfc" name="test_get_fan_status_no_nbfc" time="0.000" /><testcase classname="tests.test_hardware_manager_deep.TestNbfc" name="test_get_profiles" time="0.000" /><testcase classname="tests.test_hardware_manager_deep.TestNbfc" name="test_get_profiles_no_nbfc" time="0.000" /><testcase classname="tests.test_hardware_manager_deep.TestNbfc" name="test_is_available" time="0.000" /><testcase classname="tests.test_hardware_manager_deep.TestNbfc" name="test_not_available" time="0.000" /><testcase classname="tests.test_hardware_manager_deep.TestNbfc" name="test_set_fan_speed_auto" time="0.000" /><testcase classname="tests.test_hardware_manager_deep.TestNbfc" name="test_set_fan_speed_manual" time="0.000" /><testcase classname="tests.test_hardware_manager_deep.TestNbfc" name="test_set_fan_speed_no_nbfc" time="0.000" /><testcase classname="tests.test_hardware_manager_deep.TestNbfc" name="test_set_profile" time="0.000" /><testcase classname="tests.test_hardware_manager_deep.TestNbfc" name="test_set_profile_no_nbfc" time="0.000" /><testcase classname="tests.test_hardware_manager_deep.TestPowerProfiles" name="test_available" time="0.001" /><testcase classname="tests.test_hardware_manager_deep.TestPowerProfiles" name="test_get_available_profiles" time="0.000" /><testcase classname="tests.test_hardware_manager_deep.TestPowerProfiles" name="test_get_available_profiles_unavailable" time="0.000" /><testcase classname="tests.test_hardware_manager_deep.TestPowerProfiles" name="test_get_profile" time="0.001" /><testcase classname="tests.test_hardware_manager_deep.TestPowerProfiles" name="test_get_profile_unavailable" time="0.000" /><testcase classname="tests.test_hardware_manager_deep.TestPowerProfiles" name="test_not_available" time="0.000" /><testcase classname="tests.test_hardware_manager_deep.TestPowerProfiles" name="test_set_profile_invalid" time="0.000" /><testcase classname="tests.test_hardware_manager_deep.TestPowerProfiles" name="test_set_profile_success" time="0.000" /><testcase classname="tests.test_hardware_manager_deep.TestPowerProfiles" name="test_set_profile_unavailable" time="0.000" /><testcase classname="tests.test_hardware_manager_deep.TestGetAiCapabilities" name="test_cuda_detected" time="0.001" /><testcase classname="tests.test_hardware_manager_deep.TestGetAiCapabilities" name="test_no_ai_hw" time="0.001" /><testcase classname="tests.test_hardware_manager_deep.TestGetAiSummary" name="test_no_hw" time="0.001" /><testcase classname="tests.test_hardware_manager_deep.TestGetAiSummary" name="test_with_hw" time="0.000" /><testcase classname="tests.test_hardware_tab.TestHardwareTabInit" name="test_cpu_freq_label_created" time="0.005" /><testcase classname="tests.test_hardware_tab.TestHardwareTabInit" name="test_create_widget_returns_self" time="0.001" /><testcase classname="tests.test_hardware_tab.TestHardwareTabInit" name="test_governor_combo_created" time="0.001" /><testcase classname="tests.test_hardware_tab.TestHardwareTabInit" name="test_governor_combo_current_is_schedutil" time="0.002" /><testcase classname="tests.test_hardware_tab.TestHardwareTabInit" name="test_governor_combo_has_items" time="0.001" /><testcase classname="tests.test_hardware_tab.TestHardwareTabInit" name="test_hw_output_area_created" time="0.001" /><testcase classname="tests.test_hardware_tab.TestHardwareTabInit" name="test_hw_runner_created" time="0.001" /><testcase classname="tests.test_hardware_tab.TestHardwareTabInit" name="test_metadata_badge" time="0.001" /><testcase classname="tests.test_hardware_tab.TestHardwareTabInit" name="test_metadata_category" time="0.002" /><testcase classname="tests.test_hardware_tab.TestHardwareTabInit" name="test_metadata_icon" time="0.001" /><testcase classname="tests.test_hardware_tab.TestHardwareTabInit" name="test_metadata_order" time="0.001" /><testcase classname="tests.test_hardware_tab.TestHardwareTabInit" name="test_metadata_returns_plugin_metadata" time="0.001" /><testcase classname="tests.test_hardware_tab.TestHardwareTabInit" name="test_tab_is_instance_of_hardware_tab" time="0.001" /><testcase classname="tests.test_hardware_tab.TestCreateCpuCard" name="test_available_governors_called" time="0.001" /><testcase classname="tests.test_hardware_tab.TestCreateCpuCard" name="test_cpu_card_returns_group_box" time="0.001" /><testcase classname="tests.test_hardware_tab.TestCreateCpuCard" name="test_cpu_freq_calls_hardware_manager" time="0.001" /><testcase classname="tests.test_hardware_tab.TestCreateCpuCard" name="test_cpu_freq_label_shows_values" time="0.001" /><testcase classname="tests.test_hardware_tab.TestCreateCpuCard" name="test_current_governor_called" time="0.001" /><testcase classname="tests.test_hardware_tab.TestCreateCpuCard" name="test_governor_combo_populated" time="0.001" /><testcase classname="tests.test_hardware_tab.TestOnGovernorChanged" name="test_governor_change_failure_reverts_combo" time="0.001" /><testcase classname="tests.test_hardware_tab.TestOnGovernorChanged" name="test_governor_change_failure_shows_warning" time="0.001" /><testcase classname="tests.test_hardware_tab.TestOnGovernorChanged" name="test_governor_change_success" time="0.001" /><testcase classname="tests.test_hardware_tab.TestOnGovernorChanged" name="test_governor_change_success_calls_show_toast" time="0.001" /><testcase classname="tests.test_hardware_tab.TestCreatePowerProfileCard" name="test_is_power_profiles_available_called" time="0.001" /><testcase classname="tests.test_hardware_tab.TestCreatePowerProfileCard" name="test_power_profile_card_created" time="0.001" /><testcase classname="tests.test_hardware_tab.TestCreatePowerProfileCard" name="test_power_profile_label_shows_current" time="0.001" /><testcase classname="tests.test_hardware_tab.TestCreatePowerProfileCard" name="test_power_profile_unavailable" time="0.002" /><testcase classname="tests.test_hardware_tab.TestSetPowerProfile" name="test_set_power_profile_failure_does_not_update_label" time="0.001" /><testcase classname="tests.test_hardware_tab.TestSetPowerProfile" name="test_set_power_profile_failure_shows_warning" time="0.001" /><testcase classname="tests.test_hardware_tab.TestSetPowerProfile" name="test_set_power_profile_success" time="0.001" /><testcase classname="tests.test_hardware_tab.TestSetPowerProfile" name="test_set_power_profile_success_shows_toast" time="0.001" /><testcase classname="tests.test_hardware_tab.TestSetPowerProfile" name="test_set_power_profile_updates_label" time="0.001" /><testcase classname="tests.test_hardware_tab.TestCreateGpuCard" name="test_gpu_card_created" time="0.001" /><testcase classname="tests.test_hardware_tab.TestCreateGpuCard" name="test_gpu_mode_label_created" time="0.001" /><testcase classname="tests.test_hardware_tab.TestCreateGpuCard" name="test_gpu_mode_label_shows_current" time="0.001" /><testcase classname="tests.test_hardware_tab.TestCreateGpuCard" name="test_no_gpu_tools_available" time="0.001" /><testcase classname="tests.test_hardware_tab.TestCreateGpuCard" name="test_no_hybrid_gpu_detected" time="0.001" /><testcase classname="tests.test_hardware_tab.TestSetGpuMode" name="test_set_gpu_mode_confirmed_failure" time="0.002" /><testcase classname="tests.test_hardware_tab.TestSetGpuMode" name="test_set_gpu_mode_confirmed_success" time="0.001" /><testcase classname="tests.test_hardware_tab.TestSetGpuMode" name="test_set_gpu_mode_confirmed_updates_label" time="0.001" /><testcase classname="tests.test_hardware_tab.TestSetGpuMode" name="test_set_gpu_mode_declined_does_nothing" time="0.002" /><testcase classname="tests.test_hardware_tab.TestSetGpuMode" name="test_set_gpu_mode_success_shows_info_dialog" time="0.001" /><testcase classname="tests.test_hardware_tab.TestInstallEnvycontrol" name="test_install_envycontrol_shows_information" time="0.001" /><testcase classname="tests.test_hardware_tab.TestCreateFanCard" name="test_fan_card_created" time="0.001" /><testcase classname="tests.test_hardware_tab.TestCreateFanCard" name="test_fan_percent_label_created" time="0.001" /><testcase classname="tests.test_hardware_tab.TestCreateFanCard" name="test_fan_slider_created" time="0.001" /><testcase classname="tests.test_hardware_tab.TestCreateFanCard" name="test_fan_slider_initial_value" time="0.001" /><testcase classname="tests.test_hardware_tab.TestCreateFanCard" name="test_fan_status_label_created" time="0.001" /><testcase classname="tests.test_hardware_tab.TestCreateFanCard" name="test_fan_status_shows_speed_and_temp" time="0.001" /><testcase classname="tests.test_hardware_tab.TestCreateFanCard" name="test_nbfc_not_available" time="0.001" /><testcase classname="tests.test_hardware_tab.TestSetFanSpeed" name="test_set_fan_speed_auto_mode" time="0.001" /><testcase classname="tests.test_hardware_tab.TestSetFanSpeed" name="test_set_fan_speed_failure" time="0.001" /><testcase classname="tests.test_hardware_tab.TestSetFanSpeed" name="test_set_fan_speed_percentage_in_toast" time="0.001" /><testcase classname="tests.test_hardware_tab.TestSetFanSpeed" name="test_set_fan_speed_success" time="0.001" /><testcase classname="tests.test_hardware_tab.TestShowNbfcHelp" name="test_nbfc_help_shows_information" time="0.001" /><testcase classname="tests.test_hardware_tab.TestCreateAudioCard" name="test_audio_card_created" time="0.001" /><testcase classname="tests.test_hardware_tab.TestCreateBatteryLimitCard" name="test_battery_card_created" time="0.001" /><testcase classname="tests.test_hardware_tab.TestSetBatteryLimit" name="test_set_battery_limit_100" time="0.002" /><testcase classname="tests.test_hardware_tab.TestSetBatteryLimit" name="test_set_battery_limit_echo_cmd" time="0.001" /><testcase classname="tests.test_hardware_tab.TestSetBatteryLimit" name="test_set_battery_limit_none_cmd" time="0.001" /><testcase classname="tests.test_hardware_tab.TestSetBatteryLimit" name="test_set_battery_limit_with_cmd" time="0.001" /><testcase classname="tests.test_hardware_tab.TestCreateFingerprintCard" name="test_fingerprint_card_created" time="0.001" /><testcase classname="tests.test_hardware_tab.TestEnrollFingerprint" name="test_enroll_fingerprint_opens_dialog" time="0.001" /><testcase classname="tests.test_hardware_tab.TestCreateBluetoothCard" name="test_bluetooth_card_created" time="0.001" /><testcase classname="tests.test_hardware_tab.TestCreateBluetoothCard" name="test_bt_devices_label_created" time="0.001" /><testcase classname="tests.test_hardware_tab.TestCreateBluetoothCard" name="test_bt_status_label_created" time="0.001" /><testcase classname="tests.test_hardware_tab.TestBtRefreshStatus" name="test_bt_refresh_exception_handled" time="0.001" /><testcase classname="tests.test_hardware_tab.TestBtRefreshStatus" name="test_bt_refresh_max_five_devices_shown" time="0.001" /><testcase classname="tests.test_hardware_tab.TestBtRefreshStatus" name="test_bt_refresh_no_adapter" time="0.001" /><testcase classname="tests.test_hardware_tab.TestBtRefreshStatus" name="test_bt_refresh_no_paired_devices" time="0.001" /><testcase classname="tests.test_hardware_tab.TestBtRefreshStatus" name="test_bt_refresh_with_adapter_powered_off" time="0.002" /><testcase classname="tests.test_hardware_tab.TestBtRefreshStatus" name="test_bt_refresh_with_adapter_powered_on" time="0.001" /><testcase classname="tests.test_hardware_tab.TestBtRefreshStatus" name="test_bt_refresh_with_paired_devices" time="0.001" /><testcase classname="tests.test_hardware_tab.TestBtPowerOn" name="test_bt_power_on_failure" time="0.001" /><testcase classname="tests.test_hardware_tab.TestBtPowerOn" name="test_bt_power_on_success" time="0.001" /><testcase classname="tests.test_hardware_tab.TestBtPowerOff" name="test_bt_power_off_failure" time="0.001" /><testcase classname="tests.test_hardware_tab.TestBtPowerOff" name="test_bt_power_off_success" time="0.001" /><testcase classname="tests.test_hardware_tab.TestBtScan" name="test_bt_scan_runs_command" time="0.001" /><testcase classname="tests.test_hardware_tab.TestCreateBootConfigCard" name="test_boot_card_created" time="0.001" /><testcase classname="tests.test_hardware_tab.TestCreateBootConfigCard" name="test_boot_info_label_created" time="0.001" /><testcase classname="tests.test_hardware_tab.TestCreateBootConfigCard" name="test_boot_timeout_spin_created" time="0.001" /><testcase classname="tests.test_hardware_tab.TestLoadBootInfo" name="test_load_boot_info_empty_cmdline" time="0.001" /><testcase classname="tests.test_hardware_tab.TestLoadBootInfo" name="test_load_boot_info_exception" time="0.001" /><testcase classname="tests.test_hardware_tab.TestLoadBootInfo" name="test_load_boot_info_success" time="0.001" /><testcase classname="tests.test_hardware_tab.TestLoadBootInfo" name="test_load_boot_info_truncates_long_cmdline" time="0.001" /><testcase classname="tests.test_hardware_tab.TestListBootKernels" name="test_list_kernels_empty" time="0.001" /><testcase classname="tests.test_hardware_tab.TestListBootKernels" name="test_list_kernels_exception" time="0.001" /><testcase classname="tests.test_hardware_tab.TestListBootKernels" name="test_list_kernels_success" time="0.001" /><testcase classname="tests.test_hardware_tab.TestShowGrubConfig" name="test_show_grub_config_exception" time="0.001" /><testcase classname="tests.test_hardware_tab.TestShowGrubConfig" name="test_show_grub_config_no_theme" time="0.001" /><testcase classname="tests.test_hardware_tab.TestShowGrubConfig" name="test_show_grub_config_success" time="0.001" /><testcase classname="tests.test_hardware_tab.TestSetBootTimeout" name="test_set_boot_timeout_exception" time="0.001" /><testcase classname="tests.test_hardware_tab.TestSetBootTimeout" name="test_set_boot_timeout_success" time="0.001" /><testcase classname="tests.test_hardware_tab.TestApplyGrub" name="test_apply_grub_exception" time="0.001" /><testcase classname="tests.test_hardware_tab.TestApplyGrub" name="test_apply_grub_success" time="0.001" /><testcase classname="tests.test_hardware_tab.TestRefreshStatus" name="test_refresh_handles_exception" time="0.001" /><testcase classname="tests.test_hardware_tab.TestRefreshStatus" name="test_refresh_skips_fan_when_nbfc_unavailable" time="0.001" /><testcase classname="tests.test_hardware_tab.TestRefreshStatus" name="test_refresh_updates_cpu_freq" time="0.001" /><testcase classname="tests.test_hardware_tab.TestRefreshStatus" name="test_refresh_updates_fan_status" time="0.001" /><testcase classname="tests.test_hardware_tab.TestShowToast" name="test_show_toast_no_parent_window" time="0.001" /><testcase classname="tests.test_hardware_tab.TestShowToast" name="test_show_toast_with_parent_window" time="0.002" /><testcase classname="tests.test_hardware_tab.TestRunHwCommand" name="test_run_hw_command_calls_runner" time="0.002" /><testcase classname="tests.test_hardware_tab.TestRunHwCommand" name="test_run_hw_command_clears_output" time="0.001" /><testcase classname="tests.test_hardware_tab.TestRunHwCommand" name="test_run_hw_command_no_description" time="0.001" /><testcase classname="tests.test_hardware_tab.TestOnHwOutput" name="test_on_hw_output_appends_text" time="0.001" /><testcase classname="tests.test_hardware_tab.TestOnHwCommandFinished" name="test_on_hw_command_finished_no_crash" time="0.001" /><testcase classname="tests.test_hardware_tab.TestOnHwCommandFinished" name="test_on_hw_command_finished_nonzero_exit" time="0.001" /><testcase classname="tests.test_hardware_tab.TestCreateCard" name="test_create_card_returns_group_box" time="0.001" /><testcase classname="tests.test_hardware_tab.TestCreateCard" name="test_create_card_title_format" time="0.001" /><testcase classname="tests.test_hardware_tab.TestSetupCommandRunner" name="test_hw_runner_has_finished_signal" time="0.002" /><testcase classname="tests.test_hardware_tab.TestSetupCommandRunner" name="test_hw_runner_has_output_signal" time="0.001" /><testcase classname="tests.test_hardware_tab.TestSetupCommandRunner" name="test_hw_runner_signals_connected" time="0.001" /><testcase classname="tests.test_hardware_tab.TestEdgeCases" name="test_fan_slider_value_change_updates_label" time="0.001" /><testcase classname="tests.test_hardware_tab.TestEdgeCases" name="test_governor_combo_empty_governors_list" time="0.001" /><testcase classname="tests.test_hardware_tab.TestEdgeCases" name="test_multiple_refresh_calls" time="0.001" /><testcase classname="tests.test_hardware_tab.TestEdgeCases" name="test_tab_creation_with_no_hybrid_gpu_no_nbfc_no_power_profiles" time="0.001" /><testcase classname="tests.test_hardware_tab.TestEdgeCases" name="test_tab_with_zero_cpu_freq" time="0.001" /><testcase classname="tests.test_health_timeline.TestDBInit" name="test_file_db_creates_directory" time="0.001" /><testcase classname="tests.test_health_timeline.TestDBInit" name="test_file_db_creates_file" time="0.001" /><testcase classname="tests.test_health_timeline.TestDBInit" name="test_in_memory_db_creates_table" time="0.000" /><testcase classname="tests.test_health_timeline.TestDBInit" name="test_metrics_table_has_expected_columns" time="0.001" /><testcase classname="tests.test_health_timeline.TestRecordMetric" name="test_record_metric_empty_type" time="0.001" /><testcase classname="tests.test_health_timeline.TestRecordMetric" name="test_record_metric_negative_value" time="0.000" /><testcase classname="tests.test_health_timeline.TestRecordMetric" name="test_record_metric_no_unit" time="0.000" /><testcase classname="tests.test_health_timeline.TestRecordMetric" name="test_record_metric_success" time="0.000" /><testcase classname="tests.test_health_timeline.TestRecordMetric" name="test_record_metric_with_metadata" time="0.001" /><testcase classname="tests.test_health_timeline.TestRecordMetric" name="test_record_metric_zero_value" time="0.000" /><testcase classname="tests.test_health_timeline.TestRecordSnapshot" name="test_snapshot_all_fail" time="0.001" /><testcase classname="tests.test_health_timeline.TestRecordSnapshot" name="test_snapshot_partial_success" time="0.001" /><testcase classname="tests.test_health_timeline.TestRecordSnapshot" name="test_snapshot_records_all_four" time="0.001" /><testcase classname="tests.test_health_timeline.TestGetMetrics" name="test_get_metrics_empty_result" time="0.001" /><testcase classname="tests.test_health_timeline.TestGetMetrics" name="test_get_metrics_filters_by_type" time="0.001" /><testcase classname="tests.test_health_timeline.TestGetMetrics" name="test_get_metrics_respects_time_window" time="0.001" /><testcase classname="tests.test_health_timeline.TestGetMetrics" name="test_get_metrics_result_has_expected_keys" time="0.000" /><testcase classname="tests.test_health_timeline.TestGetMetrics" name="test_get_metrics_returns_recorded" time="0.001" /><testcase classname="tests.test_health_timeline.TestGetSummary" name="test_summary_empty_db" time="0.001" /><testcase classname="tests.test_health_timeline.TestGetSummary" name="test_summary_min_max_avg" time="0.000" /><testcase classname="tests.test_health_timeline.TestGetSummary" name="test_summary_multiple_types" time="0.000" /><testcase classname="tests.test_health_timeline.TestGetSummary" name="test_summary_single_value" time="0.001" /><testcase classname="tests.test_health_timeline.TestPruneOldData" name="test_prune_default_retention" time="0.000" /><testcase classname="tests.test_health_timeline.TestPruneOldData" name="test_prune_deletes_old_entries" time="0.001" /><testcase classname="tests.test_health_timeline.TestPruneOldData" name="test_prune_empty_db" time="0.000" /><testcase classname="tests.test_health_timeline.TestPruneOldData" name="test_prune_keeps_recent" time="0.000" /><testcase classname="tests.test_health_timeline.TestExportMetrics" name="test_export_csv" time="0.001" /><testcase classname="tests.test_health_timeline.TestExportMetrics" name="test_export_empty_db_csv" time="0.001" /><testcase classname="tests.test_health_timeline.TestExportMetrics" name="test_export_empty_db_json" time="0.001" /><testcase classname="tests.test_health_timeline.TestExportMetrics" name="test_export_invalid_path" time="0.000" /><testcase classname="tests.test_health_timeline.TestExportMetrics" name="test_export_json" time="0.001" /><testcase classname="tests.test_health_timeline.TestExportMetrics" name="test_export_unsupported_format" time="0.000" /><testcase classname="tests.test_health_timeline.TestDetectAnomalies" name="test_detect_anomalies_empty_metric" time="0.001" /><testcase classname="tests.test_health_timeline.TestDetectAnomalies" name="test_detect_anomalies_identical_values" time="0.001" /><testcase classname="tests.test_health_timeline.TestDetectAnomalies" name="test_detect_anomalies_no_outliers" time="0.001" /><testcase classname="tests.test_health_timeline.TestDetectAnomalies" name="test_detect_anomalies_result_fields" time="0.001" /><testcase classname="tests.test_health_timeline.TestDetectAnomalies" name="test_detect_anomalies_too_few_points" time="0.000" /><testcase classname="tests.test_health_timeline.TestDetectAnomalies" name="test_detect_anomalies_with_outlier" time="0.001" /><testcase classname="tests.test_health_timeline.TestGetCpuTemp" name="test_no_source_raises" time="0.001" /><testcase classname="tests.test_health_timeline.TestGetCpuTemp" name="test_read_from_thermal_zone" time="0.001" /><testcase classname="tests.test_health_timeline.TestGetRamUsage" name="test_ram_usage_calculation" time="0.001" /><testcase classname="tests.test_health_timeline.TestGetRamUsage" name="test_ram_usage_read_error" time="0.000" /><testcase classname="tests.test_health_timeline.TestGetDiskUsage" name="test_disk_usage_calculation" time="0.001" /><testcase classname="tests.test_health_timeline.TestGetDiskUsage" name="test_disk_usage_oserror" time="0.000" /><testcase classname="tests.test_health_timeline.TestGetLoadAverage" name="test_load_average_oserror" time="0.000" /><testcase classname="tests.test_health_timeline.TestGetLoadAverage" name="test_load_average_reads_one_minute" time="0.001" /><testcase classname="tests.test_history.TestHistoryInit" name="test_init_creates_directory" time="0.001" /><testcase classname="tests.test_history.TestLogChange" name="test_log_change_appends_to_existing" time="0.001" /><testcase classname="tests.test_history.TestLogChange" name="test_log_change_creates_entry" time="0.001" /><testcase classname="tests.test_history.TestLogChange" name="test_log_change_enforces_max_50_entries" time="0.011" /><testcase classname="tests.test_history.TestGetLastAction" name="test_get_last_action_returns_last_entry" time="0.001" /><testcase classname="tests.test_history.TestGetLastAction" name="test_get_last_action_returns_none_when_empty" time="0.001" /><testcase classname="tests.test_history.TestUndoLastAction" name="test_undo_last_action_command_failure" time="0.001" /><testcase classname="tests.test_history.TestUndoLastAction" name="test_undo_last_action_no_history" time="0.001" /><testcase classname="tests.test_history.TestUndoLastAction" name="test_undo_last_action_success" time="0.001" /><testcase classname="tests.test_history.TestHistoryFilePersistence" name="test_load_history_corrupted_json" time="0.001" /><testcase classname="tests.test_history.TestHistoryFilePersistence" name="test_load_history_missing_file" time="0.000" /><testcase classname="tests.test_hypervisor.TestVMManagerFlavors" name="test_all_expected_flavors_present" time="0.000" /><testcase classname="tests.test_hypervisor.TestVMManagerFlavors" name="test_fedora_no_tpm" time="0.000" /><testcase classname="tests.test_hypervisor.TestVMManagerFlavors" name="test_flavor_has_required_keys" time="0.000" /><testcase classname="tests.test_hypervisor.TestVMManagerFlavors" name="test_get_available_flavors_returns_dict" time="0.000" /><testcase classname="tests.test_hypervisor.TestVMManagerFlavors" name="test_windows11_needs_tpm" time="0.000" /><testcase classname="tests.test_hypervisor.TestVMManagerAvailability" name="test_available_when_tools_present" time="0.001" /><testcase classname="tests.test_hypervisor.TestVMManagerAvailability" name="test_unavailable_when_only_virsh" time="0.000" /><testcase classname="tests.test_hypervisor.TestVMManagerAvailability" name="test_unavailable_when_tools_missing" time="0.001" /><testcase classname="tests.test_hypervisor.TestVMManagerListVMs" name="test_list_vms_empty" time="0.001" /><testcase classname="tests.test_hypervisor.TestVMManagerListVMs" name="test_list_vms_exception" time="0.001" /><testcase classname="tests.test_hypervisor.TestVMManagerListVMs" name="test_list_vms_no_virsh" time="0.000" /><testcase classname="tests.test_hypervisor.TestVMManagerListVMs" name="test_list_vms_parses_running_and_shutoff" time="0.001" /><testcase classname="tests.test_hypervisor.TestVMManagerGetVMInfo" name="test_get_vm_info_no_virsh" time="0.000" /><testcase classname="tests.test_hypervisor.TestVMManagerGetVMInfo" name="test_get_vm_info_not_found" time="0.001" /><testcase classname="tests.test_hypervisor.TestVMManagerGetVMInfo" name="test_get_vm_info_parses_fields" time="0.001" /><testcase classname="tests.test_hypervisor.TestVMManagerCreateVM" name="test_create_vm_exception" time="0.001" /><testcase classname="tests.test_hypervisor.TestVMManagerCreateVM" name="test_create_vm_invalid_name" time="0.000" /><testcase classname="tests.test_hypervisor.TestVMManagerCreateVM" name="test_create_vm_missing_iso" time="0.000" /><testcase classname="tests.test_hypervisor.TestVMManagerCreateVM" name="test_create_vm_success" time="0.001" /><testcase classname="tests.test_hypervisor.TestVMManagerCreateVM" name="test_create_vm_unknown_flavor" time="0.000" /><testcase classname="tests.test_hypervisor.TestVMManagerCreateVM" name="test_create_vm_windows_needs_swtpm" time="0.001" /><testcase classname="tests.test_hypervisor.TestVMManagerCreateVM" name="test_create_vm_windows_with_swtpm" time="0.001" /><testcase classname="tests.test_hypervisor.TestVMManagerCreateVM" name="test_create_vm_with_overrides" time="0.001" /><testcase classname="tests.test_hypervisor.TestVMManagerLifecycle" name="test_delete_vm_no_virsh" time="0.000" /><testcase classname="tests.test_hypervisor.TestVMManagerLifecycle" name="test_delete_vm_with_storage" time="0.001" /><testcase classname="tests.test_hypervisor.TestVMManagerLifecycle" name="test_delete_vm_without_storage" time="0.001" /><testcase classname="tests.test_hypervisor.TestVMManagerLifecycle" name="test_force_stop_vm_success" time="0.001" /><testcase classname="tests.test_hypervisor.TestVMManagerLifecycle" name="test_start_vm_failure" time="0.001" /><testcase classname="tests.test_hypervisor.TestVMManagerLifecycle" name="test_start_vm_no_virsh" time="0.000" /><testcase classname="tests.test_hypervisor.TestVMManagerLifecycle" name="test_start_vm_success" time="0.001" /><testcase classname="tests.test_hypervisor.TestVMManagerLifecycle" name="test_stop_vm_no_virsh" time="0.000" /><testcase classname="tests.test_hypervisor.TestVMManagerLifecycle" name="test_stop_vm_success" time="0.001" /><testcase classname="tests.test_hypervisor.TestVMManagerUserGroup" name="test_user_group_check_exception" time="0.000" /><testcase classname="tests.test_hypervisor.TestVMManagerUserGroup" name="test_user_in_libvirt_group" time="0.000" /><testcase classname="tests.test_hypervisor.TestVMManagerUserGroup" name="test_user_not_in_libvirt_group" time="0.000" /><testcase classname="tests.test_hypervisor.TestVMManagerStoragePool" name="test_system_pool_exists" time="0.000" /><testcase classname="tests.test_hypervisor.TestVMManagerStoragePool" name="test_user_pool_fallback" time="0.001" /><testcase classname="tests.test_hypervisor.TestVFIOPrerequisites" name="test_all_prerequisites_met" time="0.001" /><testcase classname="tests.test_hypervisor.TestVFIOPrerequisites" name="test_no_prerequisites_met" time="0.001" /><testcase classname="tests.test_hypervisor.TestVFIOPrerequisites" name="test_single_gpu_fails_second_gpu_check" time="0.001" /><testcase classname="tests.test_hypervisor.TestVFIOCandidates" name="test_candidate_dict_keys" time="0.001" /><testcase classname="tests.test_hypervisor.TestVFIOCandidates" name="test_filters_primary_gpu" time="0.000" /><testcase classname="tests.test_hypervisor.TestVFIOCandidates" name="test_no_gpus_returns_empty" time="0.001" /><testcase classname="tests.test_hypervisor.TestVFIOKernelArgs" name="test_amd_kernel_args" time="0.000" /><testcase classname="tests.test_hypervisor.TestVFIOKernelArgs" name="test_intel_kernel_args" time="0.000" /><testcase classname="tests.test_hypervisor.TestVFIOKernelArgs" name="test_multiple_device_ids" time="0.000" /><testcase classname="tests.test_hypervisor.TestVFIOConfigGeneration" name="test_dracut_config_contains_vfio" time="0.000" /><testcase classname="tests.test_hypervisor.TestVFIOConfigGeneration" name="test_modprobe_config_contains_ids" time="0.000" /><testcase classname="tests.test_hypervisor.TestVFIOConfigGeneration" name="test_modprobe_config_softdep_amdgpu" time="0.000" /><testcase classname="tests.test_hypervisor.TestVFIOConfigGeneration" name="test_modprobe_config_softdep_nvidia" time="0.000" /><testcase classname="tests.test_hypervisor.TestVFIOGrubCmdline" name="test_grub_file_missing" time="0.000" /><testcase classname="tests.test_hypervisor.TestVFIOGrubCmdline" name="test_no_cmdline_returns_empty" time="0.001" /><testcase classname="tests.test_hypervisor.TestVFIOGrubCmdline" name="test_reads_grub_cmdline" time="0.001" /><testcase classname="tests.test_hypervisor.TestVFIOStepPlan" name="test_plan_has_six_steps" time="0.000" /><testcase classname="tests.test_hypervisor.TestVFIOStepPlan" name="test_plan_mentions_grub" time="0.000" /><testcase classname="tests.test_hypervisor.TestVFIOStepPlan" name="test_plan_step_keys" time="0.000" /><testcase classname="tests.test_hypervisor.TestVFIOCommandBuilders" name="test_dracut_rebuild_command" time="0.000" /><testcase classname="tests.test_hypervisor.TestVFIOCommandBuilders" name="test_grub_update_command" time="0.000" /><testcase classname="tests.test_hypervisor.TestDisposableBaseImage" name="test_base_image_available" time="0.001" /><testcase classname="tests.test_hypervisor.TestDisposableBaseImage" name="test_base_image_not_available" time="0.001" /><testcase classname="tests.test_hypervisor.TestDisposableBaseImage" name="test_base_image_path_contains_disposable" time="0.000" /><testcase classname="tests.test_hypervisor.TestDisposableBaseImage" name="test_create_base_image_missing_iso" time="0.001" /><testcase classname="tests.test_hypervisor.TestDisposableBaseImage" name="test_create_base_image_no_qemu_img" time="0.000" /><testcase classname="tests.test_hypervisor.TestDisposableBaseImage" name="test_create_base_image_success" time="0.001" /><testcase classname="tests.test_hypervisor.TestDisposableOverlay" name="test_overlay_creation_failure" time="0.001" /><testcase classname="tests.test_hypervisor.TestDisposableOverlay" name="test_overlay_creation_no_qemu_img" time="0.000" /><testcase classname="tests.test_hypervisor.TestDisposableOverlay" name="test_overlay_creation_success" time="0.001" /><testcase classname="tests.test_hypervisor.TestDisposableCleanup" name="test_cleanup_empty_path" time="0.000" /><testcase classname="tests.test_hypervisor.TestDisposableCleanup" name="test_cleanup_file_not_found" time="0.000" /><testcase classname="tests.test_hypervisor.TestDisposableCleanup" name="test_cleanup_os_error" time="0.000" /><testcase classname="tests.test_hypervisor.TestDisposableCleanup" name="test_cleanup_success" time="0.001" /><testcase classname="tests.test_hypervisor.TestDisposableListActive" name="test_list_active_finds_disposables" time="0.001" /><testcase classname="tests.test_hypervisor.TestDisposableListActive" name="test_list_active_no_disposables" time="0.001" /><testcase classname="tests.test_hypervisor.TestDisposableListActive" name="test_list_active_no_virsh" time="0.000" /><testcase classname="tests.test_hypervisor.TestVMManagerGetState" name="test_get_state_running" time="0.001" /><testcase classname="tests.test_hypervisor.TestVMManagerGetState" name="test_get_state_unknown" time="0.000" /><testcase classname="tests.test_i18n.TestI18nManager" name="test_available_locales_adds_en_if_missing" time="0.001" /><testcase classname="tests.test_i18n.TestI18nManager" name="test_available_locales_no_dir" time="0.000" /><testcase classname="tests.test_i18n.TestI18nManager" name="test_available_locales_with_files" time="0.000" /><testcase classname="tests.test_i18n.TestI18nManager" name="test_default_locale" time="0.000" /><testcase classname="tests.test_i18n.TestI18nManager" name="test_get_preferred_locale_default" time="0.000" /><testcase classname="tests.test_i18n.TestI18nManager" name="test_get_preferred_locale_error" time="0.001" /><testcase classname="tests.test_i18n.TestI18nManager" name="test_get_preferred_locale_from_file" time="0.002" /><testcase classname="tests.test_i18n.TestI18nManager" name="test_save_preferred_locale" time="0.001" /><testcase classname="tests.test_i18n.TestI18nManager" name="test_save_preferred_locale_error" time="0.001" /><testcase classname="tests.test_i18n.TestI18nManager" name="test_set_locale_english" time="0.001"><failure message="AssertionError: False is not true">tests/test_i18n.py:58: in test_set_locale_english
    self.assertTrue(result)
E   AssertionError: False is not true</failure></testcase><testcase classname="tests.test_i18n.TestI18nManager" name="test_set_locale_missing_file" time="0.001" /><testcase classname="tests.test_i18n.TestI18nManager" name="test_translations_dir_is_string" time="0.000" /><testcase classname="tests.test_integrity_deep.TestVerifyChecksum" name="test_archive_not_found" time="0.000" /><testcase classname="tests.test_integrity_deep.TestVerifyChecksum" name="test_case_insensitive" time="0.001" /><testcase classname="tests.test_integrity_deep.TestVerifyChecksum" name="test_matching_checksum" time="0.001" /><testcase classname="tests.test_integrity_deep.TestVerifyChecksum" name="test_mismatching_checksum" time="0.001" /><testcase classname="tests.test_integrity_deep.TestVerifySignature" name="test_archive_not_found" time="0.000" /><testcase classname="tests.test_integrity_deep.TestVerifySignature" name="test_gpg_invalid_signature" time="0.001" /><testcase classname="tests.test_integrity_deep.TestVerifySignature" name="test_gpg_not_found" time="0.001" /><testcase classname="tests.test_integrity_deep.TestVerifySignature" name="test_gpg_timeout" time="0.001" /><testcase classname="tests.test_integrity_deep.TestVerifySignature" name="test_gpg_valid_signature" time="0.001" /><testcase classname="tests.test_integrity_deep.TestVerifySignature" name="test_signature_not_found" time="0.000" /><testcase classname="tests.test_integrity_deep.TestGenerateChecksums" name="test_empty_dir" time="0.000" /><testcase classname="tests.test_integrity_deep.TestGenerateChecksums" name="test_nonexistent_dir" time="0.000" /><testcase classname="tests.test_integrity_deep.TestGenerateChecksums" name="test_skips_checksums_file" time="0.001" /><testcase classname="tests.test_integrity_deep.TestGenerateChecksums" name="test_valid_directory" time="0.001" /><testcase classname="tests.test_integrity_deep.TestVerifyDirectoryChecksums" name="test_all_match" time="0.001" /><testcase classname="tests.test_integrity_deep.TestVerifyDirectoryChecksums" name="test_dir_not_found" time="0.000" /><testcase classname="tests.test_integrity_deep.TestVerifyDirectoryChecksums" name="test_mismatch" time="0.001" /><testcase classname="tests.test_integrity_deep.TestVerifyDirectoryChecksums" name="test_missing_file" time="0.000" /><testcase classname="tests.test_integrity_deep.TestVerifyPublisherMetadata" name="test_duplicate_chain_entries" time="0.000" /><testcase classname="tests.test_integrity_deep.TestVerifyPublisherMetadata" name="test_empty_trust_chain" time="0.000" /><testcase classname="tests.test_integrity_deep.TestVerifyPublisherMetadata" name="test_invalid_chain_entry" time="0.000" /><testcase classname="tests.test_integrity_deep.TestVerifyPublisherMetadata" name="test_missing_publisher_id" time="0.000" /><testcase classname="tests.test_integrity_deep.TestVerifyPublisherMetadata" name="test_missing_signature" time="0.000" /><testcase classname="tests.test_integrity_deep.TestVerifyPublisherMetadata" name="test_missing_trust_chain" time="0.000" /><testcase classname="tests.test_integrity_deep.TestVerifyPublisherMetadata" name="test_not_verified" time="0.000" /><testcase classname="tests.test_integrity_deep.TestVerifyPublisherMetadata" name="test_short_signature" time="0.000" /><testcase classname="tests.test_integrity_deep.TestVerifyPublisherMetadata" name="test_valid_publisher" time="0.000" /><testcase classname="tests.test_integrity_deep.TestVerificationResult" name="test_defaults" time="0.000" /><testcase classname="tests.test_journal.TestGetBootErrors" name="test_custom_priority" time="0.001" /><testcase classname="tests.test_journal.TestGetBootErrors" name="test_returns_empty_on_nonzero_rc" time="0.001" /><testcase classname="tests.test_journal.TestGetBootErrors" name="test_returns_empty_on_oserror" time="0.000" /><testcase classname="tests.test_journal.TestGetBootErrors" name="test_returns_empty_on_timeout" time="0.000" /><testcase classname="tests.test_journal.TestGetBootErrors" name="test_returns_stdout_on_success" time="0.000" /><testcase classname="tests.test_journal.TestGetRecentErrors" name="test_custom_since" time="0.001" /><testcase classname="tests.test_journal.TestGetRecentErrors" name="test_returns_empty_on_exception" time="0.000" /><testcase classname="tests.test_journal.TestGetRecentErrors" name="test_returns_empty_on_failure" time="0.000" /><testcase classname="tests.test_journal.TestGetRecentErrors" name="test_returns_stdout_on_success" time="0.001" /><testcase classname="tests.test_journal.TestGetServiceLogs" name="test_custom_lines" time="0.001" /><testcase classname="tests.test_journal.TestGetServiceLogs" name="test_returns_empty_on_exception" time="0.000" /><testcase classname="tests.test_journal.TestGetServiceLogs" name="test_returns_service_stdout" time="0.000" /><testcase classname="tests.test_journal.TestGetKernelMessages" name="test_custom_lines" time="0.001" /><testcase classname="tests.test_journal.TestGetKernelMessages" name="test_returns_empty_on_exception" time="0.000" /><testcase classname="tests.test_journal.TestGetKernelMessages" name="test_returns_kernel_stdout" time="0.000" /><testcase classname="tests.test_journal.TestGetSystemInfo" name="test_graceful_on_all_failures" time="0.001" /><testcase classname="tests.test_journal.TestGetSystemInfo" name="test_includes_os_and_desktop" time="0.002" /><testcase classname="tests.test_journal.TestGetSystemInfo" name="test_no_gpu_line_if_no_vga" time="0.002" /><testcase classname="tests.test_journal.TestExportPanicLog" name="test_creates_file_with_sections" time="0.002" /><testcase classname="tests.test_journal.TestExportPanicLog" name="test_default_path_used" time="0.002" /><testcase classname="tests.test_journal.TestExportPanicLog" name="test_failure_returns_result" time="0.001" /><testcase classname="tests.test_journal.TestExportPanicLog" name="test_handles_empty_data" time="0.001" /><testcase classname="tests.test_journal.TestExportSupportBundle" name="test_creates_zip_bundle" time="0.002" /><testcase classname="tests.test_journal.TestExportSupportBundle" name="test_failure_on_bad_path" time="0.208" /><testcase classname="tests.test_journal.TestExportSupportBundle" name="test_handles_systemctl_failure" time="0.002" /><testcase classname="tests.test_journal.TestGetQuickDiagnostic" name="test_counts_errors_and_parses_services" time="0.001" /><testcase classname="tests.test_journal.TestGetQuickDiagnostic" name="test_empty_when_no_errors" time="0.001" /><testcase classname="tests.test_journal.TestGetQuickDiagnostic" name="test_recent_errors_capped" time="0.001" /><testcase classname="tests.test_kernel.TestKernelResultDataclass" name="test_kernel_result_creation" time="0.000" /><testcase classname="tests.test_kernel.TestKernelResultDataclass" name="test_kernel_result_defaults" time="0.000" /><testcase classname="tests.test_kernel.TestGetCurrentParams" name="test_get_current_params_handles_error" time="0.000" /><testcase classname="tests.test_kernel.TestGetCurrentParams" name="test_get_current_params_parses_cmdline" time="0.001" /><testcase classname="tests.test_kernel.TestGetDefaultParams" name="test_get_default_params_file_missing" time="0.001" /><testcase classname="tests.test_kernel.TestGetDefaultParams" name="test_get_default_params_no_cmdline" time="0.001" /><testcase classname="tests.test_kernel.TestGetDefaultParams" name="test_get_default_params_parses_grub" time="0.001" /><testcase classname="tests.test_kernel.TestHasParam" name="test_has_param_exact_match" time="0.001" /><testcase classname="tests.test_kernel.TestHasParam" name="test_has_param_key_match" time="0.000" /><testcase classname="tests.test_kernel.TestHasParam" name="test_has_param_not_found" time="0.001" /><testcase classname="tests.test_kernel.TestAddParam" name="test_add_param_backup_failure" time="0.001" /><testcase classname="tests.test_kernel.TestAddParam" name="test_add_param_empty_string" time="0.000" /><testcase classname="tests.test_kernel.TestAddParam" name="test_add_param_grubby_failure" time="0.001" /><testcase classname="tests.test_kernel.TestAddParam" name="test_add_param_success" time="0.001" /><testcase classname="tests.test_kernel.TestRemoveParam" name="test_remove_param_empty_string" time="0.000" /><testcase classname="tests.test_kernel.TestRemoveParam" name="test_remove_param_success" time="0.001" /><testcase classname="tests.test_kernel.TestBackupGrub" name="test_backup_grub_permission_error" time="0.001" /><testcase classname="tests.test_kernel.TestBackupGrub" name="test_backup_grub_success" time="0.001" /><testcase classname="tests.test_kernel.TestRestoreBackup" name="test_restore_backup_nonexistent_file" time="0.000" /><testcase classname="tests.test_kernel.TestRestoreBackup" name="test_restore_backup_success" time="0.001" /><testcase classname="tests.test_kernel.TestGetBackups" name="test_get_backups_nonexistent_dir" time="0.000" /><testcase classname="tests.test_kickstart_deep.TestGetKeyboardLayout" name="test_command_fails" time="0.001" /><testcase classname="tests.test_kickstart_deep.TestGetKeyboardLayout" name="test_empty_layout" time="0.000" /><testcase classname="tests.test_kickstart_deep.TestGetKeyboardLayout" name="test_exception" time="0.001" /><testcase classname="tests.test_kickstart_deep.TestGetKeyboardLayout" name="test_no_layout_line" time="0.000" /><testcase classname="tests.test_kickstart_deep.TestGetKeyboardLayout" name="test_success" time="0.001" /><testcase classname="tests.test_kickstart_deep.TestGetSystemLang" name="test_default" time="0.002" /><testcase classname="tests.test_kickstart_deep.TestGetSystemLang" name="test_returns_lang" time="0.001" /><testcase classname="tests.test_kickstart_deep.TestGetTimezone" name="test_empty" time="0.001" /><testcase classname="tests.test_kickstart_deep.TestGetTimezone" name="test_exception" time="0.001" /><testcase classname="tests.test_kickstart_deep.TestGetTimezone" name="test_failure" time="0.000" /><testcase classname="tests.test_kickstart_deep.TestGetTimezone" name="test_success" time="0.000" /><testcase classname="tests.test_kickstart_deep.TestGetUserPackages" name="test_exception" time="0.001" /><testcase classname="tests.test_kickstart_deep.TestGetUserPackages" name="test_failure" time="0.000" /><testcase classname="tests.test_kickstart_deep.TestGetUserPackages" name="test_filters_excluded" time="0.000" /><testcase classname="tests.test_kickstart_deep.TestGetUserPackages" name="test_success" time="0.000" /><testcase classname="tests.test_kickstart_deep.TestGetFlatpakApps" name="test_exception" time="0.001" /><testcase classname="tests.test_kickstart_deep.TestGetFlatpakApps" name="test_failure" time="0.001" /><testcase classname="tests.test_kickstart_deep.TestGetFlatpakApps" name="test_no_flatpak" time="0.000" /><testcase classname="tests.test_kickstart_deep.TestGetFlatpakApps" name="test_success" time="0.001" /><testcase classname="tests.test_kickstart_deep.TestGenerateKickstart" name="test_custom_post" time="0.001" /><testcase classname="tests.test_kickstart_deep.TestGenerateKickstart" name="test_full_generation" time="0.001" /><testcase classname="tests.test_kickstart_deep.TestGenerateKickstart" name="test_no_packages_no_flatpaks" time="0.001" /><testcase classname="tests.test_kickstart_deep.TestSaveKickstart" name="test_save_custom_path" time="0.001" /><testcase classname="tests.test_kickstart_deep.TestSaveKickstart" name="test_save_default_path" time="0.001" /><testcase classname="tests.test_kickstart_deep.TestSaveKickstart" name="test_save_failure" time="0.001" /><testcase classname="tests.test_kickstart_deep.TestValidateKickstart" name="test_exception" time="0.001" /><testcase classname="tests.test_kickstart_deep.TestValidateKickstart" name="test_invalid" time="0.001" /><testcase classname="tests.test_kickstart_deep.TestValidateKickstart" name="test_no_ksvalidator" time="0.000" /><testcase classname="tests.test_kickstart_deep.TestValidateKickstart" name="test_valid" time="0.001" /><testcase classname="tests.test_kwin_tiling_deep.TestKWinIsKDE" name="test_is_kde_false" time="0.001" /><testcase classname="tests.test_kwin_tiling_deep.TestKWinIsKDE" name="test_is_kde_not_set" time="0.001" /><testcase classname="tests.test_kwin_tiling_deep.TestKWinIsKDE" name="test_is_kde_plasma" time="0.001" /><testcase classname="tests.test_kwin_tiling_deep.TestKWinIsKDE" name="test_is_kde_true" time="0.001" /><testcase classname="tests.test_kwin_tiling_deep.TestKWinIsWayland" name="test_wayland" time="0.001" /><testcase classname="tests.test_kwin_tiling_deep.TestKWinIsWayland" name="test_x11" time="0.001" /><testcase classname="tests.test_kwin_tiling_deep.TestGetKwriteconfig" name="test_finds_kwriteconfig5" time="0.001" /><testcase classname="tests.test_kwin_tiling_deep.TestGetKwriteconfig" name="test_finds_kwriteconfig6" time="0.000" /><testcase classname="tests.test_kwin_tiling_deep.TestGetKwriteconfig" name="test_not_found" time="0.000" /><testcase classname="tests.test_kwin_tiling_deep.TestGetKreadconfig" name="test_finds_kreadconfig6" time="0.001" /><testcase classname="tests.test_kwin_tiling_deep.TestGetKreadconfig" name="test_not_found" time="0.000" /><testcase classname="tests.test_kwin_tiling_deep.TestEnableQuickTiling" name="test_exception" time="0.001" /><testcase classname="tests.test_kwin_tiling_deep.TestEnableQuickTiling" name="test_failure" time="0.001" /><testcase classname="tests.test_kwin_tiling_deep.TestEnableQuickTiling" name="test_no_kwriteconfig" time="0.001" /><testcase classname="tests.test_kwin_tiling_deep.TestEnableQuickTiling" name="test_success" time="0.001" /><testcase classname="tests.test_kwin_tiling_deep.TestSetKeybinding" name="test_exception" time="0.001" /><testcase classname="tests.test_kwin_tiling_deep.TestSetKeybinding" name="test_failure" time="0.001" /><testcase classname="tests.test_kwin_tiling_deep.TestSetKeybinding" name="test_no_kwriteconfig" time="0.000" /><testcase classname="tests.test_kwin_tiling_deep.TestSetKeybinding" name="test_success" time="0.001" /><testcase classname="tests.test_kwin_tiling_deep.TestSetKeybinding" name="test_unknown_action" time="0.000" /><testcase classname="tests.test_kwin_tiling_deep.TestApplyTilingPreset" name="test_arrows_preset" time="0.001" /><testcase classname="tests.test_kwin_tiling_deep.TestApplyTilingPreset" name="test_preset_partial_failure" time="0.001" /><testcase classname="tests.test_kwin_tiling_deep.TestApplyTilingPreset" name="test_unknown_preset" time="0.000" /><testcase classname="tests.test_kwin_tiling_deep.TestApplyTilingPreset" name="test_vim_preset" time="0.001" /><testcase classname="tests.test_kwin_tiling_deep.TestReconfigureKwin" name="test_both_fail" time="0.001" /><testcase classname="tests.test_kwin_tiling_deep.TestReconfigureKwin" name="test_exception" time="0.000" /><testcase classname="tests.test_kwin_tiling_deep.TestReconfigureKwin" name="test_qdbus_fails_dbus_send_succeeds" time="0.000" /><testcase classname="tests.test_kwin_tiling_deep.TestReconfigureKwin" name="test_qdbus_success" time="0.000" /><testcase classname="tests.test_kwin_tiling_deep.TestAddWindowRule" name="test_add_rule_basic" time="0.001" /><testcase classname="tests.test_kwin_tiling_deep.TestAddWindowRule" name="test_add_rule_maximized" time="0.001" /><testcase classname="tests.test_kwin_tiling_deep.TestAddWindowRule" name="test_add_rule_with_workspace" time="0.001" /><testcase classname="tests.test_kwin_tiling_deep.TestAddWindowRule" name="test_exception" time="0.001" /><testcase classname="tests.test_kwin_tiling_deep.TestAddWindowRule" name="test_no_kwriteconfig" time="0.000" /><testcase classname="tests.test_kwin_tiling_deep.TestGetWindowList" name="test_exception" time="0.000" /><testcase classname="tests.test_kwin_tiling_deep.TestGetWindowList" name="test_failure" time="0.000" /><testcase classname="tests.test_kwin_tiling_deep.TestGetWindowList" name="test_returns_windows" time="0.000" /><testcase classname="tests.test_kwin_tiling_deep.TestInstallTilingScript" name="test_install" time="0.001" /><testcase classname="tests.test_logs_tab.TestLogsTabSource" name="test_logs_tab_contains_live_panel_features" time="0.000" /><testcase classname="tests.test_logs_tab.TestLogsTabSource" name="test_logs_tab_export_uses_entries_signature" time="0.000" /><testcase classname="tests.test_main_entry.TestNotifyError" name="test_handles_missing_notify_send" time="0.001" /><testcase classname="tests.test_main_entry.TestNotifyError" name="test_sends_notification" time="0.000" /><testcase classname="tests.test_main_entry.TestCheckPyQt6" name="test_handles_libgl_error" time="0.001" /><testcase classname="tests.test_main_entry.TestCheckPyQt6" name="test_returns_false_on_import_error" time="0.002" /><testcase classname="tests.test_main_entry.TestCheckPyQt6" name="test_returns_true_when_available" time="0.001"><failure message="AssertionError: False is not true">tests/test_main_entry.py:44: in test_returns_true_when_available
    self.assertTrue(result)
E   AssertionError: False is not true</failure></testcase><testcase classname="tests.test_main_entry.TestMainDaemon" name="test_daemon_mode" time="0.001" /><testcase classname="tests.test_main_entry.TestMainCLI" name="test_cli_mode" time="0.001" /><testcase classname="tests.test_main_entry.TestMainWeb" name="test_web_mode" time="0.002" /><testcase classname="tests.test_main_entry.TestMainGUI" name="test_gui_mode_import_error" time="0.001" /><testcase classname="tests.test_main_entry.TestMainGUI" name="test_gui_mode_no_pyqt6_exits" time="0.001" /><testcase classname="tests.test_main_window.TestDisabledPluginPage" name="test_creation_empty_reason" time="0.018" /><testcase classname="tests.test_main_window.TestDisabledPluginPage" name="test_creation_long_reason" time="0.000" /><testcase classname="tests.test_main_window.TestDisabledPluginPage" name="test_creation_with_metadata" time="0.000" /><testcase classname="tests.test_main_window.TestMainWindowInstantiation" name="test_basic_instantiation" time="0.003" /><testcase classname="tests.test_main_window.TestMainWindowInstantiation" name="test_frameless_mode_warning" time="0.002" /><testcase classname="tests.test_main_window.TestMainWindowInstantiation" name="test_pages_dict_initialized_empty" time="0.002" /><testcase classname="tests.test_main_window.TestAddPage" name="test_add_page_basic" time="0.001" /><testcase classname="tests.test_main_window.TestAddPage" name="test_add_page_creates_category" time="0.001" /><testcase classname="tests.test_main_window.TestAddPage" name="test_add_page_disabled" time="0.001" /><testcase classname="tests.test_main_window.TestAddPage" name="test_add_page_disabled_with_reason_tooltip" time="0.000" /><testcase classname="tests.test_main_window.TestAddPage" name="test_add_page_disabled_without_reason_fallback_tooltip" time="0.001" /><testcase classname="tests.test_main_window.TestAddPage" name="test_add_page_multiple_categories" time="0.001" /><testcase classname="tests.test_main_window.TestAddPage" name="test_add_page_no_badge" time="0.000" /><testcase classname="tests.test_main_window.TestAddPage" name="test_add_page_reuses_category" time="0.000" /><testcase classname="tests.test_main_window.TestAddPage" name="test_add_page_sets_tooltip_from_description" time="0.000" /><testcase classname="tests.test_main_window.TestAddPage" name="test_add_page_stores_description" time="0.000" /><testcase classname="tests.test_main_window.TestAddPage" name="test_add_page_widget_added_to_content_area" time="0.000" /><testcase classname="tests.test_main_window.TestAddPage" name="test_add_page_with_advanced_badge" time="0.001" /><testcase classname="tests.test_main_window.TestAddPage" name="test_add_page_with_category_icon" time="0.000" /><testcase classname="tests.test_main_window.TestAddPage" name="test_add_page_with_recommended_badge" time="0.000" /><testcase classname="tests.test_main_window.TestChangePage" name="test_change_page_category_item_expands" time="0.001" /><testcase classname="tests.test_main_window.TestChangePage" name="test_change_page_null_current" time="0.001" /><testcase classname="tests.test_main_window.TestChangePage" name="test_change_page_updates_breadcrumb" time="0.001" /><testcase classname="tests.test_main_window.TestChangePage" name="test_change_page_with_widget" time="0.000" /><testcase classname="tests.test_main_window.TestSwitchToTab" name="test_switch_to_existing_tab" time="0.001" /><testcase classname="tests.test_main_window.TestSwitchToTab" name="test_switch_to_nonexistent_tab" time="0.000" /><testcase classname="tests.test_main_window.TestSwitchToTab" name="test_switch_to_tab_partial_match" time="0.000" /><testcase classname="tests.test_main_window.TestSwitchToTab" name="test_switch_to_tab_skips_category_items" time="0.000" /><testcase classname="tests.test_main_window.TestFilterSidebar" name="test_filter_by_badge" time="0.001" /><testcase classname="tests.test_main_window.TestFilterSidebar" name="test_filter_by_category_name_shows_all_children" time="0.001" /><testcase classname="tests.test_main_window.TestFilterSidebar" name="test_filter_by_description" time="0.001" /><testcase classname="tests.test_main_window.TestFilterSidebar" name="test_filter_case_insensitive" time="0.001" /><testcase classname="tests.test_main_window.TestFilterSidebar" name="test_filter_empty_shows_all" time="0.001" /><testcase classname="tests.test_main_window.TestFilterSidebar" name="test_filter_expands_matching_categories" time="0.000" /><testcase classname="tests.test_main_window.TestFilterSidebar" name="test_filter_hides_empty_categories" time="0.001" /><testcase classname="tests.test_main_window.TestFilterSidebar" name="test_filter_no_matches_hides_all" time="0.001" /><testcase classname="tests.test_main_window.TestFilterSidebar" name="test_filter_shows_matching" time="0.001" /><testcase classname="tests.test_main_window.TestToggleSidebar" name="test_collapse_hides_search" time="0.000" /><testcase classname="tests.test_main_window.TestToggleSidebar" name="test_collapse_sidebar" time="0.000" /><testcase classname="tests.test_main_window.TestToggleSidebar" name="test_expand_shows_search" time="0.000" /><testcase classname="tests.test_main_window.TestToggleSidebar" name="test_expand_sidebar" time="0.000" /><testcase classname="tests.test_main_window.TestToggleSidebar" name="test_toggle_round_trip" time="0.000" /><testcase classname="tests.test_main_window.TestSetStatus" name="test_set_status_empty" time="0.000" /><testcase classname="tests.test_main_window.TestSetStatus" name="test_set_status_special_chars" time="0.000" /><testcase classname="tests.test_main_window.TestSetStatus" name="test_set_status_text" time="0.000" /><testcase classname="tests.test_main_window.TestShowUndoButton" name="test_show_undo_empty_description" time="0.000" /><testcase classname="tests.test_main_window.TestShowUndoButton" name="test_show_undo_makes_visible" time="0.000" /><testcase classname="tests.test_main_window.TestShowUndoButton" name="test_show_undo_prefixes_checkmark" time="0.000" /><testcase classname="tests.test_main_window.TestShowUndoButton" name="test_show_undo_sets_description" time="0.000" /><testcase classname="tests.test_main_window.TestShowStatusToast" name="test_error_toast" time="0.000" /><testcase classname="tests.test_main_window.TestShowStatusToast" name="test_success_toast" time="0.000" /><testcase classname="tests.test_main_window.TestShowStatusToast" name="test_toast_custom_duration" time="0.000" /><testcase classname="tests.test_main_window.TestShowToast" name="test_show_toast_creates_widget" time="0.001" /><testcase classname="tests.test_main_window.TestShowToast" name="test_show_toast_exception_handling" time="0.001" /><testcase classname="tests.test_main_window.TestShowToast" name="test_show_toast_reuses_widget" time="0.001" /><testcase classname="tests.test_main_window.TestClearToast" name="test_clear_toast_resets_property" time="0.000" /><testcase classname="tests.test_main_window.TestClearToast" name="test_clear_toast_resets_text" time="0.000" /><testcase classname="tests.test_main_window.TestCheckDependencies" name="test_all_deps_present" time="0.001" /><testcase classname="tests.test_main_window.TestCheckDependencies" name="test_missing_deps_shows_doctor" time="0.001" /><testcase classname="tests.test_main_window.TestCheckDependencies" name="test_partial_deps_missing" time="0.001" /><testcase classname="tests.test_main_window.TestLoadTheme" name="test_load_dark_theme" time="0.001" /><testcase classname="tests.test_main_window.TestLoadTheme" name="test_load_light_theme" time="0.001" /><testcase classname="tests.test_main_window.TestLoadTheme" name="test_load_theme_app_not_qapplication" time="0.001" /><testcase classname="tests.test_main_window.TestLoadTheme" name="test_load_theme_file_missing" time="0.001" /><testcase classname="tests.test_main_window.TestLoadTheme" name="test_load_theme_unknown_name_defaults_dark" time="0.001" /><testcase classname="tests.test_main_window.TestDetectSystemTheme" name="test_detect_dark" time="0.001" /><testcase classname="tests.test_main_window.TestDetectSystemTheme" name="test_detect_is_static_method" time="0.000" /><testcase classname="tests.test_main_window.TestDetectSystemTheme" name="test_detect_light" time="0.000" /><testcase classname="tests.test_main_window.TestGetFramelessModeFlag" name="test_config_frameless_false" time="0.001" /><testcase classname="tests.test_main_window.TestGetFramelessModeFlag" name="test_config_frameless_true" time="0.001" /><testcase classname="tests.test_main_window.TestGetFramelessModeFlag" name="test_config_no_ui_section" time="0.001" /><testcase classname="tests.test_main_window.TestGetFramelessModeFlag" name="test_config_priority_over_env" time="0.001" /><testcase classname="tests.test_main_window.TestGetFramelessModeFlag" name="test_config_ui_without_frameless_key" time="0.001" /><testcase classname="tests.test_main_window.TestGetFramelessModeFlag" name="test_env_frameless_disabled" time="0.001" /><testcase classname="tests.test_main_window.TestGetFramelessModeFlag" name="test_env_frameless_enabled" time="0.001" /><testcase classname="tests.test_main_window.TestGetFramelessModeFlag" name="test_env_whitespace_stripped" time="0.001" /><testcase classname="tests.test_main_window.TestGetFramelessModeFlag" name="test_no_config_no_env_returns_false" time="0.001" /><testcase classname="tests.test_main_window.TestSetupTray" name="test_tray_created_when_available" time="0.001" /><testcase classname="tests.test_main_window.TestSetupTray" name="test_tray_none_when_unavailable" time="0.000" /><testcase classname="tests.test_main_window.TestSetupTray" name="test_tray_uses_custom_icon" time="0.001" /><testcase classname="tests.test_main_window.TestSetupTray" name="test_tray_uses_fallback_icon" time="0.001" /><testcase classname="tests.test_main_window.TestQuitApp" name="test_quit_hides_tray" time="0.000" /><testcase classname="tests.test_main_window.TestQuitApp" name="test_quit_no_pulse_thread" time="0.000" /><testcase classname="tests.test_main_window.TestQuitApp" name="test_quit_no_tray" time="0.000" /><testcase classname="tests.test_main_window.TestQuitApp" name="test_quit_stops_pulse_thread" time="0.001" /><testcase classname="tests.test_main_window.TestCloseEvent" name="test_close_accepts_without_tray" time="0.001" /><testcase classname="tests.test_main_window.TestCloseEvent" name="test_close_cleanup_exception_handling" time="0.001" /><testcase classname="tests.test_main_window.TestCloseEvent" name="test_close_cleanup_pages" time="0.001" /><testcase classname="tests.test_main_window.TestCloseEvent" name="test_close_minimizes_to_tray" time="0.001" /><testcase classname="tests.test_main_window.TestCloseEvent" name="test_close_tray_invisible_accepts" time="0.001" /><testcase classname="tests.test_main_window.TestKeyboardShortcuts" name="test_select_category_invalid_index" time="0.001" /><testcase classname="tests.test_main_window.TestKeyboardShortcuts" name="test_select_category_valid_index" time="0.000" /><testcase classname="tests.test_main_window.TestKeyboardShortcuts" name="test_select_next_item" time="0.001" /><testcase classname="tests.test_main_window.TestKeyboardShortcuts" name="test_select_next_no_current" time="0.000" /><testcase classname="tests.test_main_window.TestKeyboardShortcuts" name="test_select_next_wraps_around" time="0.000" /><testcase classname="tests.test_main_window.TestKeyboardShortcuts" name="test_select_prev_item" time="0.001" /><testcase classname="tests.test_main_window.TestKeyboardShortcuts" name="test_select_prev_no_current" time="0.000" /><testcase classname="tests.test_main_window.TestKeyboardShortcuts" name="test_setup_does_not_raise" time="0.000" /><testcase classname="tests.test_main_window.TestKeyboardShortcuts" name="test_show_shortcut_help" time="0.001" /><testcase classname="tests.test_main_window.TestCommandPalette" name="test_setup_command_palette_shortcut" time="0.001" /><testcase classname="tests.test_main_window.TestCommandPalette" name="test_show_command_palette" time="0.001" /><testcase classname="tests.test_main_window.TestCommandPalette" name="test_show_command_palette_import_error" time="0.000" /><testcase classname="tests.test_main_window.TestQuickActions" name="test_setup_quick_actions" time="0.001" /><testcase classname="tests.test_main_window.TestFavorites" name="test_favorites_non_matching_ignored" time="0.001" /><testcase classname="tests.test_main_window.TestFavorites" name="test_favorites_with_matching_pages" time="0.001" /><testcase classname="tests.test_main_window.TestFavorites" name="test_no_favorites" time="0.001" /><testcase classname="tests.test_main_window.TestFavorites" name="test_rebuild_favorites" time="0.001" /><testcase classname="tests.test_main_window.TestNotificationBadge" name="test_badge_caps_at_99" time="0.001" /><testcase classname="tests.test_main_window.TestNotificationBadge" name="test_badge_count_one" time="0.001" /><testcase classname="tests.test_main_window.TestNotificationBadge" name="test_badge_hidden_on_exception" time="0.000" /><testcase classname="tests.test_main_window.TestNotificationBadge" name="test_badge_hidden_when_zero" time="0.001" /><testcase classname="tests.test_main_window.TestNotificationBadge" name="test_badge_visible_with_unread" time="0.001" /><testcase classname="tests.test_main_window.TestSetupNotificationBell" name="test_setup_badge_initially_hidden" time="0.001" /><testcase classname="tests.test_main_window.TestSetupNotificationBell" name="test_setup_creates_bell" time="0.000" /><testcase classname="tests.test_main_window.TestBreadcrumb" name="test_on_breadcrumb_category_click_no_parent" time="0.001" /><testcase classname="tests.test_main_window.TestBreadcrumb" name="test_on_breadcrumb_category_click_with_parent" time="0.000" /><testcase classname="tests.test_main_window.TestBreadcrumb" name="test_update_breadcrumb" time="0.001" /><testcase classname="tests.test_main_window.TestBreadcrumb" name="test_update_breadcrumb_strips_badges" time="0.000" /><testcase classname="tests.test_main_window.TestOnUndoClicked" name="test_undo_exception" time="0.001" /><testcase classname="tests.test_main_window.TestOnUndoClicked" name="test_undo_failure" time="0.001" /><testcase classname="tests.test_main_window.TestOnUndoClicked" name="test_undo_success" time="0.001" /><testcase classname="tests.test_main_window.TestStartPulseListener" name="test_pulse_listener_exception" time="0.001" /><testcase classname="tests.test_main_window.TestStartPulseListener" name="test_pulse_listener_starts" time="0.001" /><testcase classname="tests.test_main_window.TestWrapPageWidget" name="test_wrap_returns_scroll_area" time="0.001" /><testcase classname="tests.test_main_window.TestWrapPageWidget" name="test_wrap_sets_widget" time="0.001" /><testcase classname="tests.test_main_window.TestToggleFocusMode" name="test_toggle_focus_no_tray" time="0.001" /><testcase classname="tests.test_main_window.TestToggleFocusMode" name="test_toggle_focus_with_tray" time="0.001" /><testcase classname="tests.test_main_window.TestCheckFirstRun" name="test_first_run_shows_wizard" time="0.001" /><testcase classname="tests.test_main_window.TestCheckFirstRun" name="test_not_first_run" time="0.000" /><testcase classname="tests.test_main_window.TestSidebarContextMenu" name="test_context_menu_item_without_data" time="0.001" /><testcase classname="tests.test_main_window.TestSidebarContextMenu" name="test_context_menu_no_item" time="0.000" /><testcase classname="tests.test_main_window.TestRefreshStatusIndicators" name="test_refresh_no_updates" time="0.001" /><testcase classname="tests.test_main_window.TestRefreshStatusIndicators" name="test_refresh_update_check_exception" time="0.001" /><testcase classname="tests.test_main_window.TestRefreshStatusIndicators" name="test_refresh_with_updates_available" time="0.001" /><testcase classname="tests.test_main_window.TestSetTabStatus" name="test_set_tab_status_empty_clears_dot" time="0.001" /><testcase classname="tests.test_main_window.TestSetTabStatus" name="test_set_tab_status_error" time="0.000" /><testcase classname="tests.test_main_window.TestSetTabStatus" name="test_set_tab_status_nonexistent_tab" time="0.000" /><testcase classname="tests.test_main_window.TestSetTabStatus" name="test_set_tab_status_ok" time="0.000" /><testcase classname="tests.test_main_window.TestSetTabStatus" name="test_set_tab_status_warning" time="0.000" /><testcase classname="tests.test_main_window.TestShowDoctor" name="test_show_doctor" time="0.001" /><testcase classname="tests.test_main_window.TestWrapInLazy" name="test_wrap_in_lazy_returns_lazy_widget" time="0.001" /><testcase classname="tests.test_main_window.TestAddPluginPage" name="test_add_plugin_page_compatible" time="0.000" /><testcase classname="tests.test_main_window.TestAddPluginPage" name="test_add_plugin_page_incompatible" time="0.000" /><testcase classname="tests.test_main_window.TestToggleNotificationPanel" name="test_toggle_creates_panel_on_first_call" time="0.002" /><testcase classname="tests.test_main_window.TestToggleNotificationPanel" name="test_toggle_hides_visible_panel" time="0.001" /><testcase classname="tests.test_main_window_geometry.TestMainWindowGeometry" name="test_breadcrumb_bar_height" time="0.000"><skipped type="pytest.skip" message="Skipped — real MainWindow leaks EventBus threads in offscreen/CI mode">/home/loofi/Dokument/loofi fedora 43 v1/loofi-fedora-tweaks/tests/test_main_window_geometry.py:93: Skipped — real MainWindow leaks EventBus threads in offscreen/CI mode</skipped></testcase><testcase classname="tests.test_main_window_geometry.TestMainWindowGeometry" name="test_central_widget_starts_in_client_area" time="0.000"><skipped type="pytest.skip" message="Skipped — real MainWindow leaks EventBus threads in offscreen/CI mode">/home/loofi/Dokument/loofi fedora 43 v1/loofi-fedora-tweaks/tests/test_main_window_geometry.py:50: Skipped — real MainWindow leaks EventBus threads in offscreen/CI mode</skipped></testcase><testcase classname="tests.test_main_window_geometry.TestMainWindowGeometry" name="test_minimum_window_size" time="0.000"><skipped type="pytest.skip" message="Skipped — real MainWindow leaks EventBus threads in offscreen/CI mode">/home/loofi/Dokument/loofi fedora 43 v1/loofi-fedora-tweaks/tests/test_main_window_geometry.py:76: Skipped — real MainWindow leaks EventBus threads in offscreen/CI mode</skipped></testcase><testcase classname="tests.test_main_window_geometry.TestMainWindowGeometry" name="test_no_widget_overlaps_origin" time="0.000"><skipped type="pytest.skip" message="Skipped — real MainWindow leaks EventBus threads in offscreen/CI mode">/home/loofi/Dokument/loofi fedora 43 v1/loofi-fedora-tweaks/tests/test_main_window_geometry.py:153: Skipped — real MainWindow leaks EventBus threads in offscreen/CI mode</skipped></testcase><testcase classname="tests.test_main_window_geometry.TestMainWindowGeometry" name="test_pages_are_wrapped_in_scroll_area" time="0.000"><skipped type="pytest.skip" message="Skipped — real MainWindow leaks EventBus threads in offscreen/CI mode">/home/loofi/Dokument/loofi fedora 43 v1/loofi-fedora-tweaks/tests/test_main_window_geometry.py:185: Skipped — real MainWindow leaks EventBus threads in offscreen/CI mode</skipped></testcase><testcase classname="tests.test_main_window_geometry.TestMainWindowGeometry" name="test_sidebar_width" time="0.000"><skipped type="pytest.skip" message="Skipped — real MainWindow leaks EventBus threads in offscreen/CI mode">/home/loofi/Dokument/loofi fedora 43 v1/loofi-fedora-tweaks/tests/test_main_window_geometry.py:133: Skipped — real MainWindow leaks EventBus threads in offscreen/CI mode</skipped></testcase><testcase classname="tests.test_main_window_geometry.TestMainWindowGeometry" name="test_status_bar_height" time="0.000"><skipped type="pytest.skip" message="Skipped — real MainWindow leaks EventBus threads in offscreen/CI mode">/home/loofi/Dokument/loofi fedora 43 v1/loofi-fedora-tweaks/tests/test_main_window_geometry.py:113: Skipped — real MainWindow leaks EventBus threads in offscreen/CI mode</skipped></testcase><testcase classname="tests.test_maintenance_tab.TestMaintenanceTabMetadata" name="test_create_widget_returns_self" time="0.012" /><testcase classname="tests.test_maintenance_tab.TestMaintenanceTabMetadata" name="test_has_tabs_attribute" time="0.012" /><testcase classname="tests.test_maintenance_tab.TestMaintenanceTabMetadata" name="test_metadata_category" time="0.012" /><testcase classname="tests.test_maintenance_tab.TestMaintenanceTabMetadata" name="test_metadata_icon" time="0.012" /><testcase classname="tests.test_maintenance_tab.TestMaintenanceTabMetadata" name="test_metadata_id" time="0.012" /><testcase classname="tests.test_maintenance_tab.TestMaintenanceTabMetadata" name="test_metadata_name" time="0.145" /><testcase classname="tests.test_maintenance_tab.TestMaintenanceTabMetadata" name="test_metadata_returns_plugin_metadata" time="0.012" /><testcase classname="tests.test_maintenance_tab.TestUpdatesSubTabSystemUpdateStep" name="test_dnf_returns_pkexec" time="0.000" /><testcase classname="tests.test_maintenance_tab.TestUpdatesSubTabSystemUpdateStep" name="test_dnf_returns_update_args" time="0.000" /><testcase classname="tests.test_maintenance_tab.TestUpdatesSubTabSystemUpdateStep" name="test_dnf_returns_update_description" time="0.000" /><testcase classname="tests.test_maintenance_tab.TestUpdatesSubTabSystemUpdateStep" name="test_rpm_ostree_returns_pkexec" time="0.000" /><testcase classname="tests.test_maintenance_tab.TestUpdatesSubTabSystemUpdateStep" name="test_rpm_ostree_returns_upgrade_args" time="0.000" /><testcase classname="tests.test_maintenance_tab.TestUpdatesSubTabSystemUpdateStep" name="test_rpm_ostree_returns_upgrade_description" time="0.000" /><testcase classname="tests.test_maintenance_tab.TestUpdatesSubTabInstance" name="test_append_output_inserts_text" time="0.005" /><testcase classname="tests.test_maintenance_tab.TestUpdatesSubTabInstance" name="test_command_finished_appends_exit_code" time="0.005" /><testcase classname="tests.test_maintenance_tab.TestUpdatesSubTabInstance" name="test_command_finished_clears_queue" time="0.005" /><testcase classname="tests.test_maintenance_tab.TestUpdatesSubTabInstance" name="test_command_finished_end_of_queue_re_enables" time="0.005" /><testcase classname="tests.test_maintenance_tab.TestUpdatesSubTabInstance" name="test_command_finished_end_of_queue_sets_100" time="0.005" /><testcase classname="tests.test_maintenance_tab.TestUpdatesSubTabInstance" name="test_command_finished_mid_queue_advances" time="0.005" /><testcase classname="tests.test_maintenance_tab.TestUpdatesSubTabInstance" name="test_command_finished_mid_queue_second_to_third" time="0.005" /><testcase classname="tests.test_maintenance_tab.TestUpdatesSubTabInstance" name="test_command_finished_no_queue_re_enables" time="0.006" /><testcase classname="tests.test_maintenance_tab.TestUpdatesSubTabInstance" name="test_run_dnf_update_locked" time="0.005" /><testcase classname="tests.test_maintenance_tab.TestUpdatesSubTabInstance" name="test_run_dnf_update_not_confirmed" time="0.061" /><testcase classname="tests.test_maintenance_tab.TestUpdatesSubTabInstance" name="test_run_dnf_update_rpm_ostree" time="0.005" /><testcase classname="tests.test_maintenance_tab.TestUpdatesSubTabInstance" name="test_run_dnf_update_skips_lock_check_for_ostree" time="0.005" /><testcase classname="tests.test_maintenance_tab.TestUpdatesSubTabInstance" name="test_run_dnf_update_success" time="0.006" /><testcase classname="tests.test_maintenance_tab.TestUpdatesSubTabInstance" name="test_run_flatpak_update_runs_flatpak" time="0.019" /><testcase classname="tests.test_maintenance_tab.TestUpdatesSubTabInstance" name="test_run_flatpak_update_starts_process" time="0.005" /><testcase classname="tests.test_maintenance_tab.TestUpdatesSubTabInstance" name="test_run_fw_update_confirmed" time="0.011" /><testcase classname="tests.test_maintenance_tab.TestUpdatesSubTabInstance" name="test_run_fw_update_not_confirmed" time="0.019" /><testcase classname="tests.test_maintenance_tab.TestUpdatesSubTabInstance" name="test_run_single_command_clears_output" time="0.094" /><testcase classname="tests.test_maintenance_tab.TestUpdatesSubTabInstance" name="test_run_single_command_runs_command" time="0.006" /><testcase classname="tests.test_maintenance_tab.TestUpdatesSubTabInstance" name="test_run_update_all_builds_queue" time="0.006" /><testcase classname="tests.test_maintenance_tab.TestUpdatesSubTabInstance" name="test_run_update_all_locked" time="0.005" /><testcase classname="tests.test_maintenance_tab.TestUpdatesSubTabInstance" name="test_run_update_all_not_confirmed" time="0.005" /><testcase classname="tests.test_maintenance_tab.TestUpdatesSubTabInstance" name="test_run_update_all_queue_contains_firmware" time="0.007" /><testcase classname="tests.test_maintenance_tab.TestUpdatesSubTabInstance" name="test_run_update_all_queue_contains_flatpak" time="0.006" /><testcase classname="tests.test_maintenance_tab.TestUpdatesSubTabInstance" name="test_run_update_all_starts_first_command" time="0.006" /><testcase classname="tests.test_maintenance_tab.TestUpdatesSubTabInstance" name="test_start_process_clears_output" time="0.005" /><testcase classname="tests.test_maintenance_tab.TestUpdatesSubTabInstance" name="test_start_process_disables_dnf_button" time="0.005" /><testcase classname="tests.test_maintenance_tab.TestUpdatesSubTabInstance" name="test_start_process_disables_flatpak_button" time="0.005" /><testcase classname="tests.test_maintenance_tab.TestUpdatesSubTabInstance" name="test_start_process_disables_fw_button" time="0.005" /><testcase classname="tests.test_maintenance_tab.TestUpdatesSubTabInstance" name="test_start_process_disables_update_all_button" time="0.005" /><testcase classname="tests.test_maintenance_tab.TestUpdatesSubTabInstance" name="test_start_process_resets_progress" time="0.006" /><testcase classname="tests.test_maintenance_tab.TestUpdatesSubTabInstance" name="test_update_progress_indeterminate" time="0.005" /><testcase classname="tests.test_maintenance_tab.TestUpdatesSubTabInstance" name="test_update_progress_percentage" time="0.005" /><testcase classname="tests.test_maintenance_tab.TestUpdatesSubTabInstance" name="test_update_progress_percentage_format" time="0.005" /><testcase classname="tests.test_maintenance_tab.TestCleanupSubTab" name="test_append_output_inserts_text" time="0.005" /><testcase classname="tests.test_maintenance_tab.TestCleanupSubTab" name="test_check_timeshift_found" time="0.004" /><testcase classname="tests.test_maintenance_tab.TestCleanupSubTab" name="test_check_timeshift_not_found" time="0.004" /><testcase classname="tests.test_maintenance_tab.TestCleanupSubTab" name="test_command_finished_appends_exit_code" time="0.004" /><testcase classname="tests.test_maintenance_tab.TestCleanupSubTab" name="test_command_finished_nonzero_exit" time="0.004" /><testcase classname="tests.test_maintenance_tab.TestCleanupSubTab" name="test_run_autoremove_locked" time="0.004" /><testcase classname="tests.test_maintenance_tab.TestCleanupSubTab" name="test_run_autoremove_not_confirmed" time="0.005" /><testcase classname="tests.test_maintenance_tab.TestCleanupSubTab" name="test_run_autoremove_success" time="0.004" /><testcase classname="tests.test_maintenance_tab.TestCleanupSubTab" name="test_run_command_appends_description" time="0.004" /><testcase classname="tests.test_maintenance_tab.TestCleanupSubTab" name="test_run_command_clears_output" time="0.004" /><testcase classname="tests.test_maintenance_tab.TestCleanupSubTab" name="test_run_command_runs_command" time="0.004" /><testcase classname="tests.test_maintenance_tab.TestOverlaysSubTab" name="test_reboot_system_confirm_no" time="0.005" /><testcase classname="tests.test_maintenance_tab.TestOverlaysSubTab" name="test_reboot_system_confirm_yes" time="0.005" /><testcase classname="tests.test_maintenance_tab.TestOverlaysSubTab" name="test_refresh_list_empty" time="0.005" /><testcase classname="tests.test_maintenance_tab.TestOverlaysSubTab" name="test_refresh_list_no_pending_reboot" time="0.005" /><testcase classname="tests.test_maintenance_tab.TestOverlaysSubTab" name="test_refresh_list_pending_reboot" time="0.005" /><testcase classname="tests.test_maintenance_tab.TestOverlaysSubTab" name="test_refresh_list_with_packages" time="0.007" /><testcase classname="tests.test_maintenance_tab.TestOverlaysSubTab" name="test_remove_selected_confirm_no" time="0.005" /><testcase classname="tests.test_maintenance_tab.TestOverlaysSubTab" name="test_remove_selected_confirm_yes_failure" time="0.007" /><testcase classname="tests.test_maintenance_tab.TestOverlaysSubTab" name="test_remove_selected_confirm_yes_success" time="0.007" /><testcase classname="tests.test_maintenance_tab.TestOverlaysSubTab" name="test_remove_selected_no_layered_item" time="0.006" /><testcase classname="tests.test_maintenance_tab.TestOverlaysSubTab" name="test_remove_selected_no_selection" time="0.005" /><testcase classname="tests.test_maintenance_tab.TestOverlaysSubTab" name="test_reset_to_base_confirm_no" time="0.005" /><testcase classname="tests.test_maintenance_tab.TestOverlaysSubTab" name="test_reset_to_base_confirm_yes_failure" time="0.006" /><testcase classname="tests.test_maintenance_tab.TestOverlaysSubTab" name="test_reset_to_base_confirm_yes_success" time="0.006" /><testcase classname="tests.test_maintenance_tab.TestSmartUpdatesSubTab" name="test_append_output_inserts_text" time="0.141" /><testcase classname="tests.test_maintenance_tab.TestSmartUpdatesSubTab" name="test_check_updates_error" time="0.005" /><testcase classname="tests.test_maintenance_tab.TestSmartUpdatesSubTab" name="test_check_updates_found" time="0.005" /><testcase classname="tests.test_maintenance_tab.TestSmartUpdatesSubTab" name="test_check_updates_multiple" time="0.005" /><testcase classname="tests.test_maintenance_tab.TestSmartUpdatesSubTab" name="test_check_updates_none" time="0.004" /><testcase classname="tests.test_maintenance_tab.TestSmartUpdatesSubTab" name="test_check_updates_none_output" time="0.004" /><testcase classname="tests.test_maintenance_tab.TestSmartUpdatesSubTab" name="test_preview_conflicts_error" time="0.004" /><testcase classname="tests.test_maintenance_tab.TestSmartUpdatesSubTab" name="test_preview_conflicts_found" time="0.005" /><testcase classname="tests.test_maintenance_tab.TestSmartUpdatesSubTab" name="test_preview_conflicts_none" time="0.004" /><testcase classname="tests.test_maintenance_tab.TestSmartUpdatesSubTab" name="test_rollback_last_appends_description" time="0.005" /><testcase classname="tests.test_maintenance_tab.TestSmartUpdatesSubTab" name="test_rollback_last_error" time="0.005" /><testcase classname="tests.test_maintenance_tab.TestSmartUpdatesSubTab" name="test_rollback_last_success" time="0.004" /><testcase classname="tests.test_maintenance_tab.TestSmartUpdatesSubTab" name="test_schedule_update_error" time="0.004" /><testcase classname="tests.test_maintenance_tab.TestSmartUpdatesSubTab" name="test_schedule_update_multiple_commands" time="0.005" /><testcase classname="tests.test_maintenance_tab.TestSmartUpdatesSubTab" name="test_schedule_update_success" time="0.005" /><testcase classname="tests.test_maintenance_tab.TestMaintenanceTabAtomicDetection" name="test_atomic_constructs" time="0.073" /><testcase classname="tests.test_maintenance_tab.TestMaintenanceTabAtomicDetection" name="test_non_atomic_constructs" time="0.012" /><testcase classname="tests.test_maintenance_tab.TestUpdatesProgressEdgeCases" name="test_command_finished_nonzero_exit_still_re_enables" time="0.019" /><testcase classname="tests.test_maintenance_tab.TestUpdatesProgressEdgeCases" name="test_update_progress_100_percent" time="0.009" /><testcase classname="tests.test_maintenance_tab.TestUpdatesProgressEdgeCases" name="test_update_progress_indeterminate_at_0" time="0.008" /><testcase classname="tests.test_maintenance_tab.TestUpdatesProgressEdgeCases" name="test_update_progress_indeterminate_at_100" time="0.011" /><testcase classname="tests.test_maintenance_tab.TestUpdatesProgressEdgeCases" name="test_update_progress_indeterminate_midway_skips_range" time="0.089" /><testcase classname="tests.test_maintenance_tab.TestUpdatesProgressEdgeCases" name="test_update_progress_zero_percent" time="0.006" /><testcase classname="tests.test_maintenance_tab.TestMaintenanceTabSourceLevel" name="test_has_cleanup_subtab" time="0.001" /><testcase classname="tests.test_maintenance_tab.TestMaintenanceTabSourceLevel" name="test_has_metadata" time="0.000" /><testcase classname="tests.test_maintenance_tab.TestMaintenanceTabSourceLevel" name="test_has_overlays_subtab" time="0.000" /><testcase classname="tests.test_maintenance_tab.TestMaintenanceTabSourceLevel" name="test_has_smart_updates_subtab" time="0.000" /><testcase classname="tests.test_maintenance_tab.TestMaintenanceTabSourceLevel" name="test_has_update_all_method" time="0.000" /><testcase classname="tests.test_maintenance_tab.TestMaintenanceTabSourceLevel" name="test_has_updates_subtab" time="0.000" /><testcase classname="tests.test_maintenance_tab.TestMaintenanceTabSourceLevel" name="test_inherits_base_tab" time="0.000" /><testcase classname="tests.test_maintenance_tab.TestMaintenanceTabSourceLevel" name="test_uses_command_runner" time="0.000" /><testcase classname="tests.test_maintenance_tab.TestMaintenanceTabSourceLevel" name="test_uses_pkexec_not_sudo" time="0.000" /><testcase classname="tests.test_maintenance_tab.TestMaintenanceTabSourceLevel" name="test_uses_system_manager" time="0.000" /><testcase classname="tests.test_maintenance_updates_regression.TestMaintenanceUpdatesRegression" name="test_run_update_all_starts_with_system_step" time="0.002" /><testcase classname="tests.test_maintenance_updates_regression.TestMaintenanceUpdatesRegression" name="test_system_update_step_dnf" time="0.000" /><testcase classname="tests.test_maintenance_updates_regression.TestMaintenanceUpdatesRegression" name="test_system_update_step_rpm_ostree" time="0.000" /><testcase classname="tests.test_marketplace.TestCommunityPresetDataclass" name="test_from_dict_creates_preset" time="0.000" /><testcase classname="tests.test_marketplace.TestCommunityPresetDataclass" name="test_from_dict_with_missing_fields" time="0.000" /><testcase classname="tests.test_marketplace.TestMarketplaceResult" name="test_result_failure" time="0.000" /><testcase classname="tests.test_marketplace.TestMarketplaceResult" name="test_result_success" time="0.000" /><testcase classname="tests.test_marketplace.TestPresetMarketplaceInit" name="test_init_creates_cache_directory" time="0.000" /><testcase classname="tests.test_marketplace.TestFetchIndex" name="test_fetch_index_caches_result" time="0.001" /><testcase classname="tests.test_marketplace.TestFetchIndex" name="test_fetch_index_handles_http_error" time="0.001" /><testcase classname="tests.test_marketplace.TestFetchIndex" name="test_fetch_index_handles_url_error" time="0.001" /><testcase classname="tests.test_marketplace.TestFetchIndex" name="test_fetch_index_returns_empty_on_404" time="0.001" /><testcase classname="tests.test_marketplace.TestFetchIndex" name="test_fetch_index_success" time="0.001" /><testcase classname="tests.test_marketplace.TestDownloadPreset" name="test_download_preset_handles_error" time="0.001" /><testcase classname="tests.test_marketplace.TestDownloadPreset" name="test_download_preset_success" time="0.001" /><testcase classname="tests.test_marketplace.TestSearchPresets" name="test_search_by_category" time="0.001" /><testcase classname="tests.test_marketplace.TestSearchPresets" name="test_search_by_query" time="0.001" /><testcase classname="tests.test_marketplace.TestSearchPresets" name="test_search_by_tag" time="0.001" /><testcase classname="tests.test_marketplace.TestSearchPresets" name="test_search_handles_fetch_error" time="0.000" /><testcase classname="tests.test_marketplace.TestGetCategories" name="test_get_categories_returns_list" time="0.000" /><testcase classname="tests.test_marketplace.TestGetFeatured" name="test_get_featured_limits_to_10" time="0.000" /><testcase classname="tests.test_marketplace.TestGetFeatured" name="test_get_featured_sorts_by_popularity" time="0.000" /><testcase classname="tests.test_marketplace.TestCacheValidity" name="test_cache_not_valid_when_missing" time="0.001" /><testcase classname="tests.test_marketplace.TestCacheValidity" name="test_cache_valid_when_recent" time="0.000" /><testcase classname="tests.test_marketplace_deep.TestPluginMetadata" name="test_defaults" time="0.000" /><testcase classname="tests.test_marketplace_deep.TestPluginMetadata" name="test_post_init_id_from_name" time="0.000" /><testcase classname="tests.test_marketplace_deep.TestPluginMetadata" name="test_post_init_none_requires" time="0.000" /><testcase classname="tests.test_marketplace_deep.TestPluginMetadata" name="test_post_init_none_tags" time="0.000" /><testcase classname="tests.test_marketplace_deep.TestMarketplaceResult" name="test_failure" time="0.000" /><testcase classname="tests.test_marketplace_deep.TestMarketplaceResult" name="test_offline" time="0.000" /><testcase classname="tests.test_marketplace_deep.TestMarketplaceResult" name="test_success" time="0.000" /><testcase classname="tests.test_marketplace_deep.TestDataclasses" name="test_cdn_index_signature" time="0.000" /><testcase classname="tests.test_marketplace_deep.TestDataclasses" name="test_cdn_marketplace_index" time="0.000" /><testcase classname="tests.test_marketplace_deep.TestDataclasses" name="test_marketplace_review" time="0.000" /><testcase classname="tests.test_marketplace_deep.TestDataclasses" name="test_publisher_verification" time="0.000" /><testcase classname="tests.test_marketplace_deep.TestDataclasses" name="test_rating_aggregate" time="0.000" /><testcase classname="tests.test_marketplace_deep.TestMapHttpError" name="test_400" time="0.001" /><testcase classname="tests.test_marketplace_deep.TestMapHttpError" name="test_401" time="0.000" /><testcase classname="tests.test_marketplace_deep.TestMapHttpError" name="test_403" time="0.000" /><testcase classname="tests.test_marketplace_deep.TestMapHttpError" name="test_404" time="0.000" /><testcase classname="tests.test_marketplace_deep.TestMapHttpError" name="test_409" time="0.000" /><testcase classname="tests.test_marketplace_deep.TestMapHttpError" name="test_422" time="0.000" /><testcase classname="tests.test_marketplace_deep.TestMapHttpError" name="test_500" time="0.000" /><testcase classname="tests.test_marketplace_deep.TestMapHttpError" name="test_other" time="0.000" /><testcase classname="tests.test_marketplace_deep.TestValidators" name="test_validate_plugin_id_empty" time="0.000" /><testcase classname="tests.test_marketplace_deep.TestValidators" name="test_validate_plugin_id_none" time="0.000" /><testcase classname="tests.test_marketplace_deep.TestValidators" name="test_validate_plugin_id_valid" time="0.000" /><testcase classname="tests.test_marketplace_deep.TestValidators" name="test_validate_rating_non_int" time="0.000" /><testcase classname="tests.test_marketplace_deep.TestValidators" name="test_validate_rating_too_high" time="0.000" /><testcase classname="tests.test_marketplace_deep.TestValidators" name="test_validate_rating_too_low" time="0.000" /><testcase classname="tests.test_marketplace_deep.TestValidators" name="test_validate_rating_valid" time="0.000" /><testcase classname="tests.test_marketplace_deep.TestValidators" name="test_validate_reviewer_empty" time="0.000" /><testcase classname="tests.test_marketplace_deep.TestValidators" name="test_validate_reviewer_too_long" time="0.000" /><testcase classname="tests.test_marketplace_deep.TestValidators" name="test_validate_reviewer_valid" time="0.000" /><testcase classname="tests.test_marketplace_deep.TestFetchJson" name="test_http_error" time="0.001" /><testcase classname="tests.test_marketplace_deep.TestFetchJson" name="test_json_decode_error" time="0.001" /><testcase classname="tests.test_marketplace_deep.TestFetchJson" name="test_success" time="0.001" /><testcase classname="tests.test_marketplace_deep.TestFetchJson" name="test_url_error" time="0.000" /><testcase classname="tests.test_marketplace_deep.TestFetchReviews" name="test_invalid_limit" time="0.000" /><testcase classname="tests.test_marketplace_deep.TestFetchReviews" name="test_invalid_plugin_id" time="0.000" /><testcase classname="tests.test_marketplace_deep.TestSubmitReview" name="test_invalid_plugin_id" time="0.000" /><testcase classname="tests.test_marketplace_deep.TestSubmitReview" name="test_invalid_rating" time="0.000" /><testcase classname="tests.test_marketplace_deep.TestSubmitReview" name="test_invalid_reviewer" time="0.000" /><testcase classname="tests.test_marketplace_deep.TestGetRatingAggregate" name="test_invalid_plugin_id" time="0.000" /><testcase classname="tests.test_marketplace_deep.TestSearch" name="test_empty_index" time="0.000" /><testcase classname="tests.test_marketplace_deep.TestSearch" name="test_fetch_fails" time="0.000" /><testcase classname="tests.test_marketplace_deep.TestSearch" name="test_search_match" time="0.000" /><testcase classname="tests.test_marketplace_deep.TestSearch" name="test_search_with_category" time="0.000" /><testcase classname="tests.test_marketplace_deep.TestGetPlugin" name="test_found" time="0.001" /><testcase classname="tests.test_marketplace_deep.TestGetPlugin" name="test_not_found" time="0.000" /><testcase classname="tests.test_marketplace_deep.TestGetPluginInfo" name="test_found" time="0.000" /><testcase classname="tests.test_marketplace_deep.TestGetPluginInfo" name="test_not_found" time="0.000" /><testcase classname="tests.test_marketplace_deep.TestGetFeatured" name="test_returns_featured" time="0.001" /><testcase classname="tests.test_marketplace_deep.TestGetCategories" name="test_fetch_fail_returns_empty" time="0.001" /><testcase classname="tests.test_marketplace_deep.TestGetCategories" name="test_returns_unique_categories" time="0.000" /><testcase classname="tests.test_marketplace_deep.TestCoerceInt" name="test_invalid" time="0.000" /><testcase classname="tests.test_marketplace_deep.TestCoerceInt" name="test_none" time="0.000" /><testcase classname="tests.test_marketplace_deep.TestCoerceInt" name="test_valid" time="0.000" /><testcase classname="tests.test_mesh_integration.TestClipboardServerStartStop" name="test_start_server_already_running" time="1.002" /><testcase classname="tests.test_mesh_integration.TestClipboardServerStartStop" name="test_start_server_success" time="1.001" /><testcase classname="tests.test_mesh_integration.TestClipboardServerStartStop" name="test_stop_server_when_not_running" time="0.000" /><testcase classname="tests.test_mesh_integration.TestClipboardServerStartStop" name="test_stop_server_when_running" time="1.002" /><testcase classname="tests.test_mesh_integration.TestClipboardSendToPeer" name="test_send_to_nonexistent_host" time="10.012" /><testcase classname="tests.test_mesh_integration.TestClipboardSendToPeer" name="test_send_to_refused_connection" time="0.001" /><testcase classname="tests.test_mesh_integration.TestClipboardRoundTrip" name="test_roundtrip_clipboard_sync" time="1.103" /><testcase classname="tests.test_mesh_integration.TestClipboardRoundTrip" name="test_roundtrip_empty_data" time="1.104" /><testcase classname="tests.test_mesh_integration.TestClipboardRoundTrip" name="test_roundtrip_unicode_content" time="1.104" /><testcase classname="tests.test_mesh_integration.TestClipboardWrongKey" name="test_wrong_key_rejected" time="1.104" /><testcase classname="tests.test_mesh_integration.TestFileDropServerStartStop" name="test_start_server_already_running" time="0.504" /><testcase classname="tests.test_mesh_integration.TestFileDropServerStartStop" name="test_start_server_success" time="0.503" /><testcase classname="tests.test_mesh_integration.TestFileDropServerStartStop" name="test_stop_server_when_not_running" time="0.001" /><testcase classname="tests.test_mesh_integration.TestFileDropServerStartStop" name="test_stop_server_when_running" time="0.503" /><testcase classname="tests.test_mesh_integration.TestFileDropSendFile" name="test_send_nonexistent_file" time="0.001" /><testcase classname="tests.test_mesh_integration.TestFileDropSendFile" name="test_send_to_refused_connection" time="0.002" /><testcase classname="tests.test_mesh_integration.TestFileDropRoundTrip" name="test_roundtrip_checksum_verified" time="0.607" /><testcase classname="tests.test_mesh_integration.TestFileDropRoundTrip" name="test_roundtrip_file_transfer" time="0.605" /><testcase classname="tests.test_mesh_integration.TestFileDropRoundTrip" name="test_roundtrip_filename_conflict_resolved" time="0.608" /><testcase classname="tests.test_mesh_integration.TestFileDropRoundTrip" name="test_roundtrip_filename_sanitized" time="0.001" /><testcase classname="tests.test_mesh_integration.TestFileDropErrorHandling" name="test_send_to_invalid_host" time="3.990" /><testcase classname="tests.test_mesh_integration.TestMeshNetworkingIntegration" name="test_both_servers_can_run_simultaneously" time="1.004" /><testcase classname="tests.test_monitor_tab.TestMonitorTabMetadata" name="test_create_widget_returns_self" time="0.004" /><testcase classname="tests.test_monitor_tab.TestMonitorTabMetadata" name="test_metadata_category" time="0.001" /><testcase classname="tests.test_monitor_tab.TestMonitorTabMetadata" name="test_metadata_icon" time="0.001" /><testcase classname="tests.test_monitor_tab.TestMonitorTabMetadata" name="test_metadata_id_is_monitor" time="0.001" /><testcase classname="tests.test_monitor_tab.TestMonitorTabMetadata" name="test_metadata_name" time="0.001" /><testcase classname="tests.test_monitor_tab.TestMonitorTabMetadata" name="test_metadata_order" time="0.001" /><testcase classname="tests.test_monitor_tab.TestMonitorTabMetadata" name="test_metadata_returns_plugin_metadata" time="0.001" /><testcase classname="tests.test_monitor_tab.TestMiniGraph" name="test_add_value_appends" time="0.001" /><testcase classname="tests.test_monitor_tab.TestMiniGraph" name="test_add_value_deque_overflow" time="0.001" /><testcase classname="tests.test_monitor_tab.TestMiniGraph" name="test_add_value_triggers_update" time="0.000" /><testcase classname="tests.test_monitor_tab.TestMiniGraph" name="test_initial_max_value" time="0.000" /><testcase classname="tests.test_monitor_tab.TestMiniGraph" name="test_max_points_constant" time="0.000" /><testcase classname="tests.test_monitor_tab.TestMiniGraph" name="test_set_max_value_enforces_minimum" time="0.000" /><testcase classname="tests.test_monitor_tab.TestMiniGraph" name="test_set_max_value_negative" time="0.000" /><testcase classname="tests.test_monitor_tab.TestMiniGraph" name="test_set_max_value_normal" time="0.000" /><testcase classname="tests.test_monitor_tab.TestDualMiniGraph" name="test_add_values_appends_both_series" time="0.000" /><testcase classname="tests.test_monitor_tab.TestDualMiniGraph" name="test_add_values_triggers_update" time="0.000" /><testcase classname="tests.test_monitor_tab.TestDualMiniGraph" name="test_auto_scale_enforces_floor" time="0.000" /><testcase classname="tests.test_monitor_tab.TestDualMiniGraph" name="test_auto_scale_increases_max" time="0.000" /><testcase classname="tests.test_monitor_tab.TestDualMiniGraph" name="test_auto_scale_with_mixed_values" time="0.000" /><testcase classname="tests.test_monitor_tab.TestDualMiniGraph" name="test_deque_overflow" time="0.001" /><testcase classname="tests.test_monitor_tab.TestDualMiniGraph" name="test_max_points_constant" time="0.000" /><testcase classname="tests.test_monitor_tab.TestCoreBar" name="test_set_value_clamps_high" time="0.000" /><testcase classname="tests.test_monitor_tab.TestCoreBar" name="test_set_value_clamps_low" time="0.000" /><testcase classname="tests.test_monitor_tab.TestCoreBar" name="test_set_value_hundred" time="0.000" /><testcase classname="tests.test_monitor_tab.TestCoreBar" name="test_set_value_normal" time="0.000" /><testcase classname="tests.test_monitor_tab.TestCoreBar" name="test_set_value_triggers_update" time="0.000" /><testcase classname="tests.test_monitor_tab.TestCoreBar" name="test_set_value_zero" time="0.000" /><testcase classname="tests.test_monitor_tab.TestPerformanceSubTab" name="test_ensure_core_bars_creates_bars" time="0.001" /><testcase classname="tests.test_monitor_tab.TestPerformanceSubTab" name="test_ensure_core_bars_noop_when_same_count" time="0.001" /><testcase classname="tests.test_monitor_tab.TestPerformanceSubTab" name="test_ensure_core_bars_recreates_on_count_change" time="0.001" /><testcase classname="tests.test_monitor_tab.TestPerformanceSubTab" name="test_on_tick_cpu" time="0.001" /><testcase classname="tests.test_monitor_tab.TestPerformanceSubTab" name="test_on_tick_cpu_updates_core_bars" time="0.002" /><testcase classname="tests.test_monitor_tab.TestPerformanceSubTab" name="test_on_tick_disk" time="0.001" /><testcase classname="tests.test_monitor_tab.TestPerformanceSubTab" name="test_on_tick_memory" time="0.001" /><testcase classname="tests.test_monitor_tab.TestPerformanceSubTab" name="test_on_tick_network" time="0.001" /><testcase classname="tests.test_monitor_tab.TestPerformanceSubTab" name="test_on_tick_no_data" time="0.001" /><testcase classname="tests.test_monitor_tab.TestProcessesSubTabGetUsername" name="test_get_current_username_fallback" time="0.001" /><testcase classname="tests.test_monitor_tab.TestProcessesSubTabGetUsername" name="test_get_current_username_success" time="0.001" /><testcase classname="tests.test_monitor_tab.TestProcessesSubTab" name="test_kill_process_confirmed_failure" time="0.002" /><testcase classname="tests.test_monitor_tab.TestProcessesSubTab" name="test_kill_process_declined" time="0.001" /><testcase classname="tests.test_monitor_tab.TestProcessesSubTab" name="test_kill_process_sigkill_confirmed_success" time="0.001" /><testcase classname="tests.test_monitor_tab.TestProcessesSubTab" name="test_kill_process_sigterm_confirmed_success" time="0.001" /><testcase classname="tests.test_monitor_tab.TestProcessesSubTab" name="test_on_filter_toggled_false" time="0.001" /><testcase classname="tests.test_monitor_tab.TestProcessesSubTab" name="test_on_filter_toggled_true" time="0.001" /><testcase classname="tests.test_monitor_tab.TestProcessesSubTab" name="test_on_sort_changed_updates_sort" time="0.001" /><testcase classname="tests.test_monitor_tab.TestProcessesSubTab" name="test_refresh_processes_clears_tree" time="0.001" /><testcase classname="tests.test_monitor_tab.TestProcessesSubTab" name="test_refresh_processes_empty_list" time="0.001" /><testcase classname="tests.test_monitor_tab.TestProcessesSubTab" name="test_refresh_processes_filter_my_processes" time="0.002" /><testcase classname="tests.test_monitor_tab.TestProcessesSubTab" name="test_refresh_processes_sort_by_cpu" time="0.002" /><testcase classname="tests.test_monitor_tab.TestProcessesSubTab" name="test_refresh_processes_sort_by_memory" time="0.002" /><testcase classname="tests.test_monitor_tab.TestProcessesSubTab" name="test_refresh_processes_sort_by_name" time="0.002" /><testcase classname="tests.test_monitor_tab.TestProcessesSubTab" name="test_refresh_processes_sort_by_pid" time="0.002" /><testcase classname="tests.test_monitor_tab.TestProcessesSubTab" name="test_refresh_processes_updates_summary" time="0.001" /><testcase classname="tests.test_monitor_tab.TestProcessesSubTab" name="test_renice_process_confirm_declined" time="0.001" /><testcase classname="tests.test_monitor_tab.TestProcessesSubTab" name="test_renice_process_confirmed_success" time="0.001" /><testcase classname="tests.test_monitor_tab.TestProcessesSubTab" name="test_renice_process_failure" time="0.001" /><testcase classname="tests.test_monitor_tab.TestProcessesSubTab" name="test_renice_process_input_cancelled" time="0.001" /><testcase classname="tests.test_monitor_tab.TestProcessesSubTabContextMenu" name="test_show_context_menu_no_item" time="0.001" /><testcase classname="tests.test_monitor_tab.TestProcessesSubTabContextMenu" name="test_show_context_menu_no_pid" time="0.001" /><testcase classname="tests.test_monitor_tab.TestProcessesSubTabConstants" name="test_colour_constants_are_hex" time="0.000" /><testcase classname="tests.test_monitor_tab.TestProcessesSubTabConstants" name="test_colour_constants_exist" time="0.000" /><testcase classname="tests.test_network_monitor_extended.TestNetworkMonitorExtended" name="test_build_inode_pid_map" time="0.001" /><testcase classname="tests.test_network_monitor_extended.TestNetworkMonitorExtended" name="test_build_inode_pid_map_fd_listdir_permission_error" time="0.000" /><testcase classname="tests.test_network_monitor_extended.TestNetworkMonitorExtended" name="test_build_inode_pid_map_proc_list_error" time="0.000" /><testcase classname="tests.test_network_monitor_extended.TestNetworkMonitorExtended" name="test_build_inode_pid_map_readlink_permission_error" time="0.000" /><testcase classname="tests.test_network_monitor_extended.TestNetworkMonitorExtended" name="test_build_inode_pid_map_skips_non_numeric" time="0.000" /><testcase classname="tests.test_network_monitor_extended.TestNetworkMonitorExtended" name="test_bytes_to_human_bytes" time="0.000" /><testcase classname="tests.test_network_monitor_extended.TestNetworkMonitorExtended" name="test_bytes_to_human_fractional" time="0.000" /><testcase classname="tests.test_network_monitor_extended.TestNetworkMonitorExtended" name="test_bytes_to_human_gigabytes" time="0.000" /><testcase classname="tests.test_network_monitor_extended.TestNetworkMonitorExtended" name="test_bytes_to_human_kilobytes" time="0.000" /><testcase classname="tests.test_network_monitor_extended.TestNetworkMonitorExtended" name="test_bytes_to_human_megabytes" time="0.000" /><testcase classname="tests.test_network_monitor_extended.TestNetworkMonitorExtended" name="test_bytes_to_human_petabytes" time="0.000" /><testcase classname="tests.test_network_monitor_extended.TestNetworkMonitorExtended" name="test_bytes_to_human_terabytes" time="0.000" /><testcase classname="tests.test_network_monitor_extended.TestNetworkMonitorExtended" name="test_bytes_to_human_zero" time="0.000" /><testcase classname="tests.test_network_monitor_extended.TestNetworkMonitorExtended" name="test_classify_interface_ethernet_en_name" time="0.000" /><testcase classname="tests.test_network_monitor_extended.TestNetworkMonitorExtended" name="test_classify_interface_ethernet_eth_name" time="0.000" /><testcase classname="tests.test_network_monitor_extended.TestNetworkMonitorExtended" name="test_classify_interface_loopback_name" time="0.000" /><testcase classname="tests.test_network_monitor_extended.TestNetworkMonitorExtended" name="test_classify_interface_sysfs_ethernet" time="0.001" /><testcase classname="tests.test_network_monitor_extended.TestNetworkMonitorExtended" name="test_classify_interface_sysfs_exception" time="0.000" /><testcase classname="tests.test_network_monitor_extended.TestNetworkMonitorExtended" name="test_classify_interface_sysfs_loopback" time="0.002" /><testcase classname="tests.test_network_monitor_extended.TestNetworkMonitorExtended" name="test_classify_interface_sysfs_unknown_type" time="0.002" /><testcase classname="tests.test_network_monitor_extended.TestNetworkMonitorExtended" name="test_classify_interface_sysfs_vpn" time="0.001" /><testcase classname="tests.test_network_monitor_extended.TestNetworkMonitorExtended" name="test_classify_interface_sysfs_wifi" time="0.001" /><testcase classname="tests.test_network_monitor_extended.TestNetworkMonitorExtended" name="test_classify_interface_vpn_tap_name" time="0.000" /><testcase classname="tests.test_network_monitor_extended.TestNetworkMonitorExtended" name="test_classify_interface_vpn_tun_name" time="0.000" /><testcase classname="tests.test_network_monitor_extended.TestNetworkMonitorExtended" name="test_classify_interface_vpn_wg_name" time="0.000" /><testcase classname="tests.test_network_monitor_extended.TestNetworkMonitorExtended" name="test_classify_interface_wifi_name" time="0.000" /><testcase classname="tests.test_network_monitor_extended.TestNetworkMonitorExtended" name="test_connection_info_instantiation" time="0.000" /><testcase classname="tests.test_network_monitor_extended.TestNetworkMonitorExtended" name="test_decode_address_ipv4_and_ipv6_paths" time="0.000" /><testcase classname="tests.test_network_monitor_extended.TestNetworkMonitorExtended" name="test_decode_address_ipv4_exception_fallback" time="0.000" /><testcase classname="tests.test_network_monitor_extended.TestNetworkMonitorExtended" name="test_decode_address_ipv4_zero" time="0.000" /><testcase classname="tests.test_network_monitor_extended.TestNetworkMonitorExtended" name="test_decode_address_ipv6_inet_ntop_exception" time="0.000" /><testcase classname="tests.test_network_monitor_extended.TestNetworkMonitorExtended" name="test_decode_address_normal_ipv6" time="0.000" /><testcase classname="tests.test_network_monitor_extended.TestNetworkMonitorExtended" name="test_get_active_connections_maps_processes" time="0.001" /><testcase classname="tests.test_network_monitor_extended.TestNetworkMonitorExtended" name="test_get_active_connections_no_connections" time="0.000" /><testcase classname="tests.test_network_monitor_extended.TestNetworkMonitorExtended" name="test_get_active_connections_tcp_unknown_state" time="0.000" /><testcase classname="tests.test_network_monitor_extended.TestNetworkMonitorExtended" name="test_get_active_connections_udp_unknown_state" time="0.000" /><testcase classname="tests.test_network_monitor_extended.TestNetworkMonitorExtended" name="test_get_active_connections_unknown_inode" time="0.000" /><testcase classname="tests.test_network_monitor_extended.TestNetworkMonitorExtended" name="test_get_all_interfaces_down_interface_no_ip" time="0.001" /><testcase classname="tests.test_network_monitor_extended.TestNetworkMonitorExtended" name="test_get_all_interfaces_empty_proc_net_dev" time="0.000" /><testcase classname="tests.test_network_monitor_extended.TestNetworkMonitorExtended" name="test_get_all_interfaces_rate_delta" time="0.001" /><testcase classname="tests.test_network_monitor_extended.TestNetworkMonitorExtended" name="test_get_bandwidth_summary_excludes_loopback" time="0.000" /><testcase classname="tests.test_network_monitor_extended.TestNetworkMonitorExtended" name="test_get_bandwidth_summary_multiple_non_loopback" time="0.000" /><testcase classname="tests.test_network_monitor_extended.TestNetworkMonitorExtended" name="test_get_bandwidth_summary_no_interfaces" time="0.000" /><testcase classname="tests.test_network_monitor_extended.TestNetworkMonitorExtended" name="test_get_interface_ip_no_inet_line" time="0.000" /><testcase classname="tests.test_network_monitor_extended.TestNetworkMonitorExtended" name="test_get_interface_ip_nonzero" time="0.000" /><testcase classname="tests.test_network_monitor_extended.TestNetworkMonitorExtended" name="test_get_interface_ip_parses_inet_line" time="0.000" /><testcase classname="tests.test_network_monitor_extended.TestNetworkMonitorExtended" name="test_get_interface_ip_subprocess_exception" time="0.000" /><testcase classname="tests.test_network_monitor_extended.TestNetworkMonitorExtended" name="test_get_process_name_error" time="0.000" /><testcase classname="tests.test_network_monitor_extended.TestNetworkMonitorExtended" name="test_get_process_name_success" time="0.001" /><testcase classname="tests.test_network_monitor_extended.TestNetworkMonitorExtended" name="test_interface_stats_human_properties" time="0.000" /><testcase classname="tests.test_network_monitor_extended.TestNetworkMonitorExtended" name="test_interface_stats_zero_bytes" time="0.000" /><testcase classname="tests.test_network_monitor_extended.TestNetworkMonitorExtended" name="test_is_interface_up_down" time="0.001" /><testcase classname="tests.test_network_monitor_extended.TestNetworkMonitorExtended" name="test_is_interface_up_exception" time="0.000" /><testcase classname="tests.test_network_monitor_extended.TestNetworkMonitorExtended" name="test_is_interface_up_true" time="0.001" /><testcase classname="tests.test_network_monitor_extended.TestNetworkMonitorExtended" name="test_is_interface_up_unknown" time="0.001" /><testcase classname="tests.test_network_monitor_extended.TestNetworkMonitorExtended" name="test_parse_proc_net_socket_file_exception" time="0.000" /><testcase classname="tests.test_network_monitor_extended.TestNetworkMonitorExtended" name="test_parse_proc_net_socket_header_only" time="0.001" /><testcase classname="tests.test_network_monitor_extended.TestNetworkMonitorExtended" name="test_parse_proc_net_socket_too_few_parts" time="0.001" /><testcase classname="tests.test_network_monitor_extended.TestNetworkMonitorExtended" name="test_parse_proc_net_socket_valid_and_invalid" time="0.001" /><testcase classname="tests.test_network_monitor_extended.TestNetworkMonitorExtended" name="test_read_proc_net_dev_file_not_found" time="0.000" /><testcase classname="tests.test_network_monitor_extended.TestNetworkMonitorExtended" name="test_read_proc_net_dev_missing_colon" time="0.001" /><testcase classname="tests.test_network_monitor_extended.TestNetworkMonitorExtended" name="test_read_proc_net_dev_multiple_interfaces" time="0.001" /><testcase classname="tests.test_network_monitor_extended.TestNetworkMonitorExtended" name="test_read_proc_net_dev_parses_valid_lines" time="0.002" /><testcase classname="tests.test_network_monitor_extended.TestNetworkMonitorExtended" name="test_read_proc_net_dev_too_few_fields" time="0.002" /><testcase classname="tests.test_network_tab.TestNetworkTabMetadata" name="test_create_widget_returns_self" time="0.044" /><testcase classname="tests.test_network_tab.TestNetworkTabMetadata" name="test_metadata_badge" time="0.005" /><testcase classname="tests.test_network_tab.TestNetworkTabMetadata" name="test_metadata_category" time="0.004" /><testcase classname="tests.test_network_tab.TestNetworkTabMetadata" name="test_metadata_id" time="0.004" /><testcase classname="tests.test_network_tab.TestNetworkTabMetadata" name="test_metadata_name" time="0.004" /><testcase classname="tests.test_network_tab.TestNetworkTabMetadata" name="test_metadata_order" time="0.004" /><testcase classname="tests.test_network_tab.TestNetworkTabInit" name="test_has_conn_table" time="0.004" /><testcase classname="tests.test_network_tab.TestNetworkTabInit" name="test_has_dns_combo" time="0.004" /><testcase classname="tests.test_network_tab.TestNetworkTabInit" name="test_has_interface_table" time="0.004" /><testcase classname="tests.test_network_tab.TestNetworkTabInit" name="test_has_monitor_timer" time="0.004" /><testcase classname="tests.test_network_tab.TestNetworkTabInit" name="test_has_sub_tabs" time="0.006" /><testcase classname="tests.test_network_tab.TestNetworkTabInit" name="test_has_traffic_table" time="0.005" /><testcase classname="tests.test_network_tab.TestNetworkTabInit" name="test_has_vpn_table" time="0.004" /><testcase classname="tests.test_network_tab.TestNetworkTabInit" name="test_has_wifi_table" time="0.005" /><testcase classname="tests.test_network_tab.TestNetworkTabInit" name="test_initial_load_deferred" time="0.006" /><testcase classname="tests.test_network_tab.TestNetworkTabStaticHelpers" name="test_get_mac_address_failure" time="0.001" /><testcase classname="tests.test_network_tab.TestNetworkTabStaticHelpers" name="test_get_mac_address_success" time="0.001" /><testcase classname="tests.test_network_tab.TestNetworkTabStaticHelpers" name="test_make_table_item_numeric" time="0.006" /><testcase classname="tests.test_network_tab.TestNetworkTabStaticHelpers" name="test_make_table_item_text" time="0.005" /><testcase classname="tests.test_network_tab.TestNetworkTabInitialLoad" name="test_initial_load_calls_all" time="0.007" /><testcase classname="tests.test_network_tab.TestNetworkTabConnections" name="test_connect_wifi_hidden_network" time="0.008" /><testcase classname="tests.test_network_tab.TestNetworkTabConnections" name="test_connect_wifi_no_selection" time="0.010" /><testcase classname="tests.test_network_tab.TestNetworkTabConnections" name="test_connect_wifi_success" time="0.005" /><testcase classname="tests.test_network_tab.TestNetworkTabConnections" name="test_disconnect_wifi" time="0.006" /><testcase classname="tests.test_network_tab.TestNetworkTabConnections" name="test_load_interfaces_down" time="0.006" /><testcase classname="tests.test_network_tab.TestNetworkTabConnections" name="test_load_interfaces_empty" time="0.005" /><testcase classname="tests.test_network_tab.TestNetworkTabConnections" name="test_load_interfaces_exception" time="0.005" /><testcase classname="tests.test_network_tab.TestNetworkTabConnections" name="test_load_interfaces_success" time="0.008" /><testcase classname="tests.test_network_tab.TestNetworkTabConnections" name="test_load_vpn_empty" time="0.006" /><testcase classname="tests.test_network_tab.TestNetworkTabConnections" name="test_load_vpn_with_connections" time="0.005" /><testcase classname="tests.test_network_tab.TestNetworkTabConnections" name="test_scan_wifi_no_results" time="0.005" /><testcase classname="tests.test_network_tab.TestNetworkTabConnections" name="test_scan_wifi_with_results" time="0.009" /><testcase classname="tests.test_network_tab.TestNetworkTabDNS" name="test_apply_dns_auto_dhcp" time="0.007" /><testcase classname="tests.test_network_tab.TestNetworkTabDNS" name="test_apply_dns_custom_provider" time="0.006" /><testcase classname="tests.test_network_tab.TestNetworkTabDNS" name="test_apply_dns_no_connection" time="0.005" /><testcase classname="tests.test_network_tab.TestNetworkTabDNS" name="test_detect_current_dns_found" time="0.005" /><testcase classname="tests.test_network_tab.TestNetworkTabDNS" name="test_detect_current_dns_not_found" time="0.005" /><testcase classname="tests.test_network_tab.TestNetworkTabDNS" name="test_get_active_connection" time="0.006" /><testcase classname="tests.test_network_tab.TestNetworkTabDNS" name="test_test_dns" time="0.005" /><testcase classname="tests.test_network_tab.TestNetworkTabPrivacy" name="test_check_hostname_privacy_hidden" time="0.006" /><testcase classname="tests.test_network_tab.TestNetworkTabPrivacy" name="test_check_hostname_privacy_no_connection" time="0.005" /><testcase classname="tests.test_network_tab.TestNetworkTabPrivacy" name="test_check_hostname_privacy_unknown" time="0.005" /><testcase classname="tests.test_network_tab.TestNetworkTabPrivacy" name="test_check_hostname_privacy_visible" time="0.007" /><testcase classname="tests.test_network_tab.TestNetworkTabPrivacy" name="test_check_mac_status_disabled" time="0.006" /><testcase classname="tests.test_network_tab.TestNetworkTabPrivacy" name="test_check_mac_status_enabled" time="0.005" /><testcase classname="tests.test_network_tab.TestNetworkTabPrivacy" name="test_toggle_hostname_hide" time="0.006" /><testcase classname="tests.test_network_tab.TestNetworkTabPrivacy" name="test_toggle_hostname_privacy_no_connection" time="0.006" /><testcase classname="tests.test_network_tab.TestNetworkTabPrivacy" name="test_toggle_hostname_show" time="0.006" /><testcase classname="tests.test_network_tab.TestNetworkTabPrivacy" name="test_toggle_mac_disable" time="0.007" /><testcase classname="tests.test_network_tab.TestNetworkTabPrivacy" name="test_toggle_mac_enable_success" time="0.006" /><testcase classname="tests.test_network_tab.TestNetworkTabPrivacy" name="test_toggle_mac_enable_write_error" time="0.006" /><testcase classname="tests.test_network_tab.TestNetworkTabUndo" name="test_undo_last_failure" time="0.005" /><testcase classname="tests.test_network_tab.TestNetworkTabUndo" name="test_undo_last_success" time="0.006" /><testcase classname="tests.test_network_tab.TestNetworkTabMonitoring" name="test_on_tab_changed_dns" time="0.005" /><testcase classname="tests.test_network_tab.TestNetworkTabMonitoring" name="test_on_tab_changed_monitoring" time="0.005" /><testcase classname="tests.test_network_tab.TestNetworkTabMonitoring" name="test_on_tab_changed_other" time="0.006" /><testcase classname="tests.test_network_tab.TestNetworkTabMonitoring" name="test_on_tab_changed_privacy" time="0.005" /><testcase classname="tests.test_network_tab.TestNetworkTabMonitoring" name="test_refresh_monitoring_conn_no_pid" time="0.006" /><testcase classname="tests.test_network_tab.TestNetworkTabMonitoring" name="test_refresh_monitoring_exception" time="0.005" /><testcase classname="tests.test_network_tab.TestNetworkTabMonitoring" name="test_refresh_monitoring_filters_connection_states" time="0.006" /><testcase classname="tests.test_network_tab.TestNetworkTabMonitoring" name="test_refresh_monitoring_filters_loopback" time="0.006" /><testcase classname="tests.test_network_tab.TestNetworkTabMonitoring" name="test_refresh_monitoring_no_interfaces" time="0.005" /><testcase classname="tests.test_network_tab.TestNetworkTabMonitoring" name="test_refresh_monitoring_success" time="0.006" /><testcase classname="tests.test_network_tab.TestNetworkTabEmptyState" name="test_set_empty_table_state" time="0.007" /><testcase classname="tests.test_network_tab.TestNetworkTabEmptyState" name="test_set_empty_table_state_single_column" time="0.006" /><testcase classname="tests.test_network_tab.TestNetworkTabDNSComboData" name="test_adguard_dns_data" time="0.005" /><testcase classname="tests.test_network_tab.TestNetworkTabDNSComboData" name="test_cloudflare_dns_data" time="0.006" /><testcase classname="tests.test_network_tab.TestNetworkTabDNSComboData" name="test_dhcp_dns_data" time="0.006" /><testcase classname="tests.test_network_tab.TestNetworkTabDNSComboData" name="test_google_dns_data" time="0.005" /><testcase classname="tests.test_network_tab.TestNetworkTabDNSComboData" name="test_opendns_dns_data" time="0.006" /><testcase classname="tests.test_network_tab.TestNetworkTabDNSComboData" name="test_quad9_dns_data" time="0.006" /><testcase classname="tests.test_network_utils.TestScanWifi" name="test_scan_blank_lines_skipped" time="0.001" /><testcase classname="tests.test_network_utils.TestScanWifi" name="test_scan_empty_output" time="0.001" /><testcase classname="tests.test_network_utils.TestScanWifi" name="test_scan_hidden_ssid" time="0.001" /><testcase classname="tests.test_network_utils.TestScanWifi" name="test_scan_malformed_line_skipped" time="0.001" /><testcase classname="tests.test_network_utils.TestScanWifi" name="test_scan_open_security" time="0.001" /><testcase classname="tests.test_network_utils.TestScanWifi" name="test_scan_oserror" time="0.001" /><testcase classname="tests.test_network_utils.TestScanWifi" name="test_scan_returns_networks" time="0.000" /><testcase classname="tests.test_network_utils.TestScanWifi" name="test_scan_subprocess_error" time="0.000" /><testcase classname="tests.test_network_utils.TestScanWifi" name="test_scan_timeout" time="0.000" /><testcase classname="tests.test_network_utils.TestLoadVpnConnections" name="test_no_vpn_connections" time="0.001" /><testcase classname="tests.test_network_utils.TestLoadVpnConnections" name="test_openvpn_detected" time="0.000" /><testcase classname="tests.test_network_utils.TestLoadVpnConnections" name="test_vpn_connections_found" time="0.000" /><testcase classname="tests.test_network_utils.TestLoadVpnConnections" name="test_vpn_empty_output" time="0.001" /><testcase classname="tests.test_network_utils.TestLoadVpnConnections" name="test_vpn_malformed_line_skipped" time="0.000" /><testcase classname="tests.test_network_utils.TestLoadVpnConnections" name="test_vpn_oserror" time="0.000" /><testcase classname="tests.test_network_utils.TestLoadVpnConnections" name="test_vpn_timeout" time="0.000" /><testcase classname="tests.test_network_utils.TestDetectCurrentDns" name="test_deduplication" time="0.001" /><testcase classname="tests.test_network_utils.TestDetectCurrentDns" name="test_dns_oserror" time="0.000" /><testcase classname="tests.test_network_utils.TestDetectCurrentDns" name="test_dns_sorted" time="0.000" /><testcase classname="tests.test_network_utils.TestDetectCurrentDns" name="test_dns_timeout" time="0.000" /><testcase classname="tests.test_network_utils.TestDetectCurrentDns" name="test_empty_output" time="0.000" /><testcase classname="tests.test_network_utils.TestDetectCurrentDns" name="test_empty_value_after_colon" time="0.000" /><testcase classname="tests.test_network_utils.TestDetectCurrentDns" name="test_multiple_dns_servers" time="0.000" /><testcase classname="tests.test_network_utils.TestDetectCurrentDns" name="test_no_dns_found" time="0.000" /><testcase classname="tests.test_network_utils.TestDetectCurrentDns" name="test_single_dns_server" time="0.000" /><testcase classname="tests.test_network_utils.TestGetActiveConnection" name="test_empty_output" time="0.001" /><testcase classname="tests.test_network_utils.TestGetActiveConnection" name="test_ethernet_connection_active" time="0.000" /><testcase classname="tests.test_network_utils.TestGetActiveConnection" name="test_no_active_connection" time="0.000" /><testcase classname="tests.test_network_utils.TestGetActiveConnection" name="test_oserror" time="0.000" /><testcase classname="tests.test_network_utils.TestGetActiveConnection" name="test_timeout" time="0.000" /><testcase classname="tests.test_network_utils.TestGetActiveConnection" name="test_wifi_connection_active" time="0.001" /><testcase classname="tests.test_network_utils.TestCheckHostnamePrivacy" name="test_empty_output" time="0.001" /><testcase classname="tests.test_network_utils.TestCheckHostnamePrivacy" name="test_hostname_hidden" time="0.001" /><testcase classname="tests.test_network_utils.TestCheckHostnamePrivacy" name="test_hostname_visible" time="0.001" /><testcase classname="tests.test_network_utils.TestCheckHostnamePrivacy" name="test_oserror_returns_none" time="0.001" /><testcase classname="tests.test_network_utils.TestCheckHostnamePrivacy" name="test_timeout_returns_none" time="0.001" /><testcase classname="tests.test_network_utils.TestReactivateConnection" name="test_reactivate_oserror" time="0.001" /><testcase classname="tests.test_network_utils.TestReactivateConnection" name="test_reactivate_subprocess_error" time="0.001" /><testcase classname="tests.test_network_utils.TestReactivateConnection" name="test_reactivate_success" time="0.001" /><testcase classname="tests.test_network_utils.TestReactivateConnection" name="test_reactivate_timeout" time="0.000" /><testcase classname="tests.test_notification_center.TestSingleton" name="test_singleton_returns_same_instance" time="0.001" /><testcase classname="tests.test_notification_center.TestSingleton" name="test_reset_singleton_creates_new_instance" time="0.000" /><testcase classname="tests.test_notification_center.TestAddNotification" name="test_add_returns_notification" time="0.001" /><testcase classname="tests.test_notification_center.TestAddNotification" name="test_add_with_category" time="0.001" /><testcase classname="tests.test_notification_center.TestAddNotification" name="test_add_inserts_at_front" time="0.001" /><testcase classname="tests.test_notification_center.TestAddNotification" name="test_notification_has_unique_id" time="0.001" /><testcase classname="tests.test_notification_center.TestAddNotification" name="test_notification_has_timestamp" time="0.001" /><testcase classname="tests.test_notification_center.TestUnreadCount" name="test_unread_count_initial" time="0.001" /><testcase classname="tests.test_notification_center.TestUnreadCount" name="test_unread_count_after_adds" time="0.001" /><testcase classname="tests.test_notification_center.TestMarkRead" name="test_mark_read_single" time="0.001" /><testcase classname="tests.test_notification_center.TestMarkRead" name="test_mark_all_read" time="0.001" /><testcase classname="tests.test_notification_center.TestDismiss" name="test_dismiss_removes_notification" time="0.001" /><testcase classname="tests.test_notification_center.TestDismiss" name="test_dismiss_nonexistent_is_safe" time="0.001" /><testcase classname="tests.test_notification_center.TestFIFOEviction" name="test_eviction_at_max" time="0.042" /><testcase classname="tests.test_notification_center.TestClearAll" name="test_clear_all" time="0.001" /><testcase classname="tests.test_notification_center.TestPersistence" name="test_round_trip" time="0.001" /><testcase classname="tests.test_notification_center.TestPersistence" name="test_corrupt_file_handling" time="0.001" /><testcase classname="tests.test_notification_center.TestPersistence" name="test_empty_file_handling" time="0.001" /><testcase classname="tests.test_notification_center.TestGetRecent" name="test_get_recent_limit" time="0.001" /><testcase classname="tests.test_notification_center.TestGetRecent" name="test_get_recent_fewer_than_limit" time="0.001" /><testcase classname="tests.test_notification_extended.TestSendParameters" name="test_custom_timeout_forwarded" time="0.001" /><testcase classname="tests.test_notification_extended.TestSendParameters" name="test_default_icon_is_dialog_information" time="0.001" /><testcase classname="tests.test_notification_extended.TestSendParameters" name="test_default_urgency_is_normal" time="0.001" /><testcase classname="tests.test_notification_extended.TestSendParameters" name="test_title_and_body_are_last_two_args" time="0.001" /><testcase classname="tests.test_notification_extended.TestSendParameters" name="test_zero_timeout_forwarded" time="0.001" /><testcase classname="tests.test_notification_extended.TestSpecialCharacters" name="test_empty_body" time="0.001" /><testcase classname="tests.test_notification_extended.TestSpecialCharacters" name="test_newlines_in_body" time="0.001" /><testcase classname="tests.test_notification_extended.TestSpecialCharacters" name="test_unicode_in_title" time="0.001" /><testcase classname="tests.test_notification_extended.TestErrorPaths" name="test_file_not_found_returns_false" time="0.001" /><testcase classname="tests.test_notification_extended.TestErrorPaths" name="test_subprocess_error_returns_false" time="0.001" /><testcase classname="tests.test_notification_extended.TestAllShortcuts" name="test_notify_cleanup_complete" time="0.000" /><testcase classname="tests.test_notification_extended.TestAllShortcuts" name="test_notify_preset_applied" time="0.000" /><testcase classname="tests.test_notification_extended.TestAllShortcuts" name="test_notify_sync_complete" time="0.000" /><testcase classname="tests.test_notification_extended.TestAllShortcuts" name="test_notify_task_complete_failure" time="0.000" /><testcase classname="tests.test_notification_extended.TestAllShortcuts" name="test_notify_task_complete_success" time="0.000" /><testcase classname="tests.test_notification_extended.TestAllShortcuts" name="test_notify_updates_available" time="0.000" /><testcase classname="tests.test_notification_extended.TestAppConstants" name="test_app_icon_is_string" time="0.000" /><testcase classname="tests.test_notification_extended.TestAppConstants" name="test_app_name_is_string" time="0.000" /><testcase classname="tests.test_notification_toast.TestCategoryColorMapping" name="test_all_categories_have_colours" time="0.001" /><testcase classname="tests.test_notification_toast.TestCategoryColorMapping" name="test_colours_are_valid_hex" time="0.000" /><testcase classname="tests.test_notification_toast.TestCategoryColorMapping" name="test_health_is_green_ish" time="0.000" /><testcase classname="tests.test_notification_toast.TestCategoryColorMapping" name="test_security_is_red_ish" time="0.000" /><testcase classname="tests.test_notification_toast.TestCategoryColorMapping" name="test_system_is_yellow_ish" time="0.000" /><testcase classname="tests.test_notification_toast.TestNotificationToastConstants" name="test_display_ms_default" time="0.000" /><testcase classname="tests.test_notification_toast.TestNotificationToastConstants" name="test_display_ms_is_positive" time="0.000" /><testcase classname="tests.test_notification_toast.TestNotificationToastConstants" name="test_toast_dimensions" time="0.000" /><testcase classname="tests.test_notification_toast.TestNotificationToastCreation" name="test_creates_without_parent" time="0.001" /><testcase classname="tests.test_notification_toast.TestShowToastLogic" name="test_show_toast_sets_message" time="0.003" /><testcase classname="tests.test_notification_toast.TestShowToastLogic" name="test_show_toast_sets_title" time="0.002" /><testcase classname="tests.test_notification_toast.TestShowToastLogic" name="test_show_toast_starts_auto_hide_timer" time="0.002" /><testcase classname="tests.test_notification_toast.TestShowToastLogic" name="test_show_toast_truncates_long_message" time="0.002" /><testcase classname="tests.test_notification_toast.TestShowToastLogic" name="test_show_toast_unknown_category_uses_default" time="0.002" /><testcase classname="tests.test_notification_toast.TestShowToastLogic" name="test_show_toast_uses_category_colour" time="0.002" /><testcase classname="tests.test_notification_toast.TestShowToastLogic" name="test_show_toast_with_parent_positions_correctly" time="0.004" /><testcase classname="tests.test_notification_toast.TestShowToastLogic" name="test_show_toast_without_parent_still_shows" time="0.002" /><testcase classname="tests.test_notification_toast.TestSlideOut" name="test_slide_out_hides_when_no_parent" time="0.002" /><testcase classname="tests.test_notification_toast.TestSlideOut" name="test_slide_out_stops_timer" time="0.002" /><testcase classname="tests.test_notification_toast.TestSlideOut" name="test_slide_out_with_parent_creates_animation" time="0.003" /><testcase classname="tests.test_notifications_util.TestIsAvailable" name="test_available_when_installed" time="0.001" /><testcase classname="tests.test_notifications_util.TestIsAvailable" name="test_not_available_when_missing" time="0.000" /><testcase classname="tests.test_notifications_util.TestSend" name="test_send_handles_exception" time="0.001" /><testcase classname="tests.test_notifications_util.TestSend" name="test_send_includes_app_name" time="0.001" /><testcase classname="tests.test_notifications_util.TestSend" name="test_send_returns_false_when_unavailable" time="0.001" /><testcase classname="tests.test_notifications_util.TestSend" name="test_send_success" time="0.001" /><testcase classname="tests.test_notifications_util.TestSend" name="test_send_with_custom_icon" time="0.001" /><testcase classname="tests.test_notifications_util.TestSend" name="test_send_with_urgency_critical" time="0.001" /><testcase classname="tests.test_notifications_util.TestShortcutMethods" name="test_notify_task_complete_failure" time="0.000" /><testcase classname="tests.test_notifications_util.TestShortcutMethods" name="test_notify_task_complete_success" time="0.000" /><testcase classname="tests.test_operations_extended.TestOperationResult" name="test_all_fields_set" time="0.000" /><testcase classname="tests.test_operations_extended.TestOperationResult" name="test_create_failure_result" time="0.000" /><testcase classname="tests.test_operations_extended.TestOperationResult" name="test_create_success_result" time="0.000" /><testcase classname="tests.test_operations_extended.TestOperationResult" name="test_create_with_needs_reboot" time="0.000" /><testcase classname="tests.test_operations_extended.TestOperationResult" name="test_create_with_output" time="0.000" /><testcase classname="tests.test_operations_extended.TestOperationResult" name="test_default_needs_reboot_is_false" time="0.000" /><testcase classname="tests.test_operations_extended.TestOperationResult" name="test_default_output_is_empty" time="0.000" /><testcase classname="tests.test_operations_extended.TestOperationResult" name="test_equality" time="0.000" /><testcase classname="tests.test_operations_extended.TestOperationResult" name="test_inequality" time="0.000" /><testcase classname="tests.test_operations_extended.TestCleanupOpsCleanDnfCache" name="test_clean_dnf_cache_dnf" time="0.001" /><testcase classname="tests.test_operations_extended.TestCleanupOpsCleanDnfCache" name="test_clean_dnf_cache_returns_tuple" time="0.000" /><testcase classname="tests.test_operations_extended.TestCleanupOpsCleanDnfCache" name="test_clean_dnf_cache_rpm_ostree" time="0.000" /><testcase classname="tests.test_operations_extended.TestCleanupOpsAutoremove" name="test_autoremove_dnf" time="0.000" /><testcase classname="tests.test_operations_extended.TestCleanupOpsAutoremove" name="test_autoremove_rpm_ostree" time="0.000" /><testcase classname="tests.test_operations_extended.TestCleanupOpsVacuumJournal" name="test_vacuum_journal_custom_days" time="0.000" /><testcase classname="tests.test_operations_extended.TestCleanupOpsVacuumJournal" name="test_vacuum_journal_default_days" time="0.000" /><testcase classname="tests.test_operations_extended.TestCleanupOpsVacuumJournal" name="test_vacuum_journal_one_day" time="0.000" /><testcase classname="tests.test_operations_extended.TestCleanupOpsTrimSsd" name="test_trim_ssd_returns_correct_tuple" time="0.000" /><testcase classname="tests.test_operations_extended.TestCleanupOpsRebuildRpmdb" name="test_rebuild_rpmdb_returns_correct_tuple" time="0.000" /><testcase classname="tests.test_operations_extended.TestCleanupOpsListTimeshift" name="test_list_timeshift_returns_correct_tuple" time="0.000" /><testcase classname="tests.test_operations_extended.TestTweakOpsSetPowerProfile" name="test_empty_profile_defaults_to_balanced" time="0.000" /><testcase classname="tests.test_operations_extended.TestTweakOpsSetPowerProfile" name="test_invalid_profile_defaults_to_balanced" time="0.000" /><testcase classname="tests.test_operations_extended.TestTweakOpsSetPowerProfile" name="test_set_balanced_profile" time="0.000" /><testcase classname="tests.test_operations_extended.TestTweakOpsSetPowerProfile" name="test_set_performance_profile" time="0.000" /><testcase classname="tests.test_operations_extended.TestTweakOpsSetPowerProfile" name="test_set_power_saver_profile" time="0.000" /><testcase classname="tests.test_operations_extended.TestTweakOpsGetPowerProfile" name="test_get_power_profile_exception" time="0.000" /><testcase classname="tests.test_operations_extended.TestTweakOpsGetPowerProfile" name="test_get_power_profile_nonzero_exit" time="0.000" /><testcase classname="tests.test_operations_extended.TestTweakOpsGetPowerProfile" name="test_get_power_profile_performance" time="0.000" /><testcase classname="tests.test_operations_extended.TestTweakOpsGetPowerProfile" name="test_get_power_profile_strips_whitespace" time="0.000" /><testcase classname="tests.test_operations_extended.TestTweakOpsGetPowerProfile" name="test_get_power_profile_success" time="0.001" /><testcase classname="tests.test_operations_extended.TestTweakOpsGetPowerProfile" name="test_get_power_profile_timeout" time="0.000" /><testcase classname="tests.test_operations_extended.TestTweakOpsRestartAudio" name="test_restart_audio_returns_correct_tuple" time="0.000" /><testcase classname="tests.test_operations_extended.TestTweakOpsSetBatteryLimit" name="test_set_battery_limit_boundary_101" time="0.000" /><testcase classname="tests.test_operations_extended.TestTweakOpsSetBatteryLimit" name="test_set_battery_limit_boundary_49" time="0.000" /><testcase classname="tests.test_operations_extended.TestTweakOpsSetBatteryLimit" name="test_set_battery_limit_cmd_failure" time="0.001" /><testcase classname="tests.test_operations_extended.TestTweakOpsSetBatteryLimit" name="test_set_battery_limit_exact_100" time="0.000" /><testcase classname="tests.test_operations_extended.TestTweakOpsSetBatteryLimit" name="test_set_battery_limit_exact_50" time="0.000" /><testcase classname="tests.test_operations_extended.TestTweakOpsSetBatteryLimit" name="test_set_battery_limit_exception" time="0.001" /><testcase classname="tests.test_operations_extended.TestTweakOpsSetBatteryLimit" name="test_set_battery_limit_invalid_high" time="0.000" /><testcase classname="tests.test_operations_extended.TestTweakOpsSetBatteryLimit" name="test_set_battery_limit_invalid_low" time="0.000" /><testcase classname="tests.test_operations_extended.TestTweakOpsSetBatteryLimit" name="test_set_battery_limit_no_sysfs" time="0.000" /><testcase classname="tests.test_operations_extended.TestTweakOpsSetBatteryLimit" name="test_set_battery_limit_success" time="0.001" /><testcase classname="tests.test_operations_extended.TestTweakOpsInstallNbfc" name="test_install_nbfc_returns_tuple" time="0.001" /><testcase classname="tests.test_operations_extended.TestTweakOpsInstallNbfc" name="test_install_nbfc_rpm_ostree" time="0.000" /><testcase classname="tests.test_operations_extended.TestTweakOpsSetFanProfile" name="test_set_fan_profile" time="0.000" /><testcase classname="tests.test_operations_extended.TestTweakOpsSetFanProfile" name="test_set_fan_profile_already_lowercase" time="0.000" /><testcase classname="tests.test_operations_extended.TestTweakOpsSetFanProfile" name="test_set_fan_profile_lowercase_conversion" time="0.000" /><testcase classname="tests.test_operations_extended.TestTweakOpsBatterySysfs" name="test_battery_sysfs_path" time="0.000" /><testcase classname="tests.test_operations_extended.TestAdvancedOpsApplyDnfTweaks" name="test_apply_dnf_tweaks_already_optimized" time="0.001" /><testcase classname="tests.test_operations_extended.TestAdvancedOpsApplyDnfTweaks" name="test_apply_dnf_tweaks_exception" time="0.001" /><testcase classname="tests.test_operations_extended.TestAdvancedOpsApplyDnfTweaks" name="test_apply_dnf_tweaks_partial_config" time="0.001" /><testcase classname="tests.test_operations_extended.TestAdvancedOpsApplyDnfTweaks" name="test_apply_dnf_tweaks_permission_error_on_read" time="0.001" /><testcase classname="tests.test_operations_extended.TestAdvancedOpsApplyDnfTweaks" name="test_apply_dnf_tweaks_read_failure_writes_all" time="0.001" /><testcase classname="tests.test_operations_extended.TestAdvancedOpsApplyDnfTweaks" name="test_apply_dnf_tweaks_success" time="0.001" /><testcase classname="tests.test_operations_extended.TestAdvancedOpsApplyDnfTweaks" name="test_apply_dnf_tweaks_timeout_set" time="0.001" /><testcase classname="tests.test_operations_extended.TestAdvancedOpsApplyDnfTweaks" name="test_apply_dnf_tweaks_uses_tee_append" time="0.001" /><testcase classname="tests.test_operations_extended.TestAdvancedOpsApplyDnfTweaks" name="test_apply_dnf_tweaks_write_failure" time="0.001" /><testcase classname="tests.test_operations_extended.TestAdvancedOpsEnableTcpBbr" name="test_enable_tcp_bbr_calls_sysctl_system" time="0.001" /><testcase classname="tests.test_operations_extended.TestAdvancedOpsEnableTcpBbr" name="test_enable_tcp_bbr_exception" time="0.000" /><testcase classname="tests.test_operations_extended.TestAdvancedOpsEnableTcpBbr" name="test_enable_tcp_bbr_success" time="0.001" /><testcase classname="tests.test_operations_extended.TestAdvancedOpsEnableTcpBbr" name="test_enable_tcp_bbr_sysctl_reload_failure" time="0.001" /><testcase classname="tests.test_operations_extended.TestAdvancedOpsEnableTcpBbr" name="test_enable_tcp_bbr_write_failure" time="0.001" /><testcase classname="tests.test_operations_extended.TestAdvancedOpsEnableTcpBbr" name="test_enable_tcp_bbr_writes_correct_config" time="0.001" /><testcase classname="tests.test_operations_extended.TestAdvancedOpsInstallGamemode" name="test_install_gamemode_exception" time="0.001" /><testcase classname="tests.test_operations_extended.TestAdvancedOpsInstallGamemode" name="test_install_gamemode_install_failure" time="0.001" /><testcase classname="tests.test_operations_extended.TestAdvancedOpsInstallGamemode" name="test_install_gamemode_success" time="0.001" /><testcase classname="tests.test_operations_extended.TestAdvancedOpsInstallGamemode" name="test_install_gamemode_timeout_on_install" time="0.001" /><testcase classname="tests.test_operations_extended.TestAdvancedOpsInstallGamemode" name="test_install_gamemode_usermod_failure" time="0.001" /><testcase classname="tests.test_operations_extended.TestAdvancedOpsInstallGamemode" name="test_install_gamemode_uses_correct_usermod" time="0.001" /><testcase classname="tests.test_operations_extended.TestAdvancedOpsSetSwappiness" name="test_set_swappiness_boundary_100" time="0.001" /><testcase classname="tests.test_operations_extended.TestAdvancedOpsSetSwappiness" name="test_set_swappiness_boundary_zero" time="0.000" /><testcase classname="tests.test_operations_extended.TestAdvancedOpsSetSwappiness" name="test_set_swappiness_custom_value" time="0.000" /><testcase classname="tests.test_operations_extended.TestAdvancedOpsSetSwappiness" name="test_set_swappiness_default_value" time="0.000" /><testcase classname="tests.test_operations_extended.TestAdvancedOpsSetSwappiness" name="test_set_swappiness_exception" time="0.000" /><testcase classname="tests.test_operations_extended.TestAdvancedOpsSetSwappiness" name="test_set_swappiness_invalid_clamps_to_default" time="0.000" /><testcase classname="tests.test_operations_extended.TestAdvancedOpsSetSwappiness" name="test_set_swappiness_over_100_clamps" time="0.000" /><testcase classname="tests.test_operations_extended.TestAdvancedOpsSetSwappiness" name="test_set_swappiness_success" time="0.000" /><testcase classname="tests.test_operations_extended.TestAdvancedOpsSetSwappiness" name="test_set_swappiness_sysctl_reload_failure" time="0.001" /><testcase classname="tests.test_operations_extended.TestAdvancedOpsSetSwappiness" name="test_set_swappiness_uses_correct_conf_path" time="0.000" /><testcase classname="tests.test_operations_extended.TestAdvancedOpsSetSwappiness" name="test_set_swappiness_write_failure" time="0.001" /><testcase classname="tests.test_operations_extended.TestAdvancedOpsSetSwappiness" name="test_set_swappiness_writes_correct_config" time="0.001" /><testcase classname="tests.test_operations_extended.TestNetworkOpsDnsProviders" name="test_dns_providers_all_have_two_addresses" time="0.000" /><testcase classname="tests.test_operations_extended.TestNetworkOpsDnsProviders" name="test_dns_providers_has_cloudflare" time="0.000" /><testcase classname="tests.test_operations_extended.TestNetworkOpsDnsProviders" name="test_dns_providers_has_google" time="0.000" /><testcase classname="tests.test_operations_extended.TestNetworkOpsDnsProviders" name="test_dns_providers_has_opendns" time="0.000" /><testcase classname="tests.test_operations_extended.TestNetworkOpsDnsProviders" name="test_dns_providers_has_quad9" time="0.000" /><testcase classname="tests.test_operations_extended.TestNetworkOpsSetDns" name="test_set_dns_case_insensitive" time="0.001" /><testcase classname="tests.test_operations_extended.TestNetworkOpsSetDns" name="test_set_dns_cloudflare_success" time="0.001" /><testcase classname="tests.test_operations_extended.TestNetworkOpsSetDns" name="test_set_dns_empty_connections_list" time="0.000" /><testcase classname="tests.test_operations_extended.TestNetworkOpsSetDns" name="test_set_dns_exception" time="0.000" /><testcase classname="tests.test_operations_extended.TestNetworkOpsSetDns" name="test_set_dns_google_success" time="0.001" /><testcase classname="tests.test_operations_extended.TestNetworkOpsSetDns" name="test_set_dns_modify_failure" time="0.001" /><testcase classname="tests.test_operations_extended.TestNetworkOpsSetDns" name="test_set_dns_no_active_connection" time="0.000" /><testcase classname="tests.test_operations_extended.TestNetworkOpsSetDns" name="test_set_dns_opendns" time="0.000" /><testcase classname="tests.test_operations_extended.TestNetworkOpsSetDns" name="test_set_dns_quad9_with_correct_ips" time="0.001" /><testcase classname="tests.test_operations_extended.TestNetworkOpsSetDns" name="test_set_dns_restarts_connection" time="0.001" /><testcase classname="tests.test_operations_extended.TestNetworkOpsSetDns" name="test_set_dns_unknown_provider" time="0.000" /><testcase classname="tests.test_operations_extended.TestNetworkOpsSetDns" name="test_set_dns_uppercase_provider" time="0.001" /><testcase classname="tests.test_operations_extended.TestExecuteOperation" name="test_execute_operation_failure" time="0.000" /><testcase classname="tests.test_operations_extended.TestExecuteOperation" name="test_execute_operation_nbfc" time="0.000" /><testcase classname="tests.test_operations_extended.TestExecuteOperation" name="test_execute_operation_non_pkexec_command" time="0.000" /><testcase classname="tests.test_operations_extended.TestExecuteOperation" name="test_execute_operation_pkexec_command" time="0.001" /><testcase classname="tests.test_operations_extended.TestExecuteOperation" name="test_execute_operation_powerprofilesctl" time="0.001" /><testcase classname="tests.test_operations_extended.TestExecuteOperation" name="test_execute_operation_preview_mode" time="0.001" /><testcase classname="tests.test_operations_extended.TestExecuteOperation" name="test_execute_operation_returns_action_result" time="0.000" /><testcase classname="tests.test_operations_extended.TestExecuteOperation" name="test_execute_operation_strips_pkexec_from_args" time="0.001" /><testcase classname="tests.test_operations_extended.TestCLICommands" name="test_advanced_command_count" time="0.000" /><testcase classname="tests.test_operations_extended.TestCLICommands" name="test_advanced_has_bbr" time="0.000" /><testcase classname="tests.test_operations_extended.TestCLICommands" name="test_advanced_has_dnf_tweaks" time="0.000" /><testcase classname="tests.test_operations_extended.TestCLICommands" name="test_advanced_has_gamemode" time="0.000" /><testcase classname="tests.test_operations_extended.TestCLICommands" name="test_advanced_has_swappiness" time="0.000" /><testcase classname="tests.test_operations_extended.TestCLICommands" name="test_all_commands_are_callable" time="0.000" /><testcase classname="tests.test_operations_extended.TestCLICommands" name="test_cleanup_command_count" time="0.000" /><testcase classname="tests.test_operations_extended.TestCLICommands" name="test_cleanup_has_autoremove" time="0.000" /><testcase classname="tests.test_operations_extended.TestCLICommands" name="test_cleanup_has_dnf" time="0.000" /><testcase classname="tests.test_operations_extended.TestCLICommands" name="test_cleanup_has_journal" time="0.000" /><testcase classname="tests.test_operations_extended.TestCLICommands" name="test_cleanup_has_rpmdb" time="0.000" /><testcase classname="tests.test_operations_extended.TestCLICommands" name="test_cleanup_has_trim" time="0.000" /><testcase classname="tests.test_operations_extended.TestCLICommands" name="test_cli_commands_category_count" time="0.000" /><testcase classname="tests.test_operations_extended.TestCLICommands" name="test_cli_commands_has_advanced_category" time="0.000" /><testcase classname="tests.test_operations_extended.TestCLICommands" name="test_cli_commands_has_cleanup_category" time="0.000" /><testcase classname="tests.test_operations_extended.TestCLICommands" name="test_cli_commands_has_network_category" time="0.000" /><testcase classname="tests.test_operations_extended.TestCLICommands" name="test_cli_commands_has_tweak_category" time="0.000" /><testcase classname="tests.test_operations_extended.TestCLICommands" name="test_network_command_count" time="0.000" /><testcase classname="tests.test_operations_extended.TestCLICommands" name="test_network_has_dns" time="0.000" /><testcase classname="tests.test_operations_extended.TestCLICommands" name="test_tweak_command_count" time="0.000" /><testcase classname="tests.test_operations_extended.TestCLICommands" name="test_tweak_has_audio" time="0.000" /><testcase classname="tests.test_operations_extended.TestCLICommands" name="test_tweak_has_battery" time="0.000" /><testcase classname="tests.test_operations_extended.TestCLICommands" name="test_tweak_has_power" time="0.000" /><testcase classname="tests.test_package_explorer.TestPackageInfo" name="test_default_values" time="0.000" /><testcase classname="tests.test_package_explorer.TestPackageInfo" name="test_to_dict" time="0.000" /><testcase classname="tests.test_package_explorer.TestPackageInfo" name="test_to_dict_all_keys" time="0.000" /><testcase classname="tests.test_package_explorer.TestPackageExplorerSearch" name="test_search_atomic_source" time="0.001" /><testcase classname="tests.test_package_explorer.TestPackageExplorerSearch" name="test_search_dnf_failure" time="0.000" /><testcase classname="tests.test_package_explorer.TestPackageExplorerSearch" name="test_search_dnf_success" time="0.001" /><testcase classname="tests.test_package_explorer.TestPackageExplorerSearch" name="test_search_no_flatpak" time="0.000" /><testcase classname="tests.test_package_explorer.TestPackageExplorerSearch" name="test_search_timeout" time="0.000" /><testcase classname="tests.test_package_explorer.TestPackageExplorerSearch" name="test_search_with_flatpak" time="0.001" /><testcase classname="tests.test_package_explorer.TestPackageExplorerInstall" name="test_install_auto_detect_atomic" time="0.000" /><testcase classname="tests.test_package_explorer.TestPackageExplorerInstall" name="test_install_auto_detect_dnf" time="0.000" /><testcase classname="tests.test_package_explorer.TestPackageExplorerInstall" name="test_install_auto_detect_flatpak" time="0.000" /><testcase classname="tests.test_package_explorer.TestPackageExplorerInstall" name="test_install_dnf_failure" time="0.001" /><testcase classname="tests.test_package_explorer.TestPackageExplorerInstall" name="test_install_dnf_success" time="0.001" /><testcase classname="tests.test_package_explorer.TestPackageExplorerInstall" name="test_install_flatpak" time="0.000" /><testcase classname="tests.test_package_explorer.TestPackageExplorerInstall" name="test_install_os_error" time="0.000" /><testcase classname="tests.test_package_explorer.TestPackageExplorerInstall" name="test_install_rpm_ostree" time="0.000" /><testcase classname="tests.test_package_explorer.TestPackageExplorerInstall" name="test_install_timeout" time="0.000" /><testcase classname="tests.test_package_explorer.TestPackageExplorerRemove" name="test_remove_dnf_success" time="0.001" /><testcase classname="tests.test_package_explorer.TestPackageExplorerRemove" name="test_remove_failure" time="0.000" /><testcase classname="tests.test_package_explorer.TestPackageExplorerRemove" name="test_remove_flatpak" time="0.000" /><testcase classname="tests.test_package_explorer.TestPackageExplorerListInstalled" name="test_list_flatpak_installed" time="0.001" /><testcase classname="tests.test_package_explorer.TestPackageExplorerListInstalled" name="test_list_installed_empty" time="0.001" /><testcase classname="tests.test_package_explorer.TestPackageExplorerListInstalled" name="test_list_installed_failure" time="0.001" /><testcase classname="tests.test_package_explorer.TestPackageExplorerListInstalled" name="test_list_installed_search_filter" time="0.000" /><testcase classname="tests.test_package_explorer.TestPackageExplorerListInstalled" name="test_list_rpm_installed" time="0.001" /><testcase classname="tests.test_package_explorer.TestPackageExplorerRecentlyInstalled" name="test_recently_installed_failure" time="0.001" /><testcase classname="tests.test_package_explorer.TestPackageExplorerRecentlyInstalled" name="test_recently_installed_success" time="0.003" /><testcase classname="tests.test_package_explorer.TestPackageExplorerRecentlyInstalled" name="test_recently_installed_timeout" time="0.001" /><testcase classname="tests.test_package_explorer.TestPackageExplorerInfo" name="test_get_info_not_found" time="0.001" /><testcase classname="tests.test_package_explorer.TestPackageExplorerInfo" name="test_get_info_success" time="0.001" /><testcase classname="tests.test_package_explorer.TestPackageExplorerInfo" name="test_get_info_timeout" time="0.000" /><testcase classname="tests.test_package_explorer.TestPackageExplorerHelpers" name="test_detect_source_installed_flatpak" time="0.001" /><testcase classname="tests.test_package_explorer.TestPackageExplorerHelpers" name="test_detect_source_installed_rpm" time="0.000" /><testcase classname="tests.test_package_explorer.TestPackageExplorerHelpers" name="test_is_flatpak_installed_false" time="0.000" /><testcase classname="tests.test_package_explorer.TestPackageExplorerHelpers" name="test_is_flatpak_installed_true" time="0.000" /><testcase classname="tests.test_package_explorer.TestPackageExplorerHelpers" name="test_is_rpm_installed_false" time="0.000" /><testcase classname="tests.test_package_explorer.TestPackageExplorerHelpers" name="test_is_rpm_installed_timeout" time="0.000" /><testcase classname="tests.test_package_explorer.TestPackageExplorerHelpers" name="test_is_rpm_installed_true" time="0.000" /><testcase classname="tests.test_package_explorer.TestPackageExplorerCounts" name="test_get_counts" time="0.001" /><testcase classname="tests.test_package_explorer.TestPackageExplorerCounts" name="test_get_counts_failure" time="0.000" /><testcase classname="tests.test_package_explorer.TestPackageResult" name="test_failure_result" time="0.000" /><testcase classname="tests.test_package_explorer.TestPackageResult" name="test_success_result" time="0.000" /><testcase classname="tests.test_package_manager.TestPackageResultDataclass" name="test_package_result_creation" time="0.000" /><testcase classname="tests.test_package_manager.TestPackageResultDataclass" name="test_package_result_defaults" time="0.000" /><testcase classname="tests.test_package_manager.TestInstallDNF" name="test_install_dnf_failure" time="0.001" /><testcase classname="tests.test_package_manager.TestInstallDNF" name="test_install_dnf_success" time="0.001" /><testcase classname="tests.test_package_manager.TestInstallDNF" name="test_install_empty_packages" time="0.001" /><testcase classname="tests.test_package_manager.TestInstallRpmOstree" name="test_install_rpm_ostree_apply_live_success" time="0.001" /><testcase classname="tests.test_package_manager.TestInstallRpmOstree" name="test_install_rpm_ostree_exception" time="0.001" /><testcase classname="tests.test_package_manager.TestInstallRpmOstree" name="test_install_rpm_ostree_fallback_to_reboot" time="0.001" /><testcase classname="tests.test_package_manager.TestInstallFlatpak" name="test_install_flatpak_partial_failure" time="0.001" /><testcase classname="tests.test_package_manager.TestInstallFlatpak" name="test_install_flatpak_success" time="0.001" /><testcase classname="tests.test_package_manager.TestRemove" name="test_remove_atomic_needs_reboot" time="0.001" /><testcase classname="tests.test_package_manager.TestRemove" name="test_remove_dnf_success" time="0.001" /><testcase classname="tests.test_package_manager.TestRemove" name="test_remove_empty_packages" time="0.001" /><testcase classname="tests.test_package_manager.TestUpdate" name="test_update_dnf_success" time="0.001" /><testcase classname="tests.test_package_manager.TestUpdate" name="test_update_failure" time="0.001" /><testcase classname="tests.test_package_manager.TestResetToBase" name="test_reset_atomic_success" time="0.001" /><testcase classname="tests.test_package_manager.TestResetToBase" name="test_reset_non_atomic_rejected" time="0.001" /><testcase classname="tests.test_package_manager.TestGetLayeredPackages" name="test_get_layered_packages_delegates" time="0.001" /><testcase classname="tests.test_package_service.TestPackageServiceFactory" name="test_factory_returns_dnf_service" time="0.000"><skipped type="pytest.skip" message="Qt/PyQt6 not available in headless environment">/home/loofi/Dokument/loofi fedora 43 v1/loofi-fedora-tweaks/tests/test_package_service.py:42: Qt/PyQt6 not available in headless environment</skipped></testcase><testcase classname="tests.test_package_service.TestPackageServiceFactory" name="test_factory_returns_rpm_ostree_service" time="0.000"><skipped type="pytest.skip" message="Qt/PyQt6 not available in headless environment">/home/loofi/Dokument/loofi fedora 43 v1/loofi-fedora-tweaks/tests/test_package_service.py:51: Qt/PyQt6 not available in headless environment</skipped></testcase><testcase classname="tests.test_package_service.TestDnfPackageService" name="test_info" time="0.000"><skipped type="pytest.skip" message="Qt/PyQt6 not available in headless environment">/home/loofi/Dokument/loofi fedora 43 v1/loofi-fedora-tweaks/tests/test_package_service.py:195: Qt/PyQt6 not available in headless environment</skipped></testcase><testcase classname="tests.test_package_service.TestDnfPackageService" name="test_install_empty_packages" time="0.000"><skipped type="pytest.skip" message="Qt/PyQt6 not available in headless environment">/home/loofi/Dokument/loofi fedora 43 v1/loofi-fedora-tweaks/tests/test_package_service.py:93: Qt/PyQt6 not available in headless environment</skipped></testcase><testcase classname="tests.test_package_service.TestDnfPackageService" name="test_install_multiple_packages" time="0.000"><skipped type="pytest.skip" message="Qt/PyQt6 not available in headless environment">/home/loofi/Dokument/loofi fedora 43 v1/loofi-fedora-tweaks/tests/test_package_service.py:101: Qt/PyQt6 not available in headless environment</skipped></testcase><testcase classname="tests.test_package_service.TestDnfPackageService" name="test_install_success" time="0.000"><skipped type="pytest.skip" message="Qt/PyQt6 not available in headless environment">/home/loofi/Dokument/loofi fedora 43 v1/loofi-fedora-tweaks/tests/test_package_service.py:65: Qt/PyQt6 not available in headless environment</skipped></testcase><testcase classname="tests.test_package_service.TestDnfPackageService" name="test_install_with_callback" time="0.000"><skipped type="pytest.skip" message="Qt/PyQt6 not available in headless environment">/home/loofi/Dokument/loofi fedora 43 v1/loofi-fedora-tweaks/tests/test_package_service.py:116: Qt/PyQt6 not available in headless environment</skipped></testcase><testcase classname="tests.test_package_service.TestDnfPackageService" name="test_is_installed_false" time="0.000"><skipped type="pytest.skip" message="Qt/PyQt6 not available in headless environment">/home/loofi/Dokument/loofi fedora 43 v1/loofi-fedora-tweaks/tests/test_package_service.py:238: Qt/PyQt6 not available in headless environment</skipped></testcase><testcase classname="tests.test_package_service.TestDnfPackageService" name="test_is_installed_true" time="0.000"><skipped type="pytest.skip" message="Qt/PyQt6 not available in headless environment">/home/loofi/Dokument/loofi fedora 43 v1/loofi-fedora-tweaks/tests/test_package_service.py:227: Qt/PyQt6 not available in headless environment</skipped></testcase><testcase classname="tests.test_package_service.TestDnfPackageService" name="test_list_installed" time="0.000"><skipped type="pytest.skip" message="Qt/PyQt6 not available in headless environment">/home/loofi/Dokument/loofi fedora 43 v1/loofi-fedora-tweaks/tests/test_package_service.py:211: Qt/PyQt6 not available in headless environment</skipped></testcase><testcase classname="tests.test_package_service.TestDnfPackageService" name="test_remove_success" time="0.000"><skipped type="pytest.skip" message="Qt/PyQt6 not available in headless environment">/home/loofi/Dokument/loofi fedora 43 v1/loofi-fedora-tweaks/tests/test_package_service.py:129: Qt/PyQt6 not available in headless environment</skipped></testcase><testcase classname="tests.test_package_service.TestDnfPackageService" name="test_search" time="0.000"><skipped type="pytest.skip" message="Qt/PyQt6 not available in headless environment">/home/loofi/Dokument/loofi fedora 43 v1/loofi-fedora-tweaks/tests/test_package_service.py:172: Qt/PyQt6 not available in headless environment</skipped></testcase><testcase classname="tests.test_package_service.TestDnfPackageService" name="test_update_all_packages" time="0.000"><skipped type="pytest.skip" message="Qt/PyQt6 not available in headless environment">/home/loofi/Dokument/loofi fedora 43 v1/loofi-fedora-tweaks/tests/test_package_service.py:145: Qt/PyQt6 not available in headless environment</skipped></testcase><testcase classname="tests.test_package_service.TestDnfPackageService" name="test_update_specific_packages" time="0.000"><skipped type="pytest.skip" message="Qt/PyQt6 not available in headless environment">/home/loofi/Dokument/loofi fedora 43 v1/loofi-fedora-tweaks/tests/test_package_service.py:158: Qt/PyQt6 not available in headless environment</skipped></testcase><testcase classname="tests.test_package_service.TestRpmOstreePackageService" name="test_install_fallback_without_apply_live" time="0.000"><skipped type="pytest.skip" message="Qt/PyQt6 not available in headless environment">/home/loofi/Dokument/loofi fedora 43 v1/loofi-fedora-tweaks/tests/test_package_service.py:268: Qt/PyQt6 not available in headless environment</skipped></testcase><testcase classname="tests.test_package_service.TestRpmOstreePackageService" name="test_install_with_apply_live" time="0.000"><skipped type="pytest.skip" message="Qt/PyQt6 not available in headless environment">/home/loofi/Dokument/loofi fedora 43 v1/loofi-fedora-tweaks/tests/test_package_service.py:254: Qt/PyQt6 not available in headless environment</skipped></testcase><testcase classname="tests.test_package_service.TestRpmOstreePackageService" name="test_is_installed_uses_rpm" time="0.000"><skipped type="pytest.skip" message="Qt/PyQt6 not available in headless environment">/home/loofi/Dokument/loofi fedora 43 v1/loofi-fedora-tweaks/tests/test_package_service.py:335: Qt/PyQt6 not available in headless environment</skipped></testcase><testcase classname="tests.test_package_service.TestRpmOstreePackageService" name="test_remove_sets_needs_reboot" time="0.000"><skipped type="pytest.skip" message="Qt/PyQt6 not available in headless environment">/home/loofi/Dokument/loofi fedora 43 v1/loofi-fedora-tweaks/tests/test_package_service.py:295: Qt/PyQt6 not available in headless environment</skipped></testcase><testcase classname="tests.test_package_service.TestRpmOstreePackageService" name="test_search_not_implemented" time="0.000"><skipped type="pytest.skip" message="Qt/PyQt6 not available in headless environment">/home/loofi/Dokument/loofi fedora 43 v1/loofi-fedora-tweaks/tests/test_package_service.py:327: Qt/PyQt6 not available in headless environment</skipped></testcase><testcase classname="tests.test_package_service.TestRpmOstreePackageService" name="test_update_sets_needs_reboot" time="0.000"><skipped type="pytest.skip" message="Qt/PyQt6 not available in headless environment">/home/loofi/Dokument/loofi fedora 43 v1/loofi-fedora-tweaks/tests/test_package_service.py:307: Qt/PyQt6 not available in headless environment</skipped></testcase><testcase classname="tests.test_package_service.TestRpmOstreePackageService" name="test_update_with_specific_packages_fails" time="0.000"><skipped type="pytest.skip" message="Qt/PyQt6 not available in headless environment">/home/loofi/Dokument/loofi fedora 43 v1/loofi-fedora-tweaks/tests/test_package_service.py:319: Qt/PyQt6 not available in headless environment</skipped></testcase><testcase classname="tests.test_packaging_scripts" name="test_build_flatpak_missing_dependency" time="0.003" /><testcase classname="tests.test_packaging_scripts" name="test_build_flatpak_success_with_stub_tools" time="0.011" /><testcase classname="tests.test_packaging_scripts" name="test_build_flatpak_missing_manifest" time="0.004" /><testcase classname="tests.test_packaging_scripts" name="test_build_flatpak_version_parse_failure" time="0.005" /><testcase classname="tests.test_packaging_scripts" name="test_build_appimage_missing_dependency" time="0.004" /><testcase classname="tests.test_packaging_scripts" name="test_build_appimage_success_with_stub_tools" time="0.032" /><testcase classname="tests.test_packaging_scripts" name="test_build_appimage_linuxdeploy_from_env_var" time="0.032" /><testcase classname="tests.test_packaging_scripts" name="test_build_appimage_missing_desktop_file" time="0.007" /><testcase classname="tests.test_packaging_scripts" name="test_build_sdist_missing_build_module" time="0.005" /><testcase classname="tests.test_packaging_scripts" name="test_build_sdist_success_with_stub_python" time="0.013" /><testcase classname="tests.test_performance_collector.TestBytesToHuman" name="test_bytes" time="0.001" /><testcase classname="tests.test_performance_collector.TestBytesToHuman" name="test_gigabytes" time="0.000" /><testcase classname="tests.test_performance_collector.TestBytesToHuman" name="test_kilobytes" time="0.000" /><testcase classname="tests.test_performance_collector.TestBytesToHuman" name="test_megabytes" time="0.000" /><testcase classname="tests.test_performance_collector.TestBytesToHuman" name="test_petabytes" time="0.000" /><testcase classname="tests.test_performance_collector.TestBytesToHuman" name="test_terabytes" time="0.000" /><testcase classname="tests.test_performance_collector.TestBytesToHuman" name="test_zero" time="0.000" /><testcase classname="tests.test_performance_collector.TestIsPartition" name="test_empty_string" time="0.000" /><testcase classname="tests.test_performance_collector.TestIsPartition" name="test_nvme_partition" time="0.000" /><testcase classname="tests.test_performance_collector.TestIsPartition" name="test_nvme_whole_disk_treated_as_partition" time="0.000" /><testcase classname="tests.test_performance_collector.TestIsPartition" name="test_sda1_partition" time="0.000" /><testcase classname="tests.test_performance_collector.TestIsPartition" name="test_sda_whole_disk" time="0.000" /><testcase classname="tests.test_performance_collector.TestIsPartition" name="test_vda1_partition" time="0.000" /><testcase classname="tests.test_performance_collector.TestIsPartition" name="test_vda_whole_disk" time="0.000" /><testcase classname="tests.test_performance_collector.TestReadProcStat" name="test_handles_missing_file" time="0.001" /><testcase classname="tests.test_performance_collector.TestReadProcStat" name="test_reads_cpu_lines" time="0.001" /><testcase classname="tests.test_performance_collector.TestCalcCpuPercent" name="test_minimal_four_fields" time="0.000" /><testcase classname="tests.test_performance_collector.TestCalcCpuPercent" name="test_no_delta" time="0.000" /><testcase classname="tests.test_performance_collector.TestCalcCpuPercent" name="test_normal_usage" time="0.000" /><testcase classname="tests.test_performance_collector.TestCalcCpuPercent" name="test_short_lists" time="0.000" /><testcase classname="tests.test_performance_collector.TestReadProcMeminfo" name="test_handles_error" time="0.000" /><testcase classname="tests.test_performance_collector.TestReadProcMeminfo" name="test_reads_fields" time="0.001" /><testcase classname="tests.test_performance_collector.TestReadProcNetDev" name="test_handles_missing" time="0.000" /><testcase classname="tests.test_performance_collector.TestReadProcNetDev" name="test_sums_non_loopback" time="0.001" /><testcase classname="tests.test_performance_collector.TestReadProcDiskstats" name="test_handles_error" time="0.001" /><testcase classname="tests.test_performance_collector.TestReadProcDiskstats" name="test_sums_whole_disks_only" time="0.001" /><testcase classname="tests.test_performance_collector.TestCollectCpu" name="test_empty_proc_stat" time="0.001" /><testcase classname="tests.test_performance_collector.TestCollectCpu" name="test_exception_returns_none" time="0.001" /><testcase classname="tests.test_performance_collector.TestCollectCpu" name="test_first_call_baseline" time="0.000" /><testcase classname="tests.test_performance_collector.TestCollectCpu" name="test_second_call_with_delta" time="0.000" /><testcase classname="tests.test_performance_collector.TestCollectMemory" name="test_history_appended" time="0.000" /><testcase classname="tests.test_performance_collector.TestCollectMemory" name="test_missing_total_returns_none" time="0.000" /><testcase classname="tests.test_performance_collector.TestCollectMemory" name="test_normal_collection" time="0.000" /><testcase classname="tests.test_performance_collector.TestCollectMemory" name="test_zero_total_returns_none" time="0.000" /><testcase classname="tests.test_performance_collector.TestCollectNetwork" name="test_exception_returns_none" time="0.000" /><testcase classname="tests.test_performance_collector.TestCollectNetwork" name="test_first_call_baseline" time="0.000" /><testcase classname="tests.test_performance_collector.TestCollectNetwork" name="test_second_call_with_rates" time="0.000" /><testcase classname="tests.test_performance_collector.TestCollectDiskIO" name="test_exception_returns_none" time="0.000" /><testcase classname="tests.test_performance_collector.TestCollectDiskIO" name="test_first_call_baseline" time="0.000" /><testcase classname="tests.test_performance_collector.TestCollectDiskIO" name="test_second_call_with_rates" time="0.001" /><testcase classname="tests.test_performance_collector.TestCollectAll" name="test_collect_all_returns_dict" time="0.001" /><testcase classname="tests.test_performance_collector.TestHistoryAccessors" name="test_empty_histories" time="0.000" /><testcase classname="tests.test_performance_collector.TestHistoryAccessors" name="test_ring_buffer_max_samples" time="0.000" /><testcase classname="tests.test_plugin_analytics.TestPluginAnalytics" name="test_consent_toggle_persists_and_creates_anonymous_id" time="0.001" /><testcase classname="tests.test_plugin_analytics.TestPluginAnalytics" name="test_default_off_policy_suppresses_events" time="0.001" /><testcase classname="tests.test_plugin_analytics.TestPluginAnalytics" name="test_flush_returns_false_when_disabled" time="0.001" /><testcase classname="tests.test_plugin_analytics.TestPluginAnalytics" name="test_send_retry_logic_requeues_on_failure_then_succeeds" time="0.001" /><testcase classname="tests.test_plugin_base_deep.TestPluginInfo" name="test_custom_icon" time="0.000" /><testcase classname="tests.test_plugin_base_deep.TestPluginInfo" name="test_defaults" time="0.000" /><testcase classname="tests.test_plugin_base_deep.TestPluginManifest" name="test_custom" time="0.000" /><testcase classname="tests.test_plugin_base_deep.TestPluginManifest" name="test_defaults" time="0.000" /><testcase classname="tests.test_plugin_base_deep.TestPluginLoaderInit" name="test_init_creates_dirs" time="0.001" /><testcase classname="tests.test_plugin_base_deep.TestPluginLoaderState" name="test_is_enabled_default" time="0.001" /><testcase classname="tests.test_plugin_base_deep.TestPluginLoaderState" name="test_is_version_compatible_newer" time="0.000" /><testcase classname="tests.test_plugin_base_deep.TestPluginLoaderState" name="test_is_version_compatible_none" time="0.000" /><testcase classname="tests.test_plugin_base_deep.TestPluginLoaderState" name="test_is_version_incompatible" time="0.000" /><testcase classname="tests.test_plugin_base_deep.TestPluginLoaderState" name="test_load_state_corrupt" time="0.001" /><testcase classname="tests.test_plugin_base_deep.TestPluginLoaderState" name="test_load_state_default" time="0.001" /><testcase classname="tests.test_plugin_base_deep.TestPluginLoaderState" name="test_parse_version" time="0.000" /><testcase classname="tests.test_plugin_base_deep.TestPluginLoaderState" name="test_save_and_load_state" time="0.001" /><testcase classname="tests.test_plugin_base_deep.TestPluginLoaderState" name="test_set_enabled" time="0.001" /><testcase classname="tests.test_plugin_base_deep.TestPluginLoaderState" name="test_set_enabled_true" time="0.001" /><testcase classname="tests.test_plugin_base_deep.TestPluginLoaderManifest" name="test_load_manifest_incompatible_version" time="0.001" /><testcase classname="tests.test_plugin_base_deep.TestPluginLoaderManifest" name="test_load_manifest_invalid_json" time="0.001" /><testcase classname="tests.test_plugin_base_deep.TestPluginLoaderManifest" name="test_load_manifest_no_file" time="0.001" /><testcase classname="tests.test_plugin_base_deep.TestPluginLoaderManifest" name="test_load_manifest_valid" time="0.001" /><testcase classname="tests.test_plugin_base_deep.TestPluginLoaderDiscover" name="test_discover_init_py" time="0.001" /><testcase classname="tests.test_plugin_base_deep.TestPluginLoaderDiscover" name="test_discover_plugin_py" time="0.001" /><testcase classname="tests.test_plugin_base_deep.TestPluginLoaderDiscover" name="test_no_plugins" time="0.001" /><testcase classname="tests.test_plugin_base_deep.TestPluginLoaderDiscover" name="test_skip_no_entry" time="0.001" /><testcase classname="tests.test_plugin_base_deep.TestPluginLoaderDiscover" name="test_skip_underscore" time="0.001" /><testcase classname="tests.test_plugin_base_deep.TestPluginLoaderLoadPlugin" name="test_disabled_plugin" time="0.001" /><testcase classname="tests.test_plugin_base_deep.TestPluginLoaderLoadPlugin" name="test_no_entry_file" time="0.001" /><testcase classname="tests.test_plugin_base_deep.TestPluginLoaderLoadPlugin" name="test_nonexistent" time="0.001" /><testcase classname="tests.test_plugin_base_deep.TestPluginLoaderUnload" name="test_unload_error" time="0.001" /><testcase classname="tests.test_plugin_base_deep.TestPluginLoaderUnload" name="test_unload_loaded" time="0.001" /><testcase classname="tests.test_plugin_base_deep.TestPluginLoaderUnload" name="test_unload_not_loaded" time="0.001" /><testcase classname="tests.test_plugin_base_deep.TestCheckPermissions" name="test_invalid_permissions" time="0.001" /><testcase classname="tests.test_plugin_base_deep.TestCheckPermissions" name="test_no_manifest" time="0.001" /><testcase classname="tests.test_plugin_base_deep.TestCheckPermissions" name="test_valid_permissions" time="0.001" /><testcase classname="tests.test_plugin_base_deep.TestCheckForUpdates" name="test_network_error" time="0.001" /><testcase classname="tests.test_plugin_base_deep.TestCheckForUpdates" name="test_no_update_url" time="0.001" /><testcase classname="tests.test_plugin_base_deep.TestCheckForUpdates" name="test_update_available" time="0.001" /><testcase classname="tests.test_plugin_base_deep.TestGetAllCliCommands" name="test_merges" time="0.001" /><testcase classname="tests.test_plugin_base_deep.TestListPlugins" name="test_returns_list" time="0.001" /><testcase classname="tests.test_plugin_cdn_client.TestCdnFetchConfig" name="test_custom_values" time="0.000" /><testcase classname="tests.test_plugin_cdn_client.TestCdnFetchConfig" name="test_defaults" time="0.000" /><testcase classname="tests.test_plugin_cdn_client.TestCdnFetchConfig" name="test_frozen" time="0.000" /><testcase classname="tests.test_plugin_cdn_client.TestPluginCdnClientInit" name="test_custom_config" time="0.000" /><testcase classname="tests.test_plugin_cdn_client.TestPluginCdnClientInit" name="test_default_config" time="0.000" /><testcase classname="tests.test_plugin_cdn_client.TestCandidateUrls" name="test_branch_specific_url_first" time="0.000" /><testcase classname="tests.test_plugin_cdn_client.TestCandidateUrls" name="test_fallback_url_without_branch" time="0.000" /><testcase classname="tests.test_plugin_cdn_client.TestCandidateUrls" name="test_generates_two_urls" time="0.000" /><testcase classname="tests.test_plugin_cdn_client.TestCandidateUrls" name="test_trailing_slash_stripped" time="0.000" /><testcase classname="tests.test_plugin_cdn_client.TestIsValidSignedIndex" name="test_algorithm_not_string_rejected" time="0.000" /><testcase classname="tests.test_plugin_cdn_client.TestIsValidSignedIndex" name="test_key_id_not_string_rejected" time="0.000" /><testcase classname="tests.test_plugin_cdn_client.TestIsValidSignedIndex" name="test_missing_algorithm_rejected" time="0.000" /><testcase classname="tests.test_plugin_cdn_client.TestIsValidSignedIndex" name="test_missing_key_id_rejected" time="0.000" /><testcase classname="tests.test_plugin_cdn_client.TestIsValidSignedIndex" name="test_missing_plugins_list_rejected" time="0.000" /><testcase classname="tests.test_plugin_cdn_client.TestIsValidSignedIndex" name="test_missing_signature_value_rejected" time="0.000" /><testcase classname="tests.test_plugin_cdn_client.TestIsValidSignedIndex" name="test_plugins_not_a_list_rejected" time="0.000" /><testcase classname="tests.test_plugin_cdn_client.TestIsValidSignedIndex" name="test_signature_not_dict_rejected" time="0.000" /><testcase classname="tests.test_plugin_cdn_client.TestIsValidSignedIndex" name="test_signature_value_not_string_rejected" time="0.000" /><testcase classname="tests.test_plugin_cdn_client.TestIsValidSignedIndex" name="test_unsigned_index_accepted" time="0.000" /><testcase classname="tests.test_plugin_cdn_client.TestIsValidSignedIndex" name="test_valid_signed_index" time="0.000" /><testcase classname="tests.test_plugin_cdn_client.TestFetchIndex" name="test_falls_back_to_second_url" time="0.000" /><testcase classname="tests.test_plugin_cdn_client.TestFetchIndex" name="test_fetches_from_first_valid_url" time="0.000" /><testcase classname="tests.test_plugin_cdn_client.TestFetchIndex" name="test_force_refresh_bypasses_cache" time="0.000" /><testcase classname="tests.test_plugin_cdn_client.TestFetchIndex" name="test_returns_cached_on_second_call" time="0.000" /><testcase classname="tests.test_plugin_cdn_client.TestFetchIndex" name="test_returns_cached_when_all_urls_fail" time="0.000" /><testcase classname="tests.test_plugin_cdn_client.TestFetchIndex" name="test_returns_none_when_no_cache_and_all_fail" time="0.000" /><testcase classname="tests.test_plugin_cdn_client.TestFetchIndex" name="test_skips_invalid_index" time="0.000" /><testcase classname="tests.test_plugin_cdn_client.TestFetchIndex" name="test_unsigned_index_accepted_and_cached" time="0.000" /><testcase classname="tests.test_plugin_external_loader.TestPluginScannerInitialization" name="test_scanner_uses_default_plugins_dir" time="0.000" /><testcase classname="tests.test_plugin_external_loader.TestPluginScannerInitialization" name="test_scanner_accepts_custom_plugins_dir" time="0.000" /><testcase classname="tests.test_plugin_external_loader.TestPluginScannerInitialization" name="test_scanner_creates_plugins_dir_if_missing" time="0.000" /><testcase classname="tests.test_plugin_external_loader.TestPluginScannerInitialization" name="test_scanner_sets_state_file_path" time="0.000" /><testcase classname="tests.test_plugin_external_loader.TestPluginScannerScan" name="test_scan_returns_empty_list_if_no_plugins" time="0.000" /><testcase classname="tests.test_plugin_external_loader.TestPluginScannerScan" name="test_scan_discovers_single_valid_plugin" time="0.001" /><testcase classname="tests.test_plugin_external_loader.TestPluginScannerScan" name="test_scan_discovers_multiple_plugins" time="0.001" /><testcase classname="tests.test_plugin_external_loader.TestPluginScannerScan" name="test_scan_skips_files_in_plugins_dir" time="0.001" /><testcase classname="tests.test_plugin_external_loader.TestPluginScannerScan" name="test_scan_skips_plugins_without_manifest" time="0.001" /><testcase classname="tests.test_plugin_external_loader.TestPluginScannerScan" name="test_scan_returns_path_and_manifest_tuples" time="0.000" /><testcase classname="tests.test_plugin_external_loader.TestPluginScannerValidation" name="test_scan_validates_required_manifest_fields" time="0.001" /><testcase classname="tests.test_plugin_external_loader.TestPluginScannerValidation" name="test_scan_accepts_complete_manifest" time="0.001" /><testcase classname="tests.test_plugin_external_loader.TestPluginScannerValidation" name="test_scan_handles_malformed_json" time="0.001" /><testcase classname="tests.test_plugin_external_loader.TestPluginScannerStateManagement" name="test_scan_respects_disabled_plugins_in_state" time="0.001" /><testcase classname="tests.test_plugin_external_loader.TestPluginScannerStateManagement" name="test_scan_assumes_enabled_if_not_in_state" time="0.000" /><testcase classname="tests.test_plugin_external_loader.TestPluginScannerStateManagement" name="test_scan_handles_missing_state_file" time="0.000" /><testcase classname="tests.test_plugin_external_loader.TestPluginScannerEdgeCases" name="test_scan_handles_nonexistent_plugins_dir" time="0.000" /><testcase classname="tests.test_plugin_external_loader.TestPluginScannerEdgeCases" name="test_scan_handles_permission_errors" time="0.001" /><testcase classname="tests.test_plugin_external_loader.TestPluginScannerEdgeCases" name="test_scan_handles_unicode_plugin_names" time="0.000" /><testcase classname="tests.test_plugin_external_loader.TestPluginScannerIntegration" name="test_full_scan_workflow_with_mixed_plugins" time="0.001" /><testcase classname="tests.test_plugin_external_loader.TestPluginScannerIntegration" name="test_scanner_reusability" time="0.001" /><testcase classname="tests.test_plugin_hot_reload.TestPluginHotReload" name="test_reload_external_plugin_success" time="0.002"><failure message="assert False is True&#10; +  where False = HotReloadResult(plugin_id='demo', reloaded=False, message=&quot;Hot reload failed: '_StubPluginMetadata' object has no attribute 'compat'&quot;, rolled_back=True).reloaded">tests/test_plugin_hot_reload.py:84: in test_reload_external_plugin_success
    assert result.reloaded is True
E   assert False is True
E    +  where False = HotReloadResult(plugin_id='demo', reloaded=False, message="Hot reload failed: '_StubPluginMetadata' object has no attribute 'compat'", rolled_back=True).reloaded</failure></testcase><testcase classname="tests.test_plugin_hot_reload.TestPluginHotReload" name="test_reload_external_plugin_failure_restores_previous_plugin" time="0.001" /><testcase classname="tests.test_plugin_hot_reload.TestPluginHotReload" name="test_reload_external_plugin_failure_with_restore_failure" time="0.000" /><testcase classname="tests.test_plugin_hot_reload.TestPluginHotReload" name="test_request_reload_no_changes_detected" time="0.001" /><testcase classname="tests.test_plugin_hot_reload.TestPluginHotReload" name="test_request_reload_with_changed_files_forces_reload" time="0.001" /><testcase classname="tests.test_plugin_hot_reload.TestPluginHotReload" name="test_request_reload_requires_plugin_id" time="0.000" /><testcase classname="tests.test_plugin_installer.TestPluginInstallerInitialization" name="test_installer_uses_default_plugins_dir" time="0.000" /><testcase classname="tests.test_plugin_installer.TestPluginInstallerInitialization" name="test_installer_accepts_custom_plugins_dir" time="0.000" /><testcase classname="tests.test_plugin_installer.TestPluginInstallerInitialization" name="test_installer_creates_plugins_dir" time="0.000" /><testcase classname="tests.test_plugin_installer.TestPluginInstallerInitialization" name="test_installer_creates_backups_dir" time="0.000" /><testcase classname="tests.test_plugin_installer.TestPluginInstallerInitialization" name="test_installer_sets_state_file_path" time="0.000" /><testcase classname="tests.test_plugin_installer.TestPluginInstallerExtractArchive" name="test_extract_valid_archive" time="0.005" /><testcase classname="tests.test_plugin_installer.TestPluginInstallerExtractArchive" name="test_extract_creates_destination_dir" time="0.002" /><testcase classname="tests.test_plugin_installer.TestPluginInstallerExtractArchive" name="test_extract_rejects_path_traversal" time="0.001" /><testcase classname="tests.test_plugin_installer.TestPluginInstallerExtractArchive" name="test_extract_handles_corrupted_archive" time="0.001" /><testcase classname="tests.test_plugin_installer.TestPluginInstallerValidateManifest" name="test_validate_complete_manifest" time="0.001" /><testcase classname="tests.test_plugin_installer.TestPluginInstallerValidateManifest" name="test_validate_rejects_missing_manifest" time="0.000" /><testcase classname="tests.test_plugin_installer.TestPluginInstallerValidateManifest" name="test_validate_rejects_incomplete_manifest" time="0.001" /><testcase classname="tests.test_plugin_installer.TestPluginInstallerValidateManifest" name="test_validate_handles_malformed_json" time="0.001" /><testcase classname="tests.test_plugin_installer.TestPluginInstallerStateManagement" name="test_load_state_returns_empty_dict_if_missing" time="0.000" /><testcase classname="tests.test_plugin_installer.TestPluginInstallerStateManagement" name="test_load_state_parses_valid_json" time="0.000" /><testcase classname="tests.test_plugin_installer.TestPluginInstallerStateManagement" name="test_save_state_writes_json" time="0.000" /><testcase classname="tests.test_plugin_installer.TestPluginInstallerInstall" name="test_install_downloads_and_extracts_plugin" time="0.003" /><testcase classname="tests.test_plugin_installer.TestPluginInstallerInstall" name="test_install_returns_error_on_verification_failure" time="0.001" /><testcase classname="tests.test_plugin_installer.TestPluginInstallerUninstall" name="test_uninstall_removes_plugin_directory" time="0.001" /><testcase classname="tests.test_plugin_installer.TestPluginInstallerUninstall" name="test_uninstall_creates_backup_before_removal" time="0.001" /><testcase classname="tests.test_plugin_installer.TestPluginInstallerUninstall" name="test_uninstall_returns_error_for_nonexistent_plugin" time="0.000" /><testcase classname="tests.test_plugin_installer.TestPluginInstallerListInstalled" name="test_list_installed_returns_empty_list_when_none" time="0.000" /><testcase classname="tests.test_plugin_installer.TestPluginInstallerListInstalled" name="test_list_installed_finds_all_plugins" time="0.001" /><testcase classname="tests.test_plugin_installer.TestPluginInstallerIntegration" name="test_full_install_lifecycle" time="0.004" /><testcase classname="tests.test_plugin_installer_deep.TestInstallerResult" name="test_defaults" time="0.000" /><testcase classname="tests.test_plugin_installer_deep.TestLoadSaveState" name="test_load_corrupt_json" time="0.001" /><testcase classname="tests.test_plugin_installer_deep.TestLoadSaveState" name="test_load_empty" time="0.001" /><testcase classname="tests.test_plugin_installer_deep.TestLoadSaveState" name="test_save_and_load" time="0.001" /><testcase classname="tests.test_plugin_installer_deep.TestExtractArchive" name="test_extract_invalid" time="0.001" /><testcase classname="tests.test_plugin_installer_deep.TestExtractArchive" name="test_extract_valid" time="0.002" /><testcase classname="tests.test_plugin_installer_deep.TestValidateManifest" name="test_invalid_json" time="0.001" /><testcase classname="tests.test_plugin_installer_deep.TestValidateManifest" name="test_missing_entrypoint" time="0.001" /><testcase classname="tests.test_plugin_installer_deep.TestValidateManifest" name="test_missing_manifest" time="0.001" /><testcase classname="tests.test_plugin_installer_deep.TestValidateManifest" name="test_missing_required_fields" time="0.001" /><testcase classname="tests.test_plugin_installer_deep.TestValidateManifest" name="test_valid_manifest" time="0.001" /><testcase classname="tests.test_plugin_installer_deep.TestUninstall" name="test_uninstall_not_installed" time="0.001" /><testcase classname="tests.test_plugin_installer_deep.TestUninstall" name="test_uninstall_success" time="0.001" /><testcase classname="tests.test_plugin_installer_deep.TestUninstall" name="test_uninstall_with_backup" time="0.001" /><testcase classname="tests.test_plugin_installer_deep.TestRollback" name="test_no_backup" time="0.001" /><testcase classname="tests.test_plugin_installer_deep.TestRollback" name="test_rollback_success" time="0.001" /><testcase classname="tests.test_plugin_installer_deep.TestCheckUpdate" name="test_no_update" time="0.001" /><testcase classname="tests.test_plugin_installer_deep.TestCheckUpdate" name="test_not_in_marketplace" time="0.001" /><testcase classname="tests.test_plugin_installer_deep.TestCheckUpdate" name="test_not_installed" time="0.001" /><testcase classname="tests.test_plugin_installer_deep.TestCheckUpdate" name="test_update_available" time="0.001" /><testcase classname="tests.test_plugin_installer_deep.TestListInstalled" name="test_empty" time="0.001" /><testcase classname="tests.test_plugin_installer_deep.TestListInstalled" name="test_with_plugins" time="0.001" /><testcase classname="tests.test_plugin_installer_deep.TestInstallAlreadyInstalled" name="test_already_installed" time="0.001" /><testcase classname="tests.test_plugin_installer_deep.TestInstallAlreadyInstalled" name="test_not_in_marketplace" time="0.001" /><testcase classname="tests.test_plugin_installer_deep.TestUpdateNotInstalled" name="test_not_installed" time="0.001" /><testcase classname="tests.test_plugin_integrity.TestVerificationResult" name="test_verification_result_success_structure" time="0.000" /><testcase classname="tests.test_plugin_integrity.TestVerificationResult" name="test_verification_result_with_error" time="0.000" /><testcase classname="tests.test_plugin_integrity.TestVerificationResult" name="test_verification_result_with_checksum" time="0.000" /><testcase classname="tests.test_plugin_integrity.TestVerificationResult" name="test_verification_result_with_signature_status" time="0.000" /><testcase classname="tests.test_plugin_integrity.TestIntegrityVerifierChecksum" name="test_verify_checksum_valid_file" time="0.000" /><testcase classname="tests.test_plugin_integrity.TestIntegrityVerifierChecksum" name="test_verify_checksum_mismatch" time="0.000" /><testcase classname="tests.test_plugin_integrity.TestIntegrityVerifierChecksum" name="test_verify_checksum_nonexistent_file" time="0.000" /><testcase classname="tests.test_plugin_integrity.TestIntegrityVerifierChecksum" name="test_verify_checksum_case_insensitive" time="0.000" /><testcase classname="tests.test_plugin_integrity.TestIntegrityVerifierChecksum" name="test_verify_checksum_large_file" time="0.003" /><testcase classname="tests.test_plugin_integrity.TestIntegrityVerifierChecksum" name="test_verify_checksum_empty_file" time="0.000" /><testcase classname="tests.test_plugin_integrity.TestIntegrityVerifierChecksum" name="test_verify_checksum_permission_error" time="0.001" /><testcase classname="tests.test_plugin_integrity.TestIntegrityVerifierSignature" name="test_verify_signature_valid" time="0.001" /><testcase classname="tests.test_plugin_integrity.TestIntegrityVerifierSignature" name="test_verify_signature_invalid" time="0.001" /><testcase classname="tests.test_plugin_integrity.TestIntegrityVerifierSignature" name="test_verify_signature_missing_archive" time="0.000" /><testcase classname="tests.test_plugin_integrity.TestIntegrityVerifierSignature" name="test_verify_signature_missing_signature_file" time="0.000" /><testcase classname="tests.test_plugin_integrity.TestIntegrityVerifierSignature" name="test_verify_signature_gpg_not_available" time="0.001" /><testcase classname="tests.test_plugin_integrity.TestIntegrityVerifierSignature" name="test_verify_signature_timeout" time="0.001" /><testcase classname="tests.test_plugin_integrity.TestIntegrityVerifierSignature" name="test_verify_signature_uses_gpg2_fallback" time="0.001" /><testcase classname="tests.test_plugin_integrity.TestIntegrityVerifierIntegration" name="test_checksum_and_signature_workflow" time="0.005" /><testcase classname="tests.test_plugin_integrity.TestIntegrityVerifierIntegration" name="test_multiple_checksum_verifications" time="0.001" /><testcase classname="tests.test_plugin_integrity.TestIntegrityVerifierIntegration" name="test_verification_error_messages_are_descriptive" time="0.000" /><testcase classname="tests.test_plugin_integrity.TestIntegrityVerifierEdgeCases" name="test_verify_checksum_with_unicode_path" time="0.000" /><testcase classname="tests.test_plugin_integrity.TestIntegrityVerifierEdgeCases" name="test_verify_checksum_with_spaces_in_path" time="0.000" /><testcase classname="tests.test_plugin_integrity.TestIntegrityVerifierEdgeCases" name="test_verify_checksum_returns_actual_hash_on_mismatch" time="0.000" /><testcase classname="tests.test_plugin_integrity.TestIntegrityVerifierPublisherMetadata" name="test_verify_publisher_metadata_valid_signature_and_chain" time="0.000" /><testcase classname="tests.test_plugin_integrity.TestIntegrityVerifierPublisherMetadata" name="test_verify_publisher_metadata_invalid_signature" time="0.000" /><testcase classname="tests.test_plugin_integrity.TestIntegrityVerifierPublisherMetadata" name="test_verify_publisher_metadata_missing_trust_chain" time="0.000" /><testcase classname="tests.test_plugin_integrity.TestIntegrityVerifierPublisherMetadata" name="test_verify_publisher_metadata_unsigned_publisher_path" time="0.000" /><testcase classname="tests.test_plugin_loader.TestPluginLoaderImportPlugin" name="test_import_plugin_returns_interface_instance" time="0.001" /><testcase classname="tests.test_plugin_loader.TestPluginLoaderImportPlugin" name="test_import_plugin_raises_type_error_for_non_subclass" time="0.001" /><testcase classname="tests.test_plugin_loader.TestPluginLoaderImportPlugin" name="test_import_plugin_raises_on_missing_attribute" time="0.001" /><testcase classname="tests.test_plugin_loader.TestPluginLoaderLoadBuiltins" name="test_successful_load_returns_plugin_id" time="0.001" /><testcase classname="tests.test_plugin_loader.TestPluginLoaderLoadBuiltins" name="test_failed_import_logs_warning_not_raises" time="0.001" /><testcase classname="tests.test_plugin_loader.TestPluginLoaderLoadBuiltins" name="test_failed_load_does_not_stop_subsequent_plugins" time="0.001" /><testcase classname="tests.test_plugin_loader.TestPluginLoaderLoadBuiltins" name="test_load_builtins_injects_context" time="0.001" /><testcase classname="tests.test_plugin_loader.TestPluginLoaderLoadBuiltins" name="test_load_builtins_returns_empty_when_all_fail" time="0.001" /><testcase classname="tests.test_plugin_loader.TestPluginLoaderLoadExternal" name="test_load_external_returns_empty_when_no_plugins" time="0.001" /><testcase classname="tests.test_plugin_loader.TestPluginLoaderLoadExternal" name="test_load_external_uses_custom_directory" time="0.001" /><testcase classname="tests.test_plugin_loader.TestPluginLoaderDefaultDependencies" name="test_default_registry_is_singleton" time="0.000" /><testcase classname="tests.test_plugin_loader.TestPluginLoaderDefaultDependencies" name="test_custom_non_empty_registry_is_used" time="0.000" /><testcase classname="tests.test_plugin_loader.TestPluginLoaderDefaultDependencies" name="test_none_registry_falls_back_to_singleton" time="0.000" /><testcase classname="tests.test_plugin_loader.TestPluginLoaderRollback" name="test_restore_previous_plugin_returns_false_on_register_error" time="0.002" /><testcase classname="tests.test_plugin_loader_deep.TestPluginLoaderInit" name="test_default_init" time="0.000" /><testcase classname="tests.test_plugin_loader_deep.TestLoadBuiltins" name="test_handles_import_error" time="0.002" /><testcase classname="tests.test_plugin_loader_deep.TestLoadBuiltins" name="test_loads_plugins" time="0.002" /><testcase classname="tests.test_plugin_loader_deep.TestImportPlugin" name="test_valid_plugin" time="0.001" /><testcase classname="tests.test_plugin_loader_deep.TestFindPluginClass" name="test_finds_class" time="0.001" /><testcase classname="tests.test_plugin_loader_deep.TestFindPluginClass" name="test_no_class_found" time="0.000" /><testcase classname="tests.test_plugin_loader_deep.TestHotReloadRequest" name="test_dataclass" time="0.000" /><testcase classname="tests.test_plugin_loader_deep.TestHotReloadRequest" name="test_defaults" time="0.000" /><testcase classname="tests.test_plugin_loader_deep.TestHotReloadResult" name="test_dataclass" time="0.000" /><testcase classname="tests.test_plugin_loader_deep.TestRequestReload" name="test_empty_plugin_id" time="0.000" /><testcase classname="tests.test_plugin_loader_deep.TestRequestReload" name="test_manifest_validation_fails" time="0.001" /><testcase classname="tests.test_plugin_loader_deep.TestRequestReload" name="test_no_changes_detected" time="0.001" /><testcase classname="tests.test_plugin_loader_deep.TestRequestReload" name="test_not_in_registry" time="0.000" /><testcase classname="tests.test_plugin_loader_deep.TestRequestReload" name="test_unknown_plugin" time="0.000" /><testcase classname="tests.test_plugin_loader_deep.TestRestorePreviousPlugin" name="test_restore_already_registered" time="0.000" /><testcase classname="tests.test_plugin_loader_deep.TestRestorePreviousPlugin" name="test_restore_failure" time="0.001" /><testcase classname="tests.test_plugin_loader_deep.TestRestorePreviousPlugin" name="test_restore_success" time="0.001" /><testcase classname="tests.test_plugin_loader_deep.TestLoadExternalPlugin" name="test_missing_entry_file" time="0.002" /><testcase classname="tests.test_plugin_loader_deep.TestLoadExternal" name="test_no_plugins_found" time="0.001" /><testcase classname="tests.test_plugin_marketplace.TestPluginMarketplaceInitialization" name="test_marketplace_uses_default_repo" time="0.000" /><testcase classname="tests.test_plugin_marketplace.TestPluginMarketplaceInitialization" name="test_marketplace_accepts_custom_repo" time="0.000" /><testcase classname="tests.test_plugin_marketplace.TestPluginMarketplaceInitialization" name="test_marketplace_sets_base_url" time="0.000" /><testcase classname="tests.test_plugin_marketplace.TestPluginMarketplaceInitialization" name="test_marketplace_initializes_empty_cache" time="0.000" /><testcase classname="tests.test_plugin_marketplace.TestPluginMarketplaceFetchJson" name="test_fetch_json_returns_parsed_dict" time="0.001" /><testcase classname="tests.test_plugin_marketplace.TestPluginMarketplaceFetchJson" name="test_fetch_json_handles_http_error" time="0.000" /><testcase classname="tests.test_plugin_marketplace.TestPluginMarketplaceFetchJson" name="test_fetch_json_handles_url_error" time="0.000" /><testcase classname="tests.test_plugin_marketplace.TestPluginMarketplaceFetchJson" name="test_fetch_json_handles_malformed_json" time="0.001" /><testcase classname="tests.test_plugin_marketplace.TestPluginMarketplaceFetchJson" name="test_fetch_json_sets_user_agent" time="0.001" /><testcase classname="tests.test_plugin_marketplace.TestPluginMarketplaceParseEntry" name="test_parse_valid_entry" time="0.000" /><testcase classname="tests.test_plugin_marketplace.TestPluginMarketplaceParseEntry" name="test_parse_rejects_missing_required_field" time="0.000" /><testcase classname="tests.test_plugin_marketplace.TestPluginMarketplaceParseEntry" name="test_parse_uses_default_icon" time="0.000" /><testcase classname="tests.test_plugin_marketplace.TestPluginMarketplaceParseEntry" name="test_parse_handles_optional_fields" time="0.000" /><testcase classname="tests.test_plugin_marketplace.TestPluginMarketplaceParseEntry" name="test_parse_defaults_featured_to_false" time="0.000" /><testcase classname="tests.test_plugin_marketplace.TestPluginMarketplaceParseEntry" name="test_parse_defaults_empty_arrays" time="0.000" /><testcase classname="tests.test_plugin_marketplace.TestPluginMarketplaceParseEntry" name="test_parse_supports_nested_rating_and_verification_fields" time="0.000" /><testcase classname="tests.test_plugin_marketplace.TestPluginMarketplaceParseEntry" name="test_parse_keeps_legacy_flat_rating_and_verification_fields" time="0.000" /><testcase classname="tests.test_plugin_marketplace.TestPluginMarketplaceFetchIndex" name="test_fetch_index_returns_success_with_plugins" time="0.001" /><testcase classname="tests.test_plugin_marketplace.TestPluginMarketplaceFetchIndex" name="test_fetch_index_caches_results" time="0.000" /><testcase classname="tests.test_plugin_marketplace.TestPluginMarketplaceFetchIndex" name="test_fetch_index_force_refresh_bypasses_cache" time="0.000" /><testcase classname="tests.test_plugin_marketplace.TestPluginMarketplaceFetchIndex" name="test_fetch_index_returns_error_on_fetch_failure" time="0.000" /><testcase classname="tests.test_plugin_marketplace.TestPluginMarketplaceFetchIndex" name="test_fetch_index_skips_invalid_entries" time="0.000" /><testcase classname="tests.test_plugin_marketplace.TestPluginMarketplaceFetchIndex" name="test_fetch_index_prefers_cdn_before_fallback" time="0.000" /><testcase classname="tests.test_plugin_marketplace.TestPluginMarketplaceFetchIndex" name="test_fetch_index_offline_cache_hit_sets_source_cache" time="0.001" /><testcase classname="tests.test_plugin_marketplace.TestPluginMarketplaceFetchIndex" name="test_fetch_index_offline_cache_miss_sets_deterministic_error" time="0.001" /><testcase classname="tests.test_plugin_marketplace.TestPluginMarketplaceSearch" name="test_search_filters_by_query" time="0.000" /><testcase classname="tests.test_plugin_marketplace.TestPluginMarketplaceSearch" name="test_search_filters_by_category" time="0.001" /><testcase classname="tests.test_plugin_marketplace.TestPluginMarketplaceSearch" name="test_search_case_insensitive" time="0.000" /><testcase classname="tests.test_plugin_marketplace.TestPluginMarketplaceGetPlugin" name="test_get_plugin_finds_by_id" time="0.000" /><testcase classname="tests.test_plugin_marketplace.TestPluginMarketplaceGetPlugin" name="test_get_plugin_returns_error_if_not_found" time="0.000" /><testcase classname="tests.test_plugin_marketplace.TestPluginMarketplaceIntegration" name="test_full_fetch_search_workflow" time="0.001" /><testcase classname="tests.test_plugin_marketplace.TestPluginMarketplaceAdditionalCoverage" name="test_plugin_metadata_post_init_backfills_fields" time="0.000" /><testcase classname="tests.test_plugin_marketplace.TestPluginMarketplaceAdditionalCoverage" name="test_post_json_empty_body_returns_empty_dict" time="0.001" /><testcase classname="tests.test_plugin_marketplace.TestPluginMarketplaceAdditionalCoverage" name="test_post_json_json_decode_error_returns_none" time="0.001" /><testcase classname="tests.test_plugin_marketplace.TestPluginMarketplaceAdditionalCoverage" name="test_map_http_error_statuses" time="0.000" /><testcase classname="tests.test_plugin_marketplace.TestPluginMarketplaceAdditionalCoverage" name="test_fetch_reviews_success_parses_entries" time="0.001" /><testcase classname="tests.test_plugin_marketplace.TestPluginMarketplaceAdditionalCoverage" name="test_fetch_reviews_validation_errors" time="0.000" /><testcase classname="tests.test_plugin_marketplace.TestPluginMarketplaceAdditionalCoverage" name="test_fetch_reviews_network_error" time="0.000" /><testcase classname="tests.test_plugin_marketplace.TestPluginMarketplaceAdditionalCoverage" name="test_submit_review_success_and_validation" time="0.000" /><testcase classname="tests.test_plugin_marketplace.TestPluginMarketplaceAdditionalCoverage" name="test_submit_review_http_error_is_mapped" time="0.000" /><testcase classname="tests.test_plugin_marketplace.TestPluginMarketplaceAdditionalCoverage" name="test_get_rating_aggregate_success_and_invalid" time="0.000" /><testcase classname="tests.test_plugin_marketplace.TestPluginMarketplaceAdditionalCoverage" name="test_get_rating_aggregate_network_error" time="0.000" /><testcase classname="tests.test_plugin_marketplace.TestPluginMarketplaceAdditionalCoverage" name="test_extract_publisher_fields_signed_verification_failure" time="0.000" /><testcase classname="tests.test_plugin_marketplace.TestPluginMarketplaceAdditionalCoverage" name="test_download_plugin_not_found" time="0.000" /><testcase classname="tests.test_plugin_marketplace.TestPluginMarketplaceAdditionalCoverage" name="test_download_plugin_success" time="0.001" /><testcase classname="tests.test_plugin_marketplace.TestPluginMarketplaceAdditionalCoverage" name="test_get_featured_and_categories_branches" time="0.000" /><testcase classname="tests.test_plugin_marketplace_cdn.TestPluginMarketplaceCdnProvider" name="test_cdn_cache_hit_skips_network" time="0.000" /><testcase classname="tests.test_plugin_marketplace_cdn.TestPluginMarketplaceCdnProvider" name="test_cdn_cache_miss_fetches_from_cdn" time="0.000" /><testcase classname="tests.test_plugin_marketplace_cdn.TestPluginMarketplaceCdnProvider" name="test_cdn_timeout_falls_back_to_github" time="0.000" /><testcase classname="tests.test_plugin_marketplace_cdn.TestPluginMarketplaceCdnProvider" name="test_malformed_cdn_index_falls_back_to_github" time="0.000" /><testcase classname="tests.test_plugin_marketplace_cdn.TestPluginMarketplaceCdnProvider" name="test_fallback_failure_returns_error" time="0.000" /><testcase classname="tests.test_plugin_marketplace_cdn.TestPluginMarketplaceCdnProvider" name="test_offline_uses_existing_cache" time="0.000" /><testcase classname="tests.test_plugin_marketplace_reviews.TestPluginMarketplaceFetchReviews" name="test_fetch_reviews_success" time="0.000" /><testcase classname="tests.test_plugin_marketplace_reviews.TestPluginMarketplaceFetchReviews" name="test_fetch_reviews_validation_failures" time="0.000" /><testcase classname="tests.test_plugin_marketplace_reviews.TestPluginMarketplaceFetchReviews" name="test_fetch_reviews_invalid_response_shape" time="0.000" /><testcase classname="tests.test_plugin_marketplace_reviews.TestPluginMarketplaceFetchReviews" name="test_fetch_reviews_http_error_mapping" time="0.000" /><testcase classname="tests.test_plugin_marketplace_reviews.TestPluginMarketplaceSubmitReview" name="test_submit_review_success" time="0.000" /><testcase classname="tests.test_plugin_marketplace_reviews.TestPluginMarketplaceSubmitReview" name="test_submit_review_validation_failures" time="0.000" /><testcase classname="tests.test_plugin_marketplace_reviews.TestPluginMarketplaceSubmitReview" name="test_submit_review_http_error_mapping" time="0.000" /><testcase classname="tests.test_plugin_marketplace_reviews.TestPluginMarketplaceRatingAggregate" name="test_get_rating_aggregate_success" time="0.000" /><testcase classname="tests.test_plugin_marketplace_reviews.TestPluginMarketplaceRatingAggregate" name="test_get_rating_aggregate_invalid_payload" time="0.000" /><testcase classname="tests.test_plugin_marketplace_verification.TestPluginMarketplacePublisherVerification" name="test_parse_plugin_entry_keeps_verified_state_for_valid_signed_metadata" time="0.000" /><testcase classname="tests.test_plugin_marketplace_verification.TestPluginMarketplacePublisherVerification" name="test_parse_plugin_entry_rejects_invalid_signature_metadata" time="0.000" /><testcase classname="tests.test_plugin_marketplace_verification.TestPluginMarketplacePublisherVerification" name="test_parse_plugin_entry_rejects_missing_trust_chain_metadata" time="0.000" /><testcase classname="tests.test_plugin_marketplace_verification.TestPluginMarketplacePublisherVerification" name="test_parse_plugin_entry_unsigned_publisher_path" time="0.000" /><testcase classname="tests.test_plugin_package.TestPluginManifestValidation" name="test_invalid_entry_point" time="0.000" /><testcase classname="tests.test_plugin_package.TestPluginManifestValidation" name="test_invalid_id_empty" time="0.000" /><testcase classname="tests.test_plugin_package.TestPluginManifestValidation" name="test_invalid_id_spaces" time="0.000" /><testcase classname="tests.test_plugin_package.TestPluginManifestValidation" name="test_invalid_id_special_chars" time="0.000" /><testcase classname="tests.test_plugin_package.TestPluginManifestValidation" name="test_invalid_permissions" time="0.000" /><testcase classname="tests.test_plugin_package.TestPluginManifestValidation" name="test_invalid_version_empty" time="0.000" /><testcase classname="tests.test_plugin_package.TestPluginManifestValidation" name="test_invalid_version_four_parts" time="0.000" /><testcase classname="tests.test_plugin_package.TestPluginManifestValidation" name="test_invalid_version_not_semver" time="0.000" /><testcase classname="tests.test_plugin_package.TestPluginManifestValidation" name="test_invalid_version_single_number" time="0.000" /><testcase classname="tests.test_plugin_package.TestPluginManifestValidation" name="test_valid_entry_point_subdir" time="0.000" /><testcase classname="tests.test_plugin_package.TestPluginManifestValidation" name="test_valid_manifest" time="0.000" /><testcase classname="tests.test_plugin_package.TestPluginManifestValidation" name="test_valid_permissions" time="0.000" /><testcase classname="tests.test_plugin_package.TestPluginManifestValidation" name="test_valid_version_three_parts" time="0.000" /><testcase classname="tests.test_plugin_package.TestPluginManifestValidation" name="test_valid_version_two_parts" time="0.000" /><testcase classname="tests.test_plugin_package.TestPluginManifestFromJson" name="test_defaults_applied" time="0.000" /><testcase classname="tests.test_plugin_package.TestPluginManifestFromJson" name="test_invalid_json_syntax" time="0.000" /><testcase classname="tests.test_plugin_package.TestPluginManifestFromJson" name="test_missing_required_field" time="0.000" /><testcase classname="tests.test_plugin_package.TestPluginManifestFromJson" name="test_valid_json" time="0.000" /><testcase classname="tests.test_plugin_package.TestPluginManifestFromJson" name="test_with_optional_fields" time="0.000" /><testcase classname="tests.test_plugin_package.TestPluginManifestToJson" name="test_optional_fields_included_when_set" time="0.000" /><testcase classname="tests.test_plugin_package.TestPluginManifestToJson" name="test_optional_fields_omitted_when_default" time="0.000" /><testcase classname="tests.test_plugin_package.TestPluginManifestToJson" name="test_roundtrip" time="0.000" /><testcase classname="tests.test_plugin_package.TestIsValidSemver" name="test_empty" time="0.000" /><testcase classname="tests.test_plugin_package.TestIsValidSemver" name="test_invalid_alpha" time="0.000" /><testcase classname="tests.test_plugin_package.TestIsValidSemver" name="test_invalid_four_parts" time="0.000" /><testcase classname="tests.test_plugin_package.TestIsValidSemver" name="test_invalid_single" time="0.000" /><testcase classname="tests.test_plugin_package.TestIsValidSemver" name="test_valid_three_part" time="0.000" /><testcase classname="tests.test_plugin_package.TestIsValidSemver" name="test_valid_two_part" time="0.000" /><testcase classname="tests.test_plugin_package.TestPluginPackageCreate" name="test_create_basic" time="0.001" /><testcase classname="tests.test_plugin_package.TestPluginPackageCreate" name="test_create_checksums_exclude_itself" time="0.000" /><testcase classname="tests.test_plugin_package.TestPluginPackageCreate" name="test_create_with_assets" time="0.000" /><testcase classname="tests.test_plugin_package.TestPluginPackageCreate" name="test_create_with_subdir_assets" time="0.000" /><testcase classname="tests.test_plugin_package.TestPluginPackageSave" name="test_save_adds_extension" time="0.001" /><testcase classname="tests.test_plugin_package.TestPluginPackageSave" name="test_save_creates_archive" time="0.001" /><testcase classname="tests.test_plugin_package.TestPluginPackageFromFile" name="test_file_not_found" time="0.000" /><testcase classname="tests.test_plugin_package.TestPluginPackageFromFile" name="test_invalid_archive" time="0.000" /><testcase classname="tests.test_plugin_package.TestPluginPackageFromFile" name="test_invalid_plugin_json" time="0.001" /><testcase classname="tests.test_plugin_package.TestPluginPackageFromFile" name="test_load_valid_package" time="0.001" /><testcase classname="tests.test_plugin_package.TestPluginPackageFromFile" name="test_missing_entry_point" time="0.001" /><testcase classname="tests.test_plugin_package.TestPluginPackageFromFile" name="test_missing_plugin_json" time="0.001" /><testcase classname="tests.test_plugin_package.TestPluginPackageFromFile" name="test_with_checksums" time="0.001" /><testcase classname="tests.test_plugin_package.TestPluginPackageFromFile" name="test_with_signature" time="0.001" /><testcase classname="tests.test_plugin_package.TestPluginPackageFromFile" name="test_wrong_extension_warning" time="0.001" /><testcase classname="tests.test_plugin_package.TestPluginPackageVerify" name="test_verify_file_missing_from_archive" time="0.000" /><testcase classname="tests.test_plugin_package.TestPluginPackageVerify" name="test_verify_mismatch" time="0.000" /><testcase classname="tests.test_plugin_package.TestPluginPackageVerify" name="test_verify_no_checksums" time="0.000" /><testcase classname="tests.test_plugin_package.TestPluginPackageVerify" name="test_verify_valid_checksums" time="0.000" /><testcase classname="tests.test_plugin_package.TestChecksumHelpers" name="test_compute_checksums" time="0.000" /><testcase classname="tests.test_plugin_package.TestChecksumHelpers" name="test_format_checksums" time="0.000" /><testcase classname="tests.test_plugin_package.TestChecksumHelpers" name="test_parse_checksums" time="0.000" /><testcase classname="tests.test_plugin_package.TestChecksumHelpers" name="test_parse_checksums_empty_lines" time="0.000" /><testcase classname="tests.test_plugin_package.TestPluginPackageRoundtrip" name="test_full_roundtrip" time="0.001" /><testcase classname="tests.test_plugin_resolver.TestDependencyResolverInitialization" name="test_resolver_accepts_empty_installed_plugins" time="0.000" /><testcase classname="tests.test_plugin_resolver.TestDependencyResolverInitialization" name="test_resolver_stores_installed_plugins" time="0.000" /><testcase classname="tests.test_plugin_resolver.TestDependencyResolverParseRequirement" name="test_parse_simple_plugin_name" time="0.000" /><testcase classname="tests.test_plugin_resolver.TestDependencyResolverParseRequirement" name="test_parse_exact_version_requirement" time="0.000" /><testcase classname="tests.test_plugin_resolver.TestDependencyResolverParseRequirement" name="test_parse_greater_equal_requirement" time="0.000" /><testcase classname="tests.test_plugin_resolver.TestDependencyResolverParseRequirement" name="test_parse_less_equal_requirement" time="0.000" /><testcase classname="tests.test_plugin_resolver.TestDependencyResolverParseRequirement" name="test_parse_greater_than_requirement" time="0.000" /><testcase classname="tests.test_plugin_resolver.TestDependencyResolverParseRequirement" name="test_parse_less_than_requirement" time="0.000" /><testcase classname="tests.test_plugin_resolver.TestDependencyResolverParseRequirement" name="test_parse_handles_whitespace" time="0.000" /><testcase classname="tests.test_plugin_resolver.TestDependencyResolverParseRequirement" name="test_parse_handles_hyphens_in_name" time="0.000" /><testcase classname="tests.test_plugin_resolver.TestDependencyResolverCheckVersion" name="test_check_no_constraint_always_passes" time="0.000" /><testcase classname="tests.test_plugin_resolver.TestDependencyResolverCheckVersion" name="test_check_exact_match_passes" time="0.000" /><testcase classname="tests.test_plugin_resolver.TestDependencyResolverCheckVersion" name="test_check_exact_mismatch_fails" time="0.000" /><testcase classname="tests.test_plugin_resolver.TestDependencyResolverCheckVersion" name="test_check_greater_equal_passes" time="0.000" /><testcase classname="tests.test_plugin_resolver.TestDependencyResolverCheckVersion" name="test_check_greater_equal_exact_passes" time="0.000" /><testcase classname="tests.test_plugin_resolver.TestDependencyResolverCheckVersion" name="test_check_greater_equal_fails" time="0.000" /><testcase classname="tests.test_plugin_resolver.TestDependencyResolverCheckVersion" name="test_check_less_equal_passes" time="0.000" /><testcase classname="tests.test_plugin_resolver.TestDependencyResolverCheckVersion" name="test_check_less_equal_fails" time="0.000" /><testcase classname="tests.test_plugin_resolver.TestDependencyResolverCheckVersion" name="test_check_greater_than_passes" time="0.000" /><testcase classname="tests.test_plugin_resolver.TestDependencyResolverCheckVersion" name="test_check_greater_than_equal_fails" time="0.000" /><testcase classname="tests.test_plugin_resolver.TestDependencyResolverCheckVersion" name="test_check_less_than_passes" time="0.000" /><testcase classname="tests.test_plugin_resolver.TestDependencyResolverCheckVersion" name="test_check_less_than_equal_fails" time="0.000" /><testcase classname="tests.test_plugin_resolver.TestDependencyResolverGetMissing" name="test_get_missing_empty_requirements" time="0.000" /><testcase classname="tests.test_plugin_resolver.TestDependencyResolverGetMissing" name="test_get_missing_finds_missing_dependency" time="0.000" /><testcase classname="tests.test_plugin_resolver.TestDependencyResolverGetMissing" name="test_get_missing_ignores_satisfied_dependencies" time="0.000" /><testcase classname="tests.test_plugin_resolver.TestDependencyResolverGetMissing" name="test_get_missing_checks_version_constraints" time="0.000" /><testcase classname="tests.test_plugin_resolver.TestDependencyResolverGetMissing" name="test_get_missing_multiple_dependencies" time="0.000" /><testcase classname="tests.test_plugin_resolver.TestDependencyResolverResolve" name="test_resolve_single_plugin_no_deps" time="0.000" /><testcase classname="tests.test_plugin_resolver.TestDependencyResolverResolve" name="test_resolve_plugin_with_satisfied_deps" time="0.000" /><testcase classname="tests.test_plugin_resolver.TestDependencyResolverResolve" name="test_resolve_multiple_plugins_no_deps" time="0.000" /><testcase classname="tests.test_plugin_resolver.TestDependencyResolverResolve" name="test_resolve_detects_missing_dependency" time="0.000" /><testcase classname="tests.test_plugin_resolver.TestDependencyResolverResolve" name="test_resolve_dependency_chain" time="0.000" /><testcase classname="tests.test_plugin_resolver.TestDependencyResolverResolve" name="test_resolve_detects_circular_dependency" time="0.000" /><testcase classname="tests.test_plugin_resolver.TestDependencyResolverEdgeCases" name="test_resolve_empty_plugin_set" time="0.000" /><testcase classname="tests.test_plugin_resolver.TestDependencyResolverEdgeCases" name="test_resolve_self_dependency" time="0.000" /><testcase classname="tests.test_plugin_resolver.TestDependencyResolverEdgeCases" name="test_resolve_complex_graph" time="0.000" /><testcase classname="tests.test_plugin_resolver.TestDependencyResolverIntegration" name="test_full_resolution_workflow" time="0.000" /><testcase classname="tests.test_plugin_resolver.TestDependencyResolverIntegration" name="test_resolver_with_version_constraints" time="0.000" /><testcase classname="tests.test_plugin_resolver.TestDependencyResolverIntegration" name="test_resolver_result_structure" time="0.000" /><testcase classname="tests.test_plugin_sandbox.TestPluginSandboxInitialization" name="test_sandbox_accepts_empty_permissions" time="0.000" /><testcase classname="tests.test_plugin_sandbox.TestPluginSandboxInitialization" name="test_sandbox_accepts_valid_permissions" time="0.000" /><testcase classname="tests.test_plugin_sandbox.TestPluginSandboxInitialization" name="test_sandbox_stores_plugin_id" time="0.000" /><testcase classname="tests.test_plugin_sandbox.TestPluginSandboxInitialization" name="test_sandbox_accepts_all_valid_permissions" time="0.000" /><testcase classname="tests.test_plugin_sandbox.TestRestrictedImporter" name="test_importer_allows_standard_modules_with_network" time="0.000" /><testcase classname="tests.test_plugin_sandbox.TestRestrictedImporter" name="test_importer_blocks_socket_without_network" time="0.000" /><testcase classname="tests.test_plugin_sandbox.TestRestrictedImporter" name="test_importer_blocks_urllib_without_network" time="0.000" /><testcase classname="tests.test_plugin_sandbox.TestRestrictedImporter" name="test_importer_blocks_subprocess_without_permission" time="0.000" /><testcase classname="tests.test_plugin_sandbox.TestRestrictedImporter" name="test_importer_allows_subprocess_with_permission" time="0.000" /><testcase classname="tests.test_plugin_sandbox.TestRestrictedImporter" name="test_importer_allows_non_restricted_modules" time="0.000" /><testcase classname="tests.test_plugin_sandbox.TestRestrictedImporter" name="test_importer_checks_base_module_name" time="0.000" /><testcase classname="tests.test_plugin_sandbox.TestPluginSandboxFilesystemRestrictions" name="test_sandbox_blocks_open_without_filesystem_permission" time="0.000" /><testcase classname="tests.test_plugin_sandbox.TestPluginSandboxFilesystemRestrictions" name="test_filesystem_permission_allows_restricted_paths" time="0.000" /><testcase classname="tests.test_plugin_sandbox.TestPluginSandboxWrapping" name="test_wrap_returns_plugin_instance" time="0.000" /><testcase classname="tests.test_plugin_sandbox.TestPluginSandboxWrapping" name="test_wrap_installs_import_hook" time="0.000" /><testcase classname="tests.test_plugin_sandbox.TestPluginSandboxWrapping" name="test_wrap_creates_restricted_builtins" time="0.000" /><testcase classname="tests.test_plugin_sandbox.TestPluginSandboxWrapping" name="test_multiple_wraps_reuse_same_hooks" time="0.001" /><testcase classname="tests.test_plugin_sandbox.TestPluginSandboxUnwrap" name="test_unwrap_removes_import_hook" time="0.000" /><testcase classname="tests.test_plugin_sandbox.TestPluginSandboxUnwrap" name="test_unwrap_clears_restricted_builtins" time="0.001" /><testcase classname="tests.test_plugin_sandbox.TestPluginSandboxUnwrap" name="test_unwrap_is_idempotent" time="0.001" /><testcase classname="tests.test_plugin_sandbox.TestPluginSandboxIsolationPolicy" name="test_enforce_isolation_with_explicit_provider_success" time="0.000" /><testcase classname="tests.test_plugin_sandbox.TestPluginSandboxIsolationPolicy" name="test_enforce_isolation_with_explicit_provider_failure" time="0.001" /><testcase classname="tests.test_plugin_sandbox.TestPluginSandboxIsolationPolicy" name="test_enforce_isolation_default_provider_success" time="0.001" /><testcase classname="tests.test_plugin_sandbox.TestPluginSandboxIsolationPolicy" name="test_enforce_isolation_default_provider_failure" time="0.001" /><testcase classname="tests.test_plugin_sandbox.TestCreateSandboxFactory" name="test_create_sandbox_returns_sandbox_instance" time="0.000" /><testcase classname="tests.test_plugin_sandbox.TestCreateSandboxFactory" name="test_create_sandbox_sets_plugin_id" time="0.000" /><testcase classname="tests.test_plugin_sandbox.TestCreateSandboxFactory" name="test_create_sandbox_sets_permissions" time="0.000" /><testcase classname="tests.test_plugin_sandbox.TestCreateSandboxFactory" name="test_create_sandbox_with_no_permissions" time="0.000" /><testcase classname="tests.test_plugin_sandbox.TestCreateSandboxFactory" name="test_create_sandbox_with_all_permissions" time="0.000" /><testcase classname="tests.test_plugin_sandbox.TestPluginSandboxIntegration" name="test_full_lifecycle_wrap_and_unwrap" time="0.000" /><testcase classname="tests.test_plugin_sandbox.TestPluginSandboxIntegration" name="test_sandbox_isolation_between_plugins" time="0.000" /><testcase classname="tests.test_plugin_sandbox.TestPluginSandboxIntegration" name="test_permission_error_includes_plugin_id" time="0.000" /><testcase classname="tests.test_plugin_sandbox.TestValidPermissions" name="test_valid_permissions_constant_is_complete" time="0.000" /><testcase classname="tests.test_plugin_sandbox.TestValidPermissions" name="test_network_modules_contains_common_modules" time="0.000" /><testcase classname="tests.test_plugin_sandbox.TestValidPermissions" name="test_subprocess_modules_contains_process_modules" time="0.000" /><testcase classname="tests.test_plugin_scanner_deep.TestPluginScannerInit" name="test_custom_dir" time="0.001" /><testcase classname="tests.test_plugin_scanner_deep.TestPluginScannerInit" name="test_default_dir" time="0.001" /><testcase classname="tests.test_plugin_scanner_deep.TestParseManifest" name="test_invalid_json" time="0.001" /><testcase classname="tests.test_plugin_scanner_deep.TestParseManifest" name="test_missing_fields" time="0.001" /><testcase classname="tests.test_plugin_scanner_deep.TestParseManifest" name="test_read_error" time="0.001" /><testcase classname="tests.test_plugin_scanner_deep.TestParseManifest" name="test_valid_manifest" time="0.001" /><testcase classname="tests.test_plugin_scanner_deep.TestValidatePlugin" name="test_missing_entry_point" time="0.001" /><testcase classname="tests.test_plugin_scanner_deep.TestValidatePlugin" name="test_missing_manifest" time="0.001" /><testcase classname="tests.test_plugin_scanner_deep.TestValidatePlugin" name="test_valid_plugin" time="0.001" /><testcase classname="tests.test_plugin_scanner_deep.TestIsEnabled" name="test_default_enabled" time="0.000" /><testcase classname="tests.test_plugin_scanner_deep.TestIsEnabled" name="test_new_format_disabled" time="0.000" /><testcase classname="tests.test_plugin_scanner_deep.TestIsEnabled" name="test_new_format_enabled" time="0.000" /><testcase classname="tests.test_plugin_scanner_deep.TestIsEnabled" name="test_old_format_disabled" time="0.000" /><testcase classname="tests.test_plugin_scanner_deep.TestIsEnabled" name="test_old_format_enabled" time="0.000" /><testcase classname="tests.test_plugin_scanner_deep.TestLoadState" name="test_invalid_json" time="0.001" /><testcase classname="tests.test_plugin_scanner_deep.TestLoadState" name="test_no_file" time="0.001" /><testcase classname="tests.test_plugin_scanner_deep.TestLoadState" name="test_valid_file" time="0.001" /><testcase classname="tests.test_plugin_scanner_deep.TestParseVersion" name="test_non_numeric" time="0.001" /><testcase classname="tests.test_plugin_scanner_deep.TestParseVersion" name="test_normal" time="0.000" /><testcase classname="tests.test_plugin_scanner_deep.TestIsVersionCompatible" name="test_compatible" time="0.001" /><testcase classname="tests.test_plugin_scanner_deep.TestIsVersionCompatible" name="test_incompatible" time="0.000" /><testcase classname="tests.test_plugin_scanner_deep.TestBuildPluginFingerprint" name="test_nonexistent_dir" time="0.001" /><testcase classname="tests.test_plugin_scanner_deep.TestBuildPluginFingerprint" name="test_not_a_dir" time="0.002" /><testcase classname="tests.test_plugin_scanner_deep.TestScan" name="test_no_directory" time="0.001" /><testcase classname="tests.test_plugin_scanner_deep.TestScan" name="test_permission_error" time="0.001" /><testcase classname="tests.test_plugin_scanner_deep.TestCollectSnapshots" name="test_empty" time="0.001" /><testcase classname="tests.test_plugin_scanner_deep.TestDetectChangedPlugins" name="test_no_changes" time="0.001" /><testcase classname="tests.test_plugin_scanner_deep.TestDetectChangedPlugins" name="test_removed_plugin" time="0.001" /><testcase classname="tests.test_plugin_scanner_deep.TestPluginChangeSet" name="test_dataclass" time="0.000" /><testcase classname="tests.test_plugins" name="test_plugin_manifest_and_enable_disable" time="0.001" /><testcase classname="tests.test_plugins" name="test_plugin_min_version_blocks_load" time="0.001" /><testcase classname="tests.test_plugins_v2.TestVirtualizationPluginManifest" name="test_manifest_entry_points_to_file" time="0.000" /><testcase classname="tests.test_plugins_v2.TestVirtualizationPluginManifest" name="test_manifest_has_min_app_version" time="0.000" /><testcase classname="tests.test_plugins_v2.TestVirtualizationPluginManifest" name="test_manifest_has_required_keys" time="0.000" /><testcase classname="tests.test_plugins_v2.TestVirtualizationPluginManifest" name="test_manifest_name" time="0.000" /><testcase classname="tests.test_plugins_v2.TestVirtualizationPluginManifest" name="test_manifest_permissions_list" time="0.000" /><testcase classname="tests.test_plugins_v2.TestVirtualizationPluginManifest" name="test_manifest_version_format" time="0.000" /><testcase classname="tests.test_plugins_v2.TestAILabPluginManifest" name="test_manifest_entry_points_to_file" time="0.000" /><testcase classname="tests.test_plugins_v2.TestAILabPluginManifest" name="test_manifest_has_required_keys" time="0.000" /><testcase classname="tests.test_plugins_v2.TestAILabPluginManifest" name="test_manifest_min_app_version" time="0.000" /><testcase classname="tests.test_plugins_v2.TestAILabPluginManifest" name="test_manifest_name" time="0.000" /><testcase classname="tests.test_plugins_v2.TestAILabPluginManifest" name="test_manifest_permissions_include_network" time="0.000" /><testcase classname="tests.test_plugins_v2.TestVirtualizationPluginClass" name="test_cli_commands_are_callable" time="0.001" /><testcase classname="tests.test_plugins_v2.TestVirtualizationPluginClass" name="test_cli_commands_returned" time="0.000" /><testcase classname="tests.test_plugins_v2.TestVirtualizationPluginClass" name="test_info_has_required_fields" time="0.000" /><testcase classname="tests.test_plugins_v2.TestVirtualizationPluginClass" name="test_instantiation" time="0.001" /><testcase classname="tests.test_plugins_v2.TestVirtualizationPluginClass" name="test_on_load_runs_without_error" time="0.001" /><testcase classname="tests.test_plugins_v2.TestVirtualizationPluginClass" name="test_on_unload_runs_without_error" time="0.001" /><testcase classname="tests.test_plugins_v2.TestAILabPluginClass" name="test_cli_commands_are_callable" time="0.001" /><testcase classname="tests.test_plugins_v2.TestAILabPluginClass" name="test_cli_commands_returned" time="0.000" /><testcase classname="tests.test_plugins_v2.TestAILabPluginClass" name="test_info_has_required_fields" time="0.000" /><testcase classname="tests.test_plugins_v2.TestAILabPluginClass" name="test_instantiation" time="0.000" /><testcase classname="tests.test_plugins_v2.TestAILabPluginClass" name="test_on_load_runs_without_error" time="0.000" /><testcase classname="tests.test_plugins_v2.TestAILabPluginClass" name="test_on_unload_runs_without_error" time="0.000" /><testcase classname="tests.test_plugins_v2.TestMinAppVersionEnforcement" name="test_compatible_version_loads" time="0.000" /><testcase classname="tests.test_plugins_v2.TestMinAppVersionEnforcement" name="test_future_version_blocks" time="0.000" /><testcase classname="tests.test_plugins_v2.TestMinAppVersionEnforcement" name="test_no_min_version_is_compatible" time="0.000" /><testcase classname="tests.test_plugins_v2.TestMinAppVersionEnforcement" name="test_version_11_5_compatible_with_12" time="0.000" /><testcase classname="tests.test_plugins_v2.TestPluginStructure" name="test_ai_lab_has_manifest" time="0.000" /><testcase classname="tests.test_plugins_v2.TestPluginStructure" name="test_ai_lab_has_plugin_py" time="0.000" /><testcase classname="tests.test_plugins_v2.TestPluginStructure" name="test_both_plugins_discoverable" time="0.000" /><testcase classname="tests.test_plugins_v2.TestPluginStructure" name="test_virtualization_has_manifest" time="0.000" /><testcase classname="tests.test_plugins_v2.TestPluginStructure" name="test_virtualization_has_plugin_py" time="0.000" /><testcase classname="tests.test_ports.TestOpenPortDataclass" name="test_open_port_creation" time="0.000" /><testcase classname="tests.test_ports.TestOpenPortDataclass" name="test_open_port_defaults" time="0.000" /><testcase classname="tests.test_ports.TestScanPorts" name="test_scan_ports_detects_risky_port" time="0.001" /><testcase classname="tests.test_ports.TestScanPorts" name="test_scan_ports_exception" time="0.001" /><testcase classname="tests.test_ports.TestScanPorts" name="test_scan_ports_nonzero_exit" time="0.001" /><testcase classname="tests.test_ports.TestScanPorts" name="test_scan_ports_parses_ss_output" time="0.001" /><testcase classname="tests.test_ports.TestGetRiskyPorts" name="test_get_risky_ports_filters" time="0.001" /><testcase classname="tests.test_ports.TestFirewallStatus" name="test_is_firewalld_running_exception" time="0.001" /><testcase classname="tests.test_ports.TestFirewallStatus" name="test_is_firewalld_running_false" time="0.001" /><testcase classname="tests.test_ports.TestFirewallStatus" name="test_is_firewalld_running_true" time="0.001" /><testcase classname="tests.test_ports.TestBlockAllowPort" name="test_allow_port_success" time="0.001" /><testcase classname="tests.test_ports.TestBlockAllowPort" name="test_block_port_firewall_cmd_missing" time="0.001" /><testcase classname="tests.test_ports.TestBlockAllowPort" name="test_block_port_firewalld_not_running" time="0.000" /><testcase classname="tests.test_ports.TestBlockAllowPort" name="test_block_port_success" time="0.001" /><testcase classname="tests.test_ports.TestGetSecurityScore" name="test_security_score_no_firewall_deduction" time="0.001" /><testcase classname="tests.test_ports.TestGetSecurityScore" name="test_security_score_no_risky_ports" time="0.000" /><testcase classname="tests.test_process_manager_deep.TestBytesToHuman" name="test_bytes" time="0.000" /><testcase classname="tests.test_process_manager_deep.TestBytesToHuman" name="test_gb" time="0.000" /><testcase classname="tests.test_process_manager_deep.TestBytesToHuman" name="test_kb" time="0.000" /><testcase classname="tests.test_process_manager_deep.TestBytesToHuman" name="test_mb" time="0.000" /><testcase classname="tests.test_process_manager_deep.TestBytesToHuman" name="test_pb" time="0.000" /><testcase classname="tests.test_process_manager_deep.TestBytesToHuman" name="test_tb" time="0.000" /><testcase classname="tests.test_process_manager_deep.TestBytesToHuman" name="test_zero" time="0.000" /><testcase classname="tests.test_process_manager_deep.TestGetClockTicks" name="test_fallback" time="0.000" /><testcase classname="tests.test_process_manager_deep.TestGetClockTicks" name="test_returns_value" time="0.000" /><testcase classname="tests.test_process_manager_deep.TestGetTotalMemory" name="test_fallback" time="0.000" /><testcase classname="tests.test_process_manager_deep.TestGetTotalMemory" name="test_reads_meminfo" time="0.000" /><testcase classname="tests.test_process_manager_deep.TestGetUidUserMap" name="test_fallback" time="0.000" /><testcase classname="tests.test_process_manager_deep.TestGetUidUserMap" name="test_reads_passwd" time="0.000" /><testcase classname="tests.test_process_manager_deep.TestReadProcStat" name="test_file_not_found" time="0.000" /><testcase classname="tests.test_process_manager_deep.TestReadProcStat" name="test_malformed" time="0.000" /><testcase classname="tests.test_process_manager_deep.TestReadProcStat" name="test_name_with_spaces" time="0.000" /><testcase classname="tests.test_process_manager_deep.TestReadProcStat" name="test_permission_error" time="0.000" /><testcase classname="tests.test_process_manager_deep.TestReadProcStat" name="test_reads_stat" time="0.000" /><testcase classname="tests.test_process_manager_deep.TestReadProcStat" name="test_too_few_fields" time="0.000" /><testcase classname="tests.test_process_manager_deep.TestReadProcStatusUid" name="test_no_uid_line" time="0.001" /><testcase classname="tests.test_process_manager_deep.TestReadProcStatusUid" name="test_not_found" time="0.000" /><testcase classname="tests.test_process_manager_deep.TestReadProcStatusUid" name="test_reads_uid" time="0.000" /><testcase classname="tests.test_process_manager_deep.TestReadProcCmdline" name="test_empty" time="0.001" /><testcase classname="tests.test_process_manager_deep.TestReadProcCmdline" name="test_not_found" time="0.000" /><testcase classname="tests.test_process_manager_deep.TestReadProcCmdline" name="test_reads_cmdline" time="0.000" /><testcase classname="tests.test_process_manager_deep.TestKillProcess" name="test_general_exception" time="0.000" /><testcase classname="tests.test_process_manager_deep.TestKillProcess" name="test_invalid_pid" time="0.000" /><testcase classname="tests.test_process_manager_deep.TestKillProcess" name="test_invalid_signal" time="0.000" /><testcase classname="tests.test_process_manager_deep.TestKillProcess" name="test_no_pkexec" time="0.000" /><testcase classname="tests.test_process_manager_deep.TestKillProcess" name="test_os_error" time="0.000" /><testcase classname="tests.test_process_manager_deep.TestKillProcess" name="test_pkexec_failure" time="0.001" /><testcase classname="tests.test_process_manager_deep.TestKillProcess" name="test_pkexec_fallback" time="0.001" /><testcase classname="tests.test_process_manager_deep.TestKillProcess" name="test_pkexec_timeout" time="0.000" /><testcase classname="tests.test_process_manager_deep.TestKillProcess" name="test_process_not_found" time="0.000" /><testcase classname="tests.test_process_manager_deep.TestKillProcess" name="test_success" time="0.001" /><testcase classname="tests.test_process_manager_deep.TestReniceProcess" name="test_both_fail" time="0.001" /><testcase classname="tests.test_process_manager_deep.TestReniceProcess" name="test_elevated" time="0.000" /><testcase classname="tests.test_process_manager_deep.TestReniceProcess" name="test_exception" time="0.000" /><testcase classname="tests.test_process_manager_deep.TestReniceProcess" name="test_nice_clamping" time="0.000" /><testcase classname="tests.test_process_manager_deep.TestReniceProcess" name="test_no_renice" time="0.000" /><testcase classname="tests.test_process_manager_deep.TestReniceProcess" name="test_success" time="0.000" /><testcase classname="tests.test_process_manager_deep.TestReniceProcess" name="test_timeout" time="0.000" /><testcase classname="tests.test_process_manager_deep.TestGetProcessCount" name="test_counts_states" time="0.002" /><testcase classname="tests.test_process_manager_deep.TestGetProcessCount" name="test_file_not_found" time="0.001" /><testcase classname="tests.test_process_manager_deep.TestGetProcessCount" name="test_os_error" time="0.000" /><testcase classname="tests.test_process_manager_deep.TestGetTopByMetric" name="test_top_by_cpu" time="0.001" /><testcase classname="tests.test_process_manager_deep.TestGetTopByMetric" name="test_top_by_memory" time="0.001" /><testcase classname="tests.test_profile_storage.TestProfileRecord" name="test_from_legacy_dict" time="0.000" /><testcase classname="tests.test_profile_storage.TestProfileRecord" name="test_profile_record_normalizes_key" time="0.000" /><testcase classname="tests.test_profile_storage.TestProfileRecord" name="test_profile_record_rejects_empty_name" time="0.000" /><testcase classname="tests.test_profile_storage.TestProfileStore" name="test_bundle_import_mixed_results" time="0.001" /><testcase classname="tests.test_profile_storage.TestProfileStore" name="test_export_bundle" time="0.001" /><testcase classname="tests.test_profile_storage.TestProfileStore" name="test_import_profile_duplicate_requires_overwrite" time="0.001" /><testcase classname="tests.test_profile_storage.TestProfileStore" name="test_legacy_file_is_loaded" time="0.001" /><testcase classname="tests.test_profile_storage.TestProfileStore" name="test_list_profiles_includes_builtin" time="0.000" /><testcase classname="tests.test_profile_storage.TestProfileStore" name="test_save_and_get_custom_profile" time="0.001" /><testcase classname="tests.test_profile_storage.TestProfileBundle" name="test_bundle_roundtrip" time="0.000" /><testcase classname="tests.test_profiles.TestBuiltinProfiles" name="test_all_profiles_have_services_lists" time="0.000" /><testcase classname="tests.test_profiles.TestBuiltinProfiles" name="test_battery_saver_profile_settings" time="0.000" /><testcase classname="tests.test_profiles.TestBuiltinProfiles" name="test_development_profile_settings" time="0.000" /><testcase classname="tests.test_profiles.TestBuiltinProfiles" name="test_five_builtin_profiles_exist" time="0.000" /><testcase classname="tests.test_profiles.TestBuiltinProfiles" name="test_gaming_profile_has_required_fields" time="0.000" /><testcase classname="tests.test_profiles.TestBuiltinProfiles" name="test_gaming_profile_settings" time="0.000" /><testcase classname="tests.test_profiles.TestBuiltinProfiles" name="test_presentation_profile_settings" time="0.000" /><testcase classname="tests.test_profiles.TestBuiltinProfiles" name="test_server_profile_settings" time="0.000" /><testcase classname="tests.test_profiles.TestListProfiles" name="test_list_profiles_builtin_flag" time="0.000" /><testcase classname="tests.test_profiles.TestListProfiles" name="test_list_profiles_includes_builtins" time="0.000" /><testcase classname="tests.test_profiles.TestListProfiles" name="test_list_profiles_includes_custom" time="0.000" /><testcase classname="tests.test_profiles.TestListProfiles" name="test_list_profiles_nonexistent_dir" time="0.000" /><testcase classname="tests.test_profiles.TestListProfiles" name="test_list_profiles_skips_invalid_json" time="0.000" /><testcase classname="tests.test_profiles.TestGetProfile" name="test_get_builtin_profile" time="0.000" /><testcase classname="tests.test_profiles.TestGetProfile" name="test_get_custom_profile" time="0.000" /><testcase classname="tests.test_profiles.TestGetProfile" name="test_get_nonexistent_profile" time="0.000" /><testcase classname="tests.test_profiles.TestApplyProfile" name="test_apply_gaming_profile_success" time="0.001" /><testcase classname="tests.test_profiles.TestApplyProfile" name="test_apply_nonexistent_profile" time="0.000" /><testcase classname="tests.test_profiles.TestApplyProfile" name="test_apply_presentation_no_swappiness" time="0.001" /><testcase classname="tests.test_profiles.TestApplyProfile" name="test_apply_profile_governor_failure" time="0.001" /><testcase classname="tests.test_profiles.TestApplyProfile" name="test_apply_profile_swappiness_failure" time="0.001" /><testcase classname="tests.test_profiles.TestCreateCustomProfile" name="test_create_cannot_overwrite_builtin" time="0.000" /><testcase classname="tests.test_profiles.TestCreateCustomProfile" name="test_create_custom_profile_empty_name" time="0.000" /><testcase classname="tests.test_profiles.TestCreateCustomProfile" name="test_create_custom_profile_success" time="0.001" /><testcase classname="tests.test_profiles.TestCreateCustomProfile" name="test_create_custom_profile_whitespace_name" time="0.000" /><testcase classname="tests.test_profiles.TestCreateCustomProfile" name="test_create_custom_profile_with_description" time="0.000" /><testcase classname="tests.test_profiles.TestDeleteCustomProfile" name="test_delete_builtin_rejected" time="0.000" /><testcase classname="tests.test_profiles.TestDeleteCustomProfile" name="test_delete_custom_profile_success" time="0.000" /><testcase classname="tests.test_profiles.TestDeleteCustomProfile" name="test_delete_nonexistent_profile" time="0.000" /><testcase classname="tests.test_profiles.TestActiveProfile" name="test_get_active_profile_corrupt_json" time="0.000" /><testcase classname="tests.test_profiles.TestActiveProfile" name="test_get_active_profile_reads_state" time="0.000" /><testcase classname="tests.test_profiles.TestActiveProfile" name="test_get_active_profile_when_none" time="0.000" /><testcase classname="tests.test_profiles.TestActiveProfile" name="test_save_active_profile" time="0.000" /><testcase classname="tests.test_profiles.TestSetGovernor" name="test_set_governor_failure" time="0.001" /><testcase classname="tests.test_profiles.TestSetGovernor" name="test_set_governor_no_cpupower" time="0.000" /><testcase classname="tests.test_profiles.TestSetGovernor" name="test_set_governor_oserror" time="0.000" /><testcase classname="tests.test_profiles.TestSetGovernor" name="test_set_governor_success" time="0.001" /><testcase classname="tests.test_profiles.TestToggleServices" name="test_disable_services" time="0.001" /><testcase classname="tests.test_profiles.TestToggleServices" name="test_enable_services" time="0.000" /><testcase classname="tests.test_profiles.TestToggleServices" name="test_toggle_both" time="0.000" /><testcase classname="tests.test_profiles.TestToggleServices" name="test_toggle_services_error_handled" time="0.000" /><testcase classname="tests.test_profiles.TestSetSwappiness" name="test_set_swappiness_failure" time="0.000" /><testcase classname="tests.test_profiles.TestSetSwappiness" name="test_set_swappiness_oserror" time="0.000" /><testcase classname="tests.test_profiles.TestSetSwappiness" name="test_set_swappiness_out_of_range_high" time="0.000" /><testcase classname="tests.test_profiles.TestSetSwappiness" name="test_set_swappiness_out_of_range_negative" time="0.000" /><testcase classname="tests.test_profiles.TestSetSwappiness" name="test_set_swappiness_success" time="0.001" /><testcase classname="tests.test_profiles.TestSanitizeName" name="test_backslash_stripped" time="0.000" /><testcase classname="tests.test_profiles.TestSanitizeName" name="test_empty_name_fallback" time="0.000" /><testcase classname="tests.test_profiles.TestSanitizeName" name="test_path_traversal_stripped" time="0.000" /><testcase classname="tests.test_profiles.TestSanitizeName" name="test_simple_name" time="0.000" /><testcase classname="tests.test_profiles.TestCaptureCurrentAsProfile" name="test_capture_empty_name" time="0.000" /><testcase classname="tests.test_profiles.TestCaptureCurrentAsProfile" name="test_capture_success" time="0.001" /><testcase classname="tests.test_profiles.TestCaptureCurrentAsProfile" name="test_capture_with_no_system_data" time="0.001" /><testcase classname="tests.test_profiles.TestProfileImportExport" name="test_bundle_export_import" time="0.002" /><testcase classname="tests.test_profiles.TestProfileImportExport" name="test_export_and_import_profile_json" time="0.001" /><testcase classname="tests.test_profiles.TestSnapshotBeforeApply" name="test_apply_continues_when_snapshot_fails" time="0.002" /><testcase classname="tests.test_profiles.TestSnapshotBeforeApply" name="test_snapshot_skipped_when_no_backend" time="0.001" /><testcase classname="tests.test_profiles.TestSnapshotBeforeApply" name="test_snapshot_success_path" time="0.001" /><testcase classname="tests.test_profiles_tab.TestProfilesTabSource" name="test_profiles_tab_contains_import_export_controls" time="0.000" /><testcase classname="tests.test_profiles_tab.TestProfilesTabSource" name="test_profiles_tab_uses_profile_manager_import_export" time="0.000" /><testcase classname="tests.test_pulse_deep.TestGetPowerState" name="test_ac_via_sysfs" time="0.001" /><testcase classname="tests.test_pulse_deep.TestGetPowerState" name="test_ac_via_upower" time="0.000" /><testcase classname="tests.test_pulse_deep.TestGetPowerState" name="test_battery_via_sysfs" time="0.001" /><testcase classname="tests.test_pulse_deep.TestGetPowerState" name="test_battery_via_upower" time="0.000" /><testcase classname="tests.test_pulse_deep.TestGetPowerState" name="test_unknown_fallback" time="0.001" /><testcase classname="tests.test_pulse_deep.TestGetBatteryLevel" name="test_battery_via_sysfs" time="0.001" /><testcase classname="tests.test_pulse_deep.TestGetBatteryLevel" name="test_battery_via_upower" time="0.000" /><testcase classname="tests.test_pulse_deep.TestGetBatteryLevel" name="test_no_battery" time="0.001" /><testcase classname="tests.test_pulse_deep.TestGetBatteryLevel" name="test_upower_no_percentage_line" time="0.001" /><testcase classname="tests.test_pulse_deep.TestGetNetworkState" name="test_connected" time="0.001" /><testcase classname="tests.test_pulse_deep.TestGetNetworkState" name="test_connected_full_string" time="0.000" /><testcase classname="tests.test_pulse_deep.TestGetNetworkState" name="test_connecting" time="0.000" /><testcase classname="tests.test_pulse_deep.TestGetNetworkState" name="test_disconnected" time="0.001" /><testcase classname="tests.test_pulse_deep.TestGetNetworkState" name="test_error_returns_disconnected" time="0.000" /><testcase classname="tests.test_pulse_deep.TestGetWifiSSID" name="test_error_returns_empty" time="0.000" /><testcase classname="tests.test_pulse_deep.TestGetWifiSSID" name="test_no_active_wifi" time="0.000" /><testcase classname="tests.test_pulse_deep.TestGetWifiSSID" name="test_ssid_found" time="0.000" /><testcase classname="tests.test_pulse_deep.TestIsPublicWifi" name="test_airport" time="0.000" /><testcase classname="tests.test_pulse_deep.TestIsPublicWifi" name="test_empty_ssid" time="0.000" /><testcase classname="tests.test_pulse_deep.TestIsPublicWifi" name="test_guest" time="0.000" /><testcase classname="tests.test_pulse_deep.TestIsPublicWifi" name="test_home_network" time="0.000" /><testcase classname="tests.test_pulse_deep.TestIsPublicWifi" name="test_hotel" time="0.000" /><testcase classname="tests.test_pulse_deep.TestIsPublicWifi" name="test_library" time="0.000" /><testcase classname="tests.test_pulse_deep.TestIsPublicWifi" name="test_starbucks" time="0.000" /><testcase classname="tests.test_pulse_deep.TestGetConnectedMonitors" name="test_kscreen_doctor_fallback" time="0.001" /><testcase classname="tests.test_pulse_deep.TestGetConnectedMonitors" name="test_no_tools_returns_empty" time="0.000" /><testcase classname="tests.test_pulse_deep.TestGetConnectedMonitors" name="test_xrandr_disconnected_only" time="0.000" /><testcase classname="tests.test_pulse_deep.TestGetConnectedMonitors" name="test_xrandr_multiple_monitors" time="0.000" /><testcase classname="tests.test_pulse_deep.TestGetConnectedMonitors" name="test_xrandr_single_monitor" time="0.000" /><testcase classname="tests.test_pulse_deep.TestGetConnectedMonitors" name="test_xrandr_ultrawide" time="0.001" /><testcase classname="tests.test_pulse_deep.TestCheckVpnActive" name="test_vpn_active" time="0.001" /><testcase classname="tests.test_pulse_deep.TestCheckVpnActive" name="test_vpn_check_error" time="0.000" /><testcase classname="tests.test_pulse_deep.TestCheckVpnActive" name="test_vpn_not_active" time="0.000" /><testcase classname="tests.test_pulse_deep.TestIsExpectedDBusUnavailable" name="test_access_denied" time="0.000" /><testcase classname="tests.test_pulse_deep.TestIsExpectedDBusUnavailable" name="test_generic_error" time="0.000" /><testcase classname="tests.test_pulse_deep.TestIsExpectedDBusUnavailable" name="test_no_server" time="0.000" /><testcase classname="tests.test_pulse_deep.TestIsExpectedDBusUnavailable" name="test_permission_denied" time="0.000" /><testcase classname="tests.test_pulse_deep.TestIsExpectedDBusUnavailable" name="test_socket_missing" time="0.000" /><testcase classname="tests.test_pulse_deep.TestMonitorInfo" name="test_creation" time="0.000" /><testcase classname="tests.test_pulse_deep.TestMonitorInfo" name="test_ultrawide" time="0.000" /><testcase classname="tests.test_pulse_deep.TestEnums" name="test_network_state_values" time="0.000" /><testcase classname="tests.test_pulse_deep.TestEnums" name="test_power_state_values" time="0.000" /><testcase classname="tests.test_pulse_deep.TestIsAvailable" name="test_available" time="0.000" /><testcase classname="tests.test_pulse_deep.TestIsAvailable" name="test_not_available" time="0.000" /><testcase classname="tests.test_pulse_deeper.TestPowerStateEnum" name="test_values" time="0.000" /><testcase classname="tests.test_pulse_deeper.TestNetworkStateEnum" name="test_values" time="0.000" /><testcase classname="tests.test_pulse_deeper.TestIsExpectedDbusUnavailable" name="test_access_denied" time="0.000" /><testcase classname="tests.test_pulse_deeper.TestIsExpectedDbusUnavailable" name="test_no_such_file" time="0.000" /><testcase classname="tests.test_pulse_deeper.TestIsExpectedDbusUnavailable" name="test_operation_not_permitted" time="0.000" /><testcase classname="tests.test_pulse_deeper.TestIsExpectedDbusUnavailable" name="test_random_error" time="0.000" /><testcase classname="tests.test_pulse_deeper.TestIsExpectedDbusUnavailable" name="test_socket_error" time="0.000" /><testcase classname="tests.test_pulse_deeper.TestGetPowerState" name="test_ac_via_sysfs" time="0.001" /><testcase classname="tests.test_pulse_deeper.TestGetPowerState" name="test_ac_via_upower" time="0.001" /><testcase classname="tests.test_pulse_deeper.TestGetPowerState" name="test_battery_via_sysfs" time="0.001" /><testcase classname="tests.test_pulse_deeper.TestGetPowerState" name="test_battery_via_upower" time="0.000" /><testcase classname="tests.test_pulse_deeper.TestGetPowerState" name="test_unknown_fallback" time="0.001" /><testcase classname="tests.test_pulse_deeper.TestGetBatteryLevel" name="test_no_battery" time="0.001" /><testcase classname="tests.test_pulse_deeper.TestGetBatteryLevel" name="test_via_sysfs" time="0.001" /><testcase classname="tests.test_pulse_deeper.TestGetBatteryLevel" name="test_via_upower" time="0.001" /><testcase classname="tests.test_pulse_deeper.TestGetNetworkState" name="test_connected" time="0.000" /><testcase classname="tests.test_pulse_deeper.TestGetNetworkState" name="test_connecting" time="0.000" /><testcase classname="tests.test_pulse_deeper.TestGetNetworkState" name="test_disconnected" time="0.000" /><testcase classname="tests.test_pulse_deeper.TestGetNetworkState" name="test_fallback" time="0.000" /><testcase classname="tests.test_pulse_deeper.TestGetWifiSsid" name="test_connected" time="0.001" /><testcase classname="tests.test_pulse_deeper.TestGetWifiSsid" name="test_error" time="0.000" /><testcase classname="tests.test_pulse_deeper.TestGetWifiSsid" name="test_not_connected" time="0.000" /><testcase classname="tests.test_pulse_deeper.TestIsPublicWifi" name="test_private" time="0.000" /><testcase classname="tests.test_pulse_deeper.TestIsPublicWifi" name="test_public" time="0.000" /><testcase classname="tests.test_pulse_deeper.TestIsPublicWifi" name="test_starbucks" time="0.000" /><testcase classname="tests.test_pulse_deeper.TestCheckVpnActive" name="test_error" time="0.000" /><testcase classname="tests.test_pulse_deeper.TestCheckVpnActive" name="test_no_vpn" time="0.000" /><testcase classname="tests.test_pulse_deeper.TestCheckVpnActive" name="test_vpn_active" time="0.000" /><testcase classname="tests.test_pulse_deeper.TestGetConnectedMonitors" name="test_kscreen_fallback" time="0.001" /><testcase classname="tests.test_pulse_deeper.TestGetConnectedMonitors" name="test_no_xrandr" time="0.000" /><testcase classname="tests.test_pulse_deeper.TestGetConnectedMonitors" name="test_ultrawide" time="0.000" /><testcase classname="tests.test_pulse_deeper.TestGetConnectedMonitors" name="test_xrandr" time="0.000" /><testcase classname="tests.test_pulse_deeper.TestCreatePulseListener" name="test_creates_tuple" time="0.001" /><testcase classname="tests.test_pulse_extended.TestPowerStateEnum" name="test_ac_value" time="0.000" /><testcase classname="tests.test_pulse_extended.TestPowerStateEnum" name="test_battery_value" time="0.000" /><testcase classname="tests.test_pulse_extended.TestPowerStateEnum" name="test_members_count" time="0.000" /><testcase classname="tests.test_pulse_extended.TestPowerStateEnum" name="test_unknown_value" time="0.000" /><testcase classname="tests.test_pulse_extended.TestNetworkStateEnum" name="test_connected_value" time="0.000" /><testcase classname="tests.test_pulse_extended.TestNetworkStateEnum" name="test_connecting_value" time="0.000" /><testcase classname="tests.test_pulse_extended.TestNetworkStateEnum" name="test_disconnected_value" time="0.000" /><testcase classname="tests.test_pulse_extended.TestMonitorInfoDataclass" name="test_creation" time="0.000" /><testcase classname="tests.test_pulse_extended.TestMonitorInfoDataclass" name="test_ultrawide_flag" time="0.000" /><testcase classname="tests.test_pulse_extended.TestSystemPulseInit" name="test_init_defaults" time="0.000" /><testcase classname="tests.test_pulse_extended.TestSystemPulseInit" name="test_is_available_false" time="0.000" /><testcase classname="tests.test_pulse_extended.TestSystemPulseInit" name="test_is_available_returns_bool" time="0.000" /><testcase classname="tests.test_pulse_extended.TestSystemPulseInit" name="test_is_available_true" time="0.000" /><testcase classname="tests.test_pulse_extended.TestIsExpectedDbusUnavailable" name="test_access_denied" time="0.001" /><testcase classname="tests.test_pulse_extended.TestIsExpectedDbusUnavailable" name="test_dbus_noserver" time="0.001" /><testcase classname="tests.test_pulse_extended.TestIsExpectedDbusUnavailable" name="test_empty_message_returns_false" time="0.000" /><testcase classname="tests.test_pulse_extended.TestIsExpectedDbusUnavailable" name="test_no_such_file" time="0.000" /><testcase classname="tests.test_pulse_extended.TestIsExpectedDbusUnavailable" name="test_operation_not_permitted" time="0.000" /><testcase classname="tests.test_pulse_extended.TestIsExpectedDbusUnavailable" name="test_permission_denied" time="0.000" /><testcase classname="tests.test_pulse_extended.TestIsExpectedDbusUnavailable" name="test_socket_missing" time="0.000" /><testcase classname="tests.test_pulse_extended.TestIsExpectedDbusUnavailable" name="test_unexpected_error_returns_false" time="0.000" /><testcase classname="tests.test_pulse_extended.TestStartWithDbus" name="test_start_expected_dbus_error_uses_polling" time="0.001" /><testcase classname="tests.test_pulse_extended.TestStartWithDbus" name="test_start_registers_and_runs_loop" time="0.002" /><testcase classname="tests.test_pulse_extended.TestStartWithDbus" name="test_start_unexpected_error_uses_polling" time="0.001" /><testcase classname="tests.test_pulse_extended.TestStartWithoutDbus" name="test_start_falls_back_to_polling" time="0.001" /><testcase classname="tests.test_pulse_extended.TestStop" name="test_stop_with_loop" time="0.001" /><testcase classname="tests.test_pulse_extended.TestStop" name="test_stop_without_loop" time="0.000" /><testcase classname="tests.test_pulse_extended.TestRegisterUpowerSignals" name="test_dbus_exception_handled" time="0.001" /><testcase classname="tests.test_pulse_extended.TestRegisterUpowerSignals" name="test_no_system_bus_returns_early" time="0.000" /><testcase classname="tests.test_pulse_extended.TestRegisterUpowerSignals" name="test_registers_two_signal_receivers" time="0.001" /><testcase classname="tests.test_pulse_extended.TestOnUpowerPropertiesChanged" name="test_no_emit_when_state_unchanged" time="0.000" /><testcase classname="tests.test_pulse_extended.TestOnUpowerPropertiesChanged" name="test_no_on_battery_key_does_nothing" time="0.000" /><testcase classname="tests.test_pulse_extended.TestOnUpowerPropertiesChanged" name="test_on_battery_false_emits_ac" time="0.001" /><testcase classname="tests.test_pulse_extended.TestOnUpowerPropertiesChanged" name="test_on_battery_true_emits_battery" time="0.001" /><testcase classname="tests.test_pulse_extended.TestOnBatteryPropertiesChanged" name="test_no_percentage_key_does_nothing" time="0.000" /><testcase classname="tests.test_pulse_extended.TestOnBatteryPropertiesChanged" name="test_percentage_emits_level" time="0.000" /><testcase classname="tests.test_pulse_extended.TestGetPowerState" name="test_sysfs_ac0_battery" time="0.001" /><testcase classname="tests.test_pulse_extended.TestGetPowerState" name="test_sysfs_ac0_online" time="0.001" /><testcase classname="tests.test_pulse_extended.TestGetPowerState" name="test_sysfs_ac_path" time="0.001" /><testcase classname="tests.test_pulse_extended.TestGetPowerState" name="test_sysfs_acad_path" time="0.001" /><testcase classname="tests.test_pulse_extended.TestGetPowerState" name="test_sysfs_read_exception_returns_unknown" time="0.001" /><testcase classname="tests.test_pulse_extended.TestGetPowerState" name="test_unknown_when_all_fail" time="0.001" /><testcase classname="tests.test_pulse_extended.TestGetPowerState" name="test_upower_ac_online_no" time="0.000" /><testcase classname="tests.test_pulse_extended.TestGetPowerState" name="test_upower_ac_online_yes" time="0.000" /><testcase classname="tests.test_pulse_extended.TestGetPowerState" name="test_upower_no_online_line_falls_to_unknown" time="0.001" /><testcase classname="tests.test_pulse_extended.TestGetBatteryLevel" name="test_no_battery_returns_minus_one" time="0.001" /><testcase classname="tests.test_pulse_extended.TestGetBatteryLevel" name="test_sysfs_bat0" time="0.001" /><testcase classname="tests.test_pulse_extended.TestGetBatteryLevel" name="test_sysfs_bat1" time="0.001" /><testcase classname="tests.test_pulse_extended.TestGetBatteryLevel" name="test_sysfs_read_exception_returns_minus_one" time="0.001" /><testcase classname="tests.test_pulse_extended.TestGetBatteryLevel" name="test_upower_no_percentage_falls_to_minus_one" time="0.001" /><testcase classname="tests.test_pulse_extended.TestGetBatteryLevel" name="test_upower_parses_percentage" time="0.000" /><testcase classname="tests.test_pulse_extended.TestRegisterNetworkManagerSignals" name="test_dbus_exception_handled" time="0.001" /><testcase classname="tests.test_pulse_extended.TestRegisterNetworkManagerSignals" name="test_no_system_bus_returns_early" time="0.000" /><testcase classname="tests.test_pulse_extended.TestRegisterNetworkManagerSignals" name="test_registers_two_receivers" time="0.001" /><testcase classname="tests.test_pulse_extended.TestGetNetworkState" name="test_connected" time="0.001" /><testcase classname="tests.test_pulse_extended.TestGetNetworkState" name="test_connected_site_only" time="0.001" /><testcase classname="tests.test_pulse_extended.TestGetNetworkState" name="test_connecting" time="0.001" /><testcase classname="tests.test_pulse_extended.TestGetNetworkState" name="test_disconnected" time="0.001" /><testcase classname="tests.test_pulse_extended.TestGetNetworkState" name="test_error_returns_disconnected" time="0.001" /><testcase classname="tests.test_pulse_extended.TestGetNetworkState" name="test_unknown_state_string_returns_disconnected" time="0.001" /><testcase classname="tests.test_pulse_extended.TestOnNmStateChanged" name="test_connected_emits_all_signals" time="0.001" /><testcase classname="tests.test_pulse_extended.TestOnNmStateChanged" name="test_connected_no_ssid_skips_wifi_emit" time="0.001" /><testcase classname="tests.test_pulse_extended.TestOnNmStateChanged" name="test_connecting_state" time="0.001" /><testcase classname="tests.test_pulse_extended.TestOnNmStateChanged" name="test_disconnected_state" time="0.001" /><testcase classname="tests.test_pulse_extended.TestOnNmStateChanged" name="test_no_emit_when_unchanged" time="0.001" /><testcase classname="tests.test_pulse_extended.TestOnNmStateChanged" name="test_state_less_than_50_is_disconnected" time="0.001" /><testcase classname="tests.test_pulse_extended.TestOnNmPropertiesChanged" name="test_active_connections_triggers_vpn_check" time="0.001" /><testcase classname="tests.test_pulse_extended.TestOnNmPropertiesChanged" name="test_active_connections_vpn_false" time="0.001" /><testcase classname="tests.test_pulse_extended.TestOnNmPropertiesChanged" name="test_no_active_connections_key_does_nothing" time="0.000" /><testcase classname="tests.test_pulse_extended.TestCheckVpnActive" name="test_empty_output" time="0.001" /><testcase classname="tests.test_pulse_extended.TestCheckVpnActive" name="test_error_returns_false" time="0.000" /><testcase classname="tests.test_pulse_extended.TestCheckVpnActive" name="test_no_vpn" time="0.000" /><testcase classname="tests.test_pulse_extended.TestCheckVpnActive" name="test_vpn_deactivated_still_matches_substring" time="0.000" /><testcase classname="tests.test_pulse_extended.TestCheckVpnActive" name="test_vpn_deactivating_not_matched" time="0.000" /><testcase classname="tests.test_pulse_extended.TestCheckVpnActive" name="test_vpn_detected" time="0.001" /><testcase classname="tests.test_pulse_extended.TestGetWifiSsid" name="test_empty_output" time="0.001" /><testcase classname="tests.test_pulse_extended.TestGetWifiSsid" name="test_returns_active_ssid" time="0.000" /><testcase classname="tests.test_pulse_extended.TestGetWifiSsid" name="test_returns_empty_on_error" time="0.000" /><testcase classname="tests.test_pulse_extended.TestGetWifiSsid" name="test_returns_empty_when_none_active" time="0.000" /><testcase classname="tests.test_pulse_extended.TestGetWifiSsid" name="test_ssid_with_colon" time="0.000" /><testcase classname="tests.test_pulse_extended.TestIsPublicWifi" name="test_airport" time="0.000" /><testcase classname="tests.test_pulse_extended.TestIsPublicWifi" name="test_cafe" time="0.000" /><testcase classname="tests.test_pulse_extended.TestIsPublicWifi" name="test_coffee" time="0.000" /><testcase classname="tests.test_pulse_extended.TestIsPublicWifi" name="test_empty_not_public" time="0.000" /><testcase classname="tests.test_pulse_extended.TestIsPublicWifi" name="test_free" time="0.000" /><testcase classname="tests.test_pulse_extended.TestIsPublicWifi" name="test_guest" time="0.000" /><testcase classname="tests.test_pulse_extended.TestIsPublicWifi" name="test_home_not_public" time="0.000" /><testcase classname="tests.test_pulse_extended.TestIsPublicWifi" name="test_hotel" time="0.000" /><testcase classname="tests.test_pulse_extended.TestIsPublicWifi" name="test_library" time="0.000" /><testcase classname="tests.test_pulse_extended.TestIsPublicWifi" name="test_mcdonalds" time="0.000" /><testcase classname="tests.test_pulse_extended.TestIsPublicWifi" name="test_open" time="0.000" /><testcase classname="tests.test_pulse_extended.TestIsPublicWifi" name="test_public" time="0.000" /><testcase classname="tests.test_pulse_extended.TestIsPublicWifi" name="test_starbucks" time="0.000" /><testcase classname="tests.test_pulse_extended.TestRegisterMonitorSignals" name="test_both_kde_and_gnome_fail" time="0.001" /><testcase classname="tests.test_pulse_extended.TestRegisterMonitorSignals" name="test_kde_fails_gnome_succeeds" time="0.001" /><testcase classname="tests.test_pulse_extended.TestRegisterMonitorSignals" name="test_kde_registration_success" time="0.001" /><testcase classname="tests.test_pulse_extended.TestRegisterMonitorSignals" name="test_no_system_bus_returns_early" time="0.000" /><testcase classname="tests.test_pulse_extended.TestGetConnectedMonitors" name="test_all_failures_return_empty" time="0.001" /><testcase classname="tests.test_pulse_extended.TestGetConnectedMonitors" name="test_kscreen_doctor_fallback" time="0.001" /><testcase classname="tests.test_pulse_extended.TestGetConnectedMonitors" name="test_kscreen_doctor_index_error_in_resolution" time="0.000" /><testcase classname="tests.test_pulse_extended.TestGetConnectedMonitors" name="test_kscreen_doctor_value_error_in_resolution" time="0.000" /><testcase classname="tests.test_pulse_extended.TestGetConnectedMonitors" name="test_kscreen_single_output_no_trailing" time="0.000" /><testcase classname="tests.test_pulse_extended.TestGetConnectedMonitors" name="test_kscreen_ultrawide_detection" time="0.001" /><testcase classname="tests.test_pulse_extended.TestGetConnectedMonitors" name="test_xrandr_disconnected_not_included" time="0.000" /><testcase classname="tests.test_pulse_extended.TestGetConnectedMonitors" name="test_xrandr_exception_then_kscreen_exception" time="0.000" /><testcase classname="tests.test_pulse_extended.TestGetConnectedMonitors" name="test_xrandr_no_resolution" time="0.000" /><testcase classname="tests.test_pulse_extended.TestGetConnectedMonitors" name="test_xrandr_parses_dual_monitors" time="0.000" /><testcase classname="tests.test_pulse_extended.TestGetConnectedMonitors" name="test_xrandr_ultrawide" time="0.000" /><testcase classname="tests.test_pulse_extended.TestGetConnectedMonitors" name="test_xrandr_value_error_in_resolution_continues" time="0.000" /><testcase classname="tests.test_pulse_extended.TestOnMonitorChanged" name="test_emits_laptop_only" time="0.001" /><testcase classname="tests.test_pulse_extended.TestOnMonitorChanged" name="test_emits_ultrawide_event" time="0.001" /><testcase classname="tests.test_pulse_extended.TestOnMonitorChanged" name="test_multiple_non_ultrawide_no_laptop_event" time="0.001" /><testcase classname="tests.test_pulse_extended.TestOnMonitorChanged" name="test_no_emit_when_count_unchanged" time="0.000" /><testcase classname="tests.test_pulse_extended.TestOnMonitorChanged" name="test_zero_monitors" time="0.001" /><testcase classname="tests.test_pulse_extended.TestRunPollingFallback" name="test_polling_emits_on_state_changes" time="0.002" /><testcase classname="tests.test_pulse_extended.TestRunPollingFallback" name="test_polling_handles_exception" time="0.001" /><testcase classname="tests.test_pulse_extended.TestRunPollingFallback" name="test_polling_no_emit_when_unchanged" time="0.001" /><testcase classname="tests.test_pulse_extended.TestPulseThread" name="test_run_calls_pulse_start" time="0.001" /><testcase classname="tests.test_pulse_extended.TestPulseThread" name="test_stop_calls_pulse_stop_and_quit" time="0.001" /><testcase classname="tests.test_pulse_extended.TestPulseThread" name="test_thread_init" time="0.000" /><testcase classname="tests.test_pulse_extended.TestCreatePulseListener" name="test_returns_pulse_and_thread" time="0.000" /><testcase classname="tests.test_pulse_extended.TestDbusAvailabilityFlag" name="test_dbus_available_is_bool" time="0.000" /><testcase classname="tests.test_pulse_system.TestSystemPulse" name="test_dbus_availability_check" time="0.000" /><testcase classname="tests.test_pulse_system.TestSystemPulse" name="test_get_battery_level" time="0.000" /><testcase classname="tests.test_pulse_system.TestSystemPulse" name="test_get_connected_monitors" time="0.001" /><testcase classname="tests.test_pulse_system.TestSystemPulse" name="test_get_network_state_connected" time="0.000" /><testcase classname="tests.test_pulse_system.TestSystemPulse" name="test_get_network_state_disconnected" time="0.000" /><testcase classname="tests.test_pulse_system.TestSystemPulse" name="test_get_power_state_ac" time="0.000" /><testcase classname="tests.test_pulse_system.TestSystemPulse" name="test_get_power_state_battery" time="0.001" /><testcase classname="tests.test_pulse_system.TestSystemPulse" name="test_get_wifi_ssid" time="0.001" /><testcase classname="tests.test_pulse_system.TestSystemPulse" name="test_is_public_wifi_detection" time="0.000" /><testcase classname="tests.test_pulse_system.TestFocusMode" name="test_default_blocked_domains" time="0.001" /><testcase classname="tests.test_pulse_system.TestFocusMode" name="test_delete_profile" time="0.001" /><testcase classname="tests.test_pulse_system.TestFocusMode" name="test_ensure_config_creates_default" time="0.000" /><testcase classname="tests.test_pulse_system.TestFocusMode" name="test_get_profile" time="0.000" /><testcase classname="tests.test_pulse_system.TestFocusMode" name="test_is_active_default_false" time="0.000" /><testcase classname="tests.test_pulse_system.TestFocusMode" name="test_list_profiles" time="0.000" /><testcase classname="tests.test_pulse_system.TestFocusMode" name="test_remove_focus_entries_from_hosts" time="0.000" /><testcase classname="tests.test_pulse_system.TestFocusMode" name="test_save_and_load_profile" time="0.001" /><testcase classname="tests.test_pulse_system.TestAutomationProfiles" name="test_action_set_power_profile" time="0.001" /><testcase classname="tests.test_pulse_system.TestAutomationProfiles" name="test_add_rule" time="0.001" /><testcase classname="tests.test_pulse_system.TestAutomationProfiles" name="test_create_battery_saver_preset" time="0.001" /><testcase classname="tests.test_pulse_system.TestAutomationProfiles" name="test_delete_rule" time="0.000" /><testcase classname="tests.test_pulse_system.TestAutomationProfiles" name="test_enable_rule" time="0.001" /><testcase classname="tests.test_pulse_system.TestAutomationProfiles" name="test_ensure_config_creates_file" time="0.000" /><testcase classname="tests.test_pulse_system.TestAutomationProfiles" name="test_execute_rules_when_disabled" time="0.000" /><testcase classname="tests.test_pulse_system.TestAutomationProfiles" name="test_get_rules_for_trigger" time="0.001" /><testcase classname="tests.test_pulse_system.TestAutomationProfiles" name="test_is_enabled_default_true" time="0.000" /><testcase classname="tests.test_pulse_system.TestAutomationProfiles" name="test_set_enabled" time="0.001" /><testcase classname="tests.test_pulse_system.TestTriggerTypes" name="test_action_types_values" time="0.000" /><testcase classname="tests.test_pulse_system.TestTriggerTypes" name="test_trigger_types_values" time="0.000" /><testcase classname="tests.test_quick_actions.TestQuickAction" name="test_callback_callable" time="0.000" /><testcase classname="tests.test_quick_actions.TestQuickAction" name="test_create" time="0.000" /><testcase classname="tests.test_quick_actions.TestQuickAction" name="test_default_keywords" time="0.000" /><testcase classname="tests.test_quick_actions.TestQuickAction" name="test_keywords_list" time="0.000" /><testcase classname="tests.test_quick_actions.TestQuickActionRegistry" name="test_get_by_category" time="0.000" /><testcase classname="tests.test_quick_actions.TestQuickActionRegistry" name="test_get_by_category_case_insensitive" time="0.000" /><testcase classname="tests.test_quick_actions.TestQuickActionRegistry" name="test_get_by_category_empty" time="0.000" /><testcase classname="tests.test_quick_actions.TestQuickActionRegistry" name="test_register" time="0.000" /><testcase classname="tests.test_quick_actions.TestQuickActionRegistry" name="test_register_multiple" time="0.000" /><testcase classname="tests.test_quick_actions.TestQuickActionRegistry" name="test_register_no_duplicates" time="0.000" /><testcase classname="tests.test_quick_actions.TestQuickActionRegistry" name="test_search_by_description" time="0.000" /><testcase classname="tests.test_quick_actions.TestQuickActionRegistry" name="test_search_by_keyword" time="0.000" /><testcase classname="tests.test_quick_actions.TestQuickActionRegistry" name="test_search_by_name" time="0.000" /><testcase classname="tests.test_quick_actions.TestQuickActionRegistry" name="test_search_case_insensitive" time="0.000" /><testcase classname="tests.test_quick_actions.TestQuickActionRegistry" name="test_search_empty_query" time="0.000" /><testcase classname="tests.test_quick_actions.TestQuickActionRegistry" name="test_singleton" time="0.000" /><testcase classname="tests.test_quick_actions.TestQuickActionRegistry" name="test_unregister" time="0.000" /><testcase classname="tests.test_quick_actions.TestQuickActionRegistry" name="test_unregister_nonexistent" time="0.000" /><testcase classname="tests.test_quick_actions.TestRecentActions" name="test_get_recent" time="0.000" /><testcase classname="tests.test_quick_actions.TestRecentActions" name="test_mark_used" time="0.000" /><testcase classname="tests.test_quick_actions.TestRecentActions" name="test_mark_used_promotes" time="0.000" /><testcase classname="tests.test_quick_actions.TestRecentActions" name="test_recent_max_10" time="0.000" /><testcase classname="tests.test_quick_actions.TestRecentActions" name="test_search_recent_first" time="0.000" /><testcase classname="tests.test_quick_actions.TestRegisterDefaults" name="test_default_actions_have_callbacks" time="0.000" /><testcase classname="tests.test_quick_actions.TestRegisterDefaults" name="test_default_categories" time="0.000" /><testcase classname="tests.test_quick_actions.TestRegisterDefaults" name="test_default_count" time="0.000" /><testcase classname="tests.test_quick_actions.TestRegisterDefaults" name="test_registers_actions" time="0.000" /><testcase classname="tests.test_quick_actions_config.TestQuickActionsConfig" name="test_default_actions_clean_cache" time="0.000" /><testcase classname="tests.test_quick_actions_config.TestQuickActionsConfig" name="test_default_actions_has_four" time="0.000" /><testcase classname="tests.test_quick_actions_config.TestQuickActionsConfig" name="test_default_actions_ids_unique" time="0.000" /><testcase classname="tests.test_quick_actions_config.TestQuickActionsConfig" name="test_default_actions_structure" time="0.000" /><testcase classname="tests.test_quick_actions_config.TestQuickActionsConfig" name="test_default_actions_update_all" time="0.000" /><testcase classname="tests.test_quick_actions_config.TestQuickActionsConfig" name="test_get_actions_empty_file_returns_defaults" time="0.001" /><testcase classname="tests.test_quick_actions_config.TestQuickActionsConfig" name="test_get_actions_from_file" time="0.001" /><testcase classname="tests.test_quick_actions_config.TestQuickActionsConfig" name="test_get_actions_invalid_json" time="0.001" /><testcase classname="tests.test_quick_actions_config.TestQuickActionsConfig" name="test_get_actions_no_file" time="0.000" /><testcase classname="tests.test_quick_actions_config.TestQuickActionsConfig" name="test_reset_to_defaults" time="0.000" /><testcase classname="tests.test_quick_actions_config.TestQuickActionsConfig" name="test_set_actions_handles_error" time="0.001" /><testcase classname="tests.test_quick_actions_config.TestQuickActionsConfig" name="test_set_actions_saves" time="0.002" /><testcase classname="tests.test_quick_actions_config.TestQuickActionsConfig" name="test_validate_action_empty" time="0.000" /><testcase classname="tests.test_quick_actions_config.TestQuickActionsConfig" name="test_validate_action_missing_field" time="0.000" /><testcase classname="tests.test_quick_actions_config.TestQuickActionsConfig" name="test_validate_action_valid" time="0.000" /><testcase classname="tests.test_rate_limiter" name="test_wait_respects_timeout_boundary" time="0.201" /><testcase classname="tests.test_rate_limiter" name="test_parallel_waits_complete_without_spin_errors" time="0.302" /><testcase classname="tests.test_rate_limiter" name="test_wait_immediate_when_tokens_already_available" time="0.000" /><testcase classname="tests.test_rate_limiter" name="test_available_tokens_is_bounded_by_capacity" time="0.010" /><testcase classname="tests.test_release_doc_check" name="test_release_doc_check_passes_when_required_files_exist" time="0.002" /><testcase classname="tests.test_release_doc_check" name="test_release_doc_check_requires_release_notes" time="0.001" /><testcase classname="tests.test_release_doc_check" name="test_release_doc_check_supports_legacy_root_release_notes" time="0.001" /><testcase classname="tests.test_release_doc_check" name="test_release_doc_check_require_logs_flags_missing_artifacts" time="0.002" /><testcase classname="tests.test_release_doc_check" name="test_release_doc_check_catches_pyproject_version_mismatch" time="0.002" /><testcase classname="tests.test_release_doc_check" name="test_release_doc_check_passes_without_pyproject" time="0.001" /><testcase classname="tests.test_release_doc_check" name="test_release_doc_check_catches_hardcoded_version_in_tests" time="0.001" /><testcase classname="tests.test_release_doc_check" name="test_release_doc_check_catches_hardcoded_codename_in_tests" time="0.001" /><testcase classname="tests.test_release_doc_check" name="test_release_doc_check_allows_dynamic_version_tests" time="0.001" /><testcase classname="tests.test_report_exporter.TestReportExporter" name="test_export_html_all_fields" time="0.000" /><testcase classname="tests.test_report_exporter.TestReportExporter" name="test_export_html_contains_style" time="0.000" /><testcase classname="tests.test_report_exporter.TestReportExporter" name="test_export_html_structure" time="0.000" /><testcase classname="tests.test_report_exporter.TestReportExporter" name="test_export_markdown_all_fields" time="0.000" /><testcase classname="tests.test_report_exporter.TestReportExporter" name="test_export_markdown_missing_fields" time="0.000" /><testcase classname="tests.test_report_exporter.TestReportExporter" name="test_export_markdown_structure" time="0.000" /><testcase classname="tests.test_report_exporter.TestReportExporter" name="test_gather_system_info" time="0.001" /><testcase classname="tests.test_report_exporter.TestReportExporter" name="test_save_report_auto_gathers" time="0.001" /><testcase classname="tests.test_report_exporter.TestReportExporter" name="test_save_report_html" time="0.000" /><testcase classname="tests.test_report_exporter.TestReportExporter" name="test_save_report_markdown" time="0.000" /><testcase classname="tests.test_risk.TestRiskLevel" name="test_all_levels" time="0.000" /><testcase classname="tests.test_risk.TestRiskLevel" name="test_values" time="0.000" /><testcase classname="tests.test_risk.TestRiskEntry" name="test_basic_entry" time="0.000" /><testcase classname="tests.test_risk.TestRiskEntry" name="test_frozen" time="0.000" /><testcase classname="tests.test_risk.TestRiskEntry" name="test_full_entry" time="0.000" /><testcase classname="tests.test_risk.TestRiskRegistry" name="test_all_high_risk_actions_documented" time="0.001" /><testcase classname="tests.test_risk.TestRiskRegistry" name="test_display_scaling_is_low" time="0.000" /><testcase classname="tests.test_risk.TestRiskRegistry" name="test_extension_install_is_medium" time="0.000" /><testcase classname="tests.test_risk.TestRiskRegistry" name="test_flatpak_cleanup_is_low" time="0.000" /><testcase classname="tests.test_risk.TestRiskRegistry" name="test_get_actions_by_level_high" time="0.000" /><testcase classname="tests.test_risk.TestRiskRegistry" name="test_get_actions_by_level_low" time="0.000" /><testcase classname="tests.test_risk.TestRiskRegistry" name="test_get_all_actions" time="0.000" /><testcase classname="tests.test_risk.TestRiskRegistry" name="test_get_revert_instructions" time="0.000" /><testcase classname="tests.test_risk.TestRiskRegistry" name="test_get_revert_instructions_none" time="0.000" /><testcase classname="tests.test_risk.TestRiskRegistry" name="test_get_risk_known_action" time="0.000" /><testcase classname="tests.test_risk.TestRiskRegistry" name="test_get_risk_unknown_action" time="0.000" /><testcase classname="tests.test_risk.TestRiskRegistry" name="test_grub_apply_is_high" time="0.000" /><testcase classname="tests.test_risk.TestRiskRegistry" name="test_grub_set_timeout_has_revert" time="0.000" /><testcase classname="tests.test_risk.TestRiskRegistry" name="test_singleton" time="0.000" /><testcase classname="tests.test_risk.TestRiskRegistry" name="test_snapshot_create_is_low" time="0.000" /><testcase classname="tests.test_risk.TestRiskRegistry" name="test_snapshot_delete_is_medium" time="0.000" /><testcase classname="tests.test_risk.TestRiskRegistry" name="test_snapshot_restore_is_high" time="0.000" /><testcase classname="tests.test_risk.TestRiskRegistry" name="test_update_rollback_is_high" time="0.000" /><testcase classname="tests.test_safety.TestSafety" name="test_check_dnf_lock" time="0.001" /><testcase classname="tests.test_safety.TestSafety" name="test_check_snapshot_tool" time="0.001" /><testcase classname="tests.test_safety.TestHistory" name="test_log_and_undo" time="0.001" /><testcase classname="tests.test_safety_extended.TestCheckDnfLock" name="test_locked_when_pgrep_finds_process" time="0.001" /><testcase classname="tests.test_safety_extended.TestCheckDnfLock" name="test_locked_when_pid_file_exists" time="0.001" /><testcase classname="tests.test_safety_extended.TestCheckDnfLock" name="test_not_locked_pgrep_syntax_error" time="0.001" /><testcase classname="tests.test_safety_extended.TestCheckDnfLock" name="test_not_locked_when_nothing_running" time="0.001" /><testcase classname="tests.test_safety_extended.TestCheckDnfLock" name="test_pgrep_called_with_correct_timeout" time="0.001" /><testcase classname="tests.test_safety_extended.TestCheckDnfLock" name="test_pgrep_pattern_matches_dnf_yum_rpm" time="0.001" /><testcase classname="tests.test_safety_extended.TestCheckDnfLock" name="test_pgrep_stdout_stderr_devnull" time="0.001" /><testcase classname="tests.test_safety_extended.TestCheckDnfLock" name="test_pid_file_short_circuits_pgrep" time="0.000" /><testcase classname="tests.test_safety_extended.TestCheckDnfLock" name="test_return_type_is_bool" time="0.000" /><testcase classname="tests.test_safety_extended.TestCheckSnapshotTool" name="test_checks_timeshift_before_snapper" time="0.000" /><testcase classname="tests.test_safety_extended.TestCheckSnapshotTool" name="test_return_type_is_string_or_none" time="0.000" /><testcase classname="tests.test_safety_extended.TestCheckSnapshotTool" name="test_returns_none_when_no_tool" time="0.000" /><testcase classname="tests.test_safety_extended.TestCheckSnapshotTool" name="test_returns_snapper_when_only_snapper" time="0.000" /><testcase classname="tests.test_safety_extended.TestCheckSnapshotTool" name="test_returns_timeshift_when_only_timeshift" time="0.000" /><testcase classname="tests.test_safety_extended.TestCheckSnapshotTool" name="test_timeshift_preferred_over_snapper" time="0.000" /><testcase classname="tests.test_safety_extended.TestCreateSnapshot" name="test_check_true_passed" time="0.001" /><testcase classname="tests.test_safety_extended.TestCreateSnapshot" name="test_comment_with_special_characters" time="0.434" /><testcase classname="tests.test_safety_extended.TestCreateSnapshot" name="test_empty_tool_returns_false" time="0.001" /><testcase classname="tests.test_safety_extended.TestCreateSnapshot" name="test_none_tool_returns_false" time="0.000" /><testcase classname="tests.test_safety_extended.TestCreateSnapshot" name="test_snapper_default_comment" time="0.001" /><testcase classname="tests.test_safety_extended.TestCreateSnapshot" name="test_snapper_no_shell_true" time="0.000" /><testcase classname="tests.test_safety_extended.TestCreateSnapshot" name="test_snapper_snapshot_failure" time="0.000" /><testcase classname="tests.test_safety_extended.TestCreateSnapshot" name="test_snapper_snapshot_success" time="0.000" /><testcase classname="tests.test_safety_extended.TestCreateSnapshot" name="test_snapper_uses_pkexec" time="0.000" /><testcase classname="tests.test_safety_extended.TestCreateSnapshot" name="test_timeout_is_600_seconds" time="0.001" /><testcase classname="tests.test_safety_extended.TestCreateSnapshot" name="test_timeshift_default_comment" time="0.000" /><testcase classname="tests.test_safety_extended.TestCreateSnapshot" name="test_timeshift_snapshot_failure" time="0.000" /><testcase classname="tests.test_safety_extended.TestCreateSnapshot" name="test_timeshift_snapshot_success" time="0.000" /><testcase classname="tests.test_safety_extended.TestCreateSnapshot" name="test_timeshift_tag_is_daily" time="0.000" /><testcase classname="tests.test_safety_extended.TestCreateSnapshot" name="test_timeshift_uses_pkexec" time="0.000" /><testcase classname="tests.test_safety_extended.TestCreateSnapshot" name="test_unknown_tool_returns_false" time="0.000" /><testcase classname="tests.test_safety_extended.TestConfirmAction" name="test_cancel_returns_false" time="0.002" /><testcase classname="tests.test_safety_extended.TestConfirmAction" name="test_continue_without_snapshot_returns_true" time="0.002" /><testcase classname="tests.test_safety_extended.TestConfirmAction" name="test_create_snapshot_receives_correct_tool" time="0.002" /><testcase classname="tests.test_safety_extended.TestConfirmAction" name="test_default_button_cancel_when_no_tool" time="0.002" /><testcase classname="tests.test_safety_extended.TestConfirmAction" name="test_default_button_snapshot_when_tool_available" time="0.002" /><testcase classname="tests.test_safety_extended.TestConfirmAction" name="test_dialog_icon_is_warning" time="0.003" /><testcase classname="tests.test_safety_extended.TestConfirmAction" name="test_dialog_text_contains_description" time="0.002" /><testcase classname="tests.test_safety_extended.TestConfirmAction" name="test_dialog_title_is_safety_check" time="0.002" /><testcase classname="tests.test_safety_extended.TestConfirmAction" name="test_exec_called_on_dialog" time="0.002" /><testcase classname="tests.test_safety_extended.TestConfirmAction" name="test_informative_text_mentions_snapshot" time="0.002" /><testcase classname="tests.test_safety_extended.TestConfirmAction" name="test_no_snapshot_button_when_no_tool" time="0.002" /><testcase classname="tests.test_safety_extended.TestConfirmAction" name="test_parent_disabled_during_snapshot" time="0.003" /><testcase classname="tests.test_safety_extended.TestConfirmAction" name="test_parent_reenabled_after_failed_snapshot" time="0.002" /><testcase classname="tests.test_safety_extended.TestConfirmAction" name="test_snapshot_and_continue_success" time="0.002" /><testcase classname="tests.test_safety_extended.TestConfirmAction" name="test_snapshot_button_added_when_tool_available" time="0.002" /><testcase classname="tests.test_safety_extended.TestConfirmAction" name="test_snapshot_button_label_contains_tool_name" time="0.002" /><testcase classname="tests.test_safety_extended.TestConfirmAction" name="test_snapshot_comment_derives_from_description" time="0.002" /><testcase classname="tests.test_safety_extended.TestConfirmAction" name="test_snapshot_failure_shows_warning" time="0.002" /><testcase classname="tests.test_safety_extended.TestConfirmAction" name="test_snapshot_failure_still_returns_true" time="0.002" /><testcase classname="tests.test_safety_extended.TestConfirmAction" name="test_snapshot_success_shows_information_dialog" time="0.002" /><testcase classname="tests.test_sandbox.TestDetection" name="test_bubblewrap_installed" time="0.000" /><testcase classname="tests.test_sandbox.TestDetection" name="test_bubblewrap_not_installed" time="0.000" /><testcase classname="tests.test_sandbox.TestDetection" name="test_firejail_installed" time="0.000" /><testcase classname="tests.test_sandbox.TestDetection" name="test_firejail_not_installed" time="0.000" /><testcase classname="tests.test_sandbox.TestRunSandboxed" name="test_run_sandboxed_basic" time="0.001" /><testcase classname="tests.test_sandbox.TestRunSandboxed" name="test_run_sandboxed_exception" time="0.000" /><testcase classname="tests.test_sandbox.TestRunSandboxed" name="test_run_sandboxed_firejail_not_installed" time="0.000" /><testcase classname="tests.test_sandbox.TestRunSandboxed" name="test_run_sandboxed_no_network" time="0.000" /><testcase classname="tests.test_sandbox.TestRunSandboxed" name="test_run_sandboxed_private_home" time="0.001" /><testcase classname="tests.test_sandbox.TestListProfiles" name="test_list_profiles_filters_profiles" time="0.001" /><testcase classname="tests.test_sandbox.TestListProfiles" name="test_list_profiles_no_firejail" time="0.000" /><testcase classname="tests.test_sandbox.TestCreateDesktopEntry" name="test_create_desktop_entry_no_firejail" time="0.001" /><testcase classname="tests.test_sandbox.TestCreateDesktopEntry" name="test_create_desktop_entry_success" time="0.002" /><testcase classname="tests.test_sandbox.TestGetSandboxStatus" name="test_sandbox_status_firejail_detected" time="0.001" /><testcase classname="tests.test_sandbox.TestGetSandboxStatus" name="test_sandbox_status_process_not_running" time="0.000" /><testcase classname="tests.test_sandbox.TestBubblewrapManager" name="test_is_installed" time="0.000" /><testcase classname="tests.test_sandbox.TestBubblewrapManager" name="test_run_minimal_sandbox_not_installed" time="0.000" /><testcase classname="tests.test_sandbox.TestBubblewrapManager" name="test_run_minimal_sandbox_success" time="0.001" /><testcase classname="tests.test_sandbox.TestPluginIsolationManager" name="test_can_enforce_mode_advisory_always_true" time="0.000" /><testcase classname="tests.test_sandbox.TestPluginIsolationManager" name="test_can_enforce_mode_os_with_bwrap" time="0.000" /><testcase classname="tests.test_sandbox.TestPluginIsolationManager" name="test_can_enforce_mode_os_without_bwrap" time="0.000" /><testcase classname="tests.test_sandbox.TestPluginIsolationManager" name="test_can_enforce_mode_process_with_firejail" time="0.000" /><testcase classname="tests.test_sandbox.TestPluginIsolationManager" name="test_can_enforce_mode_process_without_tools" time="0.000" /><testcase classname="tests.test_sandbox.TestPluginIsolationManager" name="test_enforce_policy_failure_path" time="0.000" /><testcase classname="tests.test_sandbox.TestPluginIsolationManager" name="test_enforce_policy_success_path" time="0.000" /><testcase classname="tests.test_sandbox_deep.TestRestrictedImporterDeep" name="test_allow_with_both_permissions" time="0.000" /><testcase classname="tests.test_sandbox_deep.TestRestrictedImporterDeep" name="test_block_aiohttp_without_network" time="0.000" /><testcase classname="tests.test_sandbox_deep.TestRestrictedImporterDeep" name="test_block_httpx_without_network" time="0.000" /><testcase classname="tests.test_sandbox_deep.TestRestrictedImporterDeep" name="test_block_os_system_without_subprocess" time="0.000" /><testcase classname="tests.test_sandbox_deep.TestRestrictedImporterDeep" name="test_block_requests_without_network" time="0.000" /><testcase classname="tests.test_sandbox_deep.TestRestrictedImporterDeep" name="test_find_spec_with_extra_args" time="0.000" /><testcase classname="tests.test_sandbox_deep.TestSandboxWrapSubprocessDeep" name="test_allowed_non_privileged_commands" time="0.001" /><testcase classname="tests.test_sandbox_deep.TestSandboxWrapSubprocessDeep" name="test_block_doas_without_sudo" time="0.001" /><testcase classname="tests.test_sandbox_deep.TestSandboxWrapSubprocessDeep" name="test_block_su_without_sudo" time="0.001" /><testcase classname="tests.test_sandbox_deep.TestSandboxWrapSubprocessDeep" name="test_check_call_blocked_without_permission" time="0.001" /><testcase classname="tests.test_sandbox_deep.TestSandboxWrapSubprocessDeep" name="test_check_call_privileged_blocked" time="0.001" /><testcase classname="tests.test_sandbox_deep.TestSandboxWrapSubprocessDeep" name="test_check_output_blocked_without_permission" time="0.001" /><testcase classname="tests.test_sandbox_deep.TestSandboxWrapSubprocessDeep" name="test_check_output_privileged_blocked" time="0.001" /><testcase classname="tests.test_sandbox_deep.TestSandboxWrapSubprocessDeep" name="test_empty_command" time="0.001" /><testcase classname="tests.test_sandbox_deep.TestSandboxWrapSubprocessDeep" name="test_non_string_non_list_command" time="0.001" /><testcase classname="tests.test_sandbox_deep.TestSandboxWrapSubprocessDeep" name="test_popen_blocked_without_permission" time="0.001" /><testcase classname="tests.test_sandbox_deep.TestSandboxWrapSubprocessDeep" name="test_popen_privileged_blocked" time="0.001" /><testcase classname="tests.test_sandbox_deep.TestSandboxWrapSubprocessDeep" name="test_string_non_privileged" time="0.001" /><testcase classname="tests.test_sandbox_deep.TestWrapOpenDeep" name="test_exclusive_create_blocked" time="0.001" /><testcase classname="tests.test_sandbox_deep.TestWrapOpenDeep" name="test_read_binary_allowed" time="0.000" /><testcase classname="tests.test_sandbox_deep.TestWrapPluginUnwrapPlugin" name="test_unwrap_plugin_no_module" time="0.001" /><testcase classname="tests.test_sandbox_deep.TestWrapPluginUnwrapPlugin" name="test_wrap_plugin_exception_safe" time="0.000" /><testcase classname="tests.test_sandbox_deep.TestWrapPluginUnwrapPlugin" name="test_wrap_plugin_with_module" time="0.000" /><testcase classname="tests.test_sandbox_deep.TestEnforceIsolationDeep" name="test_default_provider" time="0.001" /><testcase classname="tests.test_sandbox_deep.TestEnforceIsolationDeep" name="test_default_provider_failure" time="0.001" /><testcase classname="tests.test_sandbox_deep.TestEnforceIsolationDeep" name="test_with_custom_policy" time="0.001" /><testcase classname="tests.test_sandbox_deep.TestValidatePathEdge" name="test_oserror_returns_false" time="0.001" /><testcase classname="tests.test_scheduler.TestScheduledTask" name="test_is_due_disabled_task" time="0.000" /><testcase classname="tests.test_scheduler.TestScheduledTask" name="test_is_due_hourly_not_due_yet" time="0.001" /><testcase classname="tests.test_scheduler.TestScheduledTask" name="test_is_due_invalid_last_run_fallback_true" time="0.000" /><testcase classname="tests.test_scheduler.TestScheduledTask" name="test_is_due_on_boot_is_special" time="0.000" /><testcase classname="tests.test_scheduler.TestScheduledTask" name="test_is_due_without_last_run" time="0.000" /><testcase classname="tests.test_scheduler.TestTaskScheduler" name="test_add_task_duplicate_id_returns_false" time="0.001" /><testcase classname="tests.test_scheduler.TestTaskScheduler" name="test_enable_service_failure" time="0.000" /><testcase classname="tests.test_scheduler.TestTaskScheduler" name="test_execute_task_cleanup_success" time="0.001" /><testcase classname="tests.test_scheduler.TestTaskScheduler" name="test_execute_task_unknown_action" time="0.000" /><testcase classname="tests.test_scheduler.TestTaskScheduler" name="test_is_service_enabled_true" time="0.001" /><testcase classname="tests.test_scheduler.TestTaskScheduler" name="test_is_service_running_true" time="0.001" /><testcase classname="tests.test_scheduler.TestTaskScheduler" name="test_run_due_tasks_collects_results" time="0.001" /><testcase classname="tests.test_scheduler.TestTaskScheduler" name="test_run_update_check_updates_available" time="0.001" /><testcase classname="tests.test_scheduler_deep.TestScheduledTask" name="test_from_dict_minimal" time="0.000" /><testcase classname="tests.test_scheduler_deep.TestScheduledTask" name="test_is_due_daily_recent" time="0.000" /><testcase classname="tests.test_scheduler_deep.TestScheduledTask" name="test_is_due_daily_stale" time="0.000" /><testcase classname="tests.test_scheduler_deep.TestScheduledTask" name="test_is_due_disabled" time="0.000" /><testcase classname="tests.test_scheduler_deep.TestScheduledTask" name="test_is_due_hourly_recent" time="0.000" /><testcase classname="tests.test_scheduler_deep.TestScheduledTask" name="test_is_due_hourly_stale" time="0.000" /><testcase classname="tests.test_scheduler_deep.TestScheduledTask" name="test_is_due_invalid_timestamp" time="0.000" /><testcase classname="tests.test_scheduler_deep.TestScheduledTask" name="test_is_due_never_run" time="0.000" /><testcase classname="tests.test_scheduler_deep.TestScheduledTask" name="test_is_due_on_ac" time="0.000" /><testcase classname="tests.test_scheduler_deep.TestScheduledTask" name="test_is_due_on_battery" time="0.000" /><testcase classname="tests.test_scheduler_deep.TestScheduledTask" name="test_is_due_on_boot" time="0.000" /><testcase classname="tests.test_scheduler_deep.TestScheduledTask" name="test_is_due_unknown_schedule" time="0.000" /><testcase classname="tests.test_scheduler_deep.TestScheduledTask" name="test_is_due_weekly_recent" time="0.000" /><testcase classname="tests.test_scheduler_deep.TestScheduledTask" name="test_is_due_weekly_stale" time="0.000" /><testcase classname="tests.test_scheduler_deep.TestScheduledTask" name="test_to_dict_roundtrip" time="0.000" /><testcase classname="tests.test_scheduler_deep.TestTaskSchedulerCRUD" name="test_add_task_duplicate" time="0.000" /><testcase classname="tests.test_scheduler_deep.TestTaskSchedulerCRUD" name="test_add_task_success" time="0.000" /><testcase classname="tests.test_scheduler_deep.TestTaskSchedulerCRUD" name="test_enable_task_found" time="0.000" /><testcase classname="tests.test_scheduler_deep.TestTaskSchedulerCRUD" name="test_enable_task_not_found" time="0.000" /><testcase classname="tests.test_scheduler_deep.TestTaskSchedulerCRUD" name="test_list_tasks_corrupt_json" time="0.001" /><testcase classname="tests.test_scheduler_deep.TestTaskSchedulerCRUD" name="test_list_tasks_empty_file" time="0.001" /><testcase classname="tests.test_scheduler_deep.TestTaskSchedulerCRUD" name="test_list_tasks_empty_list" time="0.001" /><testcase classname="tests.test_scheduler_deep.TestTaskSchedulerCRUD" name="test_list_tasks_with_data" time="0.002" /><testcase classname="tests.test_scheduler_deep.TestTaskSchedulerCRUD" name="test_remove_task_found" time="0.000" /><testcase classname="tests.test_scheduler_deep.TestTaskSchedulerCRUD" name="test_remove_task_not_found" time="0.000" /><testcase classname="tests.test_scheduler_deep.TestTaskSchedulerCRUD" name="test_save_tasks_failure" time="0.001" /><testcase classname="tests.test_scheduler_deep.TestTaskSchedulerCRUD" name="test_save_tasks_success" time="0.002" /><testcase classname="tests.test_scheduler_deep.TestTaskSchedulerCRUD" name="test_update_last_run_found" time="0.000" /><testcase classname="tests.test_scheduler_deep.TestTaskSchedulerCRUD" name="test_update_last_run_not_found" time="0.000" /><testcase classname="tests.test_scheduler_deep.TestTaskSchedulerQueries" name="test_get_boot_tasks" time="0.000" /><testcase classname="tests.test_scheduler_deep.TestTaskSchedulerQueries" name="test_get_due_tasks" time="0.000" /><testcase classname="tests.test_scheduler_deep.TestTaskSchedulerQueries" name="test_get_power_trigger_tasks_ac" time="0.000" /><testcase classname="tests.test_scheduler_deep.TestTaskSchedulerQueries" name="test_get_power_trigger_tasks_battery" time="0.000" /><testcase classname="tests.test_scheduler_deep.TestTaskSchedulerExecution" name="test_execute_apply_preset" time="0.001" /><testcase classname="tests.test_scheduler_deep.TestTaskSchedulerExecution" name="test_execute_cleanup" time="0.001" /><testcase classname="tests.test_scheduler_deep.TestTaskSchedulerExecution" name="test_execute_oserror" time="0.000" /><testcase classname="tests.test_scheduler_deep.TestTaskSchedulerExecution" name="test_execute_sync_config" time="0.001" /><testcase classname="tests.test_scheduler_deep.TestTaskSchedulerExecution" name="test_execute_unknown_action" time="0.000" /><testcase classname="tests.test_scheduler_deep.TestTaskSchedulerExecution" name="test_execute_update_check" time="0.001" /><testcase classname="tests.test_scheduler_deep.TestTaskSchedulerExecution" name="test_run_due_tasks" time="0.001" /><testcase classname="tests.test_scheduler_deep.TestTaskImplementations" name="test_run_apply_preset_found" time="0.001" /><testcase classname="tests.test_scheduler_deep.TestTaskImplementations" name="test_run_apply_preset_import_error" time="0.000" /><testcase classname="tests.test_scheduler_deep.TestTaskImplementations" name="test_run_apply_preset_no_name" time="0.000" /><testcase classname="tests.test_scheduler_deep.TestTaskImplementations" name="test_run_apply_preset_not_found" time="0.001" /><testcase classname="tests.test_scheduler_deep.TestTaskImplementations" name="test_run_cleanup_failure" time="0.000" /><testcase classname="tests.test_scheduler_deep.TestTaskImplementations" name="test_run_cleanup_success" time="0.001" /><testcase classname="tests.test_scheduler_deep.TestTaskImplementations" name="test_run_sync_config_failure" time="0.001" /><testcase classname="tests.test_scheduler_deep.TestTaskImplementations" name="test_run_sync_config_import_error" time="0.001" /><testcase classname="tests.test_scheduler_deep.TestTaskImplementations" name="test_run_sync_config_success" time="0.001" /><testcase classname="tests.test_scheduler_deep.TestTaskImplementations" name="test_run_update_check_error" time="0.000" /><testcase classname="tests.test_scheduler_deep.TestTaskImplementations" name="test_run_update_check_up_to_date" time="0.000" /><testcase classname="tests.test_scheduler_deep.TestTaskImplementations" name="test_run_update_check_updates_available" time="0.001" /><testcase classname="tests.test_scheduler_deep.TestServiceManagement" name="test_disable_service_failure" time="0.000" /><testcase classname="tests.test_scheduler_deep.TestServiceManagement" name="test_disable_service_success" time="0.000" /><testcase classname="tests.test_scheduler_deep.TestServiceManagement" name="test_enable_service_failure" time="0.000" /><testcase classname="tests.test_scheduler_deep.TestServiceManagement" name="test_enable_service_success" time="0.000" /><testcase classname="tests.test_scheduler_deep.TestServiceManagement" name="test_is_service_enabled_error" time="0.000" /><testcase classname="tests.test_scheduler_deep.TestServiceManagement" name="test_is_service_enabled_false" time="0.000" /><testcase classname="tests.test_scheduler_deep.TestServiceManagement" name="test_is_service_enabled_true" time="0.000" /><testcase classname="tests.test_scheduler_deep.TestServiceManagement" name="test_is_service_running_error" time="0.000" /><testcase classname="tests.test_scheduler_deep.TestServiceManagement" name="test_is_service_running_false" time="0.000" /><testcase classname="tests.test_scheduler_deep.TestServiceManagement" name="test_is_service_running_true" time="0.000" /><testcase classname="tests.test_secureboot_deep.TestGetStatus" name="test_disabled" time="0.001" /><testcase classname="tests.test_secureboot_deep.TestGetStatus" name="test_enabled" time="0.001" /><testcase classname="tests.test_secureboot_deep.TestGetStatus" name="test_exception_in_sb_state" time="0.000" /><testcase classname="tests.test_secureboot_deep.TestGetStatus" name="test_no_mokutil" time="0.000" /><testcase classname="tests.test_secureboot_deep.TestGetStatus" name="test_pending_mok" time="0.001" /><testcase classname="tests.test_secureboot_deep.TestGenerateKey" name="test_mkdir_failure" time="0.001" /><testcase classname="tests.test_secureboot_deep.TestGenerateKey" name="test_openssl_failure" time="0.001" /><testcase classname="tests.test_secureboot_deep.TestGenerateKey" name="test_short_password" time="0.000" /><testcase classname="tests.test_secureboot_deep.TestGenerateKey" name="test_success" time="0.001" /><testcase classname="tests.test_secureboot_deep.TestImportKey" name="test_exception" time="0.001" /><testcase classname="tests.test_secureboot_deep.TestImportKey" name="test_failure" time="0.001" /><testcase classname="tests.test_secureboot_deep.TestImportKey" name="test_no_key" time="0.000" /><testcase classname="tests.test_secureboot_deep.TestImportKey" name="test_success" time="0.001" /><testcase classname="tests.test_secureboot_deep.TestSignModule" name="test_exception" time="0.001" /><testcase classname="tests.test_secureboot_deep.TestSignModule" name="test_no_keys" time="0.000" /><testcase classname="tests.test_secureboot_deep.TestSignModule" name="test_no_module" time="0.001" /><testcase classname="tests.test_secureboot_deep.TestSignModule" name="test_no_sign_file" time="0.001" /><testcase classname="tests.test_secureboot_deep.TestSignModule" name="test_sign_failure" time="0.001" /><testcase classname="tests.test_secureboot_deep.TestSignModule" name="test_success" time="0.001" /><testcase classname="tests.test_secureboot_deep.TestHasKeys" name="test_has_keys" time="0.001" /><testcase classname="tests.test_secureboot_deep.TestHasKeys" name="test_no_keys" time="0.001" /><testcase classname="tests.test_secureboot_deep.TestGetKeyPath" name="test_exists" time="0.001" /><testcase classname="tests.test_secureboot_deep.TestGetKeyPath" name="test_not_exists" time="0.000" /><testcase classname="tests.test_service_explorer.TestServiceInfo" name="test_is_enabled" time="0.000" /><testcase classname="tests.test_service_explorer.TestServiceInfo" name="test_is_enabled_runtime" time="0.000" /><testcase classname="tests.test_service_explorer.TestServiceInfo" name="test_is_failed" time="0.000" /><testcase classname="tests.test_service_explorer.TestServiceInfo" name="test_is_masked" time="0.000" /><testcase classname="tests.test_service_explorer.TestServiceInfo" name="test_is_not_enabled_disabled" time="0.000" /><testcase classname="tests.test_service_explorer.TestServiceInfo" name="test_is_not_masked" time="0.000" /><testcase classname="tests.test_service_explorer.TestServiceInfo" name="test_is_running_active" time="0.000" /><testcase classname="tests.test_service_explorer.TestServiceInfo" name="test_is_running_inactive" time="0.000" /><testcase classname="tests.test_service_explorer.TestServiceInfo" name="test_memory_human_bytes" time="0.000" /><testcase classname="tests.test_service_explorer.TestServiceInfo" name="test_memory_human_gigabytes" time="0.000" /><testcase classname="tests.test_service_explorer.TestServiceInfo" name="test_memory_human_kilobytes" time="0.000" /><testcase classname="tests.test_service_explorer.TestServiceInfo" name="test_memory_human_megabytes" time="0.000" /><testcase classname="tests.test_service_explorer.TestServiceInfo" name="test_memory_human_zero" time="0.000" /><testcase classname="tests.test_service_explorer.TestServiceInfo" name="test_to_dict" time="0.000" /><testcase classname="tests.test_service_explorer.TestServiceInfo" name="test_to_dict_contains_all_keys" time="0.000" /><testcase classname="tests.test_service_explorer.TestServiceExplorerList" name="test_list_services_empty_output" time="0.001" /><testcase classname="tests.test_service_explorer.TestServiceExplorerList" name="test_list_services_failed_state" time="0.001" /><testcase classname="tests.test_service_explorer.TestServiceExplorerList" name="test_list_services_filter_active" time="0.001" /><testcase classname="tests.test_service_explorer.TestServiceExplorerList" name="test_list_services_os_error" time="0.000" /><testcase classname="tests.test_service_explorer.TestServiceExplorerList" name="test_list_services_search_filter" time="0.001" /><testcase classname="tests.test_service_explorer.TestServiceExplorerList" name="test_list_services_success" time="0.001" /><testcase classname="tests.test_service_explorer.TestServiceExplorerList" name="test_list_services_systemctl_failure" time="0.001" /><testcase classname="tests.test_service_explorer.TestServiceExplorerList" name="test_list_services_timeout" time="0.000" /><testcase classname="tests.test_service_explorer.TestServiceExplorerList" name="test_list_services_user_scope" time="0.001" /><testcase classname="tests.test_service_explorer.TestServiceExplorerDetails" name="test_get_details_failure" time="0.001" /><testcase classname="tests.test_service_explorer.TestServiceExplorerDetails" name="test_get_details_memory_not_set" time="0.001" /><testcase classname="tests.test_service_explorer.TestServiceExplorerDetails" name="test_get_details_success" time="0.001" /><testcase classname="tests.test_service_explorer.TestServiceExplorerDetails" name="test_get_details_timeout" time="0.001" /><testcase classname="tests.test_service_explorer.TestServiceExplorerDetails" name="test_get_details_user_scope" time="0.000" /><testcase classname="tests.test_service_explorer.TestServiceExplorerLogs" name="test_get_logs_custom_lines" time="0.001" /><testcase classname="tests.test_service_explorer.TestServiceExplorerLogs" name="test_get_logs_failure" time="0.000" /><testcase classname="tests.test_service_explorer.TestServiceExplorerLogs" name="test_get_logs_os_error" time="0.000" /><testcase classname="tests.test_service_explorer.TestServiceExplorerLogs" name="test_get_logs_success" time="0.000" /><testcase classname="tests.test_service_explorer.TestServiceExplorerLogs" name="test_get_logs_timeout" time="0.000" /><testcase classname="tests.test_service_explorer.TestServiceExplorerLogs" name="test_get_logs_user_scope" time="0.001" /><testcase classname="tests.test_service_explorer.TestServiceExplorerActions" name="test_action_failure" time="0.001" /><testcase classname="tests.test_service_explorer.TestServiceExplorerActions" name="test_action_os_error" time="0.000" /><testcase classname="tests.test_service_explorer.TestServiceExplorerActions" name="test_action_timeout" time="0.000" /><testcase classname="tests.test_service_explorer.TestServiceExplorerActions" name="test_disable_service_success" time="0.001" /><testcase classname="tests.test_service_explorer.TestServiceExplorerActions" name="test_enable_service_success" time="0.001" /><testcase classname="tests.test_service_explorer.TestServiceExplorerActions" name="test_mask_service_success" time="0.001" /><testcase classname="tests.test_service_explorer.TestServiceExplorerActions" name="test_restart_service_success" time="0.001" /><testcase classname="tests.test_service_explorer.TestServiceExplorerActions" name="test_start_service_success" time="0.001" /><testcase classname="tests.test_service_explorer.TestServiceExplorerActions" name="test_stop_service_success" time="0.001" /><testcase classname="tests.test_service_explorer.TestServiceExplorerActions" name="test_system_scope_uses_pkexec" time="0.001" /><testcase classname="tests.test_service_explorer.TestServiceExplorerActions" name="test_unmask_service_success" time="0.001" /><testcase classname="tests.test_service_explorer.TestServiceExplorerActions" name="test_user_scope_no_pkexec" time="0.000" /><testcase classname="tests.test_service_explorer.TestServiceExplorerSummary" name="test_get_summary" time="0.001" /><testcase classname="tests.test_service_explorer.TestServiceResult" name="test_failure_result" time="0.000" /><testcase classname="tests.test_service_explorer.TestServiceResult" name="test_success_result" time="0.000" /><testcase classname="tests.test_service_explorer.TestServiceScope" name="test_system_value" time="0.000" /><testcase classname="tests.test_service_explorer.TestServiceScope" name="test_user_value" time="0.000" /><testcase classname="tests.test_service_explorer.TestServiceState" name="test_all_states" time="0.000" /><testcase classname="tests.test_services_hardware_manager.TestCpuGovernors" name="test_get_available_governors_fallback" time="0.000" /><testcase classname="tests.test_services_hardware_manager.TestCpuGovernors" name="test_get_available_governors_permission_denied" time="0.000" /><testcase classname="tests.test_services_hardware_manager.TestCpuGovernors" name="test_get_available_governors_success" time="0.001" /><testcase classname="tests.test_services_hardware_manager.TestCpuGovernors" name="test_get_cpu_frequency_bad_data" time="0.000" /><testcase classname="tests.test_services_hardware_manager.TestCpuGovernors" name="test_get_cpu_frequency_success" time="0.002" /><testcase classname="tests.test_services_hardware_manager.TestCpuGovernors" name="test_get_current_governor_oserror" time="0.000" /><testcase classname="tests.test_services_hardware_manager.TestCpuGovernors" name="test_get_current_governor_success" time="0.001" /><testcase classname="tests.test_services_hardware_manager.TestCpuGovernors" name="test_set_governor_exception" time="0.001" /><testcase classname="tests.test_services_hardware_manager.TestCpuGovernors" name="test_set_governor_rejects_unavailable" time="0.000" /><testcase classname="tests.test_services_hardware_manager.TestCpuGovernors" name="test_set_governor_success" time="0.001" /><testcase classname="tests.test_services_hardware_manager.TestGpuControls" name="test_get_available_gpu_tools" time="0.001" /><testcase classname="tests.test_services_hardware_manager.TestGpuControls" name="test_get_gpu_mode_envycontrol_integrated" time="0.001" /><testcase classname="tests.test_services_hardware_manager.TestGpuControls" name="test_get_gpu_mode_supergfx_fallback" time="0.001" /><testcase classname="tests.test_services_hardware_manager.TestGpuControls" name="test_get_gpu_mode_unknown" time="0.000" /><testcase classname="tests.test_services_hardware_manager.TestGpuControls" name="test_is_hybrid_gpu_false" time="0.001" /><testcase classname="tests.test_services_hardware_manager.TestGpuControls" name="test_is_hybrid_gpu_true_with_intel" time="0.001" /><testcase classname="tests.test_services_hardware_manager.TestGpuControls" name="test_set_gpu_mode_envycontrol_success" time="0.001" /><testcase classname="tests.test_services_hardware_manager.TestGpuControls" name="test_set_gpu_mode_invalid" time="0.000" /><testcase classname="tests.test_services_hardware_manager.TestGpuControls" name="test_set_gpu_mode_no_tool" time="0.000" /><testcase classname="tests.test_services_hardware_manager.TestGpuControls" name="test_set_gpu_mode_supergfx_failure" time="0.001" /><testcase classname="tests.test_services_hardware_manager.TestFanAndPowerProfiles" name="test_get_available_power_profiles_parse" time="0.001" /><testcase classname="tests.test_services_hardware_manager.TestFanAndPowerProfiles" name="test_get_current_nbfc_config" time="0.001" /><testcase classname="tests.test_services_hardware_manager.TestFanAndPowerProfiles" name="test_get_fan_status_parses_values" time="0.001" /><testcase classname="tests.test_services_hardware_manager.TestFanAndPowerProfiles" name="test_get_fan_status_unavailable" time="0.000" /><testcase classname="tests.test_services_hardware_manager.TestFanAndPowerProfiles" name="test_get_nbfc_profiles_success" time="0.001" /><testcase classname="tests.test_services_hardware_manager.TestFanAndPowerProfiles" name="test_get_nbfc_profiles_unavailable" time="0.000" /><testcase classname="tests.test_services_hardware_manager.TestFanAndPowerProfiles" name="test_get_power_profile_unavailable" time="0.000" /><testcase classname="tests.test_services_hardware_manager.TestFanAndPowerProfiles" name="test_nbfc_available" time="0.000" /><testcase classname="tests.test_services_hardware_manager.TestFanAndPowerProfiles" name="test_power_profiles_available" time="0.000" /><testcase classname="tests.test_services_hardware_manager.TestFanAndPowerProfiles" name="test_set_fan_speed_auto_mode" time="0.001" /><testcase classname="tests.test_services_hardware_manager.TestFanAndPowerProfiles" name="test_set_fan_speed_manual_clamped" time="0.001" /><testcase classname="tests.test_services_hardware_manager.TestFanAndPowerProfiles" name="test_set_nbfc_profile_success" time="0.001" /><testcase classname="tests.test_services_hardware_manager.TestFanAndPowerProfiles" name="test_set_power_profile_invalid" time="0.000" /><testcase classname="tests.test_services_hardware_manager.TestFanAndPowerProfiles" name="test_set_power_profile_valid_success" time="0.001" /><testcase classname="tests.test_services_hardware_manager.TestAiCapabilities" name="test_get_ai_capabilities_detects_all" time="0.001" /><testcase classname="tests.test_services_hardware_manager.TestAiCapabilities" name="test_get_ai_capabilities_failures" time="0.001" /><testcase classname="tests.test_services_hardware_manager.TestAiCapabilities" name="test_get_ai_summary_none" time="0.000" /><testcase classname="tests.test_services_hardware_manager.TestAiCapabilities" name="test_get_ai_summary_with_cuda" time="0.000" /><testcase classname="tests.test_services_system_extended.TestUnitScope" name="test_scope_from_value" time="0.000" /><testcase classname="tests.test_services_system_extended.TestUnitScope" name="test_scope_members" time="0.000" /><testcase classname="tests.test_services_system_extended.TestUnitScope" name="test_system_value" time="0.000" /><testcase classname="tests.test_services_system_extended.TestUnitScope" name="test_user_value" time="0.000" /><testcase classname="tests.test_services_system_extended.TestUnitState" name="test_activating_value" time="0.000" /><testcase classname="tests.test_services_system_extended.TestUnitState" name="test_active_value" time="0.000" /><testcase classname="tests.test_services_system_extended.TestUnitState" name="test_deactivating_value" time="0.000" /><testcase classname="tests.test_services_system_extended.TestUnitState" name="test_failed_value" time="0.000" /><testcase classname="tests.test_services_system_extended.TestUnitState" name="test_inactive_value" time="0.000" /><testcase classname="tests.test_services_system_extended.TestUnitState" name="test_state_member_count" time="0.000" /><testcase classname="tests.test_services_system_extended.TestUnitState" name="test_unknown_value" time="0.000" /><testcase classname="tests.test_services_system_extended.TestServiceUnit" name="test_all_fields" time="0.000" /><testcase classname="tests.test_services_system_extended.TestServiceUnit" name="test_default_description" time="0.000" /><testcase classname="tests.test_services_system_extended.TestServiceUnit" name="test_default_is_gaming" time="0.000" /><testcase classname="tests.test_services_system_extended.TestServiceUnit" name="test_system_scope_unit" time="0.000" /><testcase classname="tests.test_services_system_extended.TestResult" name="test_failure_result" time="0.000" /><testcase classname="tests.test_services_system_extended.TestResult" name="test_success_result" time="0.000" /><testcase classname="tests.test_services_system_extended.TestGamingServicesAttribute" name="test_gaming_services_contains_gamemoded" time="0.000" /><testcase classname="tests.test_services_system_extended.TestGamingServicesAttribute" name="test_gaming_services_contains_nvidia" time="0.000" /><testcase classname="tests.test_services_system_extended.TestGamingServicesAttribute" name="test_gaming_services_contains_steam" time="0.000" /><testcase classname="tests.test_services_system_extended.TestGamingServicesAttribute" name="test_gaming_services_is_list" time="0.000" /><testcase classname="tests.test_services_system_extended.TestGamingServicesAttribute" name="test_gaming_services_not_empty" time="0.000" /><testcase classname="tests.test_services_system_extended.TestListUnits" name="test_list_units_description_parsed" time="0.001" /><testcase classname="tests.test_services_system_extended.TestListUnits" name="test_list_units_empty_stdout" time="0.001" /><testcase classname="tests.test_services_system_extended.TestListUnits" name="test_list_units_filter_active" time="0.001" /><testcase classname="tests.test_services_system_extended.TestListUnits" name="test_list_units_filter_failed" time="0.000" /><testcase classname="tests.test_services_system_extended.TestListUnits" name="test_list_units_filter_gaming" time="0.001" /><testcase classname="tests.test_services_system_extended.TestListUnits" name="test_list_units_gaming_detection_gamemoded" time="0.000" /><testcase classname="tests.test_services_system_extended.TestListUnits" name="test_list_units_gaming_detection_non_gaming" time="0.000" /><testcase classname="tests.test_services_system_extended.TestListUnits" name="test_list_units_names_stripped" time="0.001" /><testcase classname="tests.test_services_system_extended.TestListUnits" name="test_list_units_no_description" time="0.000" /><testcase classname="tests.test_services_system_extended.TestListUnits" name="test_list_units_nonzero_returncode" time="0.001" /><testcase classname="tests.test_services_system_extended.TestListUnits" name="test_list_units_nvidia_powerd_is_gaming" time="0.000" /><testcase classname="tests.test_services_system_extended.TestListUnits" name="test_list_units_oserror_exception" time="0.001" /><testcase classname="tests.test_services_system_extended.TestListUnits" name="test_list_units_parses_all" time="0.001" /><testcase classname="tests.test_services_system_extended.TestListUnits" name="test_list_units_passes_plain_and_no_legend" time="0.000" /><testcase classname="tests.test_services_system_extended.TestListUnits" name="test_list_units_scope_set_on_units" time="0.001" /><testcase classname="tests.test_services_system_extended.TestListUnits" name="test_list_units_skips_blank_lines" time="0.000" /><testcase classname="tests.test_services_system_extended.TestListUnits" name="test_list_units_skips_short_lines" time="0.000" /><testcase classname="tests.test_services_system_extended.TestListUnits" name="test_list_units_state_activating" time="0.000" /><testcase classname="tests.test_services_system_extended.TestListUnits" name="test_list_units_state_active" time="0.000" /><testcase classname="tests.test_services_system_extended.TestListUnits" name="test_list_units_state_failed" time="0.000" /><testcase classname="tests.test_services_system_extended.TestListUnits" name="test_list_units_state_inactive" time="0.000" /><testcase classname="tests.test_services_system_extended.TestListUnits" name="test_list_units_state_unknown_for_unrecognized" time="0.000" /><testcase classname="tests.test_services_system_extended.TestListUnits" name="test_list_units_subprocess_error" time="0.000" /><testcase classname="tests.test_services_system_extended.TestListUnits" name="test_list_units_system_scope_command" time="0.000" /><testcase classname="tests.test_services_system_extended.TestListUnits" name="test_list_units_timeout_exception" time="0.000" /><testcase classname="tests.test_services_system_extended.TestListUnits" name="test_list_units_user_scope_command" time="0.000" /><testcase classname="tests.test_services_system_extended.TestListUnits" name="test_list_units_uses_timeout" time="0.000" /><testcase classname="tests.test_services_system_extended.TestGetFailedUnits" name="test_get_failed_units_all_states_returned_are_failed" time="0.001" /><testcase classname="tests.test_services_system_extended.TestGetFailedUnits" name="test_get_failed_units_combines_scopes" time="0.001" /><testcase classname="tests.test_services_system_extended.TestGetFailedUnits" name="test_get_failed_units_empty_when_none_failed" time="0.001" /><testcase classname="tests.test_services_system_extended.TestGetFailedUnits" name="test_get_failed_units_system_exception_handled" time="0.001" /><testcase classname="tests.test_services_system_extended.TestGetFailedUnits" name="test_get_failed_units_user_only" time="0.001" /><testcase classname="tests.test_services_system_extended.TestGetGamingUnits" name="test_get_gaming_units_both_scopes" time="0.001" /><testcase classname="tests.test_services_system_extended.TestGetGamingUnits" name="test_get_gaming_units_deduplicates" time="0.001" /><testcase classname="tests.test_services_system_extended.TestGetGamingUnits" name="test_get_gaming_units_empty_when_no_gaming" time="0.061" /><testcase classname="tests.test_services_system_extended.TestGetGamingUnits" name="test_get_gaming_units_preserves_first_occurrence" time="0.001" /><testcase classname="tests.test_services_system_extended.TestGetGamingUnits" name="test_get_gaming_units_returns_gaming" time="0.001" /><testcase classname="tests.test_services_system_extended.TestStartUnit" name="test_start_unit_exception" time="0.001" /><testcase classname="tests.test_services_system_extended.TestStartUnit" name="test_start_unit_failure" time="0.000" /><testcase classname="tests.test_services_system_extended.TestStartUnit" name="test_start_unit_system_command" time="0.000" /><testcase classname="tests.test_services_system_extended.TestStartUnit" name="test_start_unit_system_uses_pkexec" time="0.000" /><testcase classname="tests.test_services_system_extended.TestStartUnit" name="test_start_unit_timeout_exception" time="0.000" /><testcase classname="tests.test_services_system_extended.TestStartUnit" name="test_start_unit_user_command" time="0.000" /><testcase classname="tests.test_services_system_extended.TestStartUnit" name="test_start_unit_user_success" time="0.001" /><testcase classname="tests.test_services_system_extended.TestStartUnit" name="test_start_unit_uses_timeout" time="0.001" /><testcase classname="tests.test_services_system_extended.TestStopUnit" name="test_stop_unit_exception" time="0.001" /><testcase classname="tests.test_services_system_extended.TestStopUnit" name="test_stop_unit_failure" time="0.001" /><testcase classname="tests.test_services_system_extended.TestStopUnit" name="test_stop_unit_system_uses_pkexec" time="0.000" /><testcase classname="tests.test_services_system_extended.TestStopUnit" name="test_stop_unit_user_command" time="0.000" /><testcase classname="tests.test_services_system_extended.TestStopUnit" name="test_stop_unit_user_success" time="0.000" /><testcase classname="tests.test_services_system_extended.TestStopUnit" name="test_stop_unit_uses_timeout" time="0.000" /><testcase classname="tests.test_services_system_extended.TestRestartUnit" name="test_restart_unit_exception" time="0.000" /><testcase classname="tests.test_services_system_extended.TestRestartUnit" name="test_restart_unit_failure" time="0.000" /><testcase classname="tests.test_services_system_extended.TestRestartUnit" name="test_restart_unit_system_uses_pkexec" time="0.000" /><testcase classname="tests.test_services_system_extended.TestRestartUnit" name="test_restart_unit_user_command" time="0.001" /><testcase classname="tests.test_services_system_extended.TestRestartUnit" name="test_restart_unit_user_success" time="0.001" /><testcase classname="tests.test_services_system_extended.TestRestartUnit" name="test_restart_unit_uses_timeout" time="0.001" /><testcase classname="tests.test_services_system_extended.TestMaskUnit" name="test_mask_unit_exception" time="0.001" /><testcase classname="tests.test_services_system_extended.TestMaskUnit" name="test_mask_unit_failure" time="0.000" /><testcase classname="tests.test_services_system_extended.TestMaskUnit" name="test_mask_unit_system_uses_pkexec" time="0.000" /><testcase classname="tests.test_services_system_extended.TestMaskUnit" name="test_mask_unit_user_command" time="0.000" /><testcase classname="tests.test_services_system_extended.TestMaskUnit" name="test_mask_unit_user_success" time="0.000" /><testcase classname="tests.test_services_system_extended.TestMaskUnit" name="test_mask_unit_uses_timeout" time="0.001" /><testcase classname="tests.test_services_system_extended.TestUnmaskUnit" name="test_unmask_unit_exception" time="0.001" /><testcase classname="tests.test_services_system_extended.TestUnmaskUnit" name="test_unmask_unit_failure" time="0.001" /><testcase classname="tests.test_services_system_extended.TestUnmaskUnit" name="test_unmask_unit_system_uses_pkexec" time="0.000" /><testcase classname="tests.test_services_system_extended.TestUnmaskUnit" name="test_unmask_unit_user_command" time="0.000" /><testcase classname="tests.test_services_system_extended.TestUnmaskUnit" name="test_unmask_unit_user_success" time="0.000" /><testcase classname="tests.test_services_system_extended.TestUnmaskUnit" name="test_unmask_unit_uses_timeout" time="0.000" /><testcase classname="tests.test_services_system_extended.TestGetUnitStatus" name="test_get_unit_status_exception_returns_empty" time="0.000" /><testcase classname="tests.test_services_system_extended.TestGetUnitStatus" name="test_get_unit_status_nonzero_rc_still_returns_stdout" time="0.000" /><testcase classname="tests.test_services_system_extended.TestGetUnitStatus" name="test_get_unit_status_passes_no_pager" time="0.000" /><testcase classname="tests.test_services_system_extended.TestGetUnitStatus" name="test_get_unit_status_system_command" time="0.000" /><testcase classname="tests.test_services_system_extended.TestGetUnitStatus" name="test_get_unit_status_system_no_pkexec" time="0.000" /><testcase classname="tests.test_services_system_extended.TestGetUnitStatus" name="test_get_unit_status_timeout_returns_empty" time="0.000" /><testcase classname="tests.test_services_system_extended.TestGetUnitStatus" name="test_get_unit_status_user_command" time="0.001" /><testcase classname="tests.test_services_system_extended.TestGetUnitStatus" name="test_get_unit_status_user_success" time="0.000" /><testcase classname="tests.test_services_system_extended.TestGetUnitStatus" name="test_get_unit_status_uses_timeout_10" time="0.000" /><testcase classname="tests.test_services_system_extended.TestDefaultScopes" name="test_get_unit_status_default_scope_user" time="0.001" /><testcase classname="tests.test_services_system_extended.TestDefaultScopes" name="test_list_units_default_scope_user" time="0.000" /><testcase classname="tests.test_services_system_extended.TestDefaultScopes" name="test_mask_unit_default_scope_user" time="0.000" /><testcase classname="tests.test_services_system_extended.TestDefaultScopes" name="test_restart_unit_default_scope_user" time="0.000" /><testcase classname="tests.test_services_system_extended.TestDefaultScopes" name="test_start_unit_default_scope_user" time="0.000" /><testcase classname="tests.test_services_system_extended.TestDefaultScopes" name="test_stop_unit_default_scope_user" time="0.001" /><testcase classname="tests.test_services_system_extended.TestDefaultScopes" name="test_unmask_unit_default_scope_user" time="0.001" /><testcase classname="tests.test_services_system_extended.TestServiceNameAppendSuffix" name="test_get_unit_status_appends_service_suffix" time="0.001" /><testcase classname="tests.test_services_system_extended.TestServiceNameAppendSuffix" name="test_mask_appends_service_suffix" time="0.001" /><testcase classname="tests.test_services_system_extended.TestServiceNameAppendSuffix" name="test_restart_appends_service_suffix" time="0.001" /><testcase classname="tests.test_services_system_extended.TestServiceNameAppendSuffix" name="test_start_appends_service_suffix" time="0.001" /><testcase classname="tests.test_services_system_extended.TestServiceNameAppendSuffix" name="test_stop_appends_service_suffix" time="0.000" /><testcase classname="tests.test_services_system_extended.TestServiceNameAppendSuffix" name="test_unmask_appends_service_suffix" time="0.000" /><testcase classname="tests.test_services_system_extended.TestMessageContent" name="test_mask_message_contains_name" time="0.001" /><testcase classname="tests.test_services_system_extended.TestMessageContent" name="test_restart_message_contains_name" time="0.000" /><testcase classname="tests.test_services_system_extended.TestMessageContent" name="test_start_failure_message_contains_stderr" time="0.000" /><testcase classname="tests.test_services_system_extended.TestMessageContent" name="test_start_message_contains_name" time="0.000" /><testcase classname="tests.test_services_system_extended.TestMessageContent" name="test_stop_message_contains_name" time="0.000" /><testcase classname="tests.test_services_system_extended.TestMessageContent" name="test_unmask_message_contains_name" time="0.000" /><testcase classname="tests.test_settings.TestDefaults" name="test_default_confirm_dangerous_is_true" time="0.000" /><testcase classname="tests.test_settings.TestDefaults" name="test_default_follow_system_is_false" time="0.000" /><testcase classname="tests.test_settings.TestDefaults" name="test_default_log_level_is_info" time="0.000" /><testcase classname="tests.test_settings.TestDefaults" name="test_default_plugin_analytics_is_disabled" time="0.000" /><testcase classname="tests.test_settings.TestDefaults" name="test_default_show_notifications_is_true" time="0.000" /><testcase classname="tests.test_settings.TestDefaults" name="test_default_start_minimized_is_false" time="0.000" /><testcase classname="tests.test_settings.TestDefaults" name="test_default_theme_is_dark" time="0.000" /><testcase classname="tests.test_settings.TestDefaults" name="test_known_keys_match_dataclass_fields" time="0.000" /><testcase classname="tests.test_settings.TestSingleton" name="test_instance_returns_same_object" time="0.000" /><testcase classname="tests.test_settings.TestSingleton" name="test_reset_clears_singleton" time="0.000" /><testcase classname="tests.test_settings.TestGetSet" name="test_all_contains_all_known_keys" time="0.000" /><testcase classname="tests.test_settings.TestGetSet" name="test_all_returns_copy" time="0.000" /><testcase classname="tests.test_settings.TestGetSet" name="test_get_default_theme" time="0.000" /><testcase classname="tests.test_settings.TestGetSet" name="test_get_unknown_key_raises" time="0.000" /><testcase classname="tests.test_settings.TestGetSet" name="test_get_unknown_key_with_default" time="0.000" /><testcase classname="tests.test_settings.TestGetSet" name="test_set_and_get" time="0.000" /><testcase classname="tests.test_settings.TestGetSet" name="test_set_unknown_key_raises" time="0.000" /><testcase classname="tests.test_settings.TestSaveLoad" name="test_plugin_analytics_toggle_persists" time="0.001" /><testcase classname="tests.test_settings.TestSaveLoad" name="test_save_creates_file" time="0.000" /><testcase classname="tests.test_settings.TestSaveLoad" name="test_save_creates_parent_dirs" time="0.000" /><testcase classname="tests.test_settings.TestSaveLoad" name="test_save_load_round_trip" time="0.000" /><testcase classname="tests.test_settings.TestSaveLoad" name="test_saved_json_is_valid" time="0.000" /><testcase classname="tests.test_settings.TestCorruptFile" name="test_corrupt_json_uses_defaults" time="0.000" /><testcase classname="tests.test_settings.TestCorruptFile" name="test_extra_keys_in_file_are_ignored" time="0.000" /><testcase classname="tests.test_settings.TestCorruptFile" name="test_missing_file_uses_defaults" time="0.000" /><testcase classname="tests.test_settings.TestCorruptFile" name="test_non_dict_json_uses_defaults" time="0.001" /><testcase classname="tests.test_settings.TestReset" name="test_reset_persists_to_disk" time="0.001" /><testcase classname="tests.test_settings.TestReset" name="test_reset_restores_defaults" time="0.000" /><testcase classname="tests.test_settings_extended.TestPartialFile" name="test_empty_json_object_uses_all_defaults" time="0.000" /><testcase classname="tests.test_settings_extended.TestPartialFile" name="test_partial_keys_filled_with_defaults" time="0.000" /><testcase classname="tests.test_settings_extended.TestSetIdempotency" name="test_overwrite_reverts_to_original" time="0.000" /><testcase classname="tests.test_settings_extended.TestSetIdempotency" name="test_set_same_value_twice" time="0.000" /><testcase classname="tests.test_settings_extended.TestTypeMismatch" name="test_int_where_string_expected" time="0.000" /><testcase classname="tests.test_settings_extended.TestTypeMismatch" name="test_string_where_bool_expected" time="0.000" /><testcase classname="tests.test_settings_extended.TestAtomicSave" name="test_file_content_is_complete_after_save" time="0.001" /><testcase classname="tests.test_settings_extended.TestAtomicSave" name="test_no_tmp_file_left_after_save" time="0.001" /><testcase classname="tests.test_settings_extended.TestLargeValues" name="test_large_string_round_trip" time="0.001" /><testcase classname="tests.test_settings_extended.TestConcurrentAccess" name="test_concurrent_save_does_not_corrupt" time="0.008" /><testcase classname="tests.test_settings_extended.TestConcurrentAccess" name="test_concurrent_set_does_not_raise" time="0.001" /><testcase classname="tests.test_settings_extended.TestResetPersistence" name="test_reset_overwrites_all_keys" time="0.001" /><testcase classname="tests.test_settings_extended.TestResetPersistence" name="test_reset_then_save_round_trip" time="0.001" /><testcase classname="tests.test_settings_extended_v29.TestResetGroupBasic" name="test_multiple_keys_reset" time="0.001" /><testcase classname="tests.test_settings_extended_v29.TestResetGroupBasic" name="test_reset_all_known_keys" time="0.001" /><testcase classname="tests.test_settings_extended_v29.TestResetGroupBasic" name="test_single_key_reset" time="0.001" /><testcase classname="tests.test_settings_extended_v29.TestResetGroupPersistence" name="test_persisted_after_reset" time="0.001" /><testcase classname="tests.test_settings_extended_v29.TestResetGroupPersistence" name="test_reload_after_reset_group" time="0.001" /><testcase classname="tests.test_settings_extended_v29.TestResetGroupEdgeCases" name="test_duplicate_keys_in_list" time="0.001" /><testcase classname="tests.test_settings_extended_v29.TestResetGroupEdgeCases" name="test_empty_list_is_noop" time="0.000" /><testcase classname="tests.test_settings_extended_v29.TestResetGroupEdgeCases" name="test_reset_boolean_setting" time="0.000" /><testcase classname="tests.test_settings_extended_v29.TestResetGroupEdgeCases" name="test_reset_group_twice" time="0.001" /><testcase classname="tests.test_settings_extended_v29.TestResetGroupEdgeCases" name="test_reset_integer_setting" time="0.000" /><testcase classname="tests.test_settings_extended_v29.TestResetGroupEdgeCases" name="test_reset_preserves_non_default_unreset_values" time="0.000" /><testcase classname="tests.test_settings_extended_v29.TestResetGroupEdgeCases" name="test_reset_string_setting" time="0.000" /><testcase classname="tests.test_settings_extended_v29.TestResetGroupEdgeCases" name="test_unknown_key_ignored" time="0.001" /><testcase classname="tests.test_settings_extended_v29.TestResetGroupVsFullReset" name="test_full_reset_resets_everything" time="0.001" /><testcase classname="tests.test_settings_extended_v29.TestResetGroupVsFullReset" name="test_reset_group_subset_differs_from_full_reset" time="0.000" /><testcase classname="tests.test_smart_logs.TestLogEntry" name="test_all_fields" time="0.000" /><testcase classname="tests.test_smart_logs.TestLogEntry" name="test_create_entry" time="0.000" /><testcase classname="tests.test_smart_logs.TestLogEntry" name="test_pattern_match_none_by_default" time="0.000" /><testcase classname="tests.test_smart_logs.TestLogPattern" name="test_create_pattern" time="0.000" /><testcase classname="tests.test_smart_logs.TestLogPattern" name="test_known_patterns_not_empty" time="0.000" /><testcase classname="tests.test_smart_logs.TestLogPattern" name="test_severity_values" time="0.000" /><testcase classname="tests.test_smart_logs.TestLogSummary" name="test_create_summary" time="0.000" /><testcase classname="tests.test_smart_logs.TestLogSummary" name="test_default_counts" time="0.000" /><testcase classname="tests.test_smart_logs.TestLogSummary" name="test_top_units_type" time="0.000" /><testcase classname="tests.test_smart_logs.TestKnownPatterns" name="test_disk_full_matches" time="0.000" /><testcase classname="tests.test_smart_logs.TestKnownPatterns" name="test_no_match" time="0.000" /><testcase classname="tests.test_smart_logs.TestKnownPatterns" name="test_oom_pattern_matches" time="0.000" /><testcase classname="tests.test_smart_logs.TestKnownPatterns" name="test_patterns_count" time="0.000" /><testcase classname="tests.test_smart_logs.TestKnownPatterns" name="test_segfault_pattern_matches" time="0.000" /><testcase classname="tests.test_smart_logs.TestMatchPatterns" name="test_match_auth_failure" time="0.000" /><testcase classname="tests.test_smart_logs.TestMatchPatterns" name="test_match_empty_message" time="0.000" /><testcase classname="tests.test_smart_logs.TestMatchPatterns" name="test_match_oom" time="0.000" /><testcase classname="tests.test_smart_logs.TestMatchPatterns" name="test_match_segfault" time="0.000" /><testcase classname="tests.test_smart_logs.TestMatchPatterns" name="test_match_service_failed" time="0.000" /><testcase classname="tests.test_smart_logs.TestMatchPatterns" name="test_no_match" time="0.000" /><testcase classname="tests.test_smart_logs.TestGetLogs" name="test_get_logs_empty_output" time="0.001" /><testcase classname="tests.test_smart_logs.TestGetLogs" name="test_get_logs_nonzero_returncode" time="0.001" /><testcase classname="tests.test_smart_logs.TestGetLogs" name="test_get_logs_parses_json" time="0.001" /><testcase classname="tests.test_smart_logs.TestGetLogs" name="test_get_logs_subprocess_error" time="0.000" /><testcase classname="tests.test_smart_logs.TestGetLogs" name="test_get_logs_with_priority" time="0.001" /><testcase classname="tests.test_smart_logs.TestGetLogs" name="test_get_logs_with_unit_filter" time="0.001" /><testcase classname="tests.test_smart_logs.TestGetErrorSummary" name="test_summary_counts" time="0.001" /><testcase classname="tests.test_smart_logs.TestGetErrorSummary" name="test_summary_detected_patterns" time="0.001" /><testcase classname="tests.test_smart_logs.TestGetErrorSummary" name="test_summary_empty" time="0.000" /><testcase classname="tests.test_smart_logs.TestGetErrorSummary" name="test_summary_top_units" time="0.001" /><testcase classname="tests.test_smart_logs.TestGetLogsIncremental" name="test_incremental_deduplicates_replayed_entries" time="0.000" /><testcase classname="tests.test_smart_logs.TestGetLogsIncremental" name="test_incremental_respects_max_entries" time="0.000" /><testcase classname="tests.test_smart_logs.TestGetLogsIncremental" name="test_incremental_with_cursor_returns_newer_only" time="0.000" /><testcase classname="tests.test_smart_logs.TestGetLogsIncremental" name="test_incremental_without_cursor" time="0.000" /><testcase classname="tests.test_smart_logs.TestGetUnitList" name="test_get_units" time="0.001" /><testcase classname="tests.test_smart_logs.TestGetUnitList" name="test_get_units_empty" time="0.000" /><testcase classname="tests.test_smart_logs.TestGetUnitList" name="test_get_units_nonzero_exit" time="0.001" /><testcase classname="tests.test_smart_logs.TestGetUnitList" name="test_get_units_subprocess_error" time="0.000" /><testcase classname="tests.test_smart_logs.TestExportLogs" name="test_export_empty" time="0.001" /><testcase classname="tests.test_smart_logs.TestExportLogs" name="test_export_json" time="0.001" /><testcase classname="tests.test_smart_logs.TestExportLogs" name="test_export_text" time="0.001" /><testcase classname="tests.test_smart_logs.TestExportLogs" name="test_export_write_error" time="0.001" /><testcase classname="tests.test_smart_logs.TestParseJsonLines" name="test_basic_parse" time="0.000" /><testcase classname="tests.test_smart_logs.TestParseJsonLines" name="test_binary_message_field" time="0.000" /><testcase classname="tests.test_smart_logs.TestParseJsonLines" name="test_malformed_json_skipped" time="0.000" /><testcase classname="tests.test_smart_logs.TestParseJsonLines" name="test_pattern_match_set_on_parse" time="0.000" /><testcase classname="tests.test_smart_logs.TestFormatTimestamp" name="test_empty_timestamp" time="0.000" /><testcase classname="tests.test_smart_logs.TestFormatTimestamp" name="test_invalid_timestamp" time="0.000" /><testcase classname="tests.test_smart_logs.TestFormatTimestamp" name="test_valid_timestamp" time="0.000" /><testcase classname="tests.test_snapshot_manager.TestSnapshotInfo" name="test_creation" time="0.000" /><testcase classname="tests.test_snapshot_manager.TestSnapshotInfo" name="test_default_values_not_required" time="0.000" /><testcase classname="tests.test_snapshot_manager.TestSnapshotInfo" name="test_field_types" time="0.000" /><testcase classname="tests.test_snapshot_manager.TestSnapshotBackend" name="test_available_state" time="0.000" /><testcase classname="tests.test_snapshot_manager.TestSnapshotBackend" name="test_creation" time="0.000" /><testcase classname="tests.test_snapshot_manager.TestSnapshotBackend" name="test_unavailable_state" time="0.000" /><testcase classname="tests.test_snapshot_manager.TestDetectBackends" name="test_all_backends_available" time="0.001" /><testcase classname="tests.test_snapshot_manager.TestDetectBackends" name="test_no_backends" time="0.000" /><testcase classname="tests.test_snapshot_manager.TestDetectBackends" name="test_snapper_only" time="0.001" /><testcase classname="tests.test_snapshot_manager.TestDetectBackends" name="test_version_detection" time="0.001" /><testcase classname="tests.test_snapshot_manager.TestDetectBackends" name="test_version_detection_failure" time="0.001" /><testcase classname="tests.test_snapshot_manager.TestGetPreferredBackend" name="test_falls_to_btrfs" time="0.001" /><testcase classname="tests.test_snapshot_manager.TestGetPreferredBackend" name="test_falls_to_timeshift" time="0.000" /><testcase classname="tests.test_snapshot_manager.TestGetPreferredBackend" name="test_prefers_snapper" time="0.000" /><testcase classname="tests.test_snapshot_manager.TestGetPreferredBackend" name="test_returns_none" time="0.000" /><testcase classname="tests.test_snapshot_manager.TestListSnapshots" name="test_list_auto_detect_backend" time="0.000" /><testcase classname="tests.test_snapshot_manager.TestListSnapshots" name="test_list_empty" time="0.001" /><testcase classname="tests.test_snapshot_manager.TestListSnapshots" name="test_list_snapper" time="0.001" /><testcase classname="tests.test_snapshot_manager.TestListSnapshots" name="test_list_subprocess_error" time="0.001" /><testcase classname="tests.test_snapshot_manager.TestListSnapshots" name="test_list_timeshift" time="0.001" /><testcase classname="tests.test_snapshot_manager.TestCreateSnapshot" name="test_create_auto_backend" time="0.001" /><testcase classname="tests.test_snapshot_manager.TestCreateSnapshot" name="test_create_btrfs" time="0.000" /><testcase classname="tests.test_snapshot_manager.TestCreateSnapshot" name="test_create_no_backend" time="0.000" /><testcase classname="tests.test_snapshot_manager.TestCreateSnapshot" name="test_create_snapper" time="0.000" /><testcase classname="tests.test_snapshot_manager.TestCreateSnapshot" name="test_create_timeshift" time="0.000" /><testcase classname="tests.test_snapshot_manager.TestDeleteSnapshot" name="test_delete_auto_backend" time="0.000" /><testcase classname="tests.test_snapshot_manager.TestDeleteSnapshot" name="test_delete_no_backend" time="0.000" /><testcase classname="tests.test_snapshot_manager.TestDeleteSnapshot" name="test_delete_returns_tuple" time="0.000" /><testcase classname="tests.test_snapshot_manager.TestDeleteSnapshot" name="test_delete_with_id" time="0.000" /><testcase classname="tests.test_snapshot_manager.TestGetSnapshotCount" name="test_count_empty" time="0.001" /><testcase classname="tests.test_snapshot_manager.TestGetSnapshotCount" name="test_count_with_snapshots" time="0.001" /><testcase classname="tests.test_snapshot_manager.TestApplyRetention" name="test_retention_no_backend" time="0.001" /><testcase classname="tests.test_snapshot_manager.TestApplyRetention" name="test_retention_removes_old" time="0.001" /><testcase classname="tests.test_snapshot_manager.TestApplyRetention" name="test_retention_within_limit" time="0.000" /><testcase classname="tests.test_snapshot_manager.TestApplyRetention" name="test_retention_zero_snapshots" time="0.000" /><testcase classname="tests.test_snapshot_manager.TestListBtrfsSnapshots" name="test_list_btrfs_no_snapshots" time="0.001" /><testcase classname="tests.test_snapshot_manager.TestListBtrfsSnapshots" name="test_list_btrfs_snapshots" time="0.000" /><testcase classname="tests.test_snapshot_manager.TestCreateSnapshotEdgeCases" name="test_create_btrfs_sanitises_label" time="0.000" /><testcase classname="tests.test_snapshot_manager.TestCreateSnapshotEdgeCases" name="test_create_unknown_backend" time="0.000" /><testcase classname="tests.test_snapshot_manager.TestCreateSnapshotEdgeCases" name="test_delete_unknown_backend" time="0.000" /><testcase classname="tests.test_snapshot_manager.TestVersionFromStderr" name="test_version_from_stderr" time="0.001" /><testcase classname="tests.test_software_utils.TestIsCheckCommandSatisfied" name="test_check_true_called" time="0.001" /><testcase classname="tests.test_software_utils.TestIsCheckCommandSatisfied" name="test_command_binary_not_found" time="0.000" /><testcase classname="tests.test_software_utils.TestIsCheckCommandSatisfied" name="test_command_fails_nonzero" time="0.000" /><testcase classname="tests.test_software_utils.TestIsCheckCommandSatisfied" name="test_command_succeeds" time="0.000" /><testcase classname="tests.test_software_utils.TestIsCheckCommandSatisfied" name="test_command_with_complex_args" time="0.001" /><testcase classname="tests.test_software_utils.TestIsCheckCommandSatisfied" name="test_empty_string" time="0.000" /><testcase classname="tests.test_software_utils.TestIsCheckCommandSatisfied" name="test_invalid_command_string" time="0.000" /><testcase classname="tests.test_software_utils.TestIsCheckCommandSatisfied" name="test_which_flatpak" time="0.000" /><testcase classname="tests.test_sovereign_network.TestMeshDiscoveryDeviceId" name="test_get_device_id_generates_new" time="0.002" /><testcase classname="tests.test_sovereign_network.TestMeshDiscoveryDeviceId" name="test_get_device_id_loads_existing" time="0.002" /><testcase classname="tests.test_sovereign_network.TestMeshDiscoveryDeviceId" name="test_get_device_id_regenerates_on_empty_file" time="0.002" /><testcase classname="tests.test_sovereign_network.TestMeshDiscoveryNetwork" name="test_get_device_name" time="0.001" /><testcase classname="tests.test_sovereign_network.TestMeshDiscoveryNetwork" name="test_get_local_ips_excludes_loopback" time="0.001" /><testcase classname="tests.test_sovereign_network.TestMeshDiscoveryNetwork" name="test_get_local_ips_hostname_fallback" time="0.001" /><testcase classname="tests.test_sovereign_network.TestMeshDiscoveryNetwork" name="test_get_local_ips_via_udp" time="0.001" /><testcase classname="tests.test_sovereign_network.TestMeshDiscoveryAvahi" name="test_avahi_available" time="0.001" /><testcase classname="tests.test_sovereign_network.TestMeshDiscoveryAvahi" name="test_avahi_not_available" time="0.001" /><testcase classname="tests.test_sovereign_network.TestMeshDiscoveryAvahi" name="test_discover_peers_empty_output" time="0.001" /><testcase classname="tests.test_sovereign_network.TestMeshDiscoveryAvahi" name="test_discover_peers_no_avahi" time="0.000" /><testcase classname="tests.test_sovereign_network.TestMeshDiscoveryAvahi" name="test_discover_peers_nonzero_exit" time="0.001" /><testcase classname="tests.test_sovereign_network.TestMeshDiscoveryAvahi" name="test_discover_peers_parses_avahi_output" time="0.001" /><testcase classname="tests.test_sovereign_network.TestMeshDiscoveryAvahi" name="test_discover_peers_timeout_returns_empty" time="0.001" /><testcase classname="tests.test_sovereign_network.TestMeshDiscoveryServiceInfo" name="test_build_service_info_fields" time="0.001" /><testcase classname="tests.test_sovereign_network.TestMeshDiscoveryServiceRegistration" name="test_register_service_already_registered" time="0.001" /><testcase classname="tests.test_sovereign_network.TestMeshDiscoveryServiceRegistration" name="test_register_service_no_avahi_publish" time="0.000" /><testcase classname="tests.test_sovereign_network.TestMeshDiscoveryServiceRegistration" name="test_register_service_success" time="0.001" /><testcase classname="tests.test_sovereign_network.TestMeshDiscoveryServiceRegistration" name="test_unregister_service_when_not_registered" time="0.000" /><testcase classname="tests.test_sovereign_network.TestMeshDiscoveryPeerAlive" name="test_peer_alive_failure" time="0.001" /><testcase classname="tests.test_sovereign_network.TestMeshDiscoveryPeerAlive" name="test_peer_alive_success" time="0.001" /><testcase classname="tests.test_sovereign_network.TestClipboardSyncDisplayServer" name="test_detect_unknown" time="0.001" /><testcase classname="tests.test_sovereign_network.TestClipboardSyncDisplayServer" name="test_detect_wayland_via_display_env" time="0.001" /><testcase classname="tests.test_sovereign_network.TestClipboardSyncDisplayServer" name="test_detect_wayland_via_xdg" time="0.001" /><testcase classname="tests.test_sovereign_network.TestClipboardSyncDisplayServer" name="test_detect_x11_via_display_env" time="0.001" /><testcase classname="tests.test_sovereign_network.TestClipboardSyncDisplayServer" name="test_detect_x11_via_xdg" time="0.001" /><testcase classname="tests.test_sovereign_network.TestClipboardSyncToolAvailability" name="test_no_tools_available" time="0.000" /><testcase classname="tests.test_sovereign_network.TestClipboardSyncToolAvailability" name="test_wayland_tools_available" time="0.000" /><testcase classname="tests.test_sovereign_network.TestClipboardSyncToolAvailability" name="test_x11_tools_available" time="0.000" /><testcase classname="tests.test_sovereign_network.TestClipboardSyncEncryption" name="test_different_keys_produce_different_ciphertext" time="0.000" /><testcase classname="tests.test_sovereign_network.TestClipboardSyncEncryption" name="test_encrypt_decrypt_roundtrip" time="0.000" /><testcase classname="tests.test_sovereign_network.TestClipboardSyncEncryption" name="test_encrypt_empty_data" time="0.000" /><testcase classname="tests.test_sovereign_network.TestClipboardSyncEncryption" name="test_encrypted_differs_from_plaintext" time="0.000" /><testcase classname="tests.test_sovereign_network.TestClipboardSyncPairing" name="test_derive_shared_key_deterministic" time="0.031" /><testcase classname="tests.test_sovereign_network.TestClipboardSyncPairing" name="test_derive_shared_key_different_codes" time="0.032" /><testcase classname="tests.test_sovereign_network.TestClipboardSyncPairing" name="test_derive_shared_key_different_devices" time="0.031" /><testcase classname="tests.test_sovereign_network.TestClipboardSyncPairing" name="test_derive_shared_key_length" time="0.015" /><testcase classname="tests.test_sovereign_network.TestClipboardSyncPairing" name="test_pairing_key_format" time="0.000" /><testcase classname="tests.test_sovereign_network.TestClipboardSyncPairing" name="test_pairing_key_zero_padded" time="0.001" /><testcase classname="tests.test_sovereign_network.TestClipboardSyncReadWrite" name="test_get_clipboard_no_tools" time="0.001" /><testcase classname="tests.test_sovereign_network.TestClipboardSyncReadWrite" name="test_get_clipboard_wayland" time="0.001" /><testcase classname="tests.test_sovereign_network.TestClipboardSyncReadWrite" name="test_get_clipboard_x11" time="0.001" /><testcase classname="tests.test_sovereign_network.TestClipboardSyncReadWrite" name="test_set_clipboard_no_tools" time="0.001" /><testcase classname="tests.test_sovereign_network.TestClipboardSyncReadWrite" name="test_set_clipboard_x11" time="0.001" /><testcase classname="tests.test_sovereign_network.TestFileDropDownloadDir" name="test_get_download_dir_creates_directory" time="0.001" /><testcase classname="tests.test_sovereign_network.TestFileDropMetadata" name="test_prepare_file_metadata" time="0.001" /><testcase classname="tests.test_sovereign_network.TestFileDropChecksum" name="test_calculate_checksum" time="0.001" /><testcase classname="tests.test_sovereign_network.TestFileDropChecksum" name="test_calculate_checksum_empty_file" time="0.000" /><testcase classname="tests.test_sovereign_network.TestFileDropFilenameSanitization" name="test_basic_filename" time="0.000" /><testcase classname="tests.test_sovereign_network.TestFileDropFilenameSanitization" name="test_control_characters_removed" time="0.000" /><testcase classname="tests.test_sovereign_network.TestFileDropFilenameSanitization" name="test_empty_filename_fallback" time="0.000" /><testcase classname="tests.test_sovereign_network.TestFileDropFilenameSanitization" name="test_leading_dashes_stripped" time="0.000" /><testcase classname="tests.test_sovereign_network.TestFileDropFilenameSanitization" name="test_leading_dots_stripped" time="0.000" /><testcase classname="tests.test_sovereign_network.TestFileDropFilenameSanitization" name="test_long_filename_clamped" time="0.000" /><testcase classname="tests.test_sovereign_network.TestFileDropFilenameSanitization" name="test_null_bytes_removed" time="0.000" /><testcase classname="tests.test_sovereign_network.TestFileDropFilenameSanitization" name="test_only_dots_filename" time="0.000" /><testcase classname="tests.test_sovereign_network.TestFileDropFilenameSanitization" name="test_path_traversal_unix" time="0.000" /><testcase classname="tests.test_sovereign_network.TestFileDropFilenameSanitization" name="test_path_traversal_windows" time="0.000" /><testcase classname="tests.test_sovereign_network.TestFileDropTransferSafety" name="test_dangerous_bat_extension" time="0.001" /><testcase classname="tests.test_sovereign_network.TestFileDropTransferSafety" name="test_dangerous_exe_extension" time="0.000" /><testcase classname="tests.test_sovereign_network.TestFileDropTransferSafety" name="test_dangerous_ps1_extension" time="0.000" /><testcase classname="tests.test_sovereign_network.TestFileDropTransferSafety" name="test_dangerous_sh_extension" time="0.000" /><testcase classname="tests.test_sovereign_network.TestFileDropTransferSafety" name="test_insufficient_disk_space" time="0.000" /><testcase classname="tests.test_sovereign_network.TestFileDropTransferSafety" name="test_negative_file_size" time="0.001" /><testcase classname="tests.test_sovereign_network.TestFileDropTransferSafety" name="test_oversized_file_rejected" time="0.001" /><testcase classname="tests.test_sovereign_network.TestFileDropTransferSafety" name="test_safe_transfer" time="0.001" /><testcase classname="tests.test_sovereign_network.TestFileDropFormatting" name="test_format_file_size_bytes" time="0.000" /><testcase classname="tests.test_sovereign_network.TestFileDropFormatting" name="test_format_file_size_gb" time="0.000" /><testcase classname="tests.test_sovereign_network.TestFileDropFormatting" name="test_format_file_size_kb" time="0.000" /><testcase classname="tests.test_sovereign_network.TestFileDropFormatting" name="test_format_file_size_mb" time="0.000" /><testcase classname="tests.test_sovereign_network.TestFileDropFormatting" name="test_format_file_size_tb" time="0.000" /><testcase classname="tests.test_sovereign_network.TestFileDropFormatting" name="test_format_transfer_speed_bytes" time="0.000" /><testcase classname="tests.test_sovereign_network.TestFileDropFormatting" name="test_format_transfer_speed_gb" time="0.000" /><testcase classname="tests.test_sovereign_network.TestFileDropFormatting" name="test_format_transfer_speed_kb" time="0.000" /><testcase classname="tests.test_sovereign_network.TestFileDropFormatting" name="test_format_transfer_speed_mb" time="0.000" /><testcase classname="tests.test_sovereign_network.TestFileDropMimeType" name="test_mime_type_png" time="0.000" /><testcase classname="tests.test_sovereign_network.TestFileDropMimeType" name="test_mime_type_txt" time="0.000" /><testcase classname="tests.test_sovereign_network.TestFileDropMimeType" name="test_mime_type_unknown" time="0.000" /><testcase classname="tests.test_sovereign_network.TestFileDropTransferManagement" name="test_accept_non_pending_transfer" time="0.000" /><testcase classname="tests.test_sovereign_network.TestFileDropTransferManagement" name="test_accept_nonexistent_transfer" time="0.000" /><testcase classname="tests.test_sovereign_network.TestFileDropTransferManagement" name="test_accept_pending_transfer" time="0.000" /><testcase classname="tests.test_sovereign_network.TestFileDropTransferManagement" name="test_list_pending_transfers" time="0.000" /><testcase classname="tests.test_sovereign_network.TestFileDropTransferManagement" name="test_reject_nonexistent_transfer" time="0.000" /><testcase classname="tests.test_sovereign_network.TestFileDropTransferManagement" name="test_reject_pending_transfer" time="0.000" /><testcase classname="tests.test_sovereign_network.TestFileDropHttpServer" name="test_build_http_server_command" time="0.000" /><testcase classname="tests.test_sovereign_network.TestFileDropTransferId" name="test_transfer_id_is_uuid" time="0.000" /><testcase classname="tests.test_sovereign_network.TestFileDropTransferId" name="test_transfer_ids_are_unique" time="0.000" /><testcase classname="tests.test_sovereign_network.TestFileDropDiskSpace" name="test_get_available_disk_space" time="0.001" /><testcase classname="tests.test_storage.TestStorageListBlockDevices" name="test_list_all_devices" time="0.001" /><testcase classname="tests.test_storage.TestStorageListBlockDevices" name="test_list_disks_excludes_loop" time="0.001" /><testcase classname="tests.test_storage.TestStorageListBlockDevices" name="test_list_partitions" time="0.001" /><testcase classname="tests.test_storage.TestStorageListBlockDevices" name="test_lsblk_failure" time="0.019" /><testcase classname="tests.test_storage.TestStorageListBlockDevices" name="test_lsblk_invalid_json" time="0.001" /><testcase classname="tests.test_storage.TestStorageListBlockDevices" name="test_lsblk_timeout" time="0.001" /><testcase classname="tests.test_storage.TestStorageSmartHealth" name="test_smart_health_failed" time="0.001" /><testcase classname="tests.test_storage.TestStorageSmartHealth" name="test_smart_health_parsed" time="0.001" /><testcase classname="tests.test_storage.TestStorageSmartHealth" name="test_smart_oserror" time="0.000" /><testcase classname="tests.test_storage.TestStorageSmartHealth" name="test_smart_timeout" time="0.001" /><testcase classname="tests.test_storage.TestStorageMounts" name="test_list_mounts_empty" time="0.001" /><testcase classname="tests.test_storage.TestStorageMounts" name="test_list_mounts_failure" time="0.000" /><testcase classname="tests.test_storage.TestStorageMounts" name="test_list_mounts_filters_tmpfs" time="0.001" /><testcase classname="tests.test_storage.TestStorageFilesystemCheck" name="test_fsck_clean" time="0.001" /><testcase classname="tests.test_storage.TestStorageFilesystemCheck" name="test_fsck_issues" time="0.000" /><testcase classname="tests.test_storage.TestStorageFilesystemCheck" name="test_fsck_oserror" time="0.000" /><testcase classname="tests.test_storage.TestStorageFilesystemCheck" name="test_fsck_timeout" time="0.000" /><testcase classname="tests.test_storage.TestStorageTrim" name="test_trim_failure" time="0.001" /><testcase classname="tests.test_storage.TestStorageTrim" name="test_trim_success" time="0.000" /><testcase classname="tests.test_storage.TestStorageTrim" name="test_trim_timeout" time="0.000" /><testcase classname="tests.test_storage.TestStorageUsageSummary" name="test_usage_summary" time="0.001" /><testcase classname="tests.test_storage.TestStorageUsageSummary" name="test_usage_summary_empty" time="0.000" /><testcase classname="tests.test_storage.TestStorageDataclasses" name="test_block_device_to_dict" time="0.000" /><testcase classname="tests.test_storage.TestStorageDataclasses" name="test_mount_info_to_dict" time="0.000" /><testcase classname="tests.test_storage.TestStorageDataclasses" name="test_smart_health_to_dict" time="0.000" /><testcase classname="tests.test_storage.TestStorageDataclasses" name="test_storage_result" time="0.000" /><testcase classname="tests.test_sync_ai_adapters" name="test_sync_file_detects_drift_and_writes" time="0.002" /><testcase classname="tests.test_sync_ai_adapters" name="test_sync_directory_detects_stale_files_in_check_mode" time="0.002" /><testcase classname="tests.test_system_info_utils.TestGetHostname" name="test_returns_hostname" time="0.001" /><testcase classname="tests.test_system_info_utils.TestGetHostname" name="test_returns_unknown_on_error" time="0.001" /><testcase classname="tests.test_system_info_utils.TestGetKernelVersion" name="test_returns_kernel" time="0.000" /><testcase classname="tests.test_system_info_utils.TestGetKernelVersion" name="test_returns_unknown_on_error" time="0.000" /><testcase classname="tests.test_system_info_utils.TestGetFedoraRelease" name="test_returns_release" time="0.000" /><testcase classname="tests.test_system_info_utils.TestGetFedoraRelease" name="test_returns_unknown_on_error" time="0.000" /><testcase classname="tests.test_system_info_utils.TestGetCpuModel" name="test_returns_cpu" time="0.000" /><testcase classname="tests.test_system_info_utils.TestGetCpuModel" name="test_returns_unknown_on_empty" time="0.000" /><testcase classname="tests.test_system_info_utils.TestGetCpuModel" name="test_returns_unknown_on_error" time="0.000" /><testcase classname="tests.test_system_info_utils.TestGetRamUsage" name="test_returns_ram" time="0.000" /><testcase classname="tests.test_system_info_utils.TestGetRamUsage" name="test_returns_unknown_on_error" time="0.000" /><testcase classname="tests.test_system_info_utils.TestGetDiskUsage" name="test_returns_disk" time="0.000" /><testcase classname="tests.test_system_info_utils.TestGetDiskUsage" name="test_returns_unknown_on_error" time="0.000" /><testcase classname="tests.test_system_info_utils.TestGetUptime" name="test_returns_unknown_on_error" time="0.000" /><testcase classname="tests.test_system_info_utils.TestGetUptime" name="test_returns_uptime" time="0.000" /><testcase classname="tests.test_system_info_utils.TestGetBatteryStatus" name="test_returns_battery_info" time="0.001" /><testcase classname="tests.test_system_info_utils.TestGetBatteryStatus" name="test_returns_none_no_battery" time="0.000" /><testcase classname="tests.test_system_info_utils.TestGetBatteryStatus" name="test_returns_none_on_error" time="0.001" /><testcase classname="tests.test_system_service.TestSystemServiceInit" name="test_inherits_base_system_service" time="0.000"><skipped type="pytest.skip" message="Qt/PyQt6 not available in headless environment">/home/loofi/Dokument/loofi fedora 43 v1/loofi-fedora-tweaks/tests/test_system_service.py:37: Qt/PyQt6 not available in headless environment</skipped></testcase><testcase classname="tests.test_system_service.TestSystemServiceReboot" name="test_reboot_failure" time="0.000"><skipped type="pytest.skip" message="Qt/PyQt6 not available in headless environment">/home/loofi/Dokument/loofi fedora 43 v1/loofi-fedora-tweaks/tests/test_system_service.py:92: Qt/PyQt6 not available in headless environment</skipped></testcase><testcase classname="tests.test_system_service.TestSystemServiceReboot" name="test_reboot_immediate" time="0.000"><skipped type="pytest.skip" message="Qt/PyQt6 not available in headless environment">/home/loofi/Dokument/loofi fedora 43 v1/loofi-fedora-tweaks/tests/test_system_service.py:47: Qt/PyQt6 not available in headless environment</skipped></testcase><testcase classname="tests.test_system_service.TestSystemServiceReboot" name="test_reboot_with_delay" time="0.000"><skipped type="pytest.skip" message="Qt/PyQt6 not available in headless environment">/home/loofi/Dokument/loofi fedora 43 v1/loofi-fedora-tweaks/tests/test_system_service.py:66: Qt/PyQt6 not available in headless environment</skipped></testcase><testcase classname="tests.test_system_service.TestSystemServiceReboot" name="test_reboot_with_description" time="0.000"><skipped type="pytest.skip" message="Qt/PyQt6 not available in headless environment">/home/loofi/Dokument/loofi fedora 43 v1/loofi-fedora-tweaks/tests/test_system_service.py:79: Qt/PyQt6 not available in headless environment</skipped></testcase><testcase classname="tests.test_system_service.TestSystemServiceShutdown" name="test_shutdown_immediate" time="0.000"><skipped type="pytest.skip" message="Qt/PyQt6 not available in headless environment">/home/loofi/Dokument/loofi fedora 43 v1/loofi-fedora-tweaks/tests/test_system_service.py:108: Qt/PyQt6 not available in headless environment</skipped></testcase><testcase classname="tests.test_system_service.TestSystemServiceShutdown" name="test_shutdown_with_delay" time="0.000"><skipped type="pytest.skip" message="Qt/PyQt6 not available in headless environment">/home/loofi/Dokument/loofi fedora 43 v1/loofi-fedora-tweaks/tests/test_system_service.py:124: Qt/PyQt6 not available in headless environment</skipped></testcase><testcase classname="tests.test_system_service.TestSystemServiceSuspend" name="test_suspend" time="0.000"><skipped type="pytest.skip" message="Qt/PyQt6 not available in headless environment">/home/loofi/Dokument/loofi fedora 43 v1/loofi-fedora-tweaks/tests/test_system_service.py:142: Qt/PyQt6 not available in headless environment</skipped></testcase><testcase classname="tests.test_system_service.TestSystemServiceSuspend" name="test_suspend_with_description" time="0.000"><skipped type="pytest.skip" message="Qt/PyQt6 not available in headless environment">/home/loofi/Dokument/loofi fedora 43 v1/loofi-fedora-tweaks/tests/test_system_service.py:158: Qt/PyQt6 not available in headless environment</skipped></testcase><testcase classname="tests.test_system_service.TestSystemServiceUpdateGrub" name="test_update_grub_bios" time="0.000"><skipped type="pytest.skip" message="Qt/PyQt6 not available in headless environment">/home/loofi/Dokument/loofi fedora 43 v1/loofi-fedora-tweaks/tests/test_system_service.py:192: Qt/PyQt6 not available in headless environment</skipped></testcase><testcase classname="tests.test_system_service.TestSystemServiceUpdateGrub" name="test_update_grub_failure" time="0.000"><skipped type="pytest.skip" message="Qt/PyQt6 not available in headless environment">/home/loofi/Dokument/loofi fedora 43 v1/loofi-fedora-tweaks/tests/test_system_service.py:208: Qt/PyQt6 not available in headless environment</skipped></testcase><testcase classname="tests.test_system_service.TestSystemServiceUpdateGrub" name="test_update_grub_uefi" time="0.000"><skipped type="pytest.skip" message="Qt/PyQt6 not available in headless environment">/home/loofi/Dokument/loofi fedora 43 v1/loofi-fedora-tweaks/tests/test_system_service.py:176: Qt/PyQt6 not available in headless environment</skipped></testcase><testcase classname="tests.test_system_service.TestSystemServiceHostname" name="test_set_hostname_empty_string" time="0.000"><skipped type="pytest.skip" message="Qt/PyQt6 not available in headless environment">/home/loofi/Dokument/loofi fedora 43 v1/loofi-fedora-tweaks/tests/test_system_service.py:243: Qt/PyQt6 not available in headless environment</skipped></testcase><testcase classname="tests.test_system_service.TestSystemServiceHostname" name="test_set_hostname_success" time="0.000"><skipped type="pytest.skip" message="Qt/PyQt6 not available in headless environment">/home/loofi/Dokument/loofi fedora 43 v1/loofi-fedora-tweaks/tests/test_system_service.py:225: Qt/PyQt6 not available in headless environment</skipped></testcase><testcase classname="tests.test_system_service.TestSystemServiceHostname" name="test_set_hostname_whitespace_stripped" time="0.000"><skipped type="pytest.skip" message="Qt/PyQt6 not available in headless environment">/home/loofi/Dokument/loofi fedora 43 v1/loofi-fedora-tweaks/tests/test_system_service.py:251: Qt/PyQt6 not available in headless environment</skipped></testcase><testcase classname="tests.test_system_service.TestSystemServiceHostname" name="test_set_hostname_with_description" time="0.000"><skipped type="pytest.skip" message="Qt/PyQt6 not available in headless environment">/home/loofi/Dokument/loofi fedora 43 v1/loofi-fedora-tweaks/tests/test_system_service.py:265: Qt/PyQt6 not available in headless environment</skipped></testcase><testcase classname="tests.test_system_service.TestSystemServiceDelegation" name="test_get_package_manager_delegates" time="0.000"><skipped type="pytest.skip" message="Qt/PyQt6 not available in headless environment">/home/loofi/Dokument/loofi fedora 43 v1/loofi-fedora-tweaks/tests/test_system_service.py:300: Qt/PyQt6 not available in headless environment</skipped></testcase><testcase classname="tests.test_system_service.TestSystemServiceDelegation" name="test_get_variant_name_delegates" time="0.000"><skipped type="pytest.skip" message="Qt/PyQt6 not available in headless environment">/home/loofi/Dokument/loofi fedora 43 v1/loofi-fedora-tweaks/tests/test_system_service.py:291: Qt/PyQt6 not available in headless environment</skipped></testcase><testcase classname="tests.test_system_service.TestSystemServiceDelegation" name="test_has_pending_reboot_delegates" time="0.000"><skipped type="pytest.skip" message="Qt/PyQt6 not available in headless environment">/home/loofi/Dokument/loofi fedora 43 v1/loofi-fedora-tweaks/tests/test_system_service.py:309: Qt/PyQt6 not available in headless environment</skipped></testcase><testcase classname="tests.test_system_service.TestSystemServiceDelegation" name="test_is_atomic_delegates" time="0.000"><skipped type="pytest.skip" message="Qt/PyQt6 not available in headless environment">/home/loofi/Dokument/loofi fedora 43 v1/loofi-fedora-tweaks/tests/test_system_service.py:282: Qt/PyQt6 not available in headless environment</skipped></testcase><testcase classname="tests.test_system_service_deep.TestReboot" name="test_reboot_custom_desc" time="0.002" /><testcase classname="tests.test_system_service_deep.TestReboot" name="test_reboot_failure_none" time="0.001" /><testcase classname="tests.test_system_service_deep.TestReboot" name="test_reboot_success" time="0.001" /><testcase classname="tests.test_system_service_deep.TestReboot" name="test_reboot_with_delay" time="0.001" /><testcase classname="tests.test_system_service_deep.TestShutdown" name="test_shutdown_failure" time="0.001" /><testcase classname="tests.test_system_service_deep.TestShutdown" name="test_shutdown_success" time="0.004" /><testcase classname="tests.test_system_service_deep.TestShutdown" name="test_shutdown_with_delay" time="0.001" /><testcase classname="tests.test_system_service_deep.TestSuspend" name="test_suspend_fail" time="0.001" /><testcase classname="tests.test_system_service_deep.TestSuspend" name="test_suspend_success" time="0.001" /><testcase classname="tests.test_system_service_deep.TestUpdateGrub" name="test_update_grub_bios" time="0.001" /><testcase classname="tests.test_system_service_deep.TestUpdateGrub" name="test_update_grub_detection_error" time="0.001" /><testcase classname="tests.test_system_service_deep.TestUpdateGrub" name="test_update_grub_failure" time="0.001" /><testcase classname="tests.test_system_service_deep.TestUpdateGrub" name="test_update_grub_uefi" time="0.001" /><testcase classname="tests.test_system_service_deep.TestSetHostname" name="test_set_hostname_empty" time="0.000" /><testcase classname="tests.test_system_service_deep.TestSetHostname" name="test_set_hostname_failure" time="0.001" /><testcase classname="tests.test_system_service_deep.TestSetHostname" name="test_set_hostname_success" time="0.001" /><testcase classname="tests.test_system_service_deep.TestSetHostname" name="test_set_hostname_whitespace" time="0.000" /><testcase classname="tests.test_system_service_deep.TestStaticDelegates" name="test_get_package_manager" time="0.000" /><testcase classname="tests.test_system_service_deep.TestStaticDelegates" name="test_get_variant_name" time="0.000" /><testcase classname="tests.test_system_service_deep.TestStaticDelegates" name="test_has_pending_reboot" time="0.000" /><testcase classname="tests.test_system_service_deep.TestStaticDelegates" name="test_is_atomic" time="0.000" /><testcase classname="tests.test_tab_margins.TestTabMargins" name="test_ai_enhanced_tab_margins" time="0.000"><skipped type="pytest.skip" message="PyQt6.QtWidgets not available (headless environment)">/home/loofi/Dokument/loofi fedora 43 v1/loofi-fedora-tweaks/tests/test_tab_margins.py:95: PyQt6.QtWidgets not available (headless environment)</skipped></testcase><testcase classname="tests.test_tab_margins.TestTabMargins" name="test_desktop_tab_margins" time="0.000"><skipped type="pytest.skip" message="PyQt6.QtWidgets not available (headless environment)">/home/loofi/Dokument/loofi fedora 43 v1/loofi-fedora-tweaks/tests/test_tab_margins.py:75: PyQt6.QtWidgets not available (headless environment)</skipped></testcase><testcase classname="tests.test_tab_margins.TestTabMargins" name="test_diagnostics_tab_margins" time="0.000"><skipped type="pytest.skip" message="PyQt6.QtWidgets not available (headless environment)">/home/loofi/Dokument/loofi fedora 43 v1/loofi-fedora-tweaks/tests/test_tab_margins.py:65: PyQt6.QtWidgets not available (headless environment)</skipped></testcase><testcase classname="tests.test_tab_margins.TestTabMargins" name="test_security_tab_margins" time="0.000"><skipped type="pytest.skip" message="PyQt6.QtWidgets not available (headless environment)">/home/loofi/Dokument/loofi fedora 43 v1/loofi-fedora-tweaks/tests/test_tab_margins.py:85: PyQt6.QtWidgets not available (headless environment)</skipped></testcase><testcase classname="tests.test_tab_margins.TestTabMargins" name="test_settings_tab_margins" time="0.000"><skipped type="pytest.skip" message="PyQt6.QtWidgets not available (headless environment)">/home/loofi/Dokument/loofi fedora 43 v1/loofi-fedora-tweaks/tests/test_tab_margins.py:108: PyQt6.QtWidgets not available (headless environment)</skipped></testcase><testcase classname="tests.test_teleport.TestCaptureVSCode" name="test_capture_vscode_command_failure" time="0.002" /><testcase classname="tests.test_teleport.TestCaptureVSCode" name="test_capture_vscode_defaults_to_cwd" time="0.001" /><testcase classname="tests.test_teleport.TestCaptureVSCode" name="test_capture_vscode_not_installed" time="0.001" /><testcase classname="tests.test_teleport.TestCaptureVSCode" name="test_capture_vscode_reads_settings" time="0.001" /><testcase classname="tests.test_teleport.TestCaptureVSCode" name="test_capture_vscode_with_extensions" time="0.002" /><testcase classname="tests.test_teleport.TestCaptureGit" name="test_capture_git_clean_repo" time="0.001" /><testcase classname="tests.test_teleport.TestCaptureGit" name="test_capture_git_dirty_repo" time="0.002" /><testcase classname="tests.test_teleport.TestCaptureGit" name="test_capture_git_not_installed" time="0.000" /><testcase classname="tests.test_teleport.TestCaptureGit" name="test_capture_git_subprocess_error" time="0.001" /><testcase classname="tests.test_teleport.TestCaptureGit" name="test_capture_git_with_stashes" time="0.001" /><testcase classname="tests.test_teleport.TestCaptureGit" name="test_capture_git_with_unpushed" time="0.002" /><testcase classname="tests.test_teleport.TestCaptureTerminal" name="test_capture_terminal_bash" time="0.001" /><testcase classname="tests.test_teleport.TestCaptureTerminal" name="test_capture_terminal_fish_detection" time="0.001" /><testcase classname="tests.test_teleport.TestCaptureTerminal" name="test_capture_terminal_unknown_shell" time="0.001" /><testcase classname="tests.test_teleport.TestCaptureTerminal" name="test_capture_terminal_zsh_no_history" time="0.001" /><testcase classname="tests.test_teleport.TestSecurityFiltering" name="test_credential_file_filtering" time="0.000" /><testcase classname="tests.test_teleport.TestSecurityFiltering" name="test_credential_file_filtering_empty_list" time="0.000" /><testcase classname="tests.test_teleport.TestSecurityFiltering" name="test_env_var_filtering_case_insensitive" time="0.000" /><testcase classname="tests.test_teleport.TestSecurityFiltering" name="test_env_var_filtering_removes_secrets" time="0.000" /><testcase classname="tests.test_teleport.TestFullCapture" name="test_capture_full_state_combines_all" time="0.001" /><testcase classname="tests.test_teleport.TestSerialization" name="test_deserialize_corrupt_data" time="0.000" /><testcase classname="tests.test_teleport.TestSerialization" name="test_deserialize_invalid_utf8" time="0.000" /><testcase classname="tests.test_teleport.TestSerialization" name="test_deserialize_missing_fields" time="0.000" /><testcase classname="tests.test_teleport.TestSerialization" name="test_deserialize_roundtrip" time="0.000" /><testcase classname="tests.test_teleport.TestSerialization" name="test_serialize_produces_bytes" time="0.000" /><testcase classname="tests.test_teleport.TestPackage" name="test_create_teleport_package" time="0.002" /><testcase classname="tests.test_teleport.TestPackage" name="test_package_checksum_is_sha256" time="0.000" /><testcase classname="tests.test_teleport.TestPackage" name="test_package_size_matches_serialized" time="0.000" /><testcase classname="tests.test_teleport.TestFileIO" name="test_load_corrupt_file" time="0.001" /><testcase classname="tests.test_teleport.TestFileIO" name="test_load_missing_fields" time="0.000" /><testcase classname="tests.test_teleport.TestFileIO" name="test_load_nonexistent_file" time="0.000" /><testcase classname="tests.test_teleport.TestFileIO" name="test_save_and_load_roundtrip" time="0.001" /><testcase classname="tests.test_teleport.TestFileIO" name="test_save_to_invalid_path" time="0.000" /><testcase classname="tests.test_teleport.TestRestore" name="test_restore_git_dirty_warns" time="0.001" /><testcase classname="tests.test_teleport.TestRestore" name="test_restore_git_no_branch" time="0.000" /><testcase classname="tests.test_teleport.TestRestore" name="test_restore_git_not_installed" time="0.001" /><testcase classname="tests.test_teleport.TestRestore" name="test_restore_git_success" time="0.001" /><testcase classname="tests.test_teleport.TestRestore" name="test_restore_vscode_no_path" time="0.000" /><testcase classname="tests.test_teleport.TestRestore" name="test_restore_vscode_not_installed" time="0.000" /><testcase classname="tests.test_teleport.TestRestore" name="test_restore_vscode_success" time="0.001" /><testcase classname="tests.test_teleport.TestApplyTeleport" name="test_apply_teleport_full_success" time="0.001" /><testcase classname="tests.test_teleport.TestApplyTeleport" name="test_apply_teleport_git_fails" time="0.002" /><testcase classname="tests.test_teleport.TestPackageManagement" name="test_get_package_dir_creates_directory" time="0.001" /><testcase classname="tests.test_teleport.TestPackageManagement" name="test_list_saved_packages_with_files" time="0.000" /><testcase classname="tests.test_tiling.TestCompositorDetection" name="test_get_compositor_hyprland" time="0.000" /><testcase classname="tests.test_tiling.TestCompositorDetection" name="test_get_compositor_sway" time="0.000" /><testcase classname="tests.test_tiling.TestCompositorDetection" name="test_get_compositor_unknown" time="0.000" /><testcase classname="tests.test_tiling.TestCompositorDetection" name="test_is_hyprland_from_env" time="0.001" /><testcase classname="tests.test_tiling.TestCompositorDetection" name="test_is_hyprland_from_which" time="0.001" /><testcase classname="tests.test_tiling.TestCompositorDetection" name="test_is_sway_from_env" time="0.001" /><testcase classname="tests.test_tiling.TestCompositorDetection" name="test_neither_compositor" time="0.001" /><testcase classname="tests.test_tiling.TestConfigPath" name="test_fallback_config_path" time="0.001" /><testcase classname="tests.test_tiling.TestConfigPath" name="test_hyprland_config_path" time="0.001" /><testcase classname="tests.test_tiling.TestConfigPath" name="test_sway_config_path" time="0.001" /><testcase classname="tests.test_tiling.TestGetKeybindings" name="test_hyprland_binds" time="0.001" /><testcase classname="tests.test_tiling.TestGetKeybindings" name="test_no_config_returns_empty" time="0.000" /><testcase classname="tests.test_tiling.TestGetKeybindings" name="test_sway_binds" time="0.002" /><testcase classname="tests.test_tiling.TestAddKeybinding" name="test_hyprland_append" time="0.001" /><testcase classname="tests.test_tiling.TestAddKeybinding" name="test_missing_config_fails" time="0.000" /><testcase classname="tests.test_tiling.TestAddKeybinding" name="test_sway_append" time="0.001" /><testcase classname="tests.test_tiling.TestReloadConfig" name="test_hyprland_reload" time="0.001" /><testcase classname="tests.test_tiling.TestReloadConfig" name="test_reload_exception" time="0.001" /><testcase classname="tests.test_tiling.TestReloadConfig" name="test_sway_reload" time="0.002" /><testcase classname="tests.test_tiling.TestReloadConfig" name="test_unknown_compositor_fails" time="0.001" /><testcase classname="tests.test_tiling.TestWorkspaceTemplates" name="test_hyprland_template" time="0.001" /><testcase classname="tests.test_tiling.TestWorkspaceTemplates" name="test_sway_template" time="0.000" /><testcase classname="tests.test_tiling.TestWorkspaceTemplates" name="test_unknown_template_fails" time="0.000" /><testcase classname="tests.test_tiling.TestMoveWindow" name="test_hyprland_move" time="0.001" /><testcase classname="tests.test_tiling.TestMoveWindow" name="test_sway_move" time="0.001" /><testcase classname="tests.test_tiling.TestMoveWindow" name="test_unknown_compositor" time="0.000" /><testcase classname="tests.test_tiling.TestDotfileManager" name="test_create_dotfile_repo" time="0.001" /><testcase classname="tests.test_tiling.TestDotfileManager" name="test_list_managed_dotfiles" time="0.000" /><testcase classname="tests.test_tiling.TestDotfileManager" name="test_list_managed_dotfiles_missing_dir" time="0.000" /><testcase classname="tests.test_tiling.TestDotfileManager" name="test_sync_dotfile_missing_source" time="0.002" /><testcase classname="tests.test_tiling.TestDotfileManager" name="test_sync_dotfile_unknown_name" time="0.000" /><testcase classname="tests.test_tiling.TestLayouts" name="test_layouts_has_required_keys" time="0.000" /><testcase classname="tests.test_tiling.TestLayouts" name="test_workspace_templates_has_required_keys" time="0.000" /><testcase classname="tests.test_timeout_enforcement.TestTimeoutEnforcement" name="test_no_untimed_subprocess_calls" time="0.353" /><testcase classname="tests.test_timeout_enforcement.TestTimeoutEnforcement" name="test_scan_dirs_exist" time="0.000" /><testcase classname="tests.test_timeout_enforcement.TestTimeoutEnforcement" name="test_scanner_allows_timed_calls" time="0.000" /><testcase classname="tests.test_timeout_enforcement.TestTimeoutEnforcement" name="test_scanner_detects_violations" time="0.000" /><testcase classname="tests.test_tooltips.TestTooltipConstantsExist" name="test_all_expected_constants_present" time="0.003" /><testcase classname="tests.test_tooltips.TestTooltipValues" name="test_all_values_are_nonempty_strings" time="0.003" /><testcase classname="tests.test_tooltips.TestTooltipValues" name="test_values_are_reasonably_short" time="0.003" /><testcase classname="tests.test_tooltips.TestNoDuplicates" name="test_no_duplicate_values" time="0.000" /><testcase classname="tests.test_tooltips.TestModuleHasNoUnexpectedPublicNames" name="test_only_expected_public_names" time="0.000" /><testcase classname="tests.test_ui_smoke.TestTabImports" name="test_import_ai_enhanced_tab" time="0.001" /><testcase classname="tests.test_ui_smoke.TestTabImports" name="test_import_automation_tab" time="0.001" /><testcase classname="tests.test_ui_smoke.TestTabImports" name="test_import_community_tab" time="0.000" /><testcase classname="tests.test_ui_smoke.TestTabImports" name="test_import_dashboard_tab" time="0.002" /><testcase classname="tests.test_ui_smoke.TestTabImports" name="test_import_desktop_tab" time="0.001" /><testcase classname="tests.test_ui_smoke.TestTabImports" name="test_import_development_tab" time="0.001" /><testcase classname="tests.test_ui_smoke.TestTabImports" name="test_import_diagnostics_tab" time="0.001" /><testcase classname="tests.test_ui_smoke.TestTabImports" name="test_import_gaming_tab" time="0.001" /><testcase classname="tests.test_ui_smoke.TestTabImports" name="test_import_hardware_tab" time="0.001" /><testcase classname="tests.test_ui_smoke.TestTabImports" name="test_import_maintenance_tab" time="0.001" /><testcase classname="tests.test_ui_smoke.TestTabImports" name="test_import_mesh_tab" time="0.001" /><testcase classname="tests.test_ui_smoke.TestTabImports" name="test_import_monitor_tab" time="0.001" /><testcase classname="tests.test_ui_smoke.TestTabImports" name="test_import_network_tab" time="0.000" /><testcase classname="tests.test_ui_smoke.TestTabImports" name="test_import_security_tab" time="0.001" /><testcase classname="tests.test_ui_smoke.TestTabImports" name="test_import_software_tab" time="0.001" /><testcase classname="tests.test_ui_smoke.TestTabImports" name="test_import_system_info_tab" time="0.001" /><testcase classname="tests.test_ui_smoke.TestTabImports" name="test_import_teleport_tab" time="0.001" /><testcase classname="tests.test_ui_smoke.TestTabImports" name="test_import_virtualization_tab" time="0.001" /><testcase classname="tests.test_ui_smoke.TestLazyLoadingMechanism" name="test_all_tab_modules_in_mapping" time="0.002" /><testcase classname="tests.test_ui_smoke.TestLazyLoadingMechanism" name="test_lazy_tab_keys_match_expected" time="0.008" /><testcase classname="tests.test_ui_smoke.TestLazyLoadingMechanism" name="test_lazy_widget_module_importable" time="0.000" /><testcase classname="tests.test_ui_smoke.TestLazyLoadingMechanism" name="test_main_window_module_importable" time="0.000" /><testcase classname="tests.test_ui_smoke.TestPluginBaseImports" name="test_import_plugin_base" time="0.000" /><testcase classname="tests.test_ui_smoke.TestPluginBaseImports" name="test_plugin_loader_has_check_for_updates" time="0.000" /><testcase classname="tests.test_ui_smoke.TestPluginBaseImports" name="test_plugin_loader_has_check_permissions" time="0.000" /><testcase classname="tests.test_ui_smoke.TestPluginBaseImports" name="test_plugin_manifest_has_update_url_field" time="0.000" /><testcase classname="tests.test_ui_smoke.TestPluginBaseImports" name="test_valid_permissions_defined" time="0.000" /><testcase classname="tests.test_ui_smoke.TestPluginModules" name="test_ai_lab_plugin_has_subclass" time="0.001" /><testcase classname="tests.test_ui_smoke.TestPluginModules" name="test_hello_world_plugin_cli_command" time="0.000" /><testcase classname="tests.test_ui_smoke.TestPluginModules" name="test_hello_world_plugin_has_subclass" time="0.000" /><testcase classname="tests.test_ui_smoke.TestPluginModules" name="test_virtualization_plugin_has_subclass" time="0.000" /><testcase classname="tests.test_ui_smoke.TestPluginManifests" name="test_ai_lab_manifest_valid_json" time="0.000" /><testcase classname="tests.test_ui_smoke.TestPluginManifests" name="test_all_manifests_have_required_fields" time="0.001" /><testcase classname="tests.test_ui_smoke.TestPluginManifests" name="test_all_manifests_version_format" time="0.001" /><testcase classname="tests.test_ui_smoke.TestPluginManifests" name="test_hello_world_manifest_permissions" time="0.000" /><testcase classname="tests.test_ui_smoke.TestPluginManifests" name="test_hello_world_manifest_valid_json" time="0.000" /><testcase classname="tests.test_ui_smoke.TestPluginManifests" name="test_virtualization_manifest_valid_json" time="0.000" /><testcase classname="tests.test_ui_tab_smoke.TestDependencyDoctor" name="test_check_tools_refreshes" time="0.005" /><testcase classname="tests.test_ui_tab_smoke.TestDependencyDoctor" name="test_fix_dependencies_no_missing" time="0.001" /><testcase classname="tests.test_ui_tab_smoke.TestDependencyDoctor" name="test_fix_dependencies_runs_command" time="0.001" /><testcase classname="tests.test_ui_tab_smoke.TestDependencyDoctor" name="test_init_all_tools_found" time="0.001" /><testcase classname="tests.test_ui_tab_smoke.TestDependencyDoctor" name="test_init_all_tools_missing" time="0.001" /><testcase classname="tests.test_ui_tab_smoke.TestDependencyDoctor" name="test_init_partial_tools" time="0.001" /><testcase classname="tests.test_ui_tab_smoke.TestDependencyDoctor" name="test_on_fix_complete_failure" time="0.002" /><testcase classname="tests.test_ui_tab_smoke.TestDependencyDoctor" name="test_on_fix_complete_success" time="0.002" /><testcase classname="tests.test_ui_tab_smoke.TestWhatsNewDialog" name="test_init" time="0.002" /><testcase classname="tests.test_ui_tab_smoke.TestWhatsNewDialog" name="test_mark_seen" time="0.001" /><testcase classname="tests.test_ui_tab_smoke.TestWhatsNewDialog" name="test_mark_seen_exception" time="0.001" /><testcase classname="tests.test_ui_tab_smoke.TestWhatsNewDialog" name="test_on_close_sets_dont_show" time="0.001" /><testcase classname="tests.test_ui_tab_smoke.TestWhatsNewDialog" name="test_on_close_unchecked" time="0.001" /><testcase classname="tests.test_ui_tab_smoke.TestWhatsNewDialog" name="test_should_show_different_version" time="0.001" /><testcase classname="tests.test_ui_tab_smoke.TestWhatsNewDialog" name="test_should_show_import_error" time="0.001" /><testcase classname="tests.test_ui_tab_smoke.TestWhatsNewDialog" name="test_should_show_same_version" time="0.001" /><testcase classname="tests.test_ui_tab_smoke.TestFingerprintDialog" name="test_init" time="0.001" /><testcase classname="tests.test_ui_tab_smoke.TestFingerprintDialog" name="test_on_error_empty" time="0.001" /><testcase classname="tests.test_ui_tab_smoke.TestFingerprintDialog" name="test_on_error_permission_denied" time="0.001" /><testcase classname="tests.test_ui_tab_smoke.TestFingerprintDialog" name="test_on_finished_failure" time="0.000" /><testcase classname="tests.test_ui_tab_smoke.TestFingerprintDialog" name="test_on_finished_success" time="0.000" /><testcase classname="tests.test_ui_tab_smoke.TestFingerprintDialog" name="test_on_output_completed" time="0.001" /><testcase classname="tests.test_ui_tab_smoke.TestFingerprintDialog" name="test_on_output_multiple_stages" time="0.001" /><testcase classname="tests.test_ui_tab_smoke.TestFingerprintDialog" name="test_on_output_retry" time="0.001" /><testcase classname="tests.test_ui_tab_smoke.TestFingerprintDialog" name="test_on_output_stage_passed" time="0.001" /><testcase classname="tests.test_ui_tab_smoke.TestFingerprintDialog" name="test_start_enrollment" time="0.001" /><testcase classname="tests.test_ui_tab_smoke.TestNotificationPanel" name="test_dismiss" time="0.002" /><testcase classname="tests.test_ui_tab_smoke.TestNotificationPanel" name="test_init" time="0.001" /><testcase classname="tests.test_ui_tab_smoke.TestNotificationPanel" name="test_mark_all_read" time="0.001" /><testcase classname="tests.test_ui_tab_smoke.TestNotificationPanel" name="test_refresh_empty" time="0.001" /><testcase classname="tests.test_ui_tab_smoke.TestNotificationPanel" name="test_refresh_with_notifications" time="0.001" /><testcase classname="tests.test_ui_tab_smoke.TestNotificationCard" name="test_card_init" time="0.001" /><testcase classname="tests.test_ui_tab_smoke.TestNotificationCard" name="test_card_old_timestamp" time="0.001" /><testcase classname="tests.test_ui_tab_smoke.TestNotificationCard" name="test_card_with_dismiss_callback" time="0.001" /><testcase classname="tests.test_ui_tab_smoke.TestFirstRunWizard" name="test_detect_cpu_model_found" time="0.001" /><testcase classname="tests.test_ui_tab_smoke.TestFirstRunWizard" name="test_detect_cpu_model_no_file" time="0.000" /><testcase classname="tests.test_ui_tab_smoke.TestFirstRunWizard" name="test_detect_gpu_vendor_error" time="0.000" /><testcase classname="tests.test_ui_tab_smoke.TestFirstRunWizard" name="test_detect_gpu_vendor_nvidia" time="0.000" /><testcase classname="tests.test_ui_tab_smoke.TestFirstRunWizard" name="test_has_battery_false" time="0.000" /><testcase classname="tests.test_ui_tab_smoke.TestFirstRunWizard" name="test_has_battery_true" time="0.000" /><testcase classname="tests.test_ui_tab_smoke.TestFirstRunWizard" name="test_init" time="0.014" /><testcase classname="tests.test_ui_tab_smoke.TestFirstRunWizard" name="test_mark_first_run_complete_ok" time="0.001" /><testcase classname="tests.test_ui_tab_smoke.TestFirstRunWizard" name="test_mark_first_run_complete_oserror" time="0.001" /><testcase classname="tests.test_ui_tab_smoke.TestFirstRunWizard" name="test_needs_first_run_file_exists" time="0.001" /><testcase classname="tests.test_ui_tab_smoke.TestFirstRunWizard" name="test_needs_first_run_no_file" time="0.001" /><testcase classname="tests.test_ui_tab_smoke.TestProfilesTab" name="test_init" time="0.005" /><testcase classname="tests.test_ui_tab_smoke.TestProfilesTab" name="test_metadata" time="0.002" /><testcase classname="tests.test_ui_tab_smoke.TestHealthTimelineTab" name="test_init" time="0.005" /><testcase classname="tests.test_ui_tab_smoke.TestHealthTimelineTab" name="test_metadata" time="0.003" /><testcase classname="tests.test_ui_tab_smoke.TestCommandPalette" name="test_activate_entry" time="0.003" /><testcase classname="tests.test_ui_tab_smoke.TestCommandPalette" name="test_init" time="0.001" /><testcase classname="tests.test_ui_tab_smoke.TestCommandPalette" name="test_populate_empty_filter" time="0.001" /><testcase classname="tests.test_ui_tab_smoke.TestCommandPalette" name="test_populate_with_filter" time="0.001" /><testcase classname="tests.test_ui_tab_smoke.TestAgentsTabSmoke" name="test_init" time="0.006" /><testcase classname="tests.test_ui_tab_smoke.TestLogsTabSmoke" name="test_init" time="0.003" /><testcase classname="tests.test_ui_tab_smoke.TestStorageTabSmoke" name="test_init" time="0.003" /><testcase classname="tests.test_ui_tab_smoke.TestPerformanceTabSmoke" name="test_init" time="0.003" /><testcase classname="tests.test_ui_tab_smoke.TestSnapshotTabSmoke" name="test_init" time="0.002" /><testcase classname="tests.test_ui_tab_smoke.TestCommandPaletteDeep" name="test_build_feature_registry" time="0.001" /><testcase classname="tests.test_ui_tab_smoke.TestCommandPaletteDeep" name="test_filter_case_insensitive" time="0.001" /><testcase classname="tests.test_ui_tabs_init" name="test_monitor_tab_init" time="0.003" /><testcase classname="tests.test_ui_tabs_init" name="test_network_tab_init" time="0.005" /><testcase classname="tests.test_ui_tabs_init" name="test_development_tab_init" time="0.003" /><testcase classname="tests.test_ui_tabs_init" name="test_dashboard_tab_init" time="0.021" /><testcase classname="tests.test_ui_tabs_init" name="test_virtualization_tab_init" time="0.005" /><testcase classname="tests.test_ui_tabs_init" name="test_hardware_tab_init" time="0.003" /><testcase classname="tests.test_ui_tabs_init" name="test_ai_enhanced_tab_init" time="0.427" /><testcase classname="tests.test_ui_tabs_init" name="test_automation_tab_init" time="0.003" /><testcase classname="tests.test_ui_tabs_init" name="test_maintenance_tab_init" time="0.003" /><testcase classname="tests.test_ui_tabs_init" name="test_mesh_tab_init" time="0.002" /><testcase classname="tests.test_ui_tabs_init" name="test_teleport_tab_init" time="0.003" /><testcase classname="tests.test_ui_tabs_init" name="test_software_tab_init" time="0.004" /><testcase classname="tests.test_ui_tabs_init" name="test_gaming_tab_init" time="0.001" /><testcase classname="tests.test_ui_tabs_init" name="test_desktop_tab_init" time="0.004" /><testcase classname="tests.test_ui_tabs_init" name="test_security_tab_init" time="0.003" /><testcase classname="tests.test_ui_tabs_init" name="test_community_tab_init" time="0.002"><failure message="AttributeError: 'NoneType' object has no attribute 'format'">tests/test_ui_tabs_init.py:174: in test_community_tab_init
    tab = CommunityTab()
          ^^^^^^^^^^^^^^
loofi-fedora-tweaks/ui/community_tab.py:110: in __init__
    self.init_ui()
loofi-fedora-tweaks/ui/community_tab.py:126: in init_ui
    self.sub_tabs.addTab(self._create_presets_tab(), self.tr("Presets"))
                         ^^^^^^^^^^^^^^^^^^^^^^^^^^
loofi-fedora-tweaks/ui/community_tab.py:165: in _create_presets_tab
    preset_tabs.addTab(self._create_sync_tab(), self.tr("Backup &amp; Sync"))
                       ^^^^^^^^^^^^^^^^^^^^^^^
loofi-fedora-tweaks/ui/community_tab.py:627: in _create_sync_tab
    self.update_sync_status()
loofi-fedora-tweaks/ui/community_tab.py:676: in update_sync_status
    self.tr("Connected | Gist ID: {}...").format(gist_id[:8])
    ^^^^^^^^^^^^^^^^^^^^^^^^^^^^^^^^^^^^^^^^^^^^
E   AttributeError: 'NoneType' object has no attribute 'format'</failure></testcase><testcase classname="tests.test_ui_tabs_init" name="test_diagnostics_tab_init" time="0.006" /><testcase classname="tests.test_update_checker.TestParseVersion" name="test_empty_string" time="0.000" /><testcase classname="tests.test_update_checker.TestParseVersion" name="test_invalid_version" time="0.000" /><testcase classname="tests.test_update_checker.TestParseVersion" name="test_none" time="0.000" /><testcase classname="tests.test_update_checker.TestParseVersion" name="test_normal_version" time="0.000" /><testcase classname="tests.test_update_checker.TestParseVersion" name="test_version_with_v_prefix" time="0.000" /><testcase classname="tests.test_update_checker.TestCheckForUpdates" name="test_network_failure_returns_cached_offline_info" time="0.001" /><testcase classname="tests.test_update_checker.TestCheckForUpdates" name="test_network_failure_returns_none" time="0.001" /><testcase classname="tests.test_update_checker.TestCheckForUpdates" name="test_newer_version_available" time="0.001" /><testcase classname="tests.test_update_checker.TestUpdateAssetPipeline" name="test_download_update_failure" time="0.001" /><testcase classname="tests.test_update_checker.TestUpdateAssetPipeline" name="test_download_update_success" time="0.001" /><testcase classname="tests.test_update_checker.TestUpdateAssetPipeline" name="test_select_download_asset_falls_back_to_first_asset" time="0.000" /><testcase classname="tests.test_update_checker.TestUpdateAssetPipeline" name="test_select_download_asset_prefers_rpm" time="0.000" /><testcase classname="tests.test_update_checker.TestUpdateAssetPipeline" name="test_verify_download_checksum_and_signature" time="0.001" /><testcase classname="tests.test_update_checker.TestUpdateAssetPipeline" name="test_verify_download_checksum_mismatch_fails_closed" time="0.000" /><testcase classname="tests.test_update_checker.TestUpdateAssetPipeline" name="test_verify_download_missing_artifact" time="0.000" /><testcase classname="tests.test_update_checker.TestUpdateAssetPipeline" name="test_verify_download_missing_public_key_file" time="0.000" /><testcase classname="tests.test_update_checker.TestUpdateAssetPipeline" name="test_verify_download_missing_signature_file" time="0.000" /><testcase classname="tests.test_update_checker.TestUpdateAssetPipeline" name="test_verify_download_signature_nonzero_uses_stderr_or_default" time="0.001" /><testcase classname="tests.test_update_checker.TestUpdateAssetPipeline" name="test_verify_download_signature_oserror" time="0.001" /><testcase classname="tests.test_update_checker.TestAutoUpdateOrchestration" name="test_run_auto_update_checksum_mismatch" time="0.001" /><testcase classname="tests.test_update_checker.TestAutoUpdateOrchestration" name="test_run_auto_update_download_failure" time="0.001" /><testcase classname="tests.test_update_checker.TestAutoUpdateOrchestration" name="test_run_auto_update_missing_asset" time="0.000" /><testcase classname="tests.test_update_checker.TestAutoUpdateOrchestration" name="test_run_auto_update_network_miss_without_cache" time="0.000" /><testcase classname="tests.test_update_checker.TestAutoUpdateOrchestration" name="test_run_auto_update_no_update_available" time="0.000" /><testcase classname="tests.test_update_checker.TestAutoUpdateOrchestration" name="test_run_auto_update_preserves_offline_cache_source" time="0.001" /><testcase classname="tests.test_update_checker.TestAutoUpdateOrchestration" name="test_run_auto_update_signature_failure" time="0.001" /><testcase classname="tests.test_update_checker.TestAutoUpdateOrchestration" name="test_run_auto_update_success" time="0.001" /><testcase classname="tests.test_update_checker.TestArtifactPreference" name="test_resolve_artifact_preference_auto_dnf" time="0.000" /><testcase classname="tests.test_update_checker.TestArtifactPreference" name="test_resolve_artifact_preference_auto_rpm_ostree" time="0.000" /><testcase classname="tests.test_update_checker.TestArtifactPreference" name="test_resolve_artifact_preference_explicit_appimage" time="0.000" /><testcase classname="tests.test_update_checker.TestUpdateInfo" name="test_dataclass_creation" time="0.000" /><testcase classname="tests.test_update_checker.TestUpdateInfo" name="test_same_version_not_newer" time="0.000" /><testcase classname="tests.test_usbguard.TestIsInstalled" name="test_installed" time="0.000" /><testcase classname="tests.test_usbguard.TestIsInstalled" name="test_not_installed" time="0.000" /><testcase classname="tests.test_usbguard.TestIsRunning" name="test_exception" time="0.000" /><testcase classname="tests.test_usbguard.TestIsRunning" name="test_not_running" time="0.000" /><testcase classname="tests.test_usbguard.TestIsRunning" name="test_running" time="0.000" /><testcase classname="tests.test_usbguard.TestInstall" name="test_already_installed" time="0.000" /><testcase classname="tests.test_usbguard.TestInstall" name="test_install_exception" time="0.001" /><testcase classname="tests.test_usbguard.TestInstall" name="test_install_failure" time="0.001" /><testcase classname="tests.test_usbguard.TestInstall" name="test_install_success" time="0.001" /><testcase classname="tests.test_usbguard.TestStartService" name="test_not_installed" time="0.000" /><testcase classname="tests.test_usbguard.TestStartService" name="test_start_exception" time="0.000" /><testcase classname="tests.test_usbguard.TestStartService" name="test_start_failure" time="0.001" /><testcase classname="tests.test_usbguard.TestStartService" name="test_start_success" time="0.001" /><testcase classname="tests.test_usbguard.TestListDevices" name="test_exception_returns_empty" time="0.001" /><testcase classname="tests.test_usbguard.TestListDevices" name="test_nonzero_rc_returns_empty" time="0.001" /><testcase classname="tests.test_usbguard.TestListDevices" name="test_not_installed_returns_empty" time="0.000" /><testcase classname="tests.test_usbguard.TestListDevices" name="test_parse_devices" time="0.001" /><testcase classname="tests.test_usbguard.TestAllowDevice" name="test_allow_failure" time="0.001" /><testcase classname="tests.test_usbguard.TestAllowDevice" name="test_allow_permanent" time="0.001" /><testcase classname="tests.test_usbguard.TestAllowDevice" name="test_allow_success" time="0.000" /><testcase classname="tests.test_usbguard.TestAllowDevice" name="test_not_installed" time="0.000" /><testcase classname="tests.test_usbguard.TestBlockDevice" name="test_block_exception" time="0.001" /><testcase classname="tests.test_usbguard.TestBlockDevice" name="test_block_permanent" time="0.000" /><testcase classname="tests.test_usbguard.TestBlockDevice" name="test_block_success" time="0.000" /><testcase classname="tests.test_usbguard.TestBlockDevice" name="test_not_installed" time="0.000" /><testcase classname="tests.test_usbguard.TestSetDefaultPolicy" name="test_invalid_policy" time="0.000" /><testcase classname="tests.test_usbguard.TestSetDefaultPolicy" name="test_valid_policy_returns_instructions" time="0.000" /><testcase classname="tests.test_usbguard.TestLockScreenRule" name="test_returns_script" time="0.000" /><testcase classname="tests.test_usbguard.TestGenerateInitialPolicy" name="test_exception" time="0.001" /><testcase classname="tests.test_usbguard.TestGenerateInitialPolicy" name="test_failure" time="0.001" /><testcase classname="tests.test_usbguard.TestGenerateInitialPolicy" name="test_not_installed" time="0.000" /><testcase classname="tests.test_usbguard.TestGenerateInitialPolicy" name="test_success" time="0.001" /><testcase classname="tests.test_v17_atlas.TestPerformanceTabImport" name="test_auto_tuner_detect_workload" time="0.001" /><testcase classname="tests.test_v17_atlas.TestPerformanceTabImport" name="test_auto_tuner_get_current_settings" time="0.000" /><testcase classname="tests.test_v17_atlas.TestPerformanceTabImport" name="test_auto_tuner_recommend" time="0.001" /><testcase classname="tests.test_v17_atlas.TestSnapshotTabImport" name="test_detect_backends" time="0.001" /><testcase classname="tests.test_v17_atlas.TestSnapshotTabImport" name="test_list_snapshots" time="0.000" /><testcase classname="tests.test_v17_atlas.TestLogsTabImport" name="test_get_error_summary" time="0.001" /><testcase classname="tests.test_v17_atlas.TestLogsTabImport" name="test_get_unit_list" time="0.001" /><testcase classname="tests.test_v17_atlas.TestNetworkTabOverhaul" name="test_network_tab_has_sub_tabs" time="0.000" /><testcase classname="tests.test_v17_atlas.TestNetworkTabOverhaul" name="test_network_tab_inherits_base_tab" time="0.000" /><testcase classname="tests.test_v17_atlas.TestNetworkTabOverhaul" name="test_network_tab_uses_network_monitor" time="0.000" /><testcase classname="tests.test_v17_atlas.TestGamingTabNormalization" name="test_gaming_tab_inherits_base_tab" time="0.000" /><testcase classname="tests.test_v17_atlas.TestGamingTabNormalization" name="test_gaming_tab_no_hardcoded_dnf" time="0.000" /><testcase classname="tests.test_v17_atlas.TestGamingTabNormalization" name="test_gaming_tab_uses_privileged_command" time="0.000" /><testcase classname="tests.test_v17_atlas.TestStorageTabStructure" name="test_storage_tab_inherits_base_tab" time="0.000" /><testcase classname="tests.test_v17_atlas.TestHardwareTabBluetooth" name="test_hardware_tab_imports_bluetooth" time="0.000" /><testcase classname="tests.test_v17_atlas.TestMainWindowRegistration" name="test_main_window_uses_plugin_registry" time="0.000" /><testcase classname="tests.test_v29_features.TestSettingsResetGroup" name="test_reset_group_empty_list" time="0.001" /><testcase classname="tests.test_v29_features.TestSettingsResetGroup" name="test_reset_group_leaves_other_keys" time="0.000" /><testcase classname="tests.test_v29_features.TestSettingsResetGroup" name="test_reset_group_persists_to_disk" time="0.000" /><testcase classname="tests.test_v29_features.TestSettingsResetGroup" name="test_reset_group_restores_defaults" time="0.000" /><testcase classname="tests.test_v29_features.TestSettingsResetGroup" name="test_reset_group_unknown_key_ignored" time="0.001" /><testcase classname="tests.test_v29_features.TestSidebarFilter" name="test_case_insensitive_match" time="0.001" /><testcase classname="tests.test_v29_features.TestSidebarFilter" name="test_empty_filter_shows_everything" time="0.001" /><testcase classname="tests.test_v29_features.TestSidebarFilter" name="test_filter_by_badge" time="0.001" /><testcase classname="tests.test_v29_features.TestSidebarFilter" name="test_filter_by_category_name" time="0.001" /><testcase classname="tests.test_v29_features.TestSidebarFilter" name="test_filter_by_description" time="0.001" /><testcase classname="tests.test_v29_features.TestSidebarFilter" name="test_filter_by_name" time="0.001" /><testcase classname="tests.test_v29_features.TestSidebarFilter" name="test_no_match_hides_everything" time="0.001" /><testcase classname="tests.test_v29_features.TestAPIServerCORS" name="test_cors_allows_localhost" time="0.005" /><testcase classname="tests.test_v29_features.TestAPIServerCORS" name="test_cors_credentials_enabled" time="0.007" /><testcase classname="tests.test_v29_features.TestAPIServerCORS" name="test_cors_not_wildcard" time="0.006" /><testcase classname="tests.test_v29_features.TestAPIServerCORS" name="test_cors_origins_are_list_of_strings" time="0.005" /><testcase classname="tests.test_v29_features.TestErrorHandlerIntegration" name="test_excepthook_called_for_unhandled_exception" time="0.001" /><testcase classname="tests.test_v29_features.TestErrorHandlerIntegration" name="test_install_and_uninstall_roundtrip" time="0.000" /><testcase classname="tests.test_v29_features.TestNotificationToastCategoryFallback" name="test_unknown_category_returns_default_colour" time="0.000" /><testcase classname="tests.test_virtualization.TestCPUExtensions" name="test_amd_svm_detected" time="0.001" /><testcase classname="tests.test_virtualization.TestCPUExtensions" name="test_cpuinfo_not_found" time="0.000" /><testcase classname="tests.test_virtualization.TestCPUExtensions" name="test_cpuinfo_permission_denied" time="0.000" /><testcase classname="tests.test_virtualization.TestCPUExtensions" name="test_intel_vmx_detected" time="0.000" /><testcase classname="tests.test_virtualization.TestCPUExtensions" name="test_no_virt_extensions" time="0.000" /><testcase classname="tests.test_virtualization.TestKVMModule" name="test_kvm_amd_loaded" time="0.001" /><testcase classname="tests.test_virtualization.TestKVMModule" name="test_kvm_device_accessible" time="0.000" /><testcase classname="tests.test_virtualization.TestKVMModule" name="test_kvm_device_not_accessible" time="0.000" /><testcase classname="tests.test_virtualization.TestKVMModule" name="test_kvm_intel_loaded" time="0.000" /><testcase classname="tests.test_virtualization.TestKVMModule" name="test_kvm_not_loaded" time="0.000" /><testcase classname="tests.test_virtualization.TestKVMModule" name="test_proc_modules_missing" time="0.000" /><testcase classname="tests.test_virtualization.TestIOMMU" name="test_iommu_enabled" time="0.000" /><testcase classname="tests.test_virtualization.TestIOMMU" name="test_iommu_no_groups" time="0.000" /><testcase classname="tests.test_virtualization.TestIOMMU" name="test_iommu_permission_denied" time="0.000" /><testcase classname="tests.test_virtualization.TestIOMMU" name="test_iommu_sysfs_missing" time="0.000" /><testcase classname="tests.test_virtualization.TestIOMMUGroups" name="test_get_iommu_groups_no_sysfs" time="0.000" /><testcase classname="tests.test_virtualization.TestIOMMUGroups" name="test_get_iommu_groups_single" time="0.001" /><testcase classname="tests.test_virtualization.TestVFIOHelpers" name="test_check_iommu_cmdline_amd" time="0.001" /><testcase classname="tests.test_virtualization.TestVFIOHelpers" name="test_check_iommu_cmdline_intel" time="0.001" /><testcase classname="tests.test_virtualization.TestVFIOHelpers" name="test_check_iommu_cmdline_none" time="0.000" /><testcase classname="tests.test_virtualization.TestVFIOHelpers" name="test_generate_vfio_ids_deduplication" time="0.000" /><testcase classname="tests.test_virtualization.TestVFIOHelpers" name="test_generate_vfio_ids_empty" time="0.000" /><testcase classname="tests.test_virtualization.TestVFIOHelpers" name="test_generate_vfio_ids_multiple" time="0.000" /><testcase classname="tests.test_virtualization.TestVFIOHelpers" name="test_generate_vfio_ids_single" time="0.000" /><testcase classname="tests.test_virtualization.TestTooling" name="test_all_tools_present" time="0.000" /><testcase classname="tests.test_virtualization.TestTooling" name="test_missing_packages" time="0.000" /><testcase classname="tests.test_virtualization.TestTooling" name="test_no_missing_packages_when_all_installed" time="0.000" /><testcase classname="tests.test_virtualization.TestTooling" name="test_no_tools_present" time="0.000" /><testcase classname="tests.test_virtualization.TestFullStatus" name="test_full_status_all_ready" time="0.001" /><testcase classname="tests.test_virtualization.TestFullStatus" name="test_full_status_basic" time="0.001" /><testcase classname="tests.test_virtualization.TestSummary" name="test_summary_all_enabled" time="0.001" /><testcase classname="tests.test_virtualization.TestSummary" name="test_summary_nothing_available" time="0.000" /><testcase classname="tests.test_vm_manager_dedicated.TestResultDataclass" name="test_failure_result" time="0.000" /><testcase classname="tests.test_vm_manager_dedicated.TestResultDataclass" name="test_result_with_data" time="0.000" /><testcase classname="tests.test_vm_manager_dedicated.TestResultDataclass" name="test_success_result" time="0.000" /><testcase classname="tests.test_vm_manager_dedicated.TestVMInfoDataclass" name="test_all_fields" time="0.000" /><testcase classname="tests.test_vm_manager_dedicated.TestVMInfoDataclass" name="test_defaults" time="0.000" /><testcase classname="tests.test_vm_manager_dedicated.TestVMFlavors" name="test_each_flavor_has_required_fields" time="0.000" /><testcase classname="tests.test_vm_manager_dedicated.TestVMFlavors" name="test_expected_keys_present" time="0.000" /><testcase classname="tests.test_vm_manager_dedicated.TestVMFlavors" name="test_linux_flavors_no_tpm" time="0.000" /><testcase classname="tests.test_vm_manager_dedicated.TestVMFlavors" name="test_windows11_needs_tpm" time="0.000" /><testcase classname="tests.test_vm_manager_dedicated.TestVMNameRegex" name="test_invalid_names" time="0.000" /><testcase classname="tests.test_vm_manager_dedicated.TestVMNameRegex" name="test_valid_names" time="0.000" /><testcase classname="tests.test_vm_manager_dedicated.TestIsAvailable" name="test_both_missing" time="0.001" /><testcase classname="tests.test_vm_manager_dedicated.TestIsAvailable" name="test_both_tools_present" time="0.001" /><testcase classname="tests.test_vm_manager_dedicated.TestIsAvailable" name="test_qemu_missing" time="0.000" /><testcase classname="tests.test_vm_manager_dedicated.TestIsAvailable" name="test_virsh_missing" time="0.000" /><testcase classname="tests.test_vm_manager_dedicated.TestGetAvailableFlavors" name="test_mutation_does_not_affect_original" time="0.000" /><testcase classname="tests.test_vm_manager_dedicated.TestGetAvailableFlavors" name="test_returns_copy" time="0.000" /><testcase classname="tests.test_vm_manager_dedicated.TestListVMs" name="test_empty_list" time="0.001" /><testcase classname="tests.test_vm_manager_dedicated.TestListVMs" name="test_generic_exception" time="0.001" /><testcase classname="tests.test_vm_manager_dedicated.TestListVMs" name="test_nonzero_returncode" time="0.001" /><testcase classname="tests.test_vm_manager_dedicated.TestListVMs" name="test_normal_output" time="0.001" /><testcase classname="tests.test_vm_manager_dedicated.TestListVMs" name="test_timeout" time="0.001" /><testcase classname="tests.test_vm_manager_dedicated.TestListVMs" name="test_virsh_not_installed" time="0.000" /><testcase classname="tests.test_vm_manager_dedicated.TestGetVMInfo" name="test_malformed_memory_value" time="0.001" /><testcase classname="tests.test_vm_manager_dedicated.TestGetVMInfo" name="test_malformed_vcpus_value" time="0.001" /><testcase classname="tests.test_vm_manager_dedicated.TestGetVMInfo" name="test_parses_all_fields" time="0.001" /><testcase classname="tests.test_vm_manager_dedicated.TestGetVMInfo" name="test_timeout" time="0.000" /><testcase classname="tests.test_vm_manager_dedicated.TestGetVMInfo" name="test_virsh_not_installed" time="0.000" /><testcase classname="tests.test_vm_manager_dedicated.TestGetVMInfo" name="test_vm_not_found" time="0.001" /><testcase classname="tests.test_vm_manager_dedicated.TestGetVMState" name="test_returns_running" time="0.001" /><testcase classname="tests.test_vm_manager_dedicated.TestGetVMState" name="test_returns_unknown_on_failure" time="0.001" /><testcase classname="tests.test_vm_manager_dedicated.TestCreateVM" name="test_create_failure_stderr" time="0.001" /><testcase classname="tests.test_vm_manager_dedicated.TestCreateVM" name="test_create_generic_exception" time="0.001" /><testcase classname="tests.test_vm_manager_dedicated.TestCreateVM" name="test_create_success" time="0.001" /><testcase classname="tests.test_vm_manager_dedicated.TestCreateVM" name="test_create_timeout" time="0.001" /><testcase classname="tests.test_vm_manager_dedicated.TestCreateVM" name="test_empty_iso_path" time="0.000" /><testcase classname="tests.test_vm_manager_dedicated.TestCreateVM" name="test_invalid_name_dots" time="0.000" /><testcase classname="tests.test_vm_manager_dedicated.TestCreateVM" name="test_invalid_name_spaces" time="0.000" /><testcase classname="tests.test_vm_manager_dedicated.TestCreateVM" name="test_missing_iso" time="0.001" /><testcase classname="tests.test_vm_manager_dedicated.TestCreateVM" name="test_overrides_applied" time="0.001" /><testcase classname="tests.test_vm_manager_dedicated.TestCreateVM" name="test_unknown_flavor" time="0.000" /><testcase classname="tests.test_vm_manager_dedicated.TestCreateVM" name="test_virt_install_missing" time="0.001" /><testcase classname="tests.test_vm_manager_dedicated.TestCreateVM" name="test_virtio_drivers_attached" time="0.001" /><testcase classname="tests.test_vm_manager_dedicated.TestCreateVM" name="test_windows11_with_swtpm" time="0.001" /><testcase classname="tests.test_vm_manager_dedicated.TestCreateVM" name="test_windows11_without_swtpm" time="0.001" /><testcase classname="tests.test_vm_manager_dedicated.TestStartVM" name="test_start_failure" time="0.001" /><testcase classname="tests.test_vm_manager_dedicated.TestStartVM" name="test_start_success" time="0.000" /><testcase classname="tests.test_vm_manager_dedicated.TestStartVM" name="test_start_timeout" time="0.001" /><testcase classname="tests.test_vm_manager_dedicated.TestStartVM" name="test_start_virsh_missing" time="0.000" /><testcase classname="tests.test_vm_manager_dedicated.TestStopVM" name="test_stop_failure" time="0.001" /><testcase classname="tests.test_vm_manager_dedicated.TestStopVM" name="test_stop_generic_exception" time="0.000" /><testcase classname="tests.test_vm_manager_dedicated.TestStopVM" name="test_stop_success" time="0.001" /><testcase classname="tests.test_vm_manager_dedicated.TestStopVM" name="test_stop_timeout" time="0.000" /><testcase classname="tests.test_vm_manager_dedicated.TestStopVM" name="test_stop_virsh_missing" time="0.000" /><testcase classname="tests.test_vm_manager_dedicated.TestForceStopVM" name="test_force_stop_failure" time="0.001" /><testcase classname="tests.test_vm_manager_dedicated.TestForceStopVM" name="test_force_stop_success" time="0.001" /><testcase classname="tests.test_vm_manager_dedicated.TestForceStopVM" name="test_force_stop_timeout" time="0.000" /><testcase classname="tests.test_vm_manager_dedicated.TestForceStopVM" name="test_force_stop_virsh_missing" time="0.000" /><testcase classname="tests.test_vm_manager_dedicated.TestDeleteVM" name="test_delete_failure" time="0.001" /><testcase classname="tests.test_vm_manager_dedicated.TestDeleteVM" name="test_delete_generic_exception" time="0.000" /><testcase classname="tests.test_vm_manager_dedicated.TestDeleteVM" name="test_delete_success" time="0.001" /><testcase classname="tests.test_vm_manager_dedicated.TestDeleteVM" name="test_delete_timeout" time="0.001" /><testcase classname="tests.test_vm_manager_dedicated.TestDeleteVM" name="test_delete_virsh_missing" time="0.000" /><testcase classname="tests.test_vm_manager_dedicated.TestDeleteVM" name="test_delete_with_storage" time="0.001" /><testcase classname="tests.test_vm_manager_dedicated.TestDeleteVM" name="test_delete_without_storage" time="0.001" /><testcase classname="tests.test_vm_manager_dedicated.TestGetDefaultStoragePool" name="test_fallback_pool" time="0.001" /><testcase classname="tests.test_vm_manager_dedicated.TestGetDefaultStoragePool" name="test_system_pool_exists" time="0.000" /><testcase classname="tests.test_vm_manager_dedicated.TestCheckUserInLibvirtGroup" name="test_generic_exception" time="0.000" /><testcase classname="tests.test_vm_manager_dedicated.TestCheckUserInLibvirtGroup" name="test_id_command_fails" time="0.001" /><testcase classname="tests.test_vm_manager_dedicated.TestCheckUserInLibvirtGroup" name="test_partial_match_rejected" time="0.000" /><testcase classname="tests.test_vm_manager_dedicated.TestCheckUserInLibvirtGroup" name="test_timeout" time="0.000" /><testcase classname="tests.test_vm_manager_dedicated.TestCheckUserInLibvirtGroup" name="test_user_in_group" time="0.000" /><testcase classname="tests.test_vm_manager_dedicated.TestCheckUserInLibvirtGroup" name="test_user_not_in_group" time="0.000" /><testcase classname="tests.test_vscode.TestGetVSCodeCommand" name="test_finds_code" time="0.000" /><testcase classname="tests.test_vscode.TestGetVSCodeCommand" name="test_finds_codium" time="0.000" /><testcase classname="tests.test_vscode.TestGetVSCodeCommand" name="test_finds_flatpak" time="0.001" /><testcase classname="tests.test_vscode.TestGetVSCodeCommand" name="test_returns_none" time="0.000" /><testcase classname="tests.test_vscode.TestIsAvailable" name="test_available" time="0.000" /><testcase classname="tests.test_vscode.TestIsAvailable" name="test_not_available" time="0.000" /><testcase classname="tests.test_vscode.TestGetInstalledExtensions" name="test_exception_returns_empty" time="0.001" /><testcase classname="tests.test_vscode.TestGetInstalledExtensions" name="test_flatpak_command" time="0.001" /><testcase classname="tests.test_vscode.TestGetInstalledExtensions" name="test_no_vscode_returns_empty" time="0.000" /><testcase classname="tests.test_vscode.TestGetInstalledExtensions" name="test_nonzero_rc_returns_empty" time="0.000" /><testcase classname="tests.test_vscode.TestGetInstalledExtensions" name="test_parses_extensions" time="0.000" /><testcase classname="tests.test_vscode.TestInstallExtension" name="test_flatpak_install" time="0.001" /><testcase classname="tests.test_vscode.TestInstallExtension" name="test_install_exception" time="0.000" /><testcase classname="tests.test_vscode.TestInstallExtension" name="test_install_failure" time="0.001" /><testcase classname="tests.test_vscode.TestInstallExtension" name="test_install_success" time="0.000" /><testcase classname="tests.test_vscode.TestInstallExtension" name="test_no_vscode" time="0.000" /><testcase classname="tests.test_vscode.TestInstallProfile" name="test_all_already_installed" time="0.001" /><testcase classname="tests.test_vscode.TestInstallProfile" name="test_installs_missing" time="0.001" /><testcase classname="tests.test_vscode.TestInstallProfile" name="test_partial_failure" time="0.001" /><testcase classname="tests.test_vscode.TestInstallProfile" name="test_unknown_profile" time="0.000" /><testcase classname="tests.test_vscode.TestGetSettingsPath" name="test_finds_standard_path" time="0.001" /><testcase classname="tests.test_vscode.TestGetSettingsPath" name="test_returns_none_when_no_dirs" time="0.001" /><testcase classname="tests.test_vscode.TestBackupSettings" name="test_creates_backup" time="0.001" /><testcase classname="tests.test_vscode.TestBackupSettings" name="test_no_settings_returns_none" time="0.000" /><testcase classname="tests.test_vscode.TestInjectSettings" name="test_creates_new_settings_file" time="0.001" /><testcase classname="tests.test_vscode.TestInjectSettings" name="test_handles_bad_json" time="0.001" /><testcase classname="tests.test_vscode.TestInjectSettings" name="test_injects_python_settings" time="0.001" /><testcase classname="tests.test_vscode.TestInjectSettings" name="test_no_settings_path" time="0.000" /><testcase classname="tests.test_vscode.TestInjectSettings" name="test_unknown_profile" time="0.000" /><testcase classname="tests.test_vscode.TestGetAvailableProfiles" name="test_returns_all_profiles" time="0.000" /><testcase classname="tests.test_wayland_display.TestSessionDetection" name="test_detect_gnome" time="0.001" /><testcase classname="tests.test_wayland_display.TestSessionDetection" name="test_detect_kde" time="0.001" /><testcase classname="tests.test_wayland_display.TestSessionDetection" name="test_detect_plasma" time="0.001" /><testcase classname="tests.test_wayland_display.TestSessionDetection" name="test_detect_unknown" time="0.001" /><testcase classname="tests.test_wayland_display.TestSessionDetection" name="test_is_not_wayland" time="0.001" /><testcase classname="tests.test_wayland_display.TestSessionDetection" name="test_is_not_wayland_empty" time="0.001" /><testcase classname="tests.test_wayland_display.TestSessionDetection" name="test_is_wayland" time="0.001" /><testcase classname="tests.test_wayland_display.TestGetDisplays" name="test_get_displays_gnome" time="0.001" /><testcase classname="tests.test_wayland_display.TestGetDisplays" name="test_get_displays_gnome_timeout" time="0.001" /><testcase classname="tests.test_wayland_display.TestGetDisplays" name="test_get_displays_kde" time="0.001" /><testcase classname="tests.test_wayland_display.TestGetDisplays" name="test_get_displays_no_tools" time="0.001" /><testcase classname="tests.test_wayland_display.TestGetDisplays" name="test_get_displays_unknown_de" time="0.001" /><testcase classname="tests.test_wayland_display.TestGetDisplays" name="test_get_displays_xrandr_fallback" time="0.002" /><testcase classname="tests.test_wayland_display.TestSetScaling" name="test_set_scaling_gnome" time="0.001" /><testcase classname="tests.test_wayland_display.TestSetScaling" name="test_set_scaling_kde" time="0.001" /><testcase classname="tests.test_wayland_display.TestSetScaling" name="test_set_scaling_unsupported" time="0.001" /><testcase classname="tests.test_wayland_display.TestFractionalScaling" name="test_disable_fractional_gnome" time="0.001" /><testcase classname="tests.test_wayland_display.TestFractionalScaling" name="test_disable_fractional_kde" time="0.001" /><testcase classname="tests.test_wayland_display.TestFractionalScaling" name="test_enable_fractional_gnome" time="0.001" /><testcase classname="tests.test_wayland_display.TestFractionalScaling" name="test_enable_fractional_kde" time="0.001" /><testcase classname="tests.test_wayland_display.TestSetPosition" name="test_set_position_gnome" time="0.001" /><testcase classname="tests.test_wayland_display.TestSetPosition" name="test_set_position_kde" time="0.001" /><testcase classname="tests.test_wayland_display.TestSetPosition" name="test_set_position_unsupported" time="0.001" /><testcase classname="tests.test_wayland_display.TestSessionInfo" name="test_session_info_gnome_wayland" time="0.001" /><testcase classname="tests.test_wayland_display.TestSessionInfo" name="test_session_info_kde_x11" time="0.001" /><testcase classname="tests.test_wayland_display.TestParseKscreenOutputs" name="test_parse_empty_output" time="0.000" /><testcase classname="tests.test_wayland_display.TestParseKscreenOutputs" name="test_parse_multiple_outputs" time="0.000" /><testcase classname="tests.test_workflow_runner_locks" name="test_writer_lock_denies_concurrent_owner" time="0.001" /><testcase classname="tests.test_workflow_runner_locks" name="test_model_router_toml_overrides_defaults" time="0.001" /><testcase classname="tests.test_workflow_runner_locks" name="test_task_contract_validation_fails_for_missing_fields" time="0.001" /><testcase classname="tests.test_workflow_runner_locks" name="test_task_contract_validation_accepts_valid_entries" time="0.001" /><testcase classname="tests.test_workflow_runner_locks" name="test_validate_race_returns_blocked_when_lock_missing" time="0.001" /><testcase classname="tests.test_workflow_runner_locks" name="test_validate_race_detects_version_mismatch" time="0.001" /><testcase classname="tests.test_workflow_runner_locks" name="test_validate_race_passes_for_matching_version" time="0.001" /><testcase classname="tests.test_workflow_runner_locks" name="test_task_contract_validation_fails_for_missing_artifact" time="0.001" /><testcase classname="tests.test_workflow_runner_locks" name="test_task_contract_validation_fails_when_no_task_entries" time="0.001" /><testcase classname="tests.test_workflow_runner_locks" name="test_run_agent_fails_when_codex_missing" time="0.001" /><testcase classname="tests.test_workflow_runner_locks" name="test_run_agent_review_mode_writes_report" time="0.001" /><testcase classname="tests.test_zram.TestZramDataclasses" name="test_zram_config_creation" time="0.000" /><testcase classname="tests.test_zram.TestZramDataclasses" name="test_zram_result_creation" time="0.000" /><testcase classname="tests.test_zram.TestGetTotalRam" name="test_get_total_ram_fallback" time="0.001" /><testcase classname="tests.test_zram.TestGetTotalRam" name="test_get_total_ram_parses_meminfo" time="0.000" /><testcase classname="tests.test_zram.TestGetCurrentConfig" name="test_get_current_config_zram_active" time="0.001" /><testcase classname="tests.test_zram.TestGetCurrentConfig" name="test_get_current_config_zram_inactive" time="0.001" /><testcase classname="tests.test_zram.TestSetConfig" name="test_set_config_100_percent" time="0.001" /><testcase classname="tests.test_zram.TestSetConfig" name="test_set_config_invalid_algorithm" time="0.000" /><testcase classname="tests.test_zram.TestSetConfig" name="test_set_config_invalid_size_high" time="0.000" /><testcase classname="tests.test_zram.TestSetConfig" name="test_set_config_invalid_size_low" time="0.000" /><testcase classname="tests.test_zram.TestSetConfig" name="test_set_config_success" time="0.001" /><testcase classname="tests.test_zram.TestDisable" name="test_disable_already_disabled" time="0.000" /><testcase classname="tests.test_zram.TestDisable" name="test_disable_success" time="0.001" /><testcase classname="tests.test_zram.TestGetCurrentUsage" name="test_get_current_usage_empty_output" time="0.000" /><testcase classname="tests.test_zram.TestGetCurrentUsage" name="test_get_current_usage_error" time="0.000" /><testcase classname="tests.test_zram.TestGetCurrentUsage" name="test_get_current_usage_success" time="0.001" /></testsuite></testsuites>